BL51 BANKED LINKER/LOCATER V6.22.4.0                                                    08/13/2025  15:14:32  PAGE 1


BL51 BANKED LINKER/LOCATER V6.22.4.0, INVOKED BY:
C:\KEIL_V5\C51\BIN\BL51.EXE STARTUP.obj, Main.obj, IPTConfig.obj, 8051Lib.obj, 8051Lib_I.obj, Error.obj, LongMult.obj, T
>> P1200.obj TO IPT RAMSIZE (256) CODE (0X0000-0XFFFF) XDATA (0X0000-0X0FFF)


MEMORY MODEL: COMPACT WITH FLOATING POINT ARITHMETIC


INPUT MODULES INCLUDED:
  STARTUP.obj (?C_STARTUP)
  Main.obj (MAIN)
  IPTConfig.obj (IPTCONFIG)
  8051Lib.obj (8051LIB)
  8051Lib_I.obj (8051LIB_I)
  Error.obj (ERROR)
  LongMult.obj (LONGMULT)
  TP1200.obj (TP1200)
  C:\KEIL_V5\C51\LIB\C51FPC.LIB (?C?FPADD)
  C:\KEIL_V5\C51\LIB\C51FPC.LIB (?C?FPMUL)
  C:\KEIL_V5\C51\LIB\C51FPC.LIB (?C?FPDIV)
  C:\KEIL_V5\C51\LIB\C51FPC.LIB (?C?FPCMP)
  C:\KEIL_V5\C51\LIB\C51FPC.LIB (?C?FCAST)
  C:\KEIL_V5\C51\LIB\C51FPC.LIB (?C?CASTF)
  C:\KEIL_V5\C51\LIB\C51FPC.LIB (PRINTF)
  C:\KEIL_V5\C51\LIB\C51FPC.LIB (SCANF)
  C:\KEIL_V5\C51\LIB\C51FPC.LIB (?C?FPGETOPN)
  C:\KEIL_V5\C51\LIB\C51FPC.LIB (?C?FPROUND)
  C:\KEIL_V5\C51\LIB\C51FPC.LIB (?C?FPCONVERT)
  C:\KEIL_V5\C51\LIB\C51FPC.LIB (?C?ATOF)
  C:\KEIL_V5\C51\LIB\C51FPC.LIB (?C?FPNEG)
  C:\KEIL_V5\C51\LIB\C51FPC.LIB (?C?FTNPWR)
  C:\KEIL_V5\C51\LIB\C51C.LIB (?C_INIT)
  C:\KEIL_V5\C51\LIB\C51C.LIB (?C?CLDPTR)
  C:\KEIL_V5\C51\LIB\C51C.LIB (?C?CLDOPTR)
  C:\KEIL_V5\C51\LIB\C51C.LIB (?C?CSTPTR)
  C:\KEIL_V5\C51\LIB\C51C.LIB (?C?CSTOPTR)
  C:\KEIL_V5\C51\LIB\C51C.LIB (?C?IMUL)
  C:\KEIL_V5\C51\LIB\C51C.LIB (?C?ISTPTR)
  C:\KEIL_V5\C51\LIB\C51C.LIB (?C?LNEG)
  C:\KEIL_V5\C51\LIB\C51C.LIB (?C?ULCMP)
  C:\KEIL_V5\C51\LIB\C51C.LIB (?C?ULSHR)
  C:\KEIL_V5\C51\LIB\C51C.LIB (?C?LSHL)
  C:\KEIL_V5\C51\LIB\C51C.LIB (?C?LSTPTR)
  C:\KEIL_V5\C51\LIB\C51C.LIB (?C?LSTOPTR)
  C:\KEIL_V5\C51\LIB\C51C.LIB (?C?LLDCODE0)
  C:\KEIL_V5\C51\LIB\C51C.LIB (?C?LSTXDATA)
  C:\KEIL_V5\C51\LIB\C51C.LIB (?C?LSTPDATA)
  C:\KEIL_V5\C51\LIB\C51C.LIB (?C?LSTKPDATA)
  C:\KEIL_V5\C51\LIB\C51C.LIB (?C?OFFX256)
  C:\KEIL_V5\C51\LIB\C51C.LIB (?C?OFFXADD)
  C:\KEIL_V5\C51\LIB\C51C.LIB (?C?PLDPDATA)
  C:\KEIL_V5\C51\LIB\C51C.LIB (?C?PLDIPDATA)
  C:\KEIL_V5\C51\LIB\C51C.LIB (?C?PILDPDATA)
  C:\KEIL_V5\C51\LIB\C51C.LIB (?C?PSTPDATA)
  C:\KEIL_V5\C51\LIB\C51C.LIB (?C?PLDOPTR)
  C:\KEIL_V5\C51\LIB\C51C.LIB (?C?CCASE)
  C:\KEIL_V5\C51\LIB\C51C.LIB (?C?ICASE)
  C:\KEIL_V5\C51\LIB\C51C.LIB (GETCHAR)
BL51 BANKED LINKER/LOCATER V6.22.4.0                                                  08/13/2025  15:14:32  PAGE 2


  C:\KEIL_V5\C51\LIB\C51C.LIB (UNGETC)
  C:\KEIL_V5\C51\LIB\C51C.LIB (ISDIGIT)
  C:\KEIL_V5\C51\LIB\C51C.LIB (ISSPACE)
  C:\KEIL_V5\C51\LIB\C51C.LIB (TOUPPER)
  C:\KEIL_V5\C51\LIB\C51C.LIB (?C?STRCMP)
  C:\KEIL_V5\C51\LIB\C51C.LIB (?C?STRCPY)
  C:\KEIL_V5\C51\LIB\C51C.LIB (ATOI)
  C:\KEIL_V5\C51\LIB\C51C.LIB (?C?MEMCMP)
  C:\KEIL_V5\C51\LIB\C51C.LIB (?C?MEMSET)
  C:\KEIL_V5\C51\LIB\C51C.LIB (?C?LSTIDATA)
  C:\KEIL_V5\C51\LIB\C51C.LIB (?C?PLDIDATA)
  C:\KEIL_V5\C51\LIB\C51C.LIB (?C?PLDXDATA)
  C:\KEIL_V5\C51\LIB\C51C.LIB (?C?PLDCODE)
  C:\KEIL_V5\C51\LIB\C51C.LIB (_GETKEY)


LINK MAP OF MODULE:  IPT (?C_STARTUP)


            TYPE    BASE      LENGTH    RELOCATION   SEGMENT NAME
            -----------------------------------------------------

            * * * * * * *   D A T A   M E M O R Y   * * * * * * *
            REG     0000H     0008H     ABSOLUTE     "REG BANK 0"
            DATA    0008H     0015H     UNIT         _DATA_GROUP_
                    001DH     0003H                  *** GAP ***
            DATA    0020H     0001H     BIT_ADDR     ?BA?8051LIB
            BIT     0021H.0   0001H.3   UNIT         _BIT_GROUP_
            BIT     0022H.3   0000H.4   UNIT         ?BI?8051LIB
            BIT     0022H.7   0000H.1   UNIT         ?BI?GETCHAR
            DATA    0023H     000CH     UNIT         ?DT?8051LIB
            DATA    002FH     0008H     UNIT         ?DT?MAIN
            IDATA   0037H     0001H     UNIT         ?STACK

            * * * * * * *  X D A T A   M E M O R Y  * * * * * * *
            XDATA   0000H     0015H     INPAGE       ?PD?MAIN
            XDATA   0015H     0019H     INPAGE       ?PD?8051LIB
            XDATA   002EH     0001H     INPAGE       ?PD?GETCHAR
            XDATA   002FH     008AH     INPAGE       _PDATA_GROUP_
                    00B9H     0047H                  *** GAP ***
            XDATA   0100H     0100H     ABSOLUTE     
            XDATA   0200H     0100H     ABSOLUTE     
            XDATA   0300H     0C23H     UNIT         ?XD?TP1200
            XDATA   0F23H     00ABH     UNIT         ?XD?8051LIB

            * * * * * * *   C O D E   M E M O R Y   * * * * * * *
            CODE    0000H     0003H     ABSOLUTE     
            CODE    0003H     001AH     UNIT         ?PR?OSCILLATOR_INIT?IPTCONFIG
            CODE    001DH     0004H     UNIT         ?PR?RELOADWATCHDOG?MAIN
                    0021H     0002H                  *** GAP ***
            CODE    0023H     0003H     ABSOLUTE     
            CODE    0026H     0047H     UNIT         ?PR?TIMER3_ISR?8051LIB
            CODE    006DH     0004H     UNIT         ?PR?UART_INIT?IPTCONFIG
                    0071H     0002H                  *** GAP ***
            CODE    0073H     0003H     ABSOLUTE     
            CODE    0076H     0024H     UNIT         ?PR?_FLASH_BYTEREAD?8051LIB
                    009AH     0001H                  *** GAP ***
BL51 BANKED LINKER/LOCATER V6.22.4.0                                                  08/13/2025  15:14:32  PAGE 3


            CODE    009BH     0003H     ABSOLUTE     
            CODE    009EH     0C4EH     UNIT         ?C?LIB_CODE
            CODE    0CECH     0628H     UNIT         ?PR?_CALCULATE_COMPENSATED_PRESSURE?TP1200
            CODE    1314H     05B4H     UNIT         ?PR?MAIN?MAIN
            CODE    18C8H     054BH     UNIT         ?CO?8051LIB
            CODE    1E13H     04DFH     UNIT         ?CO?ERROR
            CODE    22F2H     0483H     UNIT         ?CO?TP1200
            CODE    2775H     046EH     UNIT         ?PR?PRINTF?PRINTF
            CODE    2BE3H     03EBH     UNIT         ?PR?_MENUTASK?8051LIB
            CODE    2FCEH     034EH     UNIT         ?PR?SCANF?SCANF
            CODE    331CH     034CH     UNIT         ?PR?LOAD_ADC_CONFIG?TP1200
            CODE    3668H     0268H     UNIT         ?PR?_CALCULATE_COMPENSATED_TEMPERATURE?TP1200
            CODE    38D0H     01BFH     UNIT         ?PR?DISPLAY_MEMSCAP_EEPROM_INFO?TP1200
            CODE    3A8FH     0187H     UNIT         ?PR?INITIALIZE_ADC?TP1200
            CODE    3C16H     016CH     UNIT         ?PR?_GET_RAW_SENSOR_READINGS?TP1200
            CODE    3D82H     0120H     UNIT         ?PR?LOAD_LIN_DATA_T?TP1200
            CODE    3EA2H     0108H     UNIT         ?PR?_GETCOMMAND?8051LIB
            CODE    3FAAH     0101H     UNIT         ?PR?_APPLY_SYSTEM_CALIBRATION?TP1200
            CODE    40ABH     00E6H     UNIT         ?PR??C?ATOF??C?ATOF
            CODE    4191H     00D4H     UNIT         ?PR?GETHOSTPACKET?8051LIB
            CODE    4265H     00D0H     UNIT         ?PR?_ATOI?ATOI
            CODE    4335H     00CBH     UNIT         ?CO?MAIN
            CODE    4400H     00C9H     UNIT         ?PR?ERRTABLE?8051LIB
            CODE    44C9H     00C7H     UNIT         ?PR?READEEPROM?TP1200
            CODE    4590H     00C3H     UNIT         ?PR?ERRDUMP?8051LIB
            CODE    4653H     00B8H     UNIT         ?PR?_ERRLOOKUP?8051LIB
            CODE    470BH     00B7H     UNIT         ?PR?LOAD_PRODUCT_INFO?TP1200
            CODE    47C2H     00ADH     UNIT         ?PR?_CALCULATE_CRC32?TP1200
            CODE    486FH     00A5H     UNIT         ?PR?_READ_EEPROM_FLOATS?TP1200
            CODE    4914H     00A3H     UNIT         ?C_C51STARTUP
            CODE    49B7H     009CH     UNIT         ?PR?LOAD_LUT_T_ADC?TP1200
            CODE    4A53H     0083H     UNIT         LONGMULT_CODE_SEG
            CODE    4AD6H     0080H     UNIT         ?PR?_WRITEERRORQUE?8051LIB
            CODE    4B56H     007AH     UNIT         ?PR?_CHECKCOMMAND?8051LIB
            CODE    4BD0H     0078H     UNIT         ?PR?LOAD_PRESSURE_LUT?TP1200
            CODE    4C48H     0076H     UNIT         ?PR?_READ_EEPROM_BYTES?TP1200
            CODE    4CBEH     0060H     UNIT         ?PR?_PARSECOMMAND?8051LIB
            CODE    4D1EH     005CH     UNIT         INT4_CODE_SEG
            CODE    4D7AH     0058H     UNIT         ?PR?_FLASH_WRITE?8051LIB
            CODE    4DD2H     0050H     UNIT         ?PR?_STRUP?8051LIB
            CODE    4E22H     0050H     UNIT         ?PR?_FLASH_READ?8051LIB
            CODE    4E72H     003EH     UNIT         ?PR?_CRC8?8051LIB
            CODE    4EB0H     003AH     UNIT         ?PR?_PUTCHAR?8051LIB
            CODE    4EEAH     0034H     UNIT         ?PR?WRITENVRAM?MAIN
            CODE    4F1EH     002FH     UNIT         ?PR?_FLASH_BYTEWRITE?8051LIB
            CODE    4F4DH     002FH     UNIT         ?PR?_FLASH_PAGEERASE?8051LIB
            CODE    4F7CH     002EH     UNIT         ?PR?_TRANSMIT_UART0?8051LIB
            CODE    4FAAH     0029H     UNIT         ?PR?_COMPPRESSUREUNADJUSTED?TP1200
            CODE    4FD3H     0022H     UNIT         ?C_INITSEG
            CODE    4FF5H     001AH     UNIT         ?PR?INITSERIAL?8051LIB
            CODE    500FH     0017H     UNIT         ?PR?_ABSDIFF?8051LIB
            CODE    5026H     0016H     UNIT         ?PR?TIMER_INIT?IPTCONFIG
            CODE    503CH     0015H     UNIT         ?PR?SPIOREAD?MAIN
            CODE    5051H     0015H     UNIT         ?PR?INITEQUE?8051LIB
            CODE    5066H     0015H     UNIT         ?PR?LOAD_LUT_P_ADC?TP1200
            CODE    507BH     0014H     UNIT         ?PR?_ISSPACE?ISSPACE
            CODE    508FH     0013H     UNIT         ?PR?GETCHAR?GETCHAR
BL51 BANKED LINKER/LOCATER V6.22.4.0                                                  08/13/2025  15:14:32  PAGE 4


            CODE    50A2H     0012H     UNIT         ?PR?_SPIOWRITE?MAIN
            CODE    50B4H     0012H     UNIT         ?PR?INIT_DEVICE?IPTCONFIG
            CODE    50C6H     0012H     UNIT         ?PR?INITIALIZE_SENSOR?TP1200
            CODE    50D8H     0011H     UNIT         ?PR?_TOUPPER?TOUPPER
            CODE    50E9H     0010H     UNIT         ?PR?PORT_IO_INIT?IPTCONFIG
            CODE    50F9H     000FH     UNIT         ?PR?_ISDIGIT?ISDIGIT
            CODE    5108H     000BH     UNIT         ?PR?_RUNCRC8?8051LIB
            CODE    5113H     000BH     UNIT         ?PR?_USDELAY?TP1200
            CODE    511EH     000AH     UNIT         ?PR?SPI_INIT?IPTCONFIG
            CODE    5128H     000AH     UNIT         ?PR?_GETKEY?_GETKEY
            CODE    5132H     0009H     UNIT         ?PR?_SETRSTATUS?8051LIB
            CODE    513BH     0007H     UNIT         ?PR?INTERRUPTS_INIT?IPTCONFIG
            CODE    5142H     0007H     UNIT         ?PR?GETCHAR?UNGETCHAR
            CODE    5149H     0004H     UNIT         ?PR?EXT7_ISR?8051LIB



OVERLAY MAP OF MODULE:   IPT (?C_STARTUP)


SEGMENT                                             BIT_GROUP          DATA_GROUP          PDATA_GROUP
  +--> CALLED SEGMENT                            START    LENGTH     START    LENGTH     START    LENGTH
--------------------------------------------------------------------------------------------------------
?C_C51STARTUP                                    -----    -----      -----    -----      -----    -----
  +--> ?PR?MAIN?MAIN
  +--> ?C_INITSEG

?PR?MAIN?MAIN                                    -----    -----      0008H    000AH      002FH    000DH
  +--> ?PR?INIT_DEVICE?IPTCONFIG
  +--> ?PR?_SETRSTATUS?8051LIB
  +--> ?PR?INITEQUE?8051LIB
  +--> ?PR?INITSERIAL?8051LIB
  +--> ?PR?_FLASH_READ?8051LIB
  +--> ?PR?_CRC8?8051LIB
  +--> ?PR?INITIALIZE_SENSOR?TP1200
  +--> ?PR?INITIALIZE_ADC?TP1200
  +--> ?PR?_GET_RAW_SENSOR_READINGS?TP1200
  +--> ?PR?_CALCULATE_COMPENSATED_TEMPERATUR...
  +--> ?PR?_CALCULATE_COMPENSATED_PRESSURE?T...
  +--> ?PR?_APPLY_SYSTEM_CALIBRATION?TP1200
  +--> ?PR?GETHOSTPACKET?8051LIB
  +--> ?CO?MAIN
  +--> ?PR?PRINTF?PRINTF
  +--> ?PR?_ATOI?ATOI
  +--> ?PR?READEEPROM?TP1200
  +--> ?PR?WRITENVRAM?MAIN

?PR?INIT_DEVICE?IPTCONFIG                        -----    -----      -----    -----      -----    -----
  +--> ?PR?TIMER_INIT?IPTCONFIG
  +--> ?PR?UART_INIT?IPTCONFIG
  +--> ?PR?SPI_INIT?IPTCONFIG
  +--> ?PR?PORT_IO_INIT?IPTCONFIG
  +--> ?PR?OSCILLATOR_INIT?IPTCONFIG
  +--> ?PR?INTERRUPTS_INIT?IPTCONFIG

?PR?_FLASH_READ?8051LIB                          -----    -----      -----    -----      003CH    0006H
  +--> ?PR?_WRITEERRORQUE?8051LIB
BL51 BANKED LINKER/LOCATER V6.22.4.0                                                  08/13/2025  15:14:32  PAGE 5


  +--> ?PR?_FLASH_BYTEREAD?8051LIB

?PR?_FLASH_BYTEREAD?8051LIB                      0021H.0  0000H.2    0012H    0002H      -----    -----

?PR?_CRC8?8051LIB                                -----    -----      -----    -----      003CH    0004H
  +--> ?PR?_RUNCRC8?8051LIB

?PR?_RUNCRC8?8051LIB                             -----    -----      -----    -----      -----    -----
  +--> ?CO?8051LIB

?PR?INITIALIZE_SENSOR?TP1200                     -----    -----      -----    -----      -----    -----
  +--> ?PR?LOAD_PRODUCT_INFO?TP1200
  +--> ?PR?LOAD_ADC_CONFIG?TP1200
  +--> ?PR?LOAD_LIN_DATA_T?TP1200
  +--> ?PR?LOAD_LUT_P_ADC?TP1200
  +--> ?PR?LOAD_LUT_T_ADC?TP1200
  +--> ?PR?LOAD_PRESSURE_LUT?TP1200

?PR?LOAD_PRODUCT_INFO?TP1200                     -----    -----      -----    -----      003CH    0004H
  +--> ?PR?_READ_EEPROM_BYTES?TP1200

?PR?_READ_EEPROM_BYTES?TP1200                    -----    -----      -----    -----      00B0H    0009H
  +--> ?PR?_SPIOWRITE?MAIN
  +--> ?PR?SPIOREAD?MAIN

?PR?LOAD_ADC_CONFIG?TP1200                       -----    -----      -----    -----      003CH    0005H
  +--> ?PR?_SPIOWRITE?MAIN
  +--> ?PR?SPIOREAD?MAIN
  +--> ?PR?_READ_EEPROM_BYTES?TP1200

?PR?LOAD_LIN_DATA_T?TP1200                       -----    -----      -----    -----      003CH    000AH
  +--> ?PR?_SPIOWRITE?MAIN
  +--> ?PR?SPIOREAD?MAIN

?PR?LOAD_LUT_P_ADC?TP1200                        -----    -----      -----    -----      -----    -----
  +--> ?PR?_READ_EEPROM_FLOATS?TP1200

?PR?_READ_EEPROM_FLOATS?TP1200                   -----    -----      -----    -----      0045H    000DH
  +--> ?PR?_SPIOWRITE?MAIN
  +--> ?PR?SPIOREAD?MAIN

?PR?LOAD_LUT_T_ADC?TP1200                        -----    -----      -----    -----      003CH    000AH
  +--> ?PR?_READ_EEPROM_BYTES?TP1200

?PR?LOAD_PRESSURE_LUT?TP1200                     -----    -----      -----    -----      003CH    0009H
  +--> ?PR?_READ_EEPROM_FLOATS?TP1200

?PR?INITIALIZE_ADC?TP1200                        -----    -----      -----    -----      -----    -----
  +--> ?PR?_SPIOWRITE?MAIN
  +--> ?PR?_USDELAY?TP1200

?PR?_GET_RAW_SENSOR_READINGS?TP1200              -----    -----      -----    -----      003CH    000BH
  +--> ?PR?_SPIOWRITE?MAIN
  +--> ?PR?RELOADWATCHDOG?MAIN
  +--> ?PR?SPIOREAD?MAIN

?PR?_CALCULATE_COMPENSATED_TEMPERATUR...         -----    -----      -----    -----      003CH    0016H
BL51 BANKED LINKER/LOCATER V6.22.4.0                                                  08/13/2025  15:14:32  PAGE 6



?PR?_CALCULATE_COMPENSATED_PRESSURE?T...         -----    -----      -----    -----      0060H    004AH

?PR?_APPLY_SYSTEM_CALIBRATION?TP1200             -----    -----      -----    -----      003CH    0010H

?PR?GETHOSTPACKET?8051LIB                        -----    -----      -----    -----      003CH    0001H
  +--> ?PR?_GETCOMMAND?8051LIB
  +--> ?PR?_ISDIGIT?ISDIGIT

?PR?_GETCOMMAND?8051LIB                          -----    -----      -----    -----      -----    -----
  +--> ?CO?8051LIB
  +--> ?PR?SCANF?SCANF
  +--> ?PR?_STRUP?8051LIB
  +--> ?PR?_PARSECOMMAND?8051LIB
  +--> ?PR?_MENUTASK?8051LIB

?PR?SCANF?SCANF                                  0021H.0  0000H.6    0012H    0009H      0040H    0015H
  +--> ?PR?GETCHAR?UNGETCHAR
  +--> ?PR?_ISSPACE?ISSPACE
  +--> ?PR?GETCHAR?GETCHAR
  +--> ?PR??C?ATOF??C?ATOF

?PR?GETCHAR?GETCHAR                              -----    -----      -----    -----      -----    -----
  +--> ?PR?_GETKEY?_GETKEY
  +--> ?PR?_PUTCHAR?8051LIB

?PR?_PUTCHAR?8051LIB                             -----    -----      -----    -----      0077H    0003H
  +--> ?PR?_ABSDIFF?8051LIB
  +--> ?PR?_TRANSMIT_UART0?8051LIB

?PR?_TRANSMIT_UART0?8051LIB                      -----    -----      -----    -----      007AH    0001H
  +--> ?PR?_WRITEERRORQUE?8051LIB

?PR??C?ATOF??C?ATOF                              0021H.6  0000H.5    001BH    0002H      -----    -----

?PR?_STRUP?8051LIB                               -----    -----      -----    -----      003DH    0005H
  +--> ?PR?_TOUPPER?TOUPPER

?PR?_PARSECOMMAND?8051LIB                        -----    -----      -----    -----      -----    -----
  +--> ?CO?8051LIB
  +--> ?PR?_CHECKCOMMAND?8051LIB
  +--> ?PR?_MENUTASK?8051LIB

?PR?_CHECKCOMMAND?8051LIB                        -----    -----      -----    -----      003DH    0008H

?PR?_MENUTASK?8051LIB                            -----    -----      -----    -----      003DH    0003H
  +--> ?CO?8051LIB
  +--> ?PR?PRINTF?PRINTF
  +--> ?CO?MAIN
  +--> ?PR?ERRDUMP?8051LIB
  +--> ?PR?ERRTABLE?8051LIB
  +--> ?PR?SCANF?SCANF
  +--> ?PR?DISPLAY_MEMSCAP_EEPROM_INFO?TP1200

?PR?PRINTF?PRINTF                                0021H.0  0001H.1    0012H    0005H      0060H    0017H
  +--> ?PR?_PUTCHAR?8051LIB

BL51 BANKED LINKER/LOCATER V6.22.4.0                                                  08/13/2025  15:14:32  PAGE 7


?PR?ERRDUMP?8051LIB                              -----    -----      -----    -----      0040H    0001H
  +--> ?CO?8051LIB
  +--> ?PR?PRINTF?PRINTF
  +--> ?CO?ERROR
  +--> ?PR?_ERRLOOKUP?8051LIB

?PR?_ERRLOOKUP?8051LIB                           -----    -----      -----    -----      0041H    0002H
  +--> ?CO?ERROR
  +--> ?CO?8051LIB
  +--> ?PR?PRINTF?PRINTF

?PR?ERRTABLE?8051LIB                             -----    -----      -----    -----      0040H    0002H
  +--> ?CO?8051LIB
  +--> ?PR?PRINTF?PRINTF
  +--> ?CO?ERROR

?PR?DISPLAY_MEMSCAP_EEPROM_INFO?TP1200           -----    -----      -----    -----      0040H    0020H
  +--> ?PR?_READ_EEPROM_BYTES?TP1200
  +--> ?CO?TP1200
  +--> ?PR?PRINTF?PRINTF
  +--> ?PR?_COMPPRESSUREUNADJUSTED?TP1200

?PR?_COMPPRESSUREUNADJUSTED?TP1200               -----    -----      -----    -----      -----    -----
  +--> ?PR?_CALCULATE_COMPENSATED_PRESSURE?T...

?PR?_ATOI?ATOI                                   0021H.0  0000H.1    -----    -----      003CH    0005H
  +--> ?PR?_ISSPACE?ISSPACE
  +--> ?PR?_ISDIGIT?ISDIGIT

?PR?READEEPROM?TP1200                            -----    -----      -----    -----      003CH    0074H
  +--> ?PR?_READ_EEPROM_BYTES?TP1200
  +--> ?PR?_CALCULATE_CRC32?TP1200

?PR?_CALCULATE_CRC32?TP1200                      -----    -----      -----    -----      00B0H    0009H
  +--> ?CO?TP1200

?PR?WRITENVRAM?MAIN                              -----    -----      -----    -----      -----    -----
  +--> ?PR?_CRC8?8051LIB
  +--> ?PR?_FLASH_WRITE?8051LIB

?PR?_FLASH_WRITE?8051LIB                         -----    -----      -----    -----      003CH    0006H
  +--> ?PR?_WRITEERRORQUE?8051LIB
  +--> ?PR?_FLASH_PAGEERASE?8051LIB
  +--> ?PR?_FLASH_BYTEWRITE?8051LIB

?PR?_FLASH_PAGEERASE?8051LIB                     0021H.0  0000H.2    0012H    0002H      -----    -----

?PR?_FLASH_BYTEWRITE?8051LIB                     0021H.0  0000H.2    0012H    0002H      -----    -----



SYMBOL TABLE OF MODULE:  IPT (?C_STARTUP)

  VALUE           TYPE          NAME
  ----------------------------------

  -------         MODULE        ?C_STARTUP
BL51 BANKED LINKER/LOCATER V6.22.4.0                                                  08/13/2025  15:14:32  PAGE 8


  C:4914H         SEGMENT       ?C_C51STARTUP
  I:0037H         SEGMENT       ?STACK
  C:0000H         PUBLIC        ?C_STARTUP
  D:00E0H         SYMBOL        ACC
  D:00F0H         SYMBOL        B
  D:0083H         SYMBOL        DPH
  D:0082H         SYMBOL        DPL
  N:0000H         SYMBOL        IBPSTACK
  N:0100H         SYMBOL        IBPSTACKTOP
  N:0080H         SYMBOL        IDATALEN
  C:4917H         SYMBOL        IDATALOOP
  N:0000H         SYMBOL        PBPSTACK
  N:0100H         SYMBOL        PBPSTACKTOP
  N:00FFH         SYMBOL        PDATALEN
  C:492DH         SYMBOL        PDATALOOP
  N:0000H         SYMBOL        PDATASTART
  N:0000H         SYMBOL        PPAGE
  N:0000H         SYMBOL        PPAGEENABLE
  D:00A0H         SYMBOL        PPAGE_SFR
  D:0081H         SYMBOL        SP
  C:4914H         SYMBOL        STARTUP1
  N:0000H         SYMBOL        XBPSTACK
  N:0000H         SYMBOL        XBPSTACKTOP
  N:0FFFH         SYMBOL        XDATALEN
  C:4922H         SYMBOL        XDATALOOP
  N:0000H         SYMBOL        XDATASTART
  C:0000H         LINE#         126
  C:4914H         LINE#         133
  C:4916H         LINE#         134
  C:4917H         LINE#         135
  C:4918H         LINE#         136
  C:491AH         LINE#         140
  C:491DH         LINE#         141
  C:491FH         LINE#         143
  C:4921H         LINE#         147
  C:4922H         LINE#         148
  C:4923H         LINE#         149
  C:4924H         LINE#         150
  C:4926H         LINE#         151
  C:4928H         LINE#         159
  C:492AH         LINE#         160
  C:492CH         LINE#         161
  C:492DH         LINE#         162
  C:492EH         LINE#         163
  C:492FH         LINE#         164
  C:4931H         LINE#         185
  C:4934H         LINE#         196
  -------         ENDMOD        ?C_STARTUP

  -------         MODULE        MAIN
  C:0000H         SYMBOL        _ICE_DUMMY_
  D:002FH         PUBLIC        ck1
  D:0080H         PUBLIC        P0
  D:0030H         PUBLIC        ck2
  B:0090H.2       PUBLIC        CS_EE
  D:0090H         PUBLIC        P1
  B:00A0H.7       PUBLIC        CS_5V
BL51 BANKED LINKER/LOCATER V6.22.4.0                                                  08/13/2025  15:14:32  PAGE 9


  D:00FFH         PUBLIC        WDTCN
  D:00A0H         PUBLIC        P2
  D:00B0H         PUBLIC        P3
  B:00A8H.7       PUBLIC        EA
  X:0000H         PUBLIC        offset
  D:0031H         PUBLIC        scale
  C:001DH         PUBLIC        ReloadWatchdog
  B:0090H.0       PUBLIC        CS_PR
  D:0033H         PUBLIC        mbar
  C:1314H         PUBLIC        main
  B:00F8H.7       PUBLIC        SPIF
  X:0002H         PUBLIC        span
  C:503CH         PUBLIC        SPIORead
  C:43E4H         PUBLIC        EXFILE
  C:43D6H         PUBLIC        EXNAME
  C:43DDH         PUBLIC        EXVERSION
  C:50A2H         PUBLIC        _SPIOWrite
  D:008DH         PUBLIC        TH1
  C:43EBH         PUBLIC        EXTIME
  C:4EEAH         PUBLIC        WriteNVRam
  B:00A0H.4       PUBLIC        LED
  C:43E3H         PUBLIC        EXPART
  D:00EFH         PUBLIC        RSTSRC
  D:009AH         PUBLIC        SPI0CFG
  X:0004H         PUBLIC        NVR_Buf
  D:009BH         PUBLIC        SPI0DAT
  -------         PROC          MAIN
  -------         DO            
  X:002FH         SYMBOL        a
  D:0008H         SYMBOL        RetStr
  X:0030H         SYMBOL        raw_temp_adc
  X:0034H         SYMBOL        raw_press_adc
  X:0038H         SYMBOL        compensated_temp_c
  D:0004H         SYMBOL        compensated_press
  C:1324H         SYMBOL        task0
  C:145CH         SYMBOL        task1
  C:1328H         SYMBOL        task2
  C:132AH         SYMBOL        task3
  C:132CH         SYMBOL        task4
  C:1457H         SYMBOL        task5
  C:1330H         SYMBOL        task6
  C:1332H         SYMBOL        task7
  C:14E1H         SYMBOL        idle
  -------         ENDDO         
  C:1314H         LINE#         116
  C:1314H         LINE#         123
  C:1317H         LINE#         124
  C:131AH         LINE#         126
  C:131CH         LINE#         130
  C:131EH         LINE#         131
  C:1320H         LINE#         133
  C:1323H         LINE#         134
  C:1326H         LINE#         137
  C:132BH         LINE#         140
  C:1330H         LINE#         141
  C:1337H         LINE#         142
  C:1337H         LINE#         144
BL51 BANKED LINKER/LOCATER V6.22.4.0                                                  08/13/2025  15:14:32  PAGE 10


  C:133CH         LINE#         145
  C:1343H         LINE#         146
  C:1343H         LINE#         148
  C:1348H         LINE#         149
  C:134FH         LINE#         150
  C:134FH         LINE#         152
  C:1354H         LINE#         153
  C:135BH         LINE#         154
  C:135BH         LINE#         156
  C:1360H         LINE#         157
  C:1367H         LINE#         158
  C:1367H         LINE#         160
  C:136CH         LINE#         161
  C:1373H         LINE#         162
  C:1373H         LINE#         163
  C:1373H         LINE#         165
  C:1376H         LINE#         166
  C:1379H         LINE#         168
  C:137EH         LINE#         169
  C:1381H         LINE#         170
  C:1384H         LINE#         171
  C:138CH         LINE#         172
  C:1394H         LINE#         175
  C:1398H         LINE#         176
  C:139DH         LINE#         178
  C:139FH         LINE#         181
  C:13AAH         LINE#         182
  C:13B9H         LINE#         183
  C:13BFH         LINE#         184
  C:13C5H         LINE#         185
  C:13C9H         LINE#         186
  C:13CCH         LINE#         187
  C:13DBH         LINE#         188
  C:13DFH         LINE#         189
  C:13E6H         LINE#         190
  C:13E8H         LINE#         191
  C:13F5H         LINE#         192
  C:1402H         LINE#         193
  C:1402H         LINE#         197
  C:1406H         LINE#         198
  C:140BH         LINE#         199
  C:140BH         LINE#         201
  C:140EH         LINE#         202
  C:1411H         LINE#         205
  C:1413H         LINE#         209
  C:1413H         LINE#         211
  C:1416H         LINE#         217
  C:141EH         LINE#         218
  C:1425H         LINE#         219
  C:142DH         LINE#         220
  C:1435H         LINE#         221
  C:143DH         LINE#         222
  C:1444H         LINE#         223
  C:144CH         LINE#         224
  C:1457H         LINE#         225
  C:1457H         LINE#         227
  C:1457H         LINE#         229
BL51 BANKED LINKER/LOCATER V6.22.4.0                                                  08/13/2025  15:14:32  PAGE 11


  C:1457H         LINE#         231
  C:1457H         LINE#         233
  C:1457H         LINE#         235
  C:1457H         LINE#         237
  C:1459H         LINE#         238
  C:145CH         LINE#         240
  C:145CH         LINE#         241
  C:145CH         LINE#         243
  C:145CH         LINE#         244
  C:145CH         LINE#         246
  C:145CH         LINE#         247
  C:145CH         LINE#         249
  C:145CH         LINE#         250
  C:1472H         LINE#         251
  C:1485H         LINE#         252
  C:149AH         LINE#         253
  C:14BCH         LINE#         254
  C:14E1H         LINE#         255
  C:14E1H         LINE#         257
  C:14E1H         LINE#         258
  C:14E1H         LINE#         260
  C:14E1H         LINE#         261
  C:14EBH         LINE#         265
  C:14F2H         LINE#         266
  C:14FEH         LINE#         268
  C:151EH         LINE#         271
  C:156EH         LINE#         274
  C:156EH         LINE#         275
  C:1572H         LINE#         276
  C:1581H         LINE#         277
  C:1581H         LINE#         278
  C:1584H         LINE#         279
  C:159BH         LINE#         280
  C:159BH         LINE#         281
  C:159EH         LINE#         284
  C:159EH         LINE#         285
  C:15A2H         LINE#         287
  C:15AFH         LINE#         288
  C:15CEH         LINE#         289
  C:15CEH         LINE#         290
  C:15CEH         LINE#         291
  C:15D1H         LINE#         292
  C:15D4H         LINE#         293
  C:15D4H         LINE#         294
  C:15D7H         LINE#         295
  C:15DAH         LINE#         296
  C:15DAH         LINE#         297
  C:15DDH         LINE#         298
  C:15E0H         LINE#         299
  C:15E0H         LINE#         300
  C:15E3H         LINE#         301
  C:15E6H         LINE#         302
  C:15E6H         LINE#         303
  C:15E9H         LINE#         304
  C:15ECH         LINE#         305
  C:15ECH         LINE#         306
  C:15EFH         LINE#         307
BL51 BANKED LINKER/LOCATER V6.22.4.0                                                  08/13/2025  15:14:32  PAGE 12


  C:15F2H         LINE#         308
  C:15F2H         LINE#         309
  C:15F2H         LINE#         310
  C:1609H         LINE#         311
  C:1609H         LINE#         312
  C:160CH         LINE#         315
  C:160CH         LINE#         316
  C:1633H         LINE#         317
  C:1636H         LINE#         320
  C:1636H         LINE#         321
  C:163AH         LINE#         322
  C:164CH         LINE#         323
  C:164FH         LINE#         324
  C:1652H         LINE#         325
  C:1652H         LINE#         326
  C:1667H         LINE#         327
  C:166BH         LINE#         328
  C:166BH         LINE#         329
  C:166BH         LINE#         330
  C:166EH         LINE#         331
  C:1694H         LINE#         332
  C:1694H         LINE#         333
  C:1697H         LINE#         336
  C:1697H         LINE#         337
  C:169BH         LINE#         338
  C:16A6H         LINE#         339
  C:16ABH         LINE#         340
  C:16ABH         LINE#         341
  C:16AEH         LINE#         342
  C:16C5H         LINE#         343
  C:16C5H         LINE#         344
  C:16C8H         LINE#         347
  C:16C8H         LINE#         348
  C:16F2H         LINE#         351
  C:16F5H         LINE#         354
  C:16F5H         LINE#         355
  C:171EH         LINE#         356
  C:1721H         LINE#         359
  C:1721H         LINE#         360
  C:1726H         LINE#         361
  C:1749H         LINE#         362
  C:174CH         LINE#         363
  C:1763H         LINE#         364
  C:1763H         LINE#         365
  C:1766H         LINE#         367
  C:1766H         LINE#         368
  C:178AH         LINE#         369
  C:178DH         LINE#         372
  C:178DH         LINE#         374
  C:17B1H         LINE#         375
  C:17B4H         LINE#         378
  C:17B4H         LINE#         380
  C:17F6H         LINE#         381
  C:17F9H         LINE#         384
  C:17F9H         LINE#         385
  C:1817H         LINE#         386
  C:181AH         LINE#         389
BL51 BANKED LINKER/LOCATER V6.22.4.0                                                  08/13/2025  15:14:32  PAGE 13


  C:181AH         LINE#         390
  C:181AH         LINE#         393
  C:181AH         LINE#         394
  C:181AH         LINE#         397
  C:181AH         LINE#         398
  C:181EH         LINE#         399
  C:182EH         LINE#         400
  C:182EH         LINE#         401
  C:1830H         LINE#         402
  C:184FH         LINE#         403
  C:1851H         LINE#         406
  C:1851H         LINE#         407
  C:1855H         LINE#         408
  C:1865H         LINE#         409
  C:1868H         LINE#         410
  C:186BH         LINE#         411
  C:188AH         LINE#         412
  C:188CH         LINE#         415
  C:188CH         LINE#         416
  C:18ADH         LINE#         417
  C:18B0H         LINE#         420
  C:18B0H         LINE#         421
  C:18C5H         LINE#         424
  C:18C5H         LINE#         425
  C:18C5H         LINE#         426
  -------         ENDPROC       MAIN
  -------         PROC          _SPIOWRITE
  D:0007H         SYMBOL        b
  -------         DO            
  D:0006H         SYMBOL        a
  -------         ENDDO         
  C:50A2H         LINE#         450
  C:50A2H         LINE#         451
  C:50A4H         LINE#         452
  C:50A6H         LINE#         453
  C:50A8H         LINE#         454
  C:50B1H         LINE#         456
  C:50B3H         LINE#         457
  -------         ENDPROC       _SPIOWRITE
  -------         PROC          SPIOREAD
  -------         DO            
  D:0007H         SYMBOL        a
  -------         ENDDO         
  C:503CH         LINE#         465
  C:503CH         LINE#         466
  C:503EH         LINE#         467
  C:5040H         LINE#         468
  C:5043H         LINE#         469
  C:504CH         LINE#         471
  C:504EH         LINE#         472
  C:5050H         LINE#         473
  -------         ENDPROC       SPIOREAD
  -------         PROC          WRITENVRAM
  C:4EEAH         LINE#         481
  C:4EEAH         LINE#         482
  C:4EF7H         LINE#         483
  C:4F04H         LINE#         484
BL51 BANKED LINKER/LOCATER V6.22.4.0                                                  08/13/2025  15:14:32  PAGE 14


  C:4F13H         LINE#         485
  -------         ENDPROC       WRITENVRAM
  -------         PROC          RELOADWATCHDOG
  C:001DH         LINE#         515
  C:001DH         LINE#         516
  C:001DH         LINE#         517
  C:0020H         LINE#         518
  -------         ENDPROC       RELOADWATCHDOG
  -------         ENDMOD        MAIN

  -------         MODULE        IPTCONFIG
  C:0000H         SYMBOL        _ICE_DUMMY_
  D:009DH         PUBLIC        SPI0CKR
  D:00E7H         PUBLIC        EIE2
  D:00E8H         PUBLIC        ADC0CN
  D:00A4H         PUBLIC        P0MDOUT
  D:00A5H         PUBLIC        P1MDOUT
  D:00A8H         PUBLIC        IE
  D:00A6H         PUBLIC        P2MDOUT
  D:0093H         PUBLIC        TMR3RLH
  D:0092H         PUBLIC        TMR3RLL
  C:50E9H         PUBLIC        Port_IO_Init
  D:00D8H         PUBLIC        PCA0CN
  D:00B8H         PUBLIC        IP
  C:0003H         PUBLIC        Oscillator_Init
  D:00E1H         PUBLIC        XBR0
  D:00E3H         PUBLIC        XBR2
  D:00C0H         PUBLIC        SMB0CN
  D:00F8H         PUBLIC        SPI0CN
  C:006DH         PUBLIC        UART_Init
  D:0089H         PUBLIC        TMOD
  D:0088H         PUBLIC        TCON
  D:0091H         PUBLIC        TMR3CN
  C:513BH         PUBLIC        Interrupts_Init
  D:00B2H         PUBLIC        OSCICN
  C:50B4H         PUBLIC        Init_Device
  D:008DH         PUBLIC        TH1
  D:00B1H         PUBLIC        OSCXCN
  C:511EH         PUBLIC        SPI_Init
  D:0098H         PUBLIC        SCON0
  D:00C8H         PUBLIC        T2CON
  D:009AH         PUBLIC        SPI0CFG
  D:008EH         PUBLIC        CKCON
  C:5026H         PUBLIC        Timer_Init
  D:00D0H         PUBLIC        PSW
  -------         PROC          TIMER_INIT
  C:5026H         LINE#         9
  C:5026H         LINE#         10
  C:5026H         LINE#         11
  C:5029H         LINE#         12
  C:502CH         LINE#         13
  C:502FH         LINE#         14
  C:5032H         LINE#         15
  C:5035H         LINE#         16
  C:5038H         LINE#         17
  C:503BH         LINE#         18
  -------         ENDPROC       TIMER_INIT
BL51 BANKED LINKER/LOCATER V6.22.4.0                                                  08/13/2025  15:14:32  PAGE 15


  -------         PROC          UART_INIT
  C:006DH         LINE#         20
  C:006DH         LINE#         21
  C:006DH         LINE#         22
  C:0070H         LINE#         23
  -------         ENDPROC       UART_INIT
  -------         PROC          SPI_INIT
  C:511EH         LINE#         25
  C:511EH         LINE#         26
  C:511EH         LINE#         27
  C:5121H         LINE#         28
  C:5124H         LINE#         29
  C:5127H         LINE#         30
  -------         ENDPROC       SPI_INIT
  -------         PROC          PORT_IO_INIT
  C:50E9H         LINE#         32
  C:50E9H         LINE#         33
  C:50E9H         LINE#         70
  C:50ECH         LINE#         71
  C:50EFH         LINE#         72
  C:50F2H         LINE#         73
  C:50F5H         LINE#         74
  C:50F8H         LINE#         75
  -------         ENDPROC       PORT_IO_INIT
  -------         PROC          OSCILLATOR_INIT
  -------         DO            
  D:0006H         SYMBOL        i
  -------         ENDDO         
  C:0003H         LINE#         77
  C:0003H         LINE#         78
  C:0003H         LINE#         79
  C:0006H         LINE#         80
  C:0009H         LINE#         81
  C:0014H         LINE#         82
  C:0019H         LINE#         83
  C:001CH         LINE#         84
  -------         ENDPROC       OSCILLATOR_INIT
  -------         PROC          INTERRUPTS_INIT
  C:513BH         LINE#         86
  C:513BH         LINE#         87
  C:513BH         LINE#         88
  C:513EH         LINE#         89
  C:5141H         LINE#         90
  -------         ENDPROC       INTERRUPTS_INIT
  -------         PROC          INIT_DEVICE
  C:50B4H         LINE#         94
  C:50B4H         LINE#         95
  C:50B4H         LINE#         96
  C:50B7H         LINE#         97
  C:50BAH         LINE#         98
  C:50BDH         LINE#         99
  C:50C0H         LINE#         100
  C:50C3H         LINE#         101
  -------         ENDPROC       INIT_DEVICE
  -------         ENDMOD        IPTCONFIG

  -------         MODULE        8051LIB
BL51 BANKED LINKER/LOCATER V6.22.4.0                                                  08/13/2025  15:14:32  PAGE 16


  C:0000H         SYMBOL        _ICE_DUMMY_
  D:0023H         PUBLIC        OutTp
  D:0080H         PUBLIC        P0
  D:0090H         PUBLIC        P1
  C:1D28H         PUBLIC        LIBVERSION
  D:00FFH         PUBLIC        WDTCN
  D:00A0H         PUBLIC        P2
  B:00A8H.7       PUBLIC        EA
  C:0026H         PUBLIC        Timer3_ISR
  D:008FH         PUBLIC        PSCTL
  C:1D37H         PUBLIC        LIBTIME
  C:5051H         PUBLIC        InitEQue
  C:5132H         PUBLIC        _SetRStatus
  C:1D4CH         PUBLIC        Line
  X:0016H         PUBLIC        t4c
  B:0022H.3       PUBLIC        TX_Int_Restart_Flag1
  X:0017H         PUBLIC        Parm
  C:500FH         PUBLIC        _AbsDiff
  D:00ADH         PUBLIC        P3IF
  X:0027H         PUBLIC        t4m
  C:4400H         PUBLIC        ErrTable
  X:0028H         PUBLIC        t4o
  C:4191H         PUBLIC        GetHostPacket
  C:4DD2H         PUBLIC        _Strup
  C:4B56H         PUBLIC        _CheckCommand
  C:4F7CH         PUBLIC        _Transmit_UART0
  D:0024H         PUBLIC        ParmIndx
  C:4653H         PUBLIC        _ErrLookup
  X:0F23H         PUBLIC        RawCPUTemperature
  C:2BE3H         PUBLIC        _MenuTask
  D:0020H         PUBLIC        Tsf
  D:0025H         PUBLIC        HPCmd
  X:0F25H         PUBLIC        MenuPoll
  B:0022H.4       PUBLIC        Echo1
  B:0022H.5       PUBLIC        Echo2
  D:0027H         PUBLIC        NetAdd
  X:0100H         PUBLIC        Rb
  X:0200H         PUBLIC        Tb
  C:5149H         PUBLIC        Ext7_ISR
  D:0028H         PUBLIC        crc
  D:0091H         PUBLIC        TMR3CN
  X:0F26H         PUBLIC        eqi
  C:4CBEH         PUBLIC        _ParseCommand
  C:4590H         PUBLIC        ErrDump
  C:1C1BH         PUBLIC        CRCTable
  C:4F4DH         PUBLIC        _Flash_PageErase
  X:0F27H         PUBLIC        cb
  C:5108H         PUBLIC        _RunCRC8
  C:4ADDH         PUBLIC        _WriteErrorQue
  D:0029H         PUBLIC        HPNetAdd
  B:0098H.1       PUBLIC        TI0
  C:4E22H         PUBLIC        _Flash_Read
  C:1D87H         PUBLIC        mnu
  C:4E72H         PUBLIC        _Crc8
  X:0F59H         PUBLIC        cp
  X:0F8BH         PUBLIC        cs
  D:002AH         PUBLIC        RState
BL51 BANKED LINKER/LOCATER V6.22.4.0                                                  08/13/2025  15:14:32  PAGE 17


  D:002BH         PUBLIC        LError
  X:0029H         PUBLIC        RStatus
  B:0020H.0       PUBLIC        Tsf0
  B:0020H.1       PUBLIC        Tsf1
  C:4D7AH         PUBLIC        _Flash_Write
  B:0022H.6       PUBLIC        TX_Int_Restart_Flag
  B:0020H.2       PUBLIC        Tsf2
  B:0020H.3       PUBLIC        Tsf3
  B:0020H.4       PUBLIC        Tsf4
  B:0020H.5       PUBLIC        Tsf5
  B:0020H.6       PUBLIC        Tsf6
  B:0020H.7       PUBLIC        Tsf7
  C:3EA2H         PUBLIC        _GetCommand
  C:0076H         PUBLIC        _Flash_ByteRead
  X:0FBDH         PUBLIC        TaskOverRun
  X:0FBEH         PUBLIC        EQue
  C:1D7CH         PUBLIC        Head
  D:00B6H         PUBLIC        FLSCL
  C:4F1EH         PUBLIC        _Flash_ByteWrite
  C:1D2DH         PUBLIC        LIBFILE
  D:002CH         PUBLIC        InRp
  C:1D1BH         PUBLIC        LIBNAME
  C:4FF5H         PUBLIC        InitSerial
  C:4EB0H         PUBLIC        _putchar
  D:002DH         PUBLIC        InTp
  D:002EH         PUBLIC        OutRp
  -------         PROC          INITSERIAL
  C:4FF5H         LINE#         155
  C:4FF5H         LINE#         158
  C:4FF7H         LINE#         159
  C:4FF9H         LINE#         162
  C:4FFCH         LINE#         163
  C:4FFEH         LINE#         164
  C:5000H         LINE#         165
  C:5002H         LINE#         167
  C:5004H         LINE#         170
  C:5006H         LINE#         171
  C:5008H         LINE#         174
  C:500AH         LINE#         175
  C:500CH         LINE#         177
  C:500EH         LINE#         179
  -------         ENDPROC       INITSERIAL
  -------         PROC          GETHOSTPACKET
  -------         DO            
  X:003CH         SYMBOL        InChar
  -------         ENDDO         
  C:4191H         LINE#         188
  C:4191H         LINE#         191
  C:419AH         LINE#         192
  C:41ACH         LINE#         194
  C:41CFH         LINE#         195
  C:41CFH         LINE#         196
  C:41D6H         LINE#         197
  C:41D9H         LINE#         198
  C:41DBH         LINE#         199
  C:41DEH         LINE#         200
  C:41DEH         LINE#         201
BL51 BANKED LINKER/LOCATER V6.22.4.0                                                  08/13/2025  15:14:32  PAGE 18


  C:41E0H         LINE#         203
  C:41E0H         LINE#         204
  C:41E9H         LINE#         205
  C:41F4H         LINE#         206
  C:41F7H         LINE#         207
  C:41F9H         LINE#         212
  C:41F9H         LINE#         213
  C:4202H         LINE#         214
  C:420BH         LINE#         215
  C:4214H         LINE#         216
  C:4217H         LINE#         217
  C:421AH         LINE#         218
  C:421AH         LINE#         219
  C:421AH         LINE#         220
  C:421CH         LINE#         221
  C:421FH         LINE#         222
  C:421FH         LINE#         223
  C:4222H         LINE#         225
  C:4222H         LINE#         226
  C:4227H         LINE#         227
  C:422AH         LINE#         228
  C:422DH         LINE#         230
  C:422DH         LINE#         231
  C:4232H         LINE#         232
  C:4235H         LINE#         233
  C:4238H         LINE#         234
  C:423BH         LINE#         236
  C:423BH         LINE#         237
  C:4242H         LINE#         238
  C:4249H         LINE#         239
  C:4249H         LINE#         240
  C:424BH         LINE#         241
  C:424BH         LINE#         242
  C:4252H         LINE#         243
  C:4254H         LINE#         244
  C:4257H         LINE#         245
  C:4257H         LINE#         246
  C:425AH         LINE#         248
  C:425AH         LINE#         249
  C:425DH         LINE#         250
  C:4260H         LINE#         252
  C:4260H         LINE#         253
  C:4260H         LINE#         254
  C:4264H         LINE#         255
  -------         ENDPROC       GETHOSTPACKET
  -------         PROC          _CRC8
  X:003CH         SYMBOL        DataPtr
  X:003FH         SYMBOL        len
  C:4E72H         LINE#         269
  C:4E7FH         LINE#         270
  C:4E82H         LINE#         272
  C:4E8AH         LINE#         273
  C:4E9BH         LINE#         274
  C:4EA6H         LINE#         275
  C:4EADH         LINE#         276
  C:4EAFH         LINE#         277
  -------         ENDPROC       _CRC8
BL51 BANKED LINKER/LOCATER V6.22.4.0                                                  08/13/2025  15:14:32  PAGE 19


  -------         PROC          _RUNCRC8
  D:0007H         SYMBOL        b
  C:5108H         LINE#         314
  C:5108H         LINE#         315
  C:5111H         LINE#         316
  C:5112H         LINE#         317
  -------         ENDPROC       _RUNCRC8
  -------         PROC          _TRANSMIT_UART0
  X:007AH         SYMBOL        c
  C:4F7CH         LINE#         331
  C:4F80H         LINE#         334
  C:4F90H         LINE#         335
  C:4F95H         LINE#         336
  C:4F9CH         LINE#         337
  C:4F9EH         LINE#         338
  C:4F9EH         LINE#         341
  C:4FA1H         LINE#         342
  C:4FA3H         LINE#         343
  C:4FA5H         LINE#         344
  C:4FA5H         LINE#         345
  C:4FA9H         LINE#         346
  -------         ENDPROC       _TRANSMIT_UART0
  -------         PROC          _PUTCHAR
  X:0077H         SYMBOL        c
  -------         DO            
  X:0078H         SYMBOL        to
  -------         ENDDO         
  C:4EB0H         LINE#         360
  C:4EB4H         LINE#         361
  C:4EBAH         LINE#         363
  C:4ED9H         LINE#         364
  C:4EDCH         LINE#         365
  C:4EDEH         LINE#         366
  C:4EE5H         LINE#         367
  C:4EE9H         LINE#         368
  -------         ENDPROC       _PUTCHAR
  -------         PROC          EXT7_ISR
  C:5149H         LINE#         410
  C:5149H         LINE#         411
  C:514CH         LINE#         412
  -------         ENDPROC       EXT7_ISR
  -------         PROC          TIMER3_ISR
  -------         DO            
  D:0007H         SYMBOL        ShiftMask
  -------         ENDDO         
  C:0026H         LINE#         454
  C:0035H         LINE#         457
  C:0038H         LINE#         458
  C:003DH         LINE#         459
  C:003FH         LINE#         460
  C:0048H         LINE#         461
  C:004DH         LINE#         462
  C:0052H         LINE#         463
  C:0056H         LINE#         464
  C:0058H         LINE#         465
  C:005DH         LINE#         466
  C:0060H         LINE#         467
BL51 BANKED LINKER/LOCATER V6.22.4.0                                                  08/13/2025  15:14:32  PAGE 20


  -------         ENDPROC       TIMER3_ISR
  -------         PROC          _STRUP
  X:003DH         SYMBOL        s
  -------         DO            
  X:0040H         SYMBOL        i
  -------         ENDDO         
  C:4DD2H         LINE#         476
  C:4DDCH         LINE#         478
  C:4DE1H         LINE#         479
  C:4DFAH         LINE#         480
  C:4E14H         LINE#         481
  C:4E1FH         LINE#         482
  C:4E21H         LINE#         483
  -------         ENDPROC       _STRUP
  -------         PROC          _FLASH_WRITE
  X:003CH         SYMBOL        b
  X:003FH         SYMBOL        len
  -------         DO            
  X:0040H         SYMBOL        addr
  -------         ENDDO         
  C:4D7AH         LINE#         504
  C:4D87H         LINE#         505
  C:4D8CH         LINE#         507
  C:4D92H         LINE#         508
  C:4D94H         LINE#         509
  C:4D97H         LINE#         510
  C:4D97H         LINE#         512
  C:4D9FH         LINE#         513
  C:4DA8H         LINE#         514
  C:4DCFH         LINE#         515
  C:4DD1H         LINE#         516
  -------         ENDPROC       _FLASH_WRITE
  -------         PROC          _FLASH_READ
  X:003CH         SYMBOL        b
  X:003FH         SYMBOL        len
  -------         DO            
  X:0040H         SYMBOL        addr
  -------         ENDDO         
  C:4E22H         LINE#         534
  C:4E2FH         LINE#         535
  C:4E34H         LINE#         537
  C:4E3AH         LINE#         538
  C:4E3CH         LINE#         539
  C:4E3FH         LINE#         540
  C:4E3FH         LINE#         542
  C:4E48H         LINE#         543
  C:4E6FH         LINE#         544
  C:4E71H         LINE#         545
  -------         ENDPROC       _FLASH_READ
  -------         PROC          _FLASH_BYTEWRITE
  D:0006H         SYMBOL        addr
  D:0005H         SYMBOL        c
  B:0021H.0       SYMBOL        SFLE
  -------         DO            
  B:0021H.1       SYMBOL        EA_SAVE
  D:0012H         SYMBOL        pwrite
  -------         ENDDO         
BL51 BANKED LINKER/LOCATER V6.22.4.0                                                  08/13/2025  15:14:32  PAGE 21


  C:4F1EH         LINE#         563
  C:4F1EH         LINE#         564
  C:4F1EH         LINE#         565
  C:4F22H         LINE#         568
  C:4F24H         LINE#         570
  C:4F28H         LINE#         572
  C:4F2BH         LINE#         573
  C:4F2EH         LINE#         575
  C:4F31H         LINE#         576
  C:4F34H         LINE#         577
  C:4F34H         LINE#         579
  C:4F3CH         LINE#         581
  C:4F3FH         LINE#         582
  C:4F42H         LINE#         583
  C:4F42H         LINE#         585
  C:4F45H         LINE#         586
  C:4F48H         LINE#         588
  C:4F4CH         LINE#         589
  -------         ENDPROC       _FLASH_BYTEWRITE
  -------         PROC          _FLASH_BYTEREAD
  D:0006H         SYMBOL        addr
  B:0021H.0       SYMBOL        SFLE
  -------         DO            
  B:0021H.1       SYMBOL        EA_SAVE
  D:0012H         SYMBOL        pread
  D:0007H         SYMBOL        c
  -------         ENDDO         
  C:0076H         LINE#         601
  C:0076H         LINE#         602
  C:0076H         LINE#         603
  C:007AH         LINE#         607
  C:007CH         LINE#         609
  C:0080H         LINE#         611
  C:0083H         LINE#         612
  C:0086H         LINE#         613
  C:0086H         LINE#         615
  C:008FH         LINE#         617
  C:0092H         LINE#         618
  C:0095H         LINE#         619
  C:0095H         LINE#         621
  C:0099H         LINE#         623
  C:0099H         LINE#         624
  -------         ENDPROC       _FLASH_BYTEREAD
  -------         PROC          _FLASH_PAGEERASE
  D:0006H         SYMBOL        addr
  B:0021H.0       SYMBOL        SFLE
  -------         DO            
  B:0021H.1       SYMBOL        EA_SAVE
  D:0012H         SYMBOL        pwrite
  -------         ENDDO         
  C:4F4DH         LINE#         636
  C:4F4DH         LINE#         637
  C:4F4DH         LINE#         638
  C:4F51H         LINE#         641
  C:4F53H         LINE#         643
  C:4F57H         LINE#         645
  C:4F5AH         LINE#         646
BL51 BANKED LINKER/LOCATER V6.22.4.0                                                  08/13/2025  15:14:32  PAGE 22


  C:4F5DH         LINE#         648
  C:4F60H         LINE#         649
  C:4F63H         LINE#         650
  C:4F63H         LINE#         652
  C:4F6BH         LINE#         654
  C:4F6EH         LINE#         655
  C:4F71H         LINE#         656
  C:4F71H         LINE#         658
  C:4F74H         LINE#         659
  C:4F77H         LINE#         661
  C:4F7BH         LINE#         662
  -------         ENDPROC       _FLASH_PAGEERASE
  -------         PROC          _ABSDIFF
  D:0007H         SYMBOL        in
  D:0005H         SYMBOL        out
  C:500FH         LINE#         710
  C:500FH         LINE#         714
  C:5013H         LINE#         715
  C:5018H         LINE#         716
  C:501CH         LINE#         718
  C:5023H         LINE#         719
  C:5023H         LINE#         720
  C:5025H         LINE#         722
  -------         ENDPROC       _ABSDIFF
  -------         PROC          INITEQUE
  C:5051H         LINE#         847
  C:5051H         LINE#         848
  C:5060H         LINE#         849
  C:5065H         LINE#         850
  -------         ENDPROC       INITEQUE
  -------         PROC          L?0159
  -------         ENDPROC       L?0159
  -------         PROC          _WRITEERRORQUE
  D:0007H         SYMBOL        Source
  D:0005H         SYMBOL        Error
  C:4ADDH         LINE#         863
  C:4ADDH         LINE#         866
  C:4AFDH         LINE#         869
  C:4B06H         LINE#         870
  C:4B08H         LINE#         871
  C:4B19H         LINE#         872
  C:4B2DH         LINE#         873
  C:4B2DH         LINE#         874
  C:4B40H         LINE#         875
  C:4B55H         LINE#         876
  -------         ENDPROC       _WRITEERRORQUE
  -------         PROC          ERRDUMP
  -------         DO            
  X:0040H         SYMBOL        a
  -------         ENDDO         
  C:4590H         LINE#         888
  C:4590H         LINE#         891
  C:459AH         LINE#         892
  C:45A8H         LINE#         893
  C:45ADH         LINE#         894
  C:45B3H         LINE#         895
  C:45B7H         LINE#         897
BL51 BANKED LINKER/LOCATER V6.22.4.0                                                  08/13/2025  15:14:32  PAGE 23


  C:45CAH         LINE#         898
  C:45D1H         LINE#         899
  C:461EH         LINE#         900
  C:4620H         LINE#         901
  C:4646H         LINE#         902
  C:4646H         LINE#         903
  C:4649H         LINE#         904
  C:464CH         LINE#         905
  C:4652H         LINE#         906
  C:4652H         LINE#         907
  -------         ENDPROC       ERRDUMP
  -------         PROC          ERRTABLE
  -------         DO            
  X:0040H         SYMBOL        i
  X:0041H         SYMBOL        a
  -------         ENDDO         
  C:4400H         LINE#         920
  C:4400H         LINE#         923
  C:4405H         LINE#         924
  C:440BH         LINE#         925
  C:440FH         LINE#         926
  C:4425H         LINE#         927
  C:442EH         LINE#         928
  C:445CH         LINE#         929
  C:4461H         LINE#         930
  C:4464H         LINE#         931
  C:4466H         LINE#         932
  C:446BH         LINE#         933
  C:4481H         LINE#         934
  C:448AH         LINE#         935
  C:44B8H         LINE#         936
  C:44BDH         LINE#         937
  C:44C0H         LINE#         938
  C:44C2H         LINE#         939
  C:44C8H         LINE#         940
  -------         ENDPROC       ERRTABLE
  -------         PROC          _ERRLOOKUP
  X:0041H         SYMBOL        src
  X:0042H         SYMBOL        err
  C:4653H         LINE#         953
  C:465AH         LINE#         955
  C:465FH         LINE#         956
  C:468BH         LINE#         957
  C:468DH         LINE#         958
  C:46A8H         LINE#         959
  C:46A8H         LINE#         960
  C:46B1H         LINE#         962
  C:46BAH         LINE#         963
  C:46E5H         LINE#         964
  C:46E7H         LINE#         965
  C:4702H         LINE#         966
  C:4702H         LINE#         967
  -------         ENDPROC       _ERRLOOKUP
  -------         PROC          _GETCOMMAND
  D:0007H         SYMBOL        c
  -------         DO            
  X:0015H         SYMBOL        i
BL51 BANKED LINKER/LOCATER V6.22.4.0                                                  08/13/2025  15:14:32  PAGE 24


  -------         ENDDO         
  C:3EA2H         LINE#         1015
  C:3EA2H         LINE#         1020
  C:3EB6H         LINE#         1022
  C:3EC4H         LINE#         1023
  C:3ED9H         LINE#         1024
  C:3ED9H         LINE#         1027
  C:3EF0H         LINE#         1028
  C:3EF4H         LINE#         1029
  C:3F01H         LINE#         1030
  C:3F04H         LINE#         1033
  C:3F0CH         LINE#         1034
  C:3F14H         LINE#         1035
  C:3F28H         LINE#         1036
  C:3F35H         LINE#         1037
  C:3F44H         LINE#         1038
  C:3F72H         LINE#         1039
  C:3F7BH         LINE#         1040
  C:3F84H         LINE#         1041
  C:3F84H         LINE#         1042
  C:3F89H         LINE#         1043
  C:3F89H         LINE#         1044
  C:3F89H         LINE#         1045
  C:3F99H         LINE#         1049
  C:3FA0H         LINE#         1050
  C:3FA3H         LINE#         1052
  C:3FA9H         LINE#         1053
  -------         ENDPROC       _GETCOMMAND
  -------         PROC          _CHECKCOMMAND
  X:003DH         SYMBOL        ib
  X:0040H         SYMBOL        mnu
  -------         DO            
  X:0043H         SYMBOL        i
  -------         ENDDO         
  C:4B56H         LINE#         1057
  C:4B60H         LINE#         1060
  C:4B66H         LINE#         1061
  C:4B87H         LINE#         1062
  C:4BBBH         LINE#         1063
  C:4BBBH         LINE#         1064
  C:4BBBH         LINE#         1065
  C:4BC6H         LINE#         1066
  C:4BC8H         LINE#         1067
  C:4BCFH         LINE#         1068
  -------         ENDPROC       _CHECKCOMMAND
  -------         PROC          _PARSECOMMAND
  D:0001H         SYMBOL        ib
  -------         DO            
  D:0006H         SYMBOL        i
  -------         ENDDO         
  C:4CBEH         LINE#         1096
  C:4CBEH         LINE#         1099
  C:4CC3H         LINE#         1100
  C:4CD3H         LINE#         1102
  C:4CF6H         LINE#         1103
  C:4D0EH         LINE#         1104
  C:4D13H         LINE#         1105
BL51 BANKED LINKER/LOCATER V6.22.4.0                                                  08/13/2025  15:14:32  PAGE 25


  C:4D15H         LINE#         1106
  C:4D1AH         LINE#         1107
  C:4D1AH         LINE#         1111
  C:4D1DH         LINE#         1112
  C:4D1DH         LINE#         1113
  C:4D1DH         LINE#         1114
  -------         ENDPROC       _PARSECOMMAND
  -------         PROC          _MENUTASK
  D:0007H         SYMBOL        task
  -------         DO            
  X:003DH         SYMBOL        i
  X:003FH         SYMBOL        a
  -------         ENDDO         
  C:2BE3H         LINE#         1121
  C:2BE3H         LINE#         1132
  C:2C2CH         LINE#         1133
  C:2C2CH         LINE#         1134
  C:2C32H         LINE#         1135
  C:2C38H         LINE#         1136
  C:2C3CH         LINE#         1137
  C:2C68H         LINE#         1138
  C:2C80H         LINE#         1139
  C:2CDBH         LINE#         1140
  C:2CDEH         LINE#         1141
  C:2CDEH         LINE#         1142
  C:2CE9H         LINE#         1143
  C:2CECH         LINE#         1147
  C:2CECH         LINE#         1148
  C:2CF2H         LINE#         1149
  C:2CF6H         LINE#         1150
  C:2D18H         LINE#         1151
  C:2D3AH         LINE#         1152
  C:2D5CH         LINE#         1153
  C:2D7EH         LINE#         1154
  C:2D81H         LINE#         1155
  C:2DA3H         LINE#         1156
  C:2DC5H         LINE#         1157
  C:2DE7H         LINE#         1158
  C:2E09H         LINE#         1159
  C:2E1FH         LINE#         1160
  C:2E2FH         LINE#         1161
  C:2E2FH         LINE#         1162
  C:2E35H         LINE#         1163
  C:2E37H         LINE#         1164
  C:2E37H         LINE#         1165
  C:2E3DH         LINE#         1166
  C:2E3FH         LINE#         1167
  C:2E3FH         LINE#         1168
  C:2E48H         LINE#         1169
  C:2E48H         LINE#         1170
  C:2E48H         LINE#         1171
  C:2E4EH         LINE#         1172
  C:2E4FH         LINE#         1175
  C:2E4FH         LINE#         1176
  C:2E52H         LINE#         1177
  C:2E52H         LINE#         1180
  C:2E52H         LINE#         1181
BL51 BANKED LINKER/LOCATER V6.22.4.0                                                  08/13/2025  15:14:32  PAGE 26


  C:2E55H         LINE#         1182
  C:2E55H         LINE#         1185
  C:2E55H         LINE#         1188
  C:2E55H         LINE#         1191
  C:2E55H         LINE#         1192
  C:2E64H         LINE#         1193
  C:2E6AH         LINE#         1194
  C:2E6DH         LINE#         1197
  C:2E6DH         LINE#         1198
  C:2E6FH         LINE#         1199
  C:2E8EH         LINE#         1200
  C:2E91H         LINE#         1202
  C:2E91H         LINE#         1203
  C:2E93H         LINE#         1204
  C:2EB2H         LINE#         1205
  C:2EB5H         LINE#         1208
  C:2EB5H         LINE#         1209
  C:2EC4H         LINE#         1210
  C:2EC7H         LINE#         1213
  C:2EC7H         LINE#         1214
  C:2EE9H         LINE#         1215
  C:2EF5H         LINE#         1216
  C:2EF8H         LINE#         1219
  C:2EF8H         LINE#         1223
  C:2F0EH         LINE#         1224
  C:2F11H         LINE#         1225
  C:2F11H         LINE#         1228
  C:2F11H         LINE#         1229
  C:2F17H         LINE#         1230
  C:2F1AH         LINE#         1232
  C:2F1AH         LINE#         1237
  C:2F1AH         LINE#         1238
  C:2F20H         LINE#         1239
  C:2F23H         LINE#         1241
  C:2F23H         LINE#         1242
  C:2F29H         LINE#         1243
  C:2F2CH         LINE#         1246
  C:2F2CH         LINE#         1247
  C:2F4EH         LINE#         1248
  C:2F76H         LINE#         1249
  C:2F78H         LINE#         1252
  C:2F78H         LINE#         1253
  C:2F9AH         LINE#         1254
  C:2FC2H         LINE#         1255
  C:2FC4H         LINE#         1258
  C:2FC4H         LINE#         1262
  C:2FCAH         LINE#         1264
  C:2FCAH         LINE#         1267
  C:2FCDH         LINE#         1272
  C:2FCDH         LINE#         1274
  C:2FCDH         LINE#         1275
  -------         ENDPROC       _MENUTASK
  -------         PROC          _SETRSTATUS
  D:0007H         SYMBOL        type
  D:0005H         SYMBOL        error
  C:5132H         LINE#         1288
  C:5132H         LINE#         1289
BL51 BANKED LINKER/LOCATER V6.22.4.0                                                  08/13/2025  15:14:32  PAGE 27


  C:513AH         LINE#         1290
  -------         ENDPROC       _SETRSTATUS
  -------         ENDMOD        8051LIB

  -------         MODULE        8051LIB_I
  C:4D1EH         SEGMENT       INT4_CODE_SEG
  B:0080H.7       PUBLIC        DE485
  B:0080H.6       PUBLIC        RE485
  B:00C0H.2       SYMBOL        AA
  B:00D0H.6       SYMBOL        AC
  D:00E0H         SYMBOL        ACC
  B:00E8H.4       SYMBOL        AD0BUSY
  B:00E8H.7       SYMBOL        AD0EN
  B:00E8H.5       SYMBOL        AD0INT
  B:00E8H.0       SYMBOL        AD0LJST
  B:00E8H.2       SYMBOL        AD0STM0
  B:00E8H.3       SYMBOL        AD0STM1
  B:00E8H.6       SYMBOL        AD0TM
  B:00E8H.1       SYMBOL        AD0WINT
  D:00BCH         SYMBOL        ADC0CF
  D:00E8H         SYMBOL        ADC0CN
  D:00C5H         SYMBOL        ADC0GTH
  D:00C4H         SYMBOL        ADC0GTL
  D:00BFH         SYMBOL        ADC0H
  D:00BEH         SYMBOL        ADC0L
  D:00C7H         SYMBOL        ADC0LTH
  D:00C6H         SYMBOL        ADC0LTL
  D:009CH         SYMBOL        ADC1
  D:00ABH         SYMBOL        ADC1CF
  D:00AAH         SYMBOL        ADC1CN
  D:00BAH         SYMBOL        AMX0CF
  D:00BBH         SYMBOL        AMX0SL
  D:00ACH         SYMBOL        AMX1SL
  D:00F0H         SYMBOL        B
  B:00D8H.0       SYMBOL        CCF0
  B:00D8H.1       SYMBOL        CCF1
  B:00D8H.2       SYMBOL        CCF2
  B:00D8H.3       SYMBOL        CCF3
  B:00D8H.4       SYMBOL        CCF4
  B:00D8H.7       SYMBOL        CF
  D:008EH         SYMBOL        CKCON
  C:4D1EH         SYMBOL        COM_ISR
  C:4D43H         SYMBOL        COM_ISR25
  C:4D6BH         SYMBOL        COM_ISR28
  C:4D71H         SYMBOL        COM_ISR30
  C:4D61H         SYMBOL        COM_ISRSLOW1
  C:4D66H         SYMBOL        COM_ISRSLOW2
  B:00C8H.0       SYMBOL        CPRL2
  D:009EH         SYMBOL        CPT0CN
  D:009FH         SYMBOL        CPT1CN
  B:00D8H.6       SYMBOL        CR
  B:00C8H.1       SYMBOL        CT2
  B:00D0H.7       SYMBOL        CY
  D:00D4H         SYMBOL        DAC0CN
  D:00D3H         SYMBOL        DAC0H
  D:00D2H         SYMBOL        DAC0L
  D:00D7H         SYMBOL        DAC1CN
BL51 BANKED LINKER/LOCATER V6.22.4.0                                                  08/13/2025  15:14:32  PAGE 28


  D:00D6H         SYMBOL        DAC1H
  D:00D5H         SYMBOL        DAC1L
  D:0083H         SYMBOL        DPH
  D:0082H         SYMBOL        DPL
  B:00A8H.7       SYMBOL        EA
  D:00E6H         SYMBOL        EIE1
  D:00E7H         SYMBOL        EIE2
  D:00F6H         SYMBOL        EIP1
  D:00F7H         SYMBOL        EIP2
  D:00A3H         SYMBOL        EMI0CF
  D:00AFH         SYMBOL        EMI0CN
  D:00A1H         SYMBOL        EMI0TC
  B:00C0H.6       SYMBOL        ENSMB
  B:00A8H.4       SYMBOL        ES
  B:00A8H.1       SYMBOL        ET0
  B:00A8H.3       SYMBOL        ET1
  B:00A8H.5       SYMBOL        ET2
  B:00A8H.0       SYMBOL        EX0
  B:00A8H.2       SYMBOL        EX1
  B:00C8H.3       SYMBOL        EXEN2
  B:00C8H.6       SYMBOL        EXF2
  B:00D0H.5       SYMBOL        F0
  B:00D0H.1       SYMBOL        F1
  D:00B7H         SYMBOL        FLACL
  D:00B6H         SYMBOL        FLSCL
  D:00A8H         SYMBOL        IE
  B:0088H.1       SYMBOL        IE0
  B:0088H.3       SYMBOL        IE1
  D:00B8H         SYMBOL        IP
  B:0088H.0       SYMBOL        IT0
  B:0088H.2       SYMBOL        IT1
  B:00F8H.5       SYMBOL        MODF
  B:00F8H.1       SYMBOL        MSTEN
  D:00B2H         SYMBOL        OSCICN
  D:00B1H         SYMBOL        OSCXCN
  B:00D0H.2       SYMBOL        OV
  B:00D0H.0       SYMBOL        P
  D:0080H         SYMBOL        P0
  D:00A4H         SYMBOL        P0MDOUT
  D:0090H         SYMBOL        P1
  D:00BDH         SYMBOL        P1MDIN
  D:00A5H         SYMBOL        P1MDOUT
  D:00A0H         SYMBOL        P2
  D:00A6H         SYMBOL        P2MDOUT
  D:00B0H         SYMBOL        P3
  D:00ADH         SYMBOL        P3IF
  D:00A7H         SYMBOL        P3MDOUT
  D:0084H         SYMBOL        P4
  D:0085H         SYMBOL        P5
  D:0086H         SYMBOL        P6
  D:0096H         SYMBOL        P7
  D:00B5H         SYMBOL        P74OUT
  D:00D8H         SYMBOL        PCA0CN
  D:00FAH         SYMBOL        PCA0CPH0
  D:00FBH         SYMBOL        PCA0CPH1
  D:00FCH         SYMBOL        PCA0CPH2
  D:00FDH         SYMBOL        PCA0CPH3
BL51 BANKED LINKER/LOCATER V6.22.4.0                                                  08/13/2025  15:14:32  PAGE 29


  D:00FEH         SYMBOL        PCA0CPH4
  D:00EAH         SYMBOL        PCA0CPL0
  D:00EBH         SYMBOL        PCA0CPL1
  D:00ECH         SYMBOL        PCA0CPL2
  D:00EDH         SYMBOL        PCA0CPL3
  D:00EEH         SYMBOL        PCA0CPL4
  D:00DAH         SYMBOL        PCA0CPM0
  D:00DBH         SYMBOL        PCA0CPM1
  D:00DCH         SYMBOL        PCA0CPM2
  D:00DDH         SYMBOL        PCA0CPM3
  D:00DEH         SYMBOL        PCA0CPM4
  D:00F9H         SYMBOL        PCA0H
  D:00E9H         SYMBOL        PCA0L
  D:00D9H         SYMBOL        PCA0MD
  D:0087H         SYMBOL        PCON
  B:00B8H.4       SYMBOL        PS
  D:008FH         SYMBOL        PSCTL
  D:00D0H         SYMBOL        PSW
  B:00B8H.1       SYMBOL        PT0
  B:00B8H.3       SYMBOL        PT1
  B:00B8H.5       SYMBOL        PT2
  B:00B8H.0       SYMBOL        PX0
  B:00B8H.2       SYMBOL        PX1
  B:0098H.2       SYMBOL        RB8
  D:00CBH         SYMBOL        RCAP2H
  D:00CAH         SYMBOL        RCAP2L
  D:00E5H         SYMBOL        RCAP4H
  D:00E4H         SYMBOL        RCAP4L
  B:00C8H.5       SYMBOL        RCLK
  D:00D1H         SYMBOL        REF0CN
  B:0098H.4       SYMBOL        REN
  B:00E0H.4       SYMBOL        REN1
  B:0098H.0       SYMBOL        RI
  B:00E0H.0       SYMBOL        RI1
  B:00D0H.3       SYMBOL        RS0
  B:00D0H.4       SYMBOL        RS1
  D:00EFH         SYMBOL        RSTSRC
  B:00F8H.4       SYMBOL        RXOVRN
  D:00A9H         SYMBOL        SADDR0
  D:00F3H         SYMBOL        SADDR1
  D:00B9H         SYMBOL        SADEN0
  D:00AEH         SYMBOL        SADEN1
  D:0099H         SYMBOL        SBUF0
  D:00F2H         SYMBOL        SBUF1
  D:0098H         SYMBOL        SCON0
  D:00F1H         SYMBOL        SCON1
  B:00C0H.3       SYMBOL        SI
  B:00F8H.2       SYMBOL        SLVSEL
  B:0098H.7       SYMBOL        SM0
  B:0098H.6       SYMBOL        SM1
  B:0098H.5       SYMBOL        SM2
  D:00C3H         SYMBOL        SMB0ADR
  D:00C0H         SYMBOL        SMB0CN
  D:00CFH         SYMBOL        SMB0CR
  D:00C2H         SYMBOL        SMB0DAT
  D:00C1H         SYMBOL        SMB0STA
  B:00C0H.1       SYMBOL        SMBFTE
BL51 BANKED LINKER/LOCATER V6.22.4.0                                                  08/13/2025  15:14:32  PAGE 30


  B:00C0H.0       SYMBOL        SMBTOE
  D:0081H         SYMBOL        SP
  D:009AH         SYMBOL        SPI0CFG
  D:009DH         SYMBOL        SPI0CKR
  D:00F8H         SYMBOL        SPI0CN
  D:009BH         SYMBOL        SPI0DAT
  B:00F8H.0       SYMBOL        SPIEN
  B:00F8H.7       SYMBOL        SPIF
  B:00C0H.5       SYMBOL        STA
  B:00C0H.4       SYMBOL        STO
  D:00C8H         SYMBOL        T2CON
  D:00C9H         SYMBOL        T4CON
  B:0098H.3       SYMBOL        TB8
  B:00C8H.4       SYMBOL        TCLK
  D:0088H         SYMBOL        TCON
  B:0088H.5       SYMBOL        TF0
  B:0088H.7       SYMBOL        TF1
  B:00C8H.7       SYMBOL        TF2
  D:008CH         SYMBOL        TH0
  D:008DH         SYMBOL        TH1
  D:00CDH         SYMBOL        TH2
  D:00F5H         SYMBOL        TH4
  B:0098H.1       SYMBOL        TI
  B:00E0H.1       SYMBOL        TI1
  D:008AH         SYMBOL        TL0
  D:008BH         SYMBOL        TL1
  D:00CCH         SYMBOL        TL2
  D:00F4H         SYMBOL        TL4
  D:0089H         SYMBOL        TMOD
  D:0091H         SYMBOL        TMR3CN
  D:0095H         SYMBOL        TMR3H
  D:0094H         SYMBOL        TMR3L
  D:0093H         SYMBOL        TMR3RLH
  D:0092H         SYMBOL        TMR3RLL
  B:0088H.4       SYMBOL        TR0
  B:0088H.6       SYMBOL        TR1
  B:00C8H.2       SYMBOL        TR2
  B:00F8H.3       SYMBOL        TXBSY
  B:00F8H.6       SYMBOL        WCOL
  D:00FFH         SYMBOL        WDTCN
  D:00E1H         SYMBOL        XBR0
  D:00E2H         SYMBOL        XBR1
  D:00E3H         SYMBOL        XBR2
  C:0023H         LINE#         58
  C:4D1EH         LINE#         72
  C:4D20H         LINE#         73
  C:4D22H         LINE#         74
  C:4D25H         LINE#         75
  C:4D27H         LINE#         76
  C:4D29H         LINE#         78
  C:4D2CH         LINE#         79
  C:4D2EH         LINE#         82
  C:4D31H         LINE#         83
  C:4D34H         LINE#         84
  C:4D36H         LINE#         85
  C:4D38H         LINE#         86
  C:4D39H         LINE#         89
BL51 BANKED LINKER/LOCATER V6.22.4.0                                                  08/13/2025  15:14:32  PAGE 31


  C:4D3BH         LINE#         90
  C:4D3EH         LINE#         91
  C:4D40H         LINE#         92
  C:4D43H         LINE#         96
  C:4D46H         LINE#         97
  C:4D48H         LINE#         98
  C:4D4AH         LINE#         99
  C:4D4CH         LINE#         100
  C:4D4EH         LINE#         101
  C:4D50H         LINE#         102
  C:4D52H         LINE#         103
  C:4D55H         LINE#         104
  C:4D58H         LINE#         105
  C:4D5AH         LINE#         106
  C:4D5BH         LINE#         107
  C:4D5DH         LINE#         108
  C:4D5FH         LINE#         111
  C:4D61H         LINE#         113
  C:4D62H         LINE#         114
  C:4D64H         LINE#         115
  C:4D66H         LINE#         117
  C:4D67H         LINE#         118
  C:4D69H         LINE#         120
  C:4D6BH         LINE#         123
  C:4D6DH         LINE#         124
  C:4D6FH         LINE#         125
  C:4D71H         LINE#         128
  C:4D73H         LINE#         129
  C:4D75H         LINE#         130
  C:4D77H         LINE#         131
  C:4D79H         LINE#         132
  -------         ENDMOD        8051LIB_I

  -------         MODULE        ERROR
  C:0000H         SYMBOL        _ICE_DUMMY_
  C:227AH         PUBLIC        ec
  C:21FEH         PUBLIC        sc
  -------         ENDMOD        ERROR

  -------         MODULE        LONGMULT
  C:4A53H         SEGMENT       LONGMULT_CODE_SEG
  C:4A53H         PUBLIC        MUL32BIT
  D:00E0H         SYMBOL        ACC
  D:00F0H         SYMBOL        B
  C:4A8EH         SYMBOL        BYTEMUL
  C:4A62H         SYMBOL        CLRNEXT
  C:4AC0H         SYMBOL        ENDPROPCARRY
  C:4AA4H         SYMBOL        LOOP
  C:4AB3H         SYMBOL        PROPCARRY
  D:00D0H         SYMBOL        PSW
  C:4AB9H         SYMBOL        SKIP
  C:4A53H         LINE#         32
  C:4A55H         LINE#         33
  C:4A57H         LINE#         34
  C:4A59H         LINE#         35
  C:4A5BH         LINE#         36
  C:4A5DH         LINE#         39
BL51 BANKED LINKER/LOCATER V6.22.4.0                                                  08/13/2025  15:14:32  PAGE 32


  C:4A5EH         LINE#         40
  C:4A60H         LINE#         41
  C:4A62H         LINE#         43
  C:4A63H         LINE#         44
  C:4A64H         LINE#         45
  C:4A66H         LINE#         48
  C:4A69H         LINE#         49
  C:4A6BH         LINE#         50
  C:4A6EH         LINE#         51
  C:4A71H         LINE#         52
  C:4A72H         LINE#         53
  C:4A75H         LINE#         54
  C:4A78H         LINE#         55
  C:4A79H         LINE#         56
  C:4A7CH         LINE#         57
  C:4A7FH         LINE#         58
  C:4A80H         LINE#         59
  C:4A83H         LINE#         62
  C:4A85H         LINE#         63
  C:4A87H         LINE#         64
  C:4A89H         LINE#         65
  C:4A8BH         LINE#         66
  C:4A8DH         LINE#         67
  C:4A8EH         LINE#         76
  C:4A90H         LINE#         77
  C:4A92H         LINE#         78
  C:4A94H         LINE#         79
  C:4A96H         LINE#         80
  C:4A98H         LINE#         81
  C:4A9AH         LINE#         82
  C:4A9CH         LINE#         83
  C:4A9EH         LINE#         85
  C:4AA0H         LINE#         86
  C:4AA2H         LINE#         87
  C:4AA4H         LINE#         90
  C:4AA6H         LINE#         91
  C:4AA7H         LINE#         92
  C:4AA8H         LINE#         93
  C:4AA9H         LINE#         94
  C:4AAAH         LINE#         95
  C:4AABH         LINE#         96
  C:4AADH         LINE#         97
  C:4AAEH         LINE#         98
  C:4AAFH         LINE#         99
  C:4AB1H         LINE#         100
  C:4AB3H         LINE#         103
  C:4AB4H         LINE#         104
  C:4AB7H         LINE#         105
  C:4AB9H         LINE#         107
  C:4ABAH         LINE#         108
  C:4ABBH         LINE#         109
  C:4ABCH         LINE#         110
  C:4ABEH         LINE#         111
  C:4AC0H         LINE#         113
  C:4AC2H         LINE#         115
  C:4AC3H         LINE#         116
  C:4AC5H         LINE#         120
BL51 BANKED LINKER/LOCATER V6.22.4.0                                                  08/13/2025  15:14:32  PAGE 33


  C:4AC7H         LINE#         121
  C:4AC9H         LINE#         122
  C:4ACBH         LINE#         123
  C:4ACDH         LINE#         124
  C:4ACFH         LINE#         125
  C:4AD1H         LINE#         126
  C:4AD3H         LINE#         127
  C:4AD5H         LINE#         128
  -------         ENDMOD        LONGMULT

  -------         MODULE        TP1200
  C:0000H         SYMBOL        _ICE_DUMMY_
  X:0300H         PUBLIC        ADC_gain_T
  D:0080H         PUBLIC        P0
  B:0090H.2       PUBLIC        CS_EE
  D:0090H         PUBLIC        P1
  D:00A0H         PUBLIC        P2
  C:4C56H         PUBLIC        _Read_EEPROM_Bytes
  C:3D82H         PUBLIC        Load_Lin_Data_T
  C:4BD0H         PUBLIC        Load_Pressure_LUT
  B:0090H.0       PUBLIC        CS_PR
  C:5113H         PUBLIC        _USDelay
  C:3C16H         PUBLIC        _Get_Raw_Sensor_Readings
  C:2375H         PUBLIC        crc_table
  X:0304H         PUBLIC        LUT_P
  C:44C9H         PUBLIC        ReadEEProm
  C:0CECH         PUBLIC        _Calculate_Compensated_Pressure
  C:5066H         PUBLIC        Load_LUT_P_ADC
  C:47C2H         PUBLIC        _Calculate_CRC32
  X:0DCCH         PUBLIC        ADC_gpocon
  C:49B7H         PUBLIC        Load_LUT_T_ADC
  X:0DCDH         PUBLIC        g_raw_temp_adc
  C:470BH         PUBLIC        Load_Product_Info
  B:0080H.3       PUBLIC        MISO
  X:0DD1H         PUBLIC        g_ProductInfo
  C:3A8FH         PUBLIC        Initialize_ADC
  C:3FAAH         PUBLIC        _Apply_System_Calibration
  X:0DD9H         PUBLIC        LUT_P_ADC
  X:0E51H         PUBLIC        ADC_mode
  X:0E53H         PUBLIC        ADC_config_P
  X:0E55H         PUBLIC        LUT_T_ADC
  X:0EB1H         PUBLIC        Min_P
  X:0EB3H         PUBLIC        Lin_data_T
  X:0F13H         PUBLIC        Max_P
  X:0F15H         PUBLIC        ADC_config_T
  C:38D0H         PUBLIC        Display_MEMSCAP_EEPROM_Info
  X:0F17H         PUBLIC        ADC_offset_P
  C:331CH         PUBLIC        Load_ADC_Config
  C:3668H         PUBLIC        _Calculate_Compensated_Temperature
  X:0F1BH         PUBLIC        ADC_offset_T
  C:4FAAH         PUBLIC        _CompPressureUnAdjusted
  C:486FH         PUBLIC        _Read_EEPROM_Floats
  C:50C6H         PUBLIC        Initialize_Sensor
  X:0F1FH         PUBLIC        ADC_gain_P
  -------         PROC          INITIALIZE_SENSOR
  C:50C6H         LINE#         112
  C:50C6H         LINE#         113
BL51 BANKED LINKER/LOCATER V6.22.4.0                                                  08/13/2025  15:14:32  PAGE 34


  C:50C6H         LINE#         115
  C:50C9H         LINE#         116
  C:50CCH         LINE#         117
  C:50CFH         LINE#         118
  C:50D2H         LINE#         119
  C:50D5H         LINE#         120
  -------         ENDPROC       INITIALIZE_SENSOR
  -------         PROC          _APPLY_SYSTEM_CALIBRATION
  X:003CH         SYMBOL        compensated_press
  X:0040H         SYMBOL        offset
  X:0042H         SYMBOL        span
  -------         DO            
  X:0044H         SYMBOL        final_pressure
  X:0048H         SYMBOL        pressure_range
  -------         ENDDO         
  C:3FAAH         LINE#         135
  C:3FAFH         LINE#         136
  C:3FAFH         LINE#         137
  C:3FB8H         LINE#         138
  C:3FC1H         LINE#         140
  C:3FD3H         LINE#         141
  C:3FF0H         LINE#         146
  C:402CH         LINE#         151
  C:409DH         LINE#         153
  C:40AAH         LINE#         154
  -------         ENDPROC       _APPLY_SYSTEM_CALIBRATION
  -------         PROC          _CALCULATE_COMPENSATED_TEMPERATURE
  X:003CH         SYMBOL        raw_temp_adc
  -------         DO            
  X:0040H         SYMBOL        i
  X:0042H         SYMBOL        y1
  X:0046H         SYMBOL        y2
  X:004AH         SYMBOL        x1
  X:004EH         SYMBOL        x2
  -------         ENDDO         
  C:3668H         LINE#         166
  C:366DH         LINE#         167
  C:366DH         LINE#         173
  C:3673H         LINE#         174
  C:3673H         LINE#         175
  C:3711H         LINE#         176
  C:3711H         LINE#         177
  C:373CH         LINE#         178
  C:3756H         LINE#         179
  C:3781H         LINE#         180
[...]
  C:331CH         LINE#         309
  C:331CH         LINE#         310
  C:331CH         LINE#         314
  C:331EH         LINE#         315
  C:3323H         LINE#         316
  C:3328H         LINE#         317
  C:332DH         LINE#         318
BL51 BANKED LINKER/LOCATER V6.22.4.0                                                  08/13/2025  15:14:32  PAGE 37


  C:3334H         LINE#         319
  C:3337H         LINE#         320
  C:3347H         LINE#         321
  C:334DH         LINE#         322
  C:334FH         LINE#         325
  C:3363H         LINE#         327
  C:3365H         LINE#         328
  C:336AH         LINE#         329
  C:336FH         LINE#         330
  C:3374H         LINE#         331
  C:337BH         LINE#         332
  C:337EH         LINE#         333
  C:338EH         LINE#         334
  C:3394H         LINE#         335
  C:3396H         LINE#         338
  C:33ABH         LINE#         339
  C:3427H         LINE#         342
  C:343CH         LINE#         343
  C:34B8H         LINE#         345
  C:34BAH         LINE#         346
  C:34BFH         LINE#         347
  C:34C4H         LINE#         348
  C:34C9H         LINE#         349
  C:34D0H         LINE#         350
  C:34D3H         LINE#         351
  C:34E3H         LINE#         352
  C:34E9H         LINE#         353
  C:34EBH         LINE#         356
  C:3500H         LINE#         357
  C:357CH         LINE#         360
  C:3591H         LINE#         361
  C:360DH         LINE#         363
  C:360FH         LINE#         364
  C:3614H         LINE#         365
  C:3619H         LINE#         366
  C:361EH         LINE#         367
  C:3628H         LINE#         368
  C:3638H         LINE#         369
  C:363AH         LINE#         371
  C:363CH         LINE#         372
  C:3641H         LINE#         373
  C:3646H         LINE#         374
  C:364BH         LINE#         375
  C:3655H         LINE#         376
  C:3665H         LINE#         377
  C:3667H         LINE#         378
  -------         ENDPROC       LOAD_ADC_CONFIG
  -------         PROC          LOAD_LIN_DATA_T
  -------         DO            
  X:003CH         SYMBOL        i
  X:003EH         SYMBOL        temp_converter
  X:0042H         SYMBOL        temp_block_address
  X:0044H         SYMBOL        adc_block_address
  -------         ENDDO         
  C:3D82H         LINE#         385
  C:3D82H         LINE#         386
  C:3D82H         LINE#         389
BL51 BANKED LINKER/LOCATER V6.22.4.0                                                  08/13/2025  15:14:32  PAGE 38


  C:3D8BH         LINE#         391
  C:3D95H         LINE#         394
  C:3D97H         LINE#         395
  C:3D9CH         LINE#         396
  C:3DA3H         LINE#         397
  C:3DABH         LINE#         398
  C:3DB1H         LINE#         399
  C:3DB1H         LINE#         401
  C:3DB8H         LINE#         402
  C:3DBFH         LINE#         403
  C:3DC6H         LINE#         404
  C:3DCDH         LINE#         406
  C:3E03H         LINE#         407
  C:3E19H         LINE#         408
  C:3E1BH         LINE#         411
  C:3E1DH         LINE#         412
  C:3E22H         LINE#         413
  C:3E29H         LINE#         414
  C:3E31H         LINE#         415
  C:3E37H         LINE#         416
  C:3E37H         LINE#         418
  C:3E3EH         LINE#         419
  C:3E45H         LINE#         420
  C:3E4CH         LINE#         421
  C:3E53H         LINE#         423
  C:3E89H         LINE#         424
  C:3E9FH         LINE#         425
  C:3EA1H         LINE#         426
  -------         ENDPROC       LOAD_LIN_DATA_T
  -------         PROC          LOAD_LUT_T_ADC
  -------         DO            
  X:003CH         SYMBOL        i
  X:003EH         SYMBOL        eeprom_read_addr
  X:0040H         SYMBOL        temp_converter
  -------         DO            
  X:0044H         SYMBOL        full_table_index
  -------         ENDDO         
  -------         ENDDO         
  C:49B7H         LINE#         433
  C:49B7H         LINE#         434
  C:49B7H         LINE#         439
  C:49CFH         LINE#         440
  C:49CFH         LINE#         442
  C:49E0H         LINE#         445
  C:49F6H         LINE#         448
  C:4A0CH         LINE#         451
  C:4A44H         LINE#         452
  C:4A52H         LINE#         453
  -------         ENDPROC       LOAD_LUT_T_ADC
  -------         PROC          LOAD_LUT_P_ADC
  C:5066H         LINE#         460
  C:5066H         LINE#         461
  C:5066H         LINE#         463
  -------         ENDPROC       LOAD_LUT_P_ADC
  -------         PROC          LOAD_PRESSURE_LUT
  -------         DO            
  X:003CH         SYMBOL        i
BL51 BANKED LINKER/LOCATER V6.22.4.0                                                  08/13/2025  15:14:32  PAGE 39


  X:003EH         SYMBOL        eeprom_row_addr
  X:0040H         SYMBOL        xdata_row_ptr
  -------         DO            
  X:0043H         SYMBOL        full_table_row_index
  -------         ENDDO         
  -------         ENDDO         
  C:4BD0H         LINE#         471
  C:4BD0H         LINE#         472
  C:4BD0H         LINE#         477
  C:4BD6H         LINE#         478
  C:4BD6H         LINE#         480
  C:4BEDH         LINE#         484
  C:4C04H         LINE#         487
  C:4C1FH         LINE#         490
  C:4C31H         LINE#         491
  C:4C47H         LINE#         492
  -------         ENDPROC       LOAD_PRESSURE_LUT
  -------         PROC          _READ_EEPROM_FLOATS
  X:0045H         SYMBOL        buffer
  X:0048H         SYMBOL        start_address
  X:004AH         SYMBOL        float_count
  -------         DO            
  X:004CH         SYMBOL        i
  X:004EH         SYMBOL        temp_converter
  -------         ENDDO         
  C:486FH         LINE#         501
  C:487FH         LINE#         502
  C:487FH         LINE#         506
  C:4881H         LINE#         507
  C:4886H         LINE#         508
  C:488DH         LINE#         509
  C:4895H         LINE#         511
  C:48ACH         LINE#         512
  C:48ACH         LINE#         514
  C:48B3H         LINE#         515
  C:48BAH         LINE#         516
  C:48C1H         LINE#         517
  C:48C8H         LINE#         520
  C:4904H         LINE#         521
  C:4911H         LINE#         523
  C:4913H         LINE#         524
  -------         ENDPROC       _READ_EEPROM_FLOATS
  -------         PROC          L?0091
  -------         ENDPROC       L?0091
  -------         PROC          _READ_EEPROM_BYTES
  X:00B0H         SYMBOL        buffer
  X:00B3H         SYMBOL        start_address
  X:00B5H         SYMBOL        count
  -------         DO            
  X:00B7H         SYMBOL        i
  -------         ENDDO         
  C:4C56H         LINE#         529
  C:4C66H         LINE#         530
  C:4C66H         LINE#         532
  C:4C68H         LINE#         533
  C:4C6DH         LINE#         534
  C:4C74H         LINE#         535
BL51 BANKED LINKER/LOCATER V6.22.4.0                                                  08/13/2025  15:14:32  PAGE 40


  C:4C7CH         LINE#         536
  C:4C93H         LINE#         537
  C:4C93H         LINE#         538
  C:4CAEH         LINE#         539
  C:4CBBH         LINE#         540
  C:4CBDH         LINE#         541
  -------         ENDPROC       _READ_EEPROM_BYTES
  -------         PROC          DISPLAY_MEMSCAP_EEPROM_INFO
  -------         DO            
  X:0040H         SYMBOL        temp_buffer
  D:0004H         SYMBOL        serial_number
  X:0054H         SYMBOL        temp_f
  X:0058H         SYMBOL        p_min_adc
  X:005CH         SYMBOL        p_max_adc
  -------         ENDDO         
  C:38D0H         LINE#         551
  C:38D0H         LINE#         552
  C:38D0H         LINE#         559
  C:38D7H         LINE#         560
  C:38E4H         LINE#         561
  C:38F2H         LINE#         564
  C:3907H         LINE#         565
  C:3933H         LINE#         567
  C:3948H         LINE#         568
  C:395DH         LINE#         570
  C:3993H         LINE#         571
  C:39C9H         LINE#         574
  C:39F9H         LINE#         575
  C:3A2CH         LINE#         577
  C:3A5CH         LINE#         578
  -------         ENDPROC       DISPLAY_MEMSCAP_EEPROM_INFO
  -------         PROC          _CALCULATE_CRC32
  X:00B0H         SYMBOL        d
  X:00B3H         SYMBOL        count
  -------         DO            
  X:00B5H         SYMBOL        crc
  -------         ENDDO         
  C:47C2H         LINE#         592
  C:47D2H         LINE#         593
  C:47D2H         LINE#         594
  C:47DAH         LINE#         595
  C:47ECH         LINE#         596
  C:47ECH         LINE#         597
  C:4855H         LINE#         598
  C:4857H         LINE#         599
  C:486EH         LINE#         600
  -------         ENDPROC       _CALCULATE_CRC32
  -------         PROC          READEEPROM
  -------         DO            
  X:003CH         SYMBOL        buffer
  X:00A8H         SYMBOL        stored_crc
  X:00ACH         SYMBOL        calculated_crc
  -------         ENDDO         
  C:44C9H         LINE#         612
  C:44C9H         LINE#         613
  C:44C9H         LINE#         618
  C:44DDH         LINE#         619
BL51 BANKED LINKER/LOCATER V6.22.4.0                                                  08/13/2025  15:14:32  PAGE 41


  C:4558H         LINE#         620
  C:456AH         LINE#         622
  C:458FH         LINE#         623
  -------         ENDPROC       READEEPROM
  -------         PROC          LOAD_PRODUCT_INFO
  -------         DO            
  X:003CH         SYMBOL        buffer
  -------         ENDDO         
  C:470BH         LINE#         628
  C:470BH         LINE#         629
  C:470BH         LINE#         632
  C:4712H         LINE#         633
  C:478EH         LINE#         635
  C:47A3H         LINE#         636
  C:47AAH         LINE#         637
  C:47B0H         LINE#         638
  C:47C1H         LINE#         639
  -------         ENDPROC       LOAD_PRODUCT_INFO
  -------         PROC          _COMPPRESSUREUNADJUSTED
  D:0004H         SYMBOL        p
  C:4FAAH         LINE#         652
  C:4FAAH         LINE#         653
  C:4FAAH         LINE#         656
  -------         ENDPROC       _COMPPRESSUREUNADJUSTED
  -------         PROC          INITIALIZE_ADC
  C:3A8FH         LINE#         666
  C:3A8FH         LINE#         667
  C:3A8FH         LINE#         668
  C:3A91H         LINE#         671
  C:3A96H         LINE#         672
  C:3A9BH         LINE#         673
  C:3AA0H         LINE#         674
  C:3AA5H         LINE#         676
  C:3AA7H         LINE#         677
  C:3AAEH         LINE#         678
  C:3AB0H         LINE#         681
  C:3AB5H         LINE#         682
  C:3ABDH         LINE#         683
  C:3AC6H         LINE#         686
  C:3ACBH         LINE#         687
  C:3AD3H         LINE#         690
  C:3AD8H         LINE#         691
  C:3AE0H         LINE#         692
  C:3AE9H         LINE#         694
  C:3AEEH         LINE#         695
  C:3B05H         LINE#         696
  C:3B1CH         LINE#         697
  C:3B2EH         LINE#         699
  C:3B33H         LINE#         700
  C:3B4AH         LINE#         701
  C:3B61H         LINE#         702
  C:3B73H         LINE#         705
  C:3B78H         LINE#         706
  C:3B80H         LINE#         707
  C:3B89H         LINE#         709
  C:3B8EH         LINE#         710
  C:3BA5H         LINE#         711
BL51 BANKED LINKER/LOCATER V6.22.4.0                                                  08/13/2025  15:14:32  PAGE 42


  C:3BBCH         LINE#         712
  C:3BCEH         LINE#         714
  C:3BD3H         LINE#         715
  C:3BEAH         LINE#         716
  C:3C01H         LINE#         717
  C:3C13H         LINE#         719
  C:3C15H         LINE#         720
  -------         ENDPROC       INITIALIZE_ADC
  -------         PROC          _USDELAY
  D:0006H         SYMBOL        t
  C:5113H         LINE#         729
  C:5113H         LINE#         730
  C:511DH         LINE#         732
  -------         ENDPROC       _USDELAY
  -------         ENDMOD        TP1200

  -------         MODULE        ?C?FPADD
  C:00A5H         PUBLIC        ?C?FPADD
  C:00A1H         PUBLIC        ?C?FPSUB
  -------         ENDMOD        ?C?FPADD

  -------         MODULE        ?C?FPMUL
  C:0196H         PUBLIC        ?C?FPMUL
  -------         ENDMOD        ?C?FPMUL

  -------         MODULE        ?C?FPDIV
  C:029FH         PUBLIC        ?C?FPDIV
  -------         ENDMOD        ?C?FPDIV

  -------         MODULE        ?C?FPCMP
  C:033EH         PUBLIC        ?C?FPCMP
  C:033CH         PUBLIC        ?C?FPCMP3
  -------         ENDMOD        ?C?FPCMP

  -------         MODULE        ?C?FCAST
  C:03BFH         PUBLIC        ?C?FCASTC
  C:03BAH         PUBLIC        ?C?FCASTI
  C:03B5H         PUBLIC        ?C?FCASTL
  -------         ENDMOD        ?C?FCAST

  -------         MODULE        ?C?CASTF
  C:03F3H         PUBLIC        ?C?CASTF
  -------         ENDMOD        ?C?CASTF

  -------         MODULE        PRINTF
  X:0060H         PUBLIC        ?_PRINTF?BYTE
  X:0060H         PUBLIC        ?_SPRINTF?BYTE
  C:27D7H         PUBLIC        _PRINTF
  C:27D1H         PUBLIC        _SPRINTF
  -------         ENDMOD        PRINTF

  -------         MODULE        SCANF
  X:0040H         PUBLIC        ?_SCANF?BYTE
  X:0040H         PUBLIC        ?_SSCANF?BYTE
  C:3050H         PUBLIC        _SCANF
  C:304CH         PUBLIC        _SSCANF
  -------         ENDMOD        SCANF
BL51 BANKED LINKER/LOCATER V6.22.4.0                                                  08/13/2025  15:14:32  PAGE 43



  -------         MODULE        ?C?FPROUND
  C:0474H         PUBLIC        ?C?FPROUND
  -------         ENDMOD        ?C?FPROUND

  -------         MODULE        ?C?FPCONVERT
  C:04A3H         PUBLIC        ?C?FPCONVERT
  -------         ENDMOD        ?C?FPCONVERT

  -------         MODULE        ?C?FPNEG
  C:05A6H         PUBLIC        ?C?FPNEG
  -------         ENDMOD        ?C?FPNEG

  -------         MODULE        ?C?FTNPWR
  C:05E7H         PUBLIC        ?C?FTNPWR
  -------         ENDMOD        ?C?FTNPWR

  -------         MODULE        ?C?CLDPTR
  C:0627H         PUBLIC        ?C?CLDPTR
  -------         ENDMOD        ?C?CLDPTR

  -------         MODULE        ?C?CLDOPTR
  C:0640H         PUBLIC        ?C?CLDOPTR
  -------         ENDMOD        ?C?CLDOPTR

  -------         MODULE        ?C?CSTPTR
  C:066DH         PUBLIC        ?C?CSTPTR
  -------         ENDMOD        ?C?CSTPTR

  -------         MODULE        ?C?CSTOPTR
  C:067FH         PUBLIC        ?C?CSTOPTR
  -------         ENDMOD        ?C?CSTOPTR

  -------         MODULE        ?C?IMUL
  C:06A1H         PUBLIC        ?C?IMUL
  -------         ENDMOD        ?C?IMUL

  -------         MODULE        ?C?ISTPTR
  C:06B3H         PUBLIC        ?C?ISTPTR
  -------         ENDMOD        ?C?ISTPTR

  -------         MODULE        ?C?LNEG
  C:06D2H         PUBLIC        ?C?LNEG
  -------         ENDMOD        ?C?LNEG

  -------         MODULE        ?C?ULCMP
  C:06E0H         PUBLIC        ?C?ULCMP
  -------         ENDMOD        ?C?ULCMP

  -------         MODULE        ?C?ULSHR
  C:06F1H         PUBLIC        ?C?ULSHR
  -------         ENDMOD        ?C?ULSHR

  -------         MODULE        ?C?LSHL
  C:0704H         PUBLIC        ?C?LSHL
  -------         ENDMOD        ?C?LSHL

BL51 BANKED LINKER/LOCATER V6.22.4.0                                                  08/13/2025  15:14:32  PAGE 44


  -------         MODULE        ?C?LSTPTR
  C:0717H         PUBLIC        ?C?LSTPTR
  -------         ENDMOD        ?C?LSTPTR

  -------         MODULE        ?C?LSTOPTR
  C:0731H         PUBLIC        ?C?LSTOPTR
  -------         ENDMOD        ?C?LSTOPTR

  -------         MODULE        ?C?LLDCODE0
  C:0755H         PUBLIC        ?C?LLDCODE0
  -------         ENDMOD        ?C?LLDCODE0

  -------         MODULE        ?C?LSTXDATA
  C:0765H         PUBLIC        ?C?LSTXDATA
  -------         ENDMOD        ?C?LSTXDATA

  -------         MODULE        ?C?LSTPDATA
  C:0771H         PUBLIC        ?C?LSTPDATA
  -------         ENDMOD        ?C?LSTPDATA

  -------         MODULE        ?C?LSTKPDATA
  C:077DH         PUBLIC        ?C?LSTKPDATA
  -------         ENDMOD        ?C?LSTKPDATA

  -------         MODULE        ?C?OFFX256
  C:0796H         PUBLIC        ?C?OFFX256
  -------         ENDMOD        ?C?OFFX256

  -------         MODULE        ?C?OFFXADD
  C:07A7H         PUBLIC        ?C?OFFXADD
  -------         ENDMOD        ?C?OFFXADD

  -------         MODULE        ?C?PLDPDATA
  C:07B3H         PUBLIC        ?C?PLDPDATA
  -------         ENDMOD        ?C?PLDPDATA

  -------         MODULE        ?C?PLDIPDATA
  C:07BCH         PUBLIC        ?C?PLDIPDATA
  -------         ENDMOD        ?C?PLDIPDATA

  -------         MODULE        ?C?PILDPDATA
  C:07CCH         PUBLIC        ?C?PILDPDATA
  -------         ENDMOD        ?C?PILDPDATA

  -------         MODULE        ?C?PSTPDATA
  C:07DCH         PUBLIC        ?C?PSTPDATA
  -------         ENDMOD        ?C?PSTPDATA

  -------         MODULE        ?C?PLDOPTR
  C:07E5H         PUBLIC        ?C?PLDOPTR
  -------         ENDMOD        ?C?PLDOPTR

  -------         MODULE        ?C?CCASE
  C:0815H         PUBLIC        ?C?CCASE
  -------         ENDMOD        ?C?CCASE

  -------         MODULE        ?C?ICASE
BL51 BANKED LINKER/LOCATER V6.22.4.0                                                  08/13/2025  15:14:32  PAGE 45


  C:083BH         PUBLIC        ?C?ICASE
  -------         ENDMOD        ?C?ICASE

  -------         MODULE        GETCHAR
  B:0022H.7       PUBLIC        ?C?CHARLOADED
  X:002EH         PUBLIC        ?_UNGETCHAR?BYTE
  C:508FH         PUBLIC        GETCHAR
  -------         ENDMOD        GETCHAR

  -------         MODULE        UNGETC
  C:5142H         PUBLIC        _UNGETCHAR
  -------         ENDMOD        UNGETC

  -------         MODULE        ISDIGIT
  C:50F9H         PUBLIC        _isdigit
  -------         ENDMOD        ISDIGIT

  -------         MODULE        ISSPACE
  C:507BH         PUBLIC        _isspace
  -------         ENDMOD        ISSPACE

  -------         MODULE        TOUPPER
  C:50D8H         PUBLIC        _toupper
  -------         ENDMOD        TOUPPER

  -------         MODULE        ?C?STRCMP
  C:09E6H         PUBLIC        ?C?STRCMP
  -------         ENDMOD        ?C?STRCMP

  -------         MODULE        ?C?STRCPY
  C:0ACFH         PUBLIC        ?C?STRCPY
  -------         ENDMOD        ?C?STRCPY

  -------         MODULE        ATOI
  C:4265H         PUBLIC        _atoi
  -------         ENDMOD        ATOI

  -------         MODULE        ?C?MEMCMP
  C:0C72H         PUBLIC        ?C?MEMCMP
  -------         ENDMOD        ?C?MEMCMP

  -------         MODULE        ?C?MEMSET
  C:0C96H         PUBLIC        ?C?MEMSET
  -------         ENDMOD        ?C?MEMSET

  -------         MODULE        ?C?LSTIDATA
  C:0CC2H         PUBLIC        ?C?LSTIDATA
  -------         ENDMOD        ?C?LSTIDATA

  -------         MODULE        ?C?PLDIDATA
  C:0CCEH         PUBLIC        ?C?PLDIDATA
  -------         ENDMOD        ?C?PLDIDATA

  -------         MODULE        ?C?PLDXDATA
  C:0CD7H         PUBLIC        ?C?PLDXDATA
  -------         ENDMOD        ?C?PLDXDATA

BL51 BANKED LINKER/LOCATER V6.22.4.0                                                  08/13/2025  15:14:32  PAGE 46


  -------         MODULE        ?C?PLDCODE
  C:0CE0H         PUBLIC        ?C?PLDCODE
  -------         ENDMOD        ?C?PLDCODE

  -------         MODULE        _GETKEY
  C:5128H         PUBLIC        _GETKEY
  -------         ENDMOD        _GETKEY

Program Size: data=53.0 xdata=3975 code=20808
LINK/LOCATE RUN COMPLETE.  0 WARNING(S),  0 ERROR(S)
