BL51 BANKED LINKER/LOCATER V6.22.4.0                                                    07/31/2025  19:03:11  PAGE 1


BL51 BANKED LINKER/LOCATER V6.22.4.0, INVOKED BY:
C:\KEIL_V5\C51\BIN\BL51.EXE STARTUP.obj, Main.obj, IPTConfig.obj, 8051Lib.obj, 8051Lib_I.obj, Error.obj, LongMult.obj, T
>> P1200.obj TO IPT RAMSIZE (256) CODE (0X0000-0XFFFF) XDATA (0X0000-0X0FFF)


MEMORY MODEL: COMPACT WITH FLOATING POINT ARITHMETIC


INPUT MODULES INCLUDED:
  STARTUP.obj (?C_STARTUP)
  Main.obj (MAIN)
  IPTConfig.obj (IPTCONFIG)
  8051Lib.obj (8051LIB)
  8051Lib_I.obj (8051LIB_I)
  Error.obj (ERROR)
  LongMult.obj (LONGMULT)
  TP1200.obj (TP1200)
  C:\KEIL_V5\C51\LIB\C51FPC.LIB (?C?FPADD)
  C:\KEIL_V5\C51\LIB\C51FPC.LIB (?C?FPMUL)
  C:\KEIL_V5\C51\LIB\C51FPC.LIB (?C?FPDIV)
  C:\KEIL_V5\C51\LIB\C51FPC.LIB (?C?FPCMP)
  C:\KEIL_V5\C51\LIB\C51FPC.LIB (?C?FCAST)
  C:\KEIL_V5\C51\LIB\C51FPC.LIB (?C?CASTF)
  C:\KEIL_V5\C51\LIB\C51FPC.LIB (PRINTF)
  C:\KEIL_V5\C51\LIB\C51FPC.LIB (SCANF)
  C:\KEIL_V5\C51\LIB\C51FPC.LIB (FABS)
  C:\KEIL_V5\C51\LIB\C51FPC.LIB (?C?FPGETOPN)
  C:\KEIL_V5\C51\LIB\C51FPC.LIB (?C?FPROUND)
  C:\KEIL_V5\C51\LIB\C51FPC.LIB (?C?FPCONVERT)
  C:\KEIL_V5\C51\LIB\C51FPC.LIB (?C?ATOF)
  C:\KEIL_V5\C51\LIB\C51FPC.LIB (?C?FPNEG)
  C:\KEIL_V5\C51\LIB\C51FPC.LIB (?C?FTNPWR)
  C:\KEIL_V5\C51\LIB\C51C.LIB (?C_INIT)
  C:\KEIL_V5\C51\LIB\C51C.LIB (?C?CLDPTR)
  C:\KEIL_V5\C51\LIB\C51C.LIB (?C?CLDOPTR)
  C:\KEIL_V5\C51\LIB\C51C.LIB (?C?CSTPTR)
  C:\KEIL_V5\C51\LIB\C51C.LIB (?C?CSTOPTR)
  C:\KEIL_V5\C51\LIB\C51C.LIB (?C?IMUL)
  C:\KEIL_V5\C51\LIB\C51C.LIB (?C?ISTPTR)
  C:\KEIL_V5\C51\LIB\C51C.LIB (?C?LMUL)
  C:\KEIL_V5\C51\LIB\C51C.LIB (?C?SLDIV)
  C:\KEIL_V5\C51\LIB\C51C.LIB (?C?LNEG)
  C:\KEIL_V5\C51\LIB\C51C.LIB (?C?LSTPTR)
  C:\KEIL_V5\C51\LIB\C51C.LIB (?C?LSTXDATA)
  C:\KEIL_V5\C51\LIB\C51C.LIB (?C?LSTPDATA)
  C:\KEIL_V5\C51\LIB\C51C.LIB (?C?LSTKPDATA)
  C:\KEIL_V5\C51\LIB\C51C.LIB (?C?OFFX256)
  C:\KEIL_V5\C51\LIB\C51C.LIB (?C?OFFXADD)
  C:\KEIL_V5\C51\LIB\C51C.LIB (?C?PLDPDATA)
  C:\KEIL_V5\C51\LIB\C51C.LIB (?C?PLDIPDATA)
  C:\KEIL_V5\C51\LIB\C51C.LIB (?C?PILDPDATA)
  C:\KEIL_V5\C51\LIB\C51C.LIB (?C?PSTPDATA)
  C:\KEIL_V5\C51\LIB\C51C.LIB (?C?PLDOPTR)
  C:\KEIL_V5\C51\LIB\C51C.LIB (?C?CCASE)
  C:\KEIL_V5\C51\LIB\C51C.LIB (?C?ICASE)
  C:\KEIL_V5\C51\LIB\C51C.LIB (GETCHAR)
  C:\KEIL_V5\C51\LIB\C51C.LIB (UNGETC)
  C:\KEIL_V5\C51\LIB\C51C.LIB (ISDIGIT)
BL51 BANKED LINKER/LOCATER V6.22.4.0                                                  07/31/2025  19:03:11  PAGE 2


  C:\KEIL_V5\C51\LIB\C51C.LIB (ISSPACE)
  C:\KEIL_V5\C51\LIB\C51C.LIB (TOUPPER)
  C:\KEIL_V5\C51\LIB\C51C.LIB (?C?STRCMP)
  C:\KEIL_V5\C51\LIB\C51C.LIB (?C?STRCPY)
  C:\KEIL_V5\C51\LIB\C51C.LIB (ATOI)
  C:\KEIL_V5\C51\LIB\C51C.LIB (?C?MEMCMP)
  C:\KEIL_V5\C51\LIB\C51C.LIB (?C?MEMSET)
  C:\KEIL_V5\C51\LIB\C51C.LIB (?C?ULDIV)
  C:\KEIL_V5\C51\LIB\C51C.LIB (?C?LSTIDATA)
  C:\KEIL_V5\C51\LIB\C51C.LIB (?C?PLDIDATA)
  C:\KEIL_V5\C51\LIB\C51C.LIB (?C?PLDXDATA)
  C:\KEIL_V5\C51\LIB\C51C.LIB (?C?PLDCODE)
  C:\KEIL_V5\C51\LIB\C51C.LIB (_GETKEY)


LINK MAP OF MODULE:  IPT (?C_STARTUP)


            TYPE    BASE      LENGTH    RELOCATION   SEGMENT NAME
            -----------------------------------------------------

            * * * * * * *   D A T A   M E M O R Y   * * * * * * *
            REG     0000H     0008H     ABSOLUTE     "REG BANK 0"
            DATA    0008H     0015H     UNIT         _DATA_GROUP_
                    001DH     0003H                  *** GAP ***
            DATA    0020H     0001H     BIT_ADDR     ?BA?8051LIB
            BIT     0021H.0   0001H.3   UNIT         _BIT_GROUP_
            BIT     0022H.3   0000H.4   UNIT         ?BI?8051LIB
            BIT     0022H.7   0000H.1   UNIT         ?BI?GETCHAR
            DATA    0023H     000CH     UNIT         ?DT?8051LIB
                    002FH     0001H                  *** GAP ***
            DATA    0030H     0004H     ABSOLUTE     
            DATA    0034H     0004H     ABSOLUTE     
            DATA    0038H     0004H     ABSOLUTE     
            DATA    003CH     0004H     ABSOLUTE     
            DATA    0040H     002FH     UNIT         ?DT?MAIN
            IDATA   006FH     0001H     UNIT         ?STACK

            * * * * * * *  X D A T A   M E M O R Y  * * * * * * *
            XDATA   0000H     00C6H     INPAGE       ?PD?MAIN
            XDATA   00C6H     0019H     INPAGE       ?PD?8051LIB
            XDATA   00DFH     0001H     INPAGE       ?PD?GETCHAR
                    00E0H     0020H                  *** GAP ***
            XDATA   0100H     0100H     ABSOLUTE     
            XDATA   0200H     0100H     ABSOLUTE     
            XDATA   0300H     0075H     INPAGE       _PDATA_GROUP_
            XDATA   0375H     0ADCH     UNIT         ?XD?TP1200
            XDATA   0E51H     00B6H     UNIT         ?XD?MAIN
            XDATA   0F07H     00ABH     UNIT         ?XD?8051LIB

            * * * * * * *   C O D E   M E M O R Y   * * * * * * *
            CODE    0000H     0003H     ABSOLUTE     
            CODE    0003H     0020H     UNIT         ?PR?_TEMPERATUREF?MAIN
            CODE    0023H     0003H     ABSOLUTE     
            CODE    0026H     0047H     UNIT         ?PR?TIMER3_ISR?8051LIB
            CODE    006DH     0004H     UNIT         ?PR?UART_INIT?IPTCONFIG
                    0071H     0002H                  *** GAP ***
BL51 BANKED LINKER/LOCATER V6.22.4.0                                                  07/31/2025  19:03:11  PAGE 3


            CODE    0073H     0003H     ABSOLUTE     
            CODE    0076H     0024H     UNIT         ?PR?_FLASH_BYTEREAD?8051LIB
                    009AH     0001H                  *** GAP ***
            CODE    009BH     0003H     ABSOLUTE     
            CODE    009EH     0D00H     UNIT         ?C?LIB_CODE
            CODE    0D9EH     0597H     UNIT         ?PR?MAIN?MAIN
            CODE    1335H     0573H     UNIT         ?CO?8051LIB
            CODE    18A8H     04DFH     UNIT         ?CO?ERROR
            CODE    1D87H     04BBH     UNIT         ?PR?_CALCULATE_COMPENSATED_PRESSURE?TP1200
            CODE    2242H     04A5H     UNIT         ?PR?_MENUTASK?8051LIB
            CODE    26E7H     046EH     UNIT         ?PR?PRINTF?PRINTF
            CODE    2B55H     034EH     UNIT         ?PR?SCANF?SCANF
            CODE    2EA3H     0310H     UNIT         ?PR?CALCULATE_LUT_START_ADDRESS?TP1200
            CODE    31B3H     01E2H     UNIT         ?PR?_CALCULATE_COMPENSATED_TEMPERATURE?TP1200
            CODE    3395H     01D1H     UNIT         ?PR?DISPLAY_MEMSCAP_EEPROM_INFO?TP1200
            CODE    3566H     0193H     UNIT         ?PR?READEEPROM?MAIN
            CODE    36F9H     0108H     UNIT         ?PR?_GETCOMMAND?8051LIB
            CODE    3801H     00F4H     UNIT         ?PR?LOAD_ADC_CONFIG?TP1200
            CODE    38F5H     00E6H     UNIT         ?PR??C?ATOF??C?ATOF
            CODE    39DBH     00E2H     UNIT         ?PR?_GET_RAW_SENSOR_READINGS?TP1200
            CODE    3ABDH     00DDH     UNIT         ?PR?_APPLY_SYSTEM_CALIBRATION?TP1200
            CODE    3B9AH     00D7H     UNIT         ?CO?MAIN
            CODE    3C71H     00D4H     UNIT         ?PR?GETHOSTPACKET?8051LIB
            CODE    3D45H     00D0H     UNIT         ?PR?_ATOI?ATOI
            CODE    3E15H     00C9H     UNIT         ?PR?ERRTABLE?8051LIB
            CODE    3EDEH     00C3H     UNIT         ?PR?ERRDUMP?8051LIB
            CODE    3FA1H     00B8H     UNIT         ?PR?_ERRLOOKUP?8051LIB
            CODE    4059H     00A6H     UNIT         ?PR?LOAD_LIN_DATA_T?TP1200
            CODE    40FFH     00A3H     UNIT         ?C_C51STARTUP
            CODE    41A2H     0083H     UNIT         LONGMULT_CODE_SEG
            CODE    4225H     0081H     UNIT         ?CO?TP1200
            CODE    42A6H     0080H     UNIT         ?PR?_WRITEERRORQUE?8051LIB
            CODE    4326H     007AH     UNIT         ?PR?_CHECKCOMMAND?8051LIB
            CODE    43A0H     0078H     UNIT         ?PR?M32_24?8051LIB
            CODE    4418H     006AH     UNIT         ?PR?LOAD_PRESSURE_LUT?TP1200
            CODE    4482H     0068H     UNIT         ?PR?_READ_EEPROM_BYTES?TP1200
            CODE    44EAH     0060H     UNIT         ?PR?_PARSECOMMAND?8051LIB
            CODE    454AH     005CH     UNIT         INT4_CODE_SEG
            CODE    45A6H     005BH     UNIT         ?PR?LOAD_LUT_T_ADC?TP1200
            CODE    4601H     005BH     UNIT         ?PR?LOAD_LUT_P_ADC?TP1200
            CODE    465CH     0059H     UNIT         ?PR?M32_16?8051LIB
            CODE    46B5H     0058H     UNIT         ?PR?_FLASH_WRITE?8051LIB
            CODE    470DH     0056H     UNIT         ?PR?_TEMPERATUREC?MAIN
            CODE    4763H     0050H     UNIT         ?PR?_STRUP?8051LIB
            CODE    47B3H     0050H     UNIT         ?PR?_FLASH_READ?8051LIB
            CODE    4803H     0044H     UNIT         ?C?LDIV
            CODE    4847H     003EH     UNIT         ?PR?_CRC8?8051LIB
            CODE    4885H     003AH     UNIT         ?PR?_SIGNCHECK?MAIN
            CODE    48BFH     003AH     UNIT         ?PR?_PUTCHAR?8051LIB
            CODE    48F9H     0039H     UNIT         ?PR?_SPIOWRITEBUF?MAIN
            CODE    4932H     0034H     UNIT         ?PR?WRITENVRAM?MAIN
            CODE    4966H     002FH     UNIT         ?PR?_FLASH_BYTEWRITE?8051LIB
            CODE    4995H     002FH     UNIT         ?PR?_FLASH_PAGEERASE?8051LIB
            CODE    49C4H     002EH     UNIT         ?PR?_TRANSMIT_UART0?8051LIB
            CODE    49F2H     002BH     UNIT         ?C_INITSEG
            CODE    4A1DH     001AH     UNIT         ?PR?OSCILLATOR_INIT?IPTCONFIG
            CODE    4A37H     001AH     UNIT         ?PR?INITSERIAL?8051LIB
BL51 BANKED LINKER/LOCATER V6.22.4.0                                                  07/31/2025  19:03:11  PAGE 4


            CODE    4A51H     0017H     UNIT         ?PR?_ABSDIFF?8051LIB
            CODE    4A68H     0016H     UNIT         ?PR?TIMER_INIT?IPTCONFIG
            CODE    4A7EH     0015H     UNIT         ?PR?SPIOREAD?MAIN
            CODE    4A93H     0015H     UNIT         ?PR?INITEQUE?8051LIB
            CODE    4AA8H     0014H     UNIT         ?PR?_ISSPACE?ISSPACE
            CODE    4ABCH     0013H     UNIT         ?PR?GETCHAR?GETCHAR
            CODE    4ACFH     0012H     UNIT         ?PR?_SPIOWRITE?MAIN
            CODE    4AE1H     0012H     UNIT         ?PR?INIT_DEVICE?IPTCONFIG
            CODE    4AF3H     0011H     UNIT         ?PR?_TOUPPER?TOUPPER
            CODE    4B04H     0010H     UNIT         ?PR?PORT_IO_INIT?IPTCONFIG
            CODE    4B14H     000FH     UNIT         ?PR?INITIALIZE_SENSOR?TP1200
            CODE    4B23H     000FH     UNIT         ?PR?_ISDIGIT?ISDIGIT
            CODE    4B32H     000DH     UNIT         ?PR?_FABS?FABS
            CODE    4B3FH     000BH     UNIT         ?PR?_COMPPRESSUREUNADJUSTED?MAIN
            CODE    4B4AH     000BH     UNIT         ?PR?_RUNCRC8?8051LIB
            CODE    4B55H     000AH     UNIT         ?PR?SPI_INIT?IPTCONFIG
            CODE    4B5FH     000AH     UNIT         ?PR?_GETKEY?_GETKEY
            CODE    4B69H     0009H     UNIT         ?PR?_SETRSTATUS?8051LIB
            CODE    4B72H     0007H     UNIT         ?PR?INTERRUPTS_INIT?IPTCONFIG
            CODE    4B79H     0007H     UNIT         ?PR?GETCHAR?UNGETCHAR
            CODE    4B80H     0004H     UNIT         ?PR?EXT7_ISR?8051LIB



OVERLAY MAP OF MODULE:   IPT (?C_STARTUP)


SEGMENT                                             BIT_GROUP          DATA_GROUP          PDATA_GROUP
  +--> CALLED SEGMENT                            START    LENGTH     START    LENGTH     START    LENGTH
--------------------------------------------------------------------------------------------------------
?C_C51STARTUP                                    -----    -----      -----    -----      -----    -----
  +--> ?PR?MAIN?MAIN
  +--> ?C_INITSEG

?PR?MAIN?MAIN                                    -----    -----      0008H    000AH      0300H    0005H
  +--> ?PR?INIT_DEVICE?IPTCONFIG
  +--> ?PR?_SETRSTATUS?8051LIB
  +--> ?PR?INITEQUE?8051LIB
  +--> ?PR?INITSERIAL?8051LIB
  +--> ?PR?_FLASH_READ?8051LIB
  +--> ?PR?_CRC8?8051LIB
  +--> ?PR?INITIALIZE_SENSOR?TP1200
  +--> ?PR?_GET_RAW_SENSOR_READINGS?TP1200
  +--> ?PR?_CALCULATE_COMPENSATED_TEMPERATUR...
  +--> ?PR?_CALCULATE_COMPENSATED_PRESSURE?T...
  +--> ?PR?_APPLY_SYSTEM_CALIBRATION?TP1200
  +--> ?PR?GETHOSTPACKET?8051LIB
  +--> ?CO?MAIN
  +--> ?PR?PRINTF?PRINTF
  +--> ?PR?_ATOI?ATOI
  +--> ?PR?READEEPROM?MAIN
  +--> ?PR?WRITENVRAM?MAIN
  +--> ?PR?_COMPPRESSUREUNADJUSTED?MAIN
  +--> ?PR?_TEMPERATUREC?MAIN
  +--> ?PR?_TEMPERATUREF?MAIN

?PR?INIT_DEVICE?IPTCONFIG                        -----    -----      -----    -----      -----    -----
BL51 BANKED LINKER/LOCATER V6.22.4.0                                                  07/31/2025  19:03:11  PAGE 5


  +--> ?PR?TIMER_INIT?IPTCONFIG
  +--> ?PR?UART_INIT?IPTCONFIG
  +--> ?PR?SPI_INIT?IPTCONFIG
  +--> ?PR?PORT_IO_INIT?IPTCONFIG
  +--> ?PR?OSCILLATOR_INIT?IPTCONFIG
  +--> ?PR?INTERRUPTS_INIT?IPTCONFIG

?PR?_FLASH_READ?8051LIB                          -----    -----      -----    -----      0305H    0006H
  +--> ?PR?_WRITEERRORQUE?8051LIB
  +--> ?PR?_FLASH_BYTEREAD?8051LIB

?PR?_FLASH_BYTEREAD?8051LIB                      0021H.0  0000H.2    0012H    0002H      -----    -----

?PR?_CRC8?8051LIB                                -----    -----      -----    -----      0305H    0004H
  +--> ?PR?_RUNCRC8?8051LIB

?PR?_RUNCRC8?8051LIB                             -----    -----      -----    -----      -----    -----
  +--> ?CO?8051LIB

?PR?INITIALIZE_SENSOR?TP1200                     -----    -----      -----    -----      -----    -----
  +--> ?PR?LOAD_ADC_CONFIG?TP1200
  +--> ?PR?LOAD_LIN_DATA_T?TP1200
  +--> ?PR?LOAD_LUT_T_ADC?TP1200
  +--> ?PR?LOAD_LUT_P_ADC?TP1200
  +--> ?PR?LOAD_PRESSURE_LUT?TP1200

?PR?LOAD_ADC_CONFIG?TP1200                       -----    -----      -----    -----      0305H    0001H
  +--> ?PR?_SPIOWRITE?MAIN
  +--> ?PR?SPIOREAD?MAIN

?PR?LOAD_LIN_DATA_T?TP1200                       -----    -----      -----    -----      0305H    0007H
  +--> ?PR?_SPIOWRITE?MAIN
  +--> ?PR?SPIOREAD?MAIN

?PR?LOAD_LUT_T_ADC?TP1200                        -----    -----      -----    -----      0305H    0003H
  +--> ?PR?_SPIOWRITE?MAIN
  +--> ?PR?SPIOREAD?MAIN

?PR?LOAD_LUT_P_ADC?TP1200                        -----    -----      -----    -----      0305H    0003H
  +--> ?PR?_SPIOWRITE?MAIN
  +--> ?PR?SPIOREAD?MAIN

?PR?LOAD_PRESSURE_LUT?TP1200                     -----    -----      -----    -----      0305H    0005H
  +--> ?PR?CALCULATE_LUT_START_ADDRESS?TP1200
  +--> ?PR?_SPIOWRITE?MAIN
  +--> ?PR?SPIOREAD?MAIN

?PR?CALCULATE_LUT_START_ADDRESS?TP1200           -----    -----      -----    -----      030AH    0022H
  +--> ?PR?_FABS?FABS

?PR?_GET_RAW_SENSOR_READINGS?TP1200              -----    -----      -----    -----      0305H    000BH
  +--> ?PR?_SPIOWRITE?MAIN
  +--> ?PR?SPIOREAD?MAIN

?PR?_CALCULATE_COMPENSATED_TEMPERATUR...         -----    -----      -----    -----      0305H    0010H

?PR?_CALCULATE_COMPENSATED_PRESSURE?T...         -----    -----      -----    -----      0331H    0044H
BL51 BANKED LINKER/LOCATER V6.22.4.0                                                  07/31/2025  19:03:11  PAGE 6



?PR?_APPLY_SYSTEM_CALIBRATION?TP1200             -----    -----      -----    -----      0305H    0010H

?PR?GETHOSTPACKET?8051LIB                        -----    -----      -----    -----      0305H    0001H
  +--> ?PR?_GETCOMMAND?8051LIB
  +--> ?PR?_ISDIGIT?ISDIGIT

?PR?_GETCOMMAND?8051LIB                          -----    -----      -----    -----      -----    -----
  +--> ?CO?8051LIB
  +--> ?PR?SCANF?SCANF
  +--> ?PR?_STRUP?8051LIB
  +--> ?PR?_PARSECOMMAND?8051LIB
  +--> ?PR?_MENUTASK?8051LIB

?PR?SCANF?SCANF                                  0021H.0  0000H.6    0012H    0009H      0309H    0015H
  +--> ?PR?GETCHAR?UNGETCHAR
  +--> ?PR?_ISSPACE?ISSPACE
  +--> ?PR?GETCHAR?GETCHAR
  +--> ?PR??C?ATOF??C?ATOF

?PR?GETCHAR?GETCHAR                              -----    -----      -----    -----      -----    -----
  +--> ?PR?_GETKEY?_GETKEY
  +--> ?PR?_PUTCHAR?8051LIB

?PR?_PUTCHAR?8051LIB                             -----    -----      -----    -----      0348H    0003H
  +--> ?PR?_ABSDIFF?8051LIB
  +--> ?PR?_TRANSMIT_UART0?8051LIB

?PR?_TRANSMIT_UART0?8051LIB                      -----    -----      -----    -----      034BH    0001H
  +--> ?PR?_WRITEERRORQUE?8051LIB

?PR??C?ATOF??C?ATOF                              0021H.6  0000H.5    001BH    0002H      -----    -----

?PR?_STRUP?8051LIB                               -----    -----      -----    -----      0306H    0005H
  +--> ?PR?_TOUPPER?TOUPPER

?PR?_PARSECOMMAND?8051LIB                        -----    -----      -----    -----      -----    -----
  +--> ?CO?8051LIB
  +--> ?PR?_CHECKCOMMAND?8051LIB
  +--> ?PR?_MENUTASK?8051LIB

?PR?_CHECKCOMMAND?8051LIB                        -----    -----      -----    -----      0306H    0008H

?PR?_MENUTASK?8051LIB                            -----    -----      -----    -----      0306H    0003H
  +--> ?CO?8051LIB
  +--> ?PR?PRINTF?PRINTF
  +--> ?CO?MAIN
  +--> ?PR?ERRDUMP?8051LIB
  +--> ?PR?ERRTABLE?8051LIB
  +--> ?PR?SCANF?SCANF
  +--> ?PR?DISPLAY_MEMSCAP_EEPROM_INFO?TP1200
  +--> ?PR?M32_24?8051LIB
  +--> ?PR?M32_16?8051LIB

?PR?PRINTF?PRINTF                                0021H.0  0001H.1    0012H    0005H      0331H    0017H
  +--> ?PR?_PUTCHAR?8051LIB

BL51 BANKED LINKER/LOCATER V6.22.4.0                                                  07/31/2025  19:03:11  PAGE 7


?PR?ERRDUMP?8051LIB                              -----    -----      -----    -----      0309H    0001H
  +--> ?CO?8051LIB
  +--> ?PR?PRINTF?PRINTF
  +--> ?CO?ERROR
  +--> ?PR?_ERRLOOKUP?8051LIB

?PR?_ERRLOOKUP?8051LIB                           -----    -----      -----    -----      030AH    0002H
  +--> ?CO?ERROR
  +--> ?CO?8051LIB
  +--> ?PR?PRINTF?PRINTF

?PR?ERRTABLE?8051LIB                             -----    -----      -----    -----      0309H    0002H
  +--> ?CO?8051LIB
  +--> ?PR?PRINTF?PRINTF
  +--> ?CO?ERROR

?PR?DISPLAY_MEMSCAP_EEPROM_INFO?TP1200           -----    -----      -----    -----      0309H    0028H
  +--> ?PR?_READ_EEPROM_BYTES?TP1200
  +--> ?CO?TP1200
  +--> ?PR?PRINTF?PRINTF
  +--> ?PR?_COMPPRESSUREUNADJUSTED?MAIN

?PR?_READ_EEPROM_BYTES?TP1200                    -----    -----      -----    -----      0331H    0009H
  +--> ?PR?_SPIOWRITE?MAIN
  +--> ?PR?SPIOREAD?MAIN

?PR?_COMPPRESSUREUNADJUSTED?MAIN                 -----    -----      -----    -----      -----    -----
  +--> ?PR?_CALCULATE_COMPENSATED_PRESSURE?T...

?PR?_ATOI?ATOI                                   0021H.0  0000H.1    -----    -----      0305H    0005H
  +--> ?PR?_ISSPACE?ISSPACE
  +--> ?PR?_ISDIGIT?ISDIGIT

?PR?READEEPROM?MAIN                              0021H.0  0000H.1    -----    -----      0305H    0001H
  +--> ?CO?MAIN
  +--> ?PR?_SPIOWRITEBUF?MAIN
  +--> ?PR?SPIOREAD?MAIN
  +--> ?PR?_SIGNCHECK?MAIN

?PR?_SPIOWRITEBUF?MAIN                           -----    -----      -----    -----      0306H    0005H
  +--> ?PR?_SPIOWRITE?MAIN

?PR?_SIGNCHECK?MAIN                              0021H.1  0000H.2    -----    -----      0306H    0008H

?PR?WRITENVRAM?MAIN                              -----    -----      -----    -----      -----    -----
  +--> ?PR?_CRC8?8051LIB
  +--> ?PR?_FLASH_WRITE?8051LIB

?PR?_FLASH_WRITE?8051LIB                         -----    -----      -----    -----      0305H    0006H
  +--> ?PR?_WRITEERRORQUE?8051LIB
  +--> ?PR?_FLASH_PAGEERASE?8051LIB
  +--> ?PR?_FLASH_BYTEWRITE?8051LIB

?PR?_FLASH_PAGEERASE?8051LIB                     0021H.0  0000H.2    0012H    0002H      -----    -----

?PR?_FLASH_BYTEWRITE?8051LIB                     0021H.0  0000H.2    0012H    0002H      -----    -----

BL51 BANKED LINKER/LOCATER V6.22.4.0                                                  07/31/2025  19:03:11  PAGE 8


?PR?_TEMPERATUREF?MAIN                           -----    -----      -----    -----      -----    -----
  +--> ?PR?_TEMPERATUREC?MAIN



SYMBOL TABLE OF MODULE:  IPT (?C_STARTUP)

  VALUE           TYPE          NAME
  ----------------------------------

  -------         MODULE        ?C_STARTUP
  C:40FFH         SEGMENT       ?C_C51STARTUP
  I:006FH         SEGMENT       ?STACK
  C:0000H         PUBLIC        ?C_STARTUP
  D:00E0H         SYMBOL        ACC
  D:00F0H         SYMBOL        B
  D:0083H         SYMBOL        DPH
  D:0082H         SYMBOL        DPL
  N:0000H         SYMBOL        IBPSTACK
  N:0100H         SYMBOL        IBPSTACKTOP
  N:0080H         SYMBOL        IDATALEN
  C:4102H         SYMBOL        IDATALOOP
  N:0000H         SYMBOL        PBPSTACK
  N:0100H         SYMBOL        PBPSTACKTOP
  N:00FFH         SYMBOL        PDATALEN
  C:4118H         SYMBOL        PDATALOOP
  N:0000H         SYMBOL        PDATASTART
  N:0000H         SYMBOL        PPAGE
  N:0000H         SYMBOL        PPAGEENABLE
  D:00A0H         SYMBOL        PPAGE_SFR
  D:0081H         SYMBOL        SP
  C:40FFH         SYMBOL        STARTUP1
  N:0000H         SYMBOL        XBPSTACK
  N:0000H         SYMBOL        XBPSTACKTOP
  N:0FFFH         SYMBOL        XDATALEN
  C:410DH         SYMBOL        XDATALOOP
  N:0000H         SYMBOL        XDATASTART
  C:0000H         LINE#         126
  C:40FFH         LINE#         133
  C:4101H         LINE#         134
  C:4102H         LINE#         135
  C:4103H         LINE#         136
  C:4105H         LINE#         140
  C:4108H         LINE#         141
  C:410AH         LINE#         143
  C:410CH         LINE#         147
  C:410DH         LINE#         148
  C:410EH         LINE#         149
  C:410FH         LINE#         150
  C:4111H         LINE#         151
  C:4113H         LINE#         159
  C:4115H         LINE#         160
  C:4117H         LINE#         161
  C:4118H         LINE#         162
  C:4119H         LINE#         163
  C:411AH         LINE#         164
  C:411CH         LINE#         185
BL51 BANKED LINKER/LOCATER V6.22.4.0                                                  07/31/2025  19:03:11  PAGE 9


  C:411FH         LINE#         196
  -------         ENDMOD        ?C_STARTUP

  -------         MODULE        MAIN
  C:0000H         SYMBOL        _ICE_DUMMY_
  D:0040H         PUBLIC        ck1
  D:0080H         PUBLIC        P0
  D:0041H         PUBLIC        ck2
  B:0090H.2       PUBLIC        CS_EE
  D:0090H         PUBLIC        P1
  B:00A0H.7       PUBLIC        CS_5V
  D:00FFH         PUBLIC        WDTCN
  D:00A0H         PUBLIC        P2
  D:00B0H         PUBLIC        P3
  B:00A8H.7       PUBLIC        EA
  X:0000H         PUBLIC        offset
  D:0042H         PUBLIC        scale
  X:0002H         PUBLIC        IPTSerialNo
  B:0090H.0       PUBLIC        CS_PR
  D:0030H         PUBLIC        n1
  D:0034H         PUBLIC        n2
  C:0D9EH         PUBLIC        main
  X:0006H         PUBLIC        PrsRange
  D:0044H         PUBLIC        acc
  C:3566H         PUBLIC        ReadEEProm
  X:0007H         PUBLIC        compensated_press
  B:00F8H.7       PUBLIC        SPIF
  X:000BH         PUBLIC        span
  X:000DH         PUBLIC        cof
  D:0038H         PUBLIC        Hr
  C:4A7EH         PUBLIC        SPIORead
  D:003CH         PUBLIC        Lr
  C:3C53H         PUBLIC        EXFILE
  C:3C45H         PUBLIC        EXNAME
  C:3C4CH         PUBLIC        EXVERSION
  D:0048H         PUBLIC        sgn
  X:0E51H         PUBLIC        ee
  C:4ACFH         PUBLIC        _SPIOWrite
  D:0049H         PUBLIC        psi
  D:008DH         PUBLIC        TH1
  C:3C5AH         PUBLIC        EXTIME
  C:4932H         PUBLIC        WriteNVRam
  B:00A0H.4       PUBLIC        LED
  C:3C52H         PUBLIC        EXPART
  C:470DH         PUBLIC        _TemperatureC
  D:004DH         PUBLIC        tf
  C:0003H         PUBLIC        _TemperatureF
  D:0051H         PUBLIC        pr
  D:00EFH         PUBLIC        RSTSRC
  D:0055H         PUBLIC        tp
  D:0057H         PUBLIC        f
  C:48F9H         PUBLIC        _SPIOWriteBuf
  D:009AH         PUBLIC        SPI0CFG
  C:4B3FH         PUBLIC        _CompPressureUnAdjusted
  C:4885H         PUBLIC        _SignCheck
  X:00A5H         PUBLIC        NVR_Buf
  X:00B6H         PUBLIC        PMin
BL51 BANKED LINKER/LOCATER V6.22.4.0                                                  07/31/2025  19:03:11  PAGE 10


  X:00BAH         PUBLIC        compensated_temp_c
  X:00BEH         PUBLIC        PMax
  D:009BH         PUBLIC        SPI0DAT
  X:00C2H         PUBLIC        TMin
  X:00C4H         PUBLIC        TMax
  -------         PROC          MAIN
  -------         DO            
  X:0300H         SYMBOL        a
  D:0008H         SYMBOL        RetStr
  X:0301H         SYMBOL        raw_temp_adc
  X:0303H         SYMBOL        raw_press_adc
  C:0DAEH         SYMBOL        task0
  C:0EDAH         SYMBOL        task1
  C:0DB2H         SYMBOL        task2
  C:0DB4H         SYMBOL        task3
  C:0DB6H         SYMBOL        task4
  C:0ED6H         SYMBOL        task5
  C:0DBAH         SYMBOL        task6
  C:0DBCH         SYMBOL        task7
  C:0F4FH         SYMBOL        idle
  -------         ENDDO         
  C:0D9EH         LINE#         152
  C:0D9EH         LINE#         157
  C:0DA0H         LINE#         161
  C:0DA2H         LINE#         162
  C:0DA4H         LINE#         164
  C:0DA7H         LINE#         165
  C:0DAAH         LINE#         168
  C:0DAFH         LINE#         171
  C:0DB4H         LINE#         172
  C:0DBBH         LINE#         173
  C:0DBBH         LINE#         175
  C:0DC0H         LINE#         176
  C:0DC7H         LINE#         177
  C:0DC7H         LINE#         179
  C:0DCCH         LINE#         180
  C:0DD3H         LINE#         181
  C:0DD3H         LINE#         183
  C:0DD8H         LINE#         184
  C:0DDFH         LINE#         185
  C:0DDFH         LINE#         187
  C:0DE4H         LINE#         188
  C:0DEBH         LINE#         189
  C:0DEBH         LINE#         191
  C:0DF0H         LINE#         192
  C:0DF7H         LINE#         193
  C:0DF7H         LINE#         194
  C:0DF7H         LINE#         196
  C:0DFAH         LINE#         197
  C:0DFDH         LINE#         199
  C:0E02H         LINE#         200
  C:0E05H         LINE#         201
  C:0E08H         LINE#         202
  C:0E10H         LINE#         203
  C:0E18H         LINE#         206
  C:0E1CH         LINE#         207
  C:0E21H         LINE#         209
BL51 BANKED LINKER/LOCATER V6.22.4.0                                                  07/31/2025  19:03:11  PAGE 11


  C:0E23H         LINE#         212
  C:0E2EH         LINE#         213
  C:0E3DH         LINE#         214
  C:0E43H         LINE#         215
  C:0E49H         LINE#         216
  C:0E4EH         LINE#         217
  C:0E51H         LINE#         218
  C:0E5EH         LINE#         219
  C:0E62H         LINE#         220
  C:0E69H         LINE#         221
  C:0E6BH         LINE#         222
  C:0E78H         LINE#         223
  C:0E85H         LINE#         224
  C:0E85H         LINE#         228
  C:0E89H         LINE#         229
  C:0E8EH         LINE#         230
  C:0E8EH         LINE#         232
  C:0E91H         LINE#         235
  C:0E93H         LINE#         239
  C:0E93H         LINE#         241
  C:0E96H         LINE#         247
  C:0E9EH         LINE#         248
  C:0EA5H         LINE#         249
  C:0EADH         LINE#         250
  C:0EB5H         LINE#         251
  C:0EBDH         LINE#         252
  C:0EC4H         LINE#         253
  C:0ECCH         LINE#         254
  C:0ED6H         LINE#         255
  C:0ED6H         LINE#         257
  C:0ED6H         LINE#         259
  C:0ED6H         LINE#         261
  C:0ED6H         LINE#         263
  C:0ED6H         LINE#         265
  C:0ED6H         LINE#         267
  C:0ED8H         LINE#         268
  C:0EDAH         LINE#         270
  C:0EDAH         LINE#         271
  C:0EDAH         LINE#         273
  C:0EDAH         LINE#         274
  C:0EDAH         LINE#         276
  C:0EDAH         LINE#         277
  C:0EDAH         LINE#         279
  C:0EDAH         LINE#         280
  C:0EF0H         LINE#         281
  C:0EFFH         LINE#         282
  C:0F07H         LINE#         283
  C:0F1DH         LINE#         284
  C:0F4FH         LINE#         285
  C:0F4FH         LINE#         287
  C:0F4FH         LINE#         288
  C:0F4FH         LINE#         290
  C:0F4FH         LINE#         291
  C:0F59H         LINE#         295
  C:0F60H         LINE#         296
  C:0F6CH         LINE#         298
  C:0F8CH         LINE#         301
BL51 BANKED LINKER/LOCATER V6.22.4.0                                                  07/31/2025  19:03:11  PAGE 12


  C:0FDCH         LINE#         304
  C:0FDCH         LINE#         305
  C:0FE0H         LINE#         306
  C:0FEFH         LINE#         307
  C:0FEFH         LINE#         308
  C:0FF2H         LINE#         309
  C:1009H         LINE#         310
  C:1009H         LINE#         311
  C:100CH         LINE#         314
  C:100CH         LINE#         315
  C:1010H         LINE#         317
  C:101DH         LINE#         318
  C:103CH         LINE#         319
  C:103CH         LINE#         320
  C:103CH         LINE#         321
  C:103FH         LINE#         322
  C:1042H         LINE#         323
  C:1042H         LINE#         324
  C:1045H         LINE#         325
  C:1048H         LINE#         326
  C:1048H         LINE#         327
  C:104BH         LINE#         328
  C:104EH         LINE#         329
  C:104EH         LINE#         330
  C:1051H         LINE#         331
  C:1054H         LINE#         332
  C:1054H         LINE#         333
  C:1057H         LINE#         334
  C:105AH         LINE#         335
  C:105AH         LINE#         336
  C:105DH         LINE#         337
  C:1060H         LINE#         338
  C:1060H         LINE#         339
  C:1060H         LINE#         340
  C:1077H         LINE#         341
  C:1077H         LINE#         342
  C:107AH         LINE#         345
  C:107AH         LINE#         346
  C:10A1H         LINE#         347
  C:10A4H         LINE#         350
  C:10A4H         LINE#         351
  C:10A8H         LINE#         352
  C:10BAH         LINE#         353
  C:10BDH         LINE#         354
  C:10C0H         LINE#         355
  C:10C0H         LINE#         356
  C:10D5H         LINE#         357
  C:10D9H         LINE#         358
  C:10D9H         LINE#         359
  C:10D9H         LINE#         360
  C:10DCH         LINE#         361
  C:1102H         LINE#         362
  C:1102H         LINE#         363
  C:1105H         LINE#         366
  C:1105H         LINE#         367
  C:1109H         LINE#         368
  C:1114H         LINE#         369
BL51 BANKED LINKER/LOCATER V6.22.4.0                                                  07/31/2025  19:03:11  PAGE 13


  C:1119H         LINE#         370
  C:1119H         LINE#         371
  C:111CH         LINE#         372
  C:1133H         LINE#         373
  C:1133H         LINE#         374
  C:1136H         LINE#         377
  C:1136H         LINE#         378
  C:1151H         LINE#         380
  C:1178H         LINE#         381
  C:117BH         LINE#         384
  C:117BH         LINE#         385
  C:119BH         LINE#         386
  C:119EH         LINE#         389
  C:119EH         LINE#         390
  C:11AAH         LINE#         391
  C:11AAH         LINE#         392
  C:11C1H         LINE#         393
  C:11C4H         LINE#         394
  C:11C4H         LINE#         395
  C:11E7H         LINE#         396
  C:11EAH         LINE#         397
  C:11EAH         LINE#         398
  C:11EAH         LINE#         400
  C:11EAH         LINE#         401
  C:11F1H         LINE#         402
  C:11F5H         LINE#         403
  C:11F9H         LINE#         404
  C:11FDH         LINE#         405
  C:1221H         LINE#         406
  C:1224H         LINE#         409
  C:1224H         LINE#         411
  C:1242H         LINE#         412
  C:1245H         LINE#         415
  C:1245H         LINE#         417
  C:1263H         LINE#         418
  C:1266H         LINE#         421
  C:1266H         LINE#         422
  C:1284H         LINE#         423
  C:1287H         LINE#         426
  C:1287H         LINE#         427
  C:1287H         LINE#         430
  C:1287H         LINE#         431
  C:1287H         LINE#         434
  C:1287H         LINE#         435
  C:128BH         LINE#         436
  C:129BH         LINE#         437
  C:129BH         LINE#         438
  C:129DH         LINE#         439
  C:12BCH         LINE#         440
  C:12BEH         LINE#         443
  C:12BEH         LINE#         444
  C:12C2H         LINE#         445
  C:12D2H         LINE#         446
  C:12D5H         LINE#         447
  C:12D8H         LINE#         448
  C:12F7H         LINE#         449
  C:12F9H         LINE#         452
BL51 BANKED LINKER/LOCATER V6.22.4.0                                                  07/31/2025  19:03:11  PAGE 14


  C:12F9H         LINE#         453
  C:131AH         LINE#         454
  C:131DH         LINE#         457
  C:131DH         LINE#         458
  C:1332H         LINE#         461
  C:1332H         LINE#         462
  C:1332H         LINE#         463
  -------         ENDPROC       MAIN
  -------         PROC          READEEPROM
  -------         DO            
  X:0305H         SYMBOL        a
  B:0021H.0       SYMBOL        Overflow
  C:3C6FH         SYMBOL        EEPRead
  -------         ENDDO         
  C:3566H         LINE#         471
  C:3566H         LINE#         476
  C:3568H         LINE#         479
  C:3573H         LINE#         482
  C:3578H         LINE#         485
  C:357BH         LINE#         487
  C:358DH         LINE#         490
  C:359CH         LINE#         491
  C:35A0H         LINE#         492
  C:35A9H         LINE#         494
  C:35ABH         LINE#         497
  C:35B9H         LINE#         500
  C:35BFH         LINE#         501
  C:35BFH         LINE#         502
  C:35C1H         LINE#         504
  C:35C5H         LINE#         505
  C:35D9H         LINE#         506
  C:35EAH         LINE#         507
  C:35FCH         LINE#         508
  C:360DH         LINE#         509
  C:3631H         LINE#         510
  C:3666H         LINE#         513
  C:3672H         LINE#         514
  C:3674H         LINE#         515
  C:3676H         LINE#         516
  C:3676H         LINE#         517
  C:3684H         LINE#         518
  C:3687H         LINE#         519
  C:368DH         LINE#         522
  C:36B5H         LINE#         525
  C:36BCH         LINE#         526
  C:36C0H         LINE#         527
  C:36C4H         LINE#         528
  C:36C8H         LINE#         530
  C:36CFH         LINE#         531
  C:36D3H         LINE#         532
  C:36D7H         LINE#         533
  C:36DBH         LINE#         536
  C:36E2H         LINE#         537
  C:36E6H         LINE#         539
  C:36EDH         LINE#         540
  C:36F1H         LINE#         542
  C:36F3H         LINE#         543
BL51 BANKED LINKER/LOCATER V6.22.4.0                                                  07/31/2025  19:03:11  PAGE 15


  C:36F6H         LINE#         544
  C:36F6H         LINE#         545
  C:36F8H         LINE#         546
  -------         ENDPROC       READEEPROM
  -------         PROC          _SIGNCHECK
  D:0004H         SYMBOL        a
  X:030AH         SYMBOL        b
  -------         DO            
  B:0021H.1       SYMBOL        ab
  B:0021H.2       SYMBOL        bb
  -------         ENDDO         
  C:4885H         LINE#         548
  C:4885H         LINE#         549
  C:4887H         LINE#         550
  C:4889H         LINE#         552
  C:4893H         LINE#         553
  C:48B3H         LINE#         554
  C:48BEH         LINE#         556
  -------         ENDPROC       _SIGNCHECK
  -------         PROC          _SPIOWRITEBUF
  X:0306H         SYMBOL        b
  X:0309H         SYMBOL        len
  -------         DO            
  X:030AH         SYMBOL        a
  -------         ENDDO         
  C:48F9H         LINE#         564
  C:4906H         LINE#         566
  C:4914H         LINE#         567
  C:492AH         LINE#         568
  C:4931H         LINE#         569
  -------         ENDPROC       _SPIOWRITEBUF
  -------         PROC          _SPIOWRITE
  D:0007H         SYMBOL        b
  -------         DO            
  D:0006H         SYMBOL        a
  -------         ENDDO         
  C:4ACFH         LINE#         577
  C:4ACFH         LINE#         578
  C:4AD1H         LINE#         579
  C:4AD3H         LINE#         580
  C:4AD5H         LINE#         581
  C:4ADEH         LINE#         583
  C:4AE0H         LINE#         584
  -------         ENDPROC       _SPIOWRITE
  -------         PROC          SPIOREAD
  -------         DO            
  D:0007H         SYMBOL        a
  -------         ENDDO         
  C:4A7EH         LINE#         592
  C:4A7EH         LINE#         593
  C:4A80H         LINE#         594
  C:4A82H         LINE#         595
  C:4A85H         LINE#         596
  C:4A8EH         LINE#         598
  C:4A90H         LINE#         599
  C:4A92H         LINE#         600
  -------         ENDPROC       SPIOREAD
BL51 BANKED LINKER/LOCATER V6.22.4.0                                                  07/31/2025  19:03:11  PAGE 16


  -------         PROC          _COMPPRESSUREUNADJUSTED
  D:0004H         SYMBOL        p
  C:4B3FH         LINE#         613
  C:4B3FH         LINE#         614
  C:4B3FH         LINE#         617
  -------         ENDPROC       _COMPPRESSUREUNADJUSTED
  -------         PROC          WRITENVRAM
  C:4932H         LINE#         626
  C:4932H         LINE#         627
  C:493FH         LINE#         628
  C:494CH         LINE#         629
  C:495BH         LINE#         630
  -------         ENDPROC       WRITENVRAM
  -------         PROC          _TEMPERATUREC
  D:0006H         SYMBOL        r
  C:470DH         LINE#         642
  C:470DH         LINE#         644
  -------         ENDPROC       _TEMPERATUREC
  -------         PROC          _TEMPERATUREF
  D:0006H         SYMBOL        r
  C:0003H         LINE#         652
  C:0003H         LINE#         653
  -------         ENDPROC       _TEMPERATUREF
  -------         ENDMOD        MAIN

  -------         MODULE        IPTCONFIG
  C:0000H         SYMBOL        _ICE_DUMMY_
  D:009DH         PUBLIC        SPI0CKR
  D:00E7H         PUBLIC        EIE2
  D:00E8H         PUBLIC        ADC0CN
  D:00A4H         PUBLIC        P0MDOUT
  D:00A5H         PUBLIC        P1MDOUT
  D:00A8H         PUBLIC        IE
  D:00A6H         PUBLIC        P2MDOUT
  D:0093H         PUBLIC        TMR3RLH
  D:0092H         PUBLIC        TMR3RLL
  C:4B04H         PUBLIC        Port_IO_Init
  D:00D8H         PUBLIC        PCA0CN
  D:00B8H         PUBLIC        IP
  C:4A1DH         PUBLIC        Oscillator_Init
  D:00E1H         PUBLIC        XBR0
  D:00E3H         PUBLIC        XBR2
  D:00C0H         PUBLIC        SMB0CN
  D:00F8H         PUBLIC        SPI0CN
  C:006DH         PUBLIC        UART_Init
  D:0089H         PUBLIC        TMOD
  D:0088H         PUBLIC        TCON
  D:0091H         PUBLIC        TMR3CN
  C:4B72H         PUBLIC        Interrupts_Init
  D:00B2H         PUBLIC        OSCICN
  C:4AE1H         PUBLIC        Init_Device
  D:008DH         PUBLIC        TH1
  D:00B1H         PUBLIC        OSCXCN
  C:4B55H         PUBLIC        SPI_Init
  D:0098H         PUBLIC        SCON0
  D:00C8H         PUBLIC        T2CON
  D:009AH         PUBLIC        SPI0CFG
BL51 BANKED LINKER/LOCATER V6.22.4.0                                                  07/31/2025  19:03:11  PAGE 17


  D:008EH         PUBLIC        CKCON
  C:4A68H         PUBLIC        Timer_Init
  D:00D0H         PUBLIC        PSW
  -------         PROC          TIMER_INIT
  C:4A68H         LINE#         9
  C:4A68H         LINE#         10
  C:4A68H         LINE#         11
  C:4A6BH         LINE#         12
  C:4A6EH         LINE#         13
  C:4A71H         LINE#         14
  C:4A74H         LINE#         15
  C:4A77H         LINE#         16
  C:4A7AH         LINE#         17
  C:4A7DH         LINE#         18
  -------         ENDPROC       TIMER_INIT
  -------         PROC          UART_INIT
  C:006DH         LINE#         20
  C:006DH         LINE#         21
  C:006DH         LINE#         22
  C:0070H         LINE#         23
  -------         ENDPROC       UART_INIT
  -------         PROC          SPI_INIT
  C:4B55H         LINE#         25
  C:4B55H         LINE#         26
  C:4B55H         LINE#         27
  C:4B58H         LINE#         28
  C:4B5BH         LINE#         29
  C:4B5EH         LINE#         30
  -------         ENDPROC       SPI_INIT
  -------         PROC          PORT_IO_INIT
  C:4B04H         LINE#         32
  C:4B04H         LINE#         33
  C:4B04H         LINE#         70
  C:4B07H         LINE#         71
  C:4B0AH         LINE#         72
  C:4B0DH         LINE#         73
  C:4B10H         LINE#         74
  C:4B13H         LINE#         75
  -------         ENDPROC       PORT_IO_INIT
  -------         PROC          OSCILLATOR_INIT
  -------         DO            
  D:0006H         SYMBOL        i
  -------         ENDDO         
  C:4A1DH         LINE#         77
  C:4A1DH         LINE#         78
  C:4A1DH         LINE#         79
  C:4A20H         LINE#         80
  C:4A23H         LINE#         81
  C:4A2EH         LINE#         82
  C:4A33H         LINE#         83
  C:4A36H         LINE#         84
  -------         ENDPROC       OSCILLATOR_INIT
  -------         PROC          INTERRUPTS_INIT
  C:4B72H         LINE#         86
  C:4B72H         LINE#         87
  C:4B72H         LINE#         88
  C:4B75H         LINE#         89
BL51 BANKED LINKER/LOCATER V6.22.4.0                                                  07/31/2025  19:03:11  PAGE 18


  C:4B78H         LINE#         90
  -------         ENDPROC       INTERRUPTS_INIT
  -------         PROC          INIT_DEVICE
  C:4AE1H         LINE#         94
  C:4AE1H         LINE#         95
  C:4AE1H         LINE#         96
  C:4AE4H         LINE#         97
  C:4AE7H         LINE#         98
  C:4AEAH         LINE#         99
  C:4AEDH         LINE#         100
  C:4AF0H         LINE#         101
  -------         ENDPROC       INIT_DEVICE
  -------         ENDMOD        IPTCONFIG

  -------         MODULE        8051LIB
  C:0000H         SYMBOL        _ICE_DUMMY_
  D:0023H         PUBLIC        OutTp
  D:0080H         PUBLIC        P0
  D:0090H         PUBLIC        P1
  C:17BDH         PUBLIC        LIBVERSION
  D:00FFH         PUBLIC        WDTCN
  D:00A0H         PUBLIC        P2
  B:00A8H.7       PUBLIC        EA
  C:0026H         PUBLIC        Timer3_ISR
  D:008FH         PUBLIC        PSCTL
  C:17CCH         PUBLIC        LIBTIME
  C:4A93H         PUBLIC        InitEQue
  C:4B69H         PUBLIC        _SetRStatus
  C:17E1H         PUBLIC        Line
  X:00C7H         PUBLIC        t4c
  B:0022H.3       PUBLIC        TX_Int_Restart_Flag1
  X:00C8H         PUBLIC        Parm
  C:4A51H         PUBLIC        _AbsDiff
  D:00ADH         PUBLIC        P3IF
  X:00D8H         PUBLIC        t4m
  C:3E15H         PUBLIC        ErrTable
  X:00D9H         PUBLIC        t4o
  C:3C71H         PUBLIC        GetHostPacket
  C:4763H         PUBLIC        _Strup
  C:4326H         PUBLIC        _CheckCommand
  C:49C4H         PUBLIC        _Transmit_UART0
  D:0024H         PUBLIC        ParmIndx
  C:3FA1H         PUBLIC        _ErrLookup
  X:0F07H         PUBLIC        RawCPUTemperature
  C:2242H         PUBLIC        _MenuTask
  D:0020H         PUBLIC        Tsf
  D:0025H         PUBLIC        HPCmd
  X:0F09H         PUBLIC        MenuPoll
  B:0022H.4       PUBLIC        Echo1
  B:0022H.5       PUBLIC        Echo2
  D:0027H         PUBLIC        NetAdd
  X:0100H         PUBLIC        Rb
  X:0200H         PUBLIC        Tb
  C:4B80H         PUBLIC        Ext7_ISR
  D:0028H         PUBLIC        crc
  D:0091H         PUBLIC        TMR3CN
  X:0F0AH         PUBLIC        eqi
BL51 BANKED LINKER/LOCATER V6.22.4.0                                                  07/31/2025  19:03:11  PAGE 19


  C:44EAH         PUBLIC        _ParseCommand
  C:3EDEH         PUBLIC        ErrDump
  C:16B0H         PUBLIC        CRCTable
  C:4995H         PUBLIC        _Flash_PageErase
  X:0F0BH         PUBLIC        cb
  C:4B4AH         PUBLIC        _RunCRC8
  C:42ADH         PUBLIC        _WriteErrorQue
  D:0029H         PUBLIC        HPNetAdd
  B:0098H.1       PUBLIC        TI0
  C:47B3H         PUBLIC        _Flash_Read
  C:181CH         PUBLIC        mnu
  C:4847H         PUBLIC        _Crc8
  X:0F3DH         PUBLIC        cp
  X:0F6FH         PUBLIC        cs
  D:002AH         PUBLIC        RState
  D:002BH         PUBLIC        LError
  X:00DAH         PUBLIC        RStatus
  B:0020H.0       PUBLIC        Tsf0
  B:0020H.1       PUBLIC        Tsf1
  C:46B5H         PUBLIC        _Flash_Write
  B:0022H.6       PUBLIC        TX_Int_Restart_Flag
  B:0020H.2       PUBLIC        Tsf2
  B:0020H.3       PUBLIC        Tsf3
  B:0020H.4       PUBLIC        Tsf4
  B:0020H.5       PUBLIC        Tsf5
  B:0020H.6       PUBLIC        Tsf6
  B:0020H.7       PUBLIC        Tsf7
  C:36F9H         PUBLIC        _GetCommand
  C:0076H         PUBLIC        _Flash_ByteRead
  X:0FA1H         PUBLIC        TaskOverRun
  X:0FA2H         PUBLIC        EQue
  C:1811H         PUBLIC        Head
  D:00B6H         PUBLIC        FLSCL
  C:4966H         PUBLIC        _Flash_ByteWrite
  C:43A0H         PUBLIC        M32_24
  C:17C2H         PUBLIC        LIBFILE
  C:465CH         PUBLIC        M32_16
  D:002CH         PUBLIC        InRp
  C:17B0H         PUBLIC        LIBNAME
  C:4A37H         PUBLIC        InitSerial
  C:48BFH         PUBLIC        _putchar
  D:002DH         PUBLIC        InTp
  D:002EH         PUBLIC        OutRp
  -------         PROC          INITSERIAL
  C:4A37H         LINE#         155
  C:4A37H         LINE#         158
  C:4A39H         LINE#         159
  C:4A3BH         LINE#         162
  C:4A3EH         LINE#         163
  C:4A40H         LINE#         164
  C:4A42H         LINE#         165
  C:4A44H         LINE#         167
  C:4A46H         LINE#         170
  C:4A48H         LINE#         171
  C:4A4AH         LINE#         174
  C:4A4CH         LINE#         175
  C:4A4EH         LINE#         177
BL51 BANKED LINKER/LOCATER V6.22.4.0                                                  07/31/2025  19:03:11  PAGE 20


  C:4A50H         LINE#         179
  -------         ENDPROC       INITSERIAL
  -------         PROC          GETHOSTPACKET
  -------         DO            
  X:0305H         SYMBOL        InChar
  -------         ENDDO         
  C:3C71H         LINE#         188
  C:3C71H         LINE#         191
  C:3C7AH         LINE#         192
  C:3C8CH         LINE#         194
  C:3CAFH         LINE#         195
  C:3CAFH         LINE#         196
  C:3CB6H         LINE#         197
  C:3CB9H         LINE#         198
  C:3CBBH         LINE#         199
  C:3CBEH         LINE#         200
  C:3CBEH         LINE#         201
  C:3CC0H         LINE#         203
  C:3CC0H         LINE#         204
  C:3CC9H         LINE#         205
  C:3CD4H         LINE#         206
  C:3CD7H         LINE#         207
  C:3CD9H         LINE#         212
  C:3CD9H         LINE#         213
  C:3CE2H         LINE#         214
  C:3CEBH         LINE#         215
  C:3CF4H         LINE#         216
  C:3CF7H         LINE#         217
  C:3CFAH         LINE#         218
  C:3CFAH         LINE#         219
  C:3CFAH         LINE#         220
  C:3CFCH         LINE#         221
  C:3CFFH         LINE#         222
  C:3CFFH         LINE#         223
  C:3D02H         LINE#         225
  C:3D02H         LINE#         226
  C:3D07H         LINE#         227
  C:3D0AH         LINE#         228
  C:3D0DH         LINE#         230
  C:3D0DH         LINE#         231
  C:3D12H         LINE#         232
  C:3D15H         LINE#         233
  C:3D18H         LINE#         234
  C:3D1BH         LINE#         236
  C:3D1BH         LINE#         237
  C:3D22H         LINE#         238
  C:3D29H         LINE#         239
  C:3D29H         LINE#         240
  C:3D2BH         LINE#         241
  C:3D2BH         LINE#         242
  C:3D32H         LINE#         243
  C:3D34H         LINE#         244
  C:3D37H         LINE#         245
  C:3D37H         LINE#         246
  C:3D3AH         LINE#         248
  C:3D3AH         LINE#         249
  C:3D3DH         LINE#         250
BL51 BANKED LINKER/LOCATER V6.22.4.0                                                  07/31/2025  19:03:11  PAGE 21


  C:3D40H         LINE#         252
  C:3D40H         LINE#         253
  C:3D40H         LINE#         254
  C:3D44H         LINE#         255
  -------         ENDPROC       GETHOSTPACKET
  -------         PROC          _CRC8
  X:0305H         SYMBOL        DataPtr
  X:0308H         SYMBOL        len
  C:4847H         LINE#         269
  C:4854H         LINE#         270
  C:4857H         LINE#         272
  C:485FH         LINE#         273
  C:4870H         LINE#         274
  C:487BH         LINE#         275
  C:4882H         LINE#         276
  C:4884H         LINE#         277
  -------         ENDPROC       _CRC8
  -------         PROC          _RUNCRC8
  D:0007H         SYMBOL        b
  C:4B4AH         LINE#         314
  C:4B4AH         LINE#         315
  C:4B53H         LINE#         316
  C:4B54H         LINE#         317
  -------         ENDPROC       _RUNCRC8
  -------         PROC          _TRANSMIT_UART0
  X:034BH         SYMBOL        c
  C:49C4H         LINE#         331
  C:49C8H         LINE#         334
  C:49D8H         LINE#         335
  C:49DDH         LINE#         336
  C:49E4H         LINE#         337
  C:49E6H         LINE#         338
  C:49E6H         LINE#         341
  C:49E9H         LINE#         342
  C:49EBH         LINE#         343
  C:49EDH         LINE#         344
  C:49EDH         LINE#         345
  C:49F1H         LINE#         346
  -------         ENDPROC       _TRANSMIT_UART0
  -------         PROC          _PUTCHAR
  X:0348H         SYMBOL        c
  -------         DO            
  X:0349H         SYMBOL        to
  -------         ENDDO         
  C:48BFH         LINE#         360
  C:48C3H         LINE#         361
  C:48C9H         LINE#         363
  C:48E8H         LINE#         364
  C:48EBH         LINE#         365
  C:48EDH         LINE#         366
  C:48F4H         LINE#         367
  C:48F8H         LINE#         368
  -------         ENDPROC       _PUTCHAR
  -------         PROC          EXT7_ISR
  C:4B80H         LINE#         410
  C:4B80H         LINE#         411
  C:4B83H         LINE#         412
BL51 BANKED LINKER/LOCATER V6.22.4.0                                                  07/31/2025  19:03:11  PAGE 22


  -------         ENDPROC       EXT7_ISR
  -------         PROC          TIMER3_ISR
  -------         DO            
  D:0007H         SYMBOL        ShiftMask
  -------         ENDDO         
  C:0026H         LINE#         454
  C:0035H         LINE#         457
  C:0038H         LINE#         458
  C:003DH         LINE#         459
  C:003FH         LINE#         460
  C:0048H         LINE#         461
  C:004DH         LINE#         462
  C:0052H         LINE#         463
  C:0056H         LINE#         464
  C:0058H         LINE#         465
  C:005DH         LINE#         466
  C:0060H         LINE#         467
  -------         ENDPROC       TIMER3_ISR
  -------         PROC          _STRUP
  X:0306H         SYMBOL        s
  -------         DO            
  X:0309H         SYMBOL        i
  -------         ENDDO         
  C:4763H         LINE#         502
  C:476DH         LINE#         504
  C:4772H         LINE#         505
  C:478BH         LINE#         506
  C:47A5H         LINE#         507
  C:47B0H         LINE#         508
  C:47B2H         LINE#         509
  -------         ENDPROC       _STRUP
  -------         PROC          _FLASH_WRITE
  X:0305H         SYMBOL        b
  X:0308H         SYMBOL        len
  -------         DO            
  X:0309H         SYMBOL        addr
  -------         ENDDO         
  C:46B5H         LINE#         544
  C:46C2H         LINE#         545
  C:46C7H         LINE#         547
  C:46CDH         LINE#         548
  C:46CFH         LINE#         549
  C:46D2H         LINE#         550
  C:46D2H         LINE#         552
  C:46DAH         LINE#         553
  C:46E3H         LINE#         554
  C:470AH         LINE#         555
  C:470CH         LINE#         556
  -------         ENDPROC       _FLASH_WRITE
  -------         PROC          _FLASH_READ
  X:0305H         SYMBOL        b
  X:0308H         SYMBOL        len
  -------         DO            
  X:0309H         SYMBOL        addr
  -------         ENDDO         
  C:47B3H         LINE#         574
  C:47C0H         LINE#         575
BL51 BANKED LINKER/LOCATER V6.22.4.0                                                  07/31/2025  19:03:11  PAGE 23


  C:47C5H         LINE#         577
  C:47CBH         LINE#         578
  C:47CDH         LINE#         579
  C:47D0H         LINE#         580
  C:47D0H         LINE#         582
  C:47D9H         LINE#         583
  C:4800H         LINE#         584
  C:4802H         LINE#         585
  -------         ENDPROC       _FLASH_READ
  -------         PROC          _FLASH_BYTEWRITE
  D:0006H         SYMBOL        addr
  D:0005H         SYMBOL        c
  B:0021H.0       SYMBOL        SFLE
  -------         DO            
  B:0021H.1       SYMBOL        EA_SAVE
  D:0012H         SYMBOL        pwrite
  -------         ENDDO         
  C:4966H         LINE#         603
  C:4966H         LINE#         604
  C:4966H         LINE#         605
  C:496AH         LINE#         608
  C:496CH         LINE#         610
  C:4970H         LINE#         612
  C:4973H         LINE#         613
  C:4976H         LINE#         615
  C:4979H         LINE#         616
  C:497CH         LINE#         617
  C:497CH         LINE#         619
  C:4984H         LINE#         621
  C:4987H         LINE#         622
  C:498AH         LINE#         623
  C:498AH         LINE#         625
  C:498DH         LINE#         626
  C:4990H         LINE#         628
  C:4994H         LINE#         629
  -------         ENDPROC       _FLASH_BYTEWRITE
  -------         PROC          _FLASH_BYTEREAD
  D:0006H         SYMBOL        addr
  B:0021H.0       SYMBOL        SFLE
  -------         DO            
  B:0021H.1       SYMBOL        EA_SAVE
  D:0012H         SYMBOL        pread
  D:0007H         SYMBOL        c
  -------         ENDDO         
  C:0076H         LINE#         641
  C:0076H         LINE#         642
  C:0076H         LINE#         643
  C:007AH         LINE#         647
  C:007CH         LINE#         649
  C:0080H         LINE#         651
  C:0083H         LINE#         652
  C:0086H         LINE#         653
  C:0086H         LINE#         655
  C:008FH         LINE#         657
  C:0092H         LINE#         658
  C:0095H         LINE#         659
  C:0095H         LINE#         661
BL51 BANKED LINKER/LOCATER V6.22.4.0                                                  07/31/2025  19:03:11  PAGE 24


  C:0099H         LINE#         663
  C:0099H         LINE#         664
  -------         ENDPROC       _FLASH_BYTEREAD
  -------         PROC          _FLASH_PAGEERASE
  D:0006H         SYMBOL        addr
  B:0021H.0       SYMBOL        SFLE
  -------         DO            
  B:0021H.1       SYMBOL        EA_SAVE
  D:0012H         SYMBOL        pwrite
  -------         ENDDO         
  C:4995H         LINE#         676
  C:4995H         LINE#         677
  C:4995H         LINE#         678
  C:4999H         LINE#         681
  C:499BH         LINE#         683
  C:499FH         LINE#         685
  C:49A2H         LINE#         686
  C:49A5H         LINE#         688
  C:49A8H         LINE#         689
  C:49ABH         LINE#         690
  C:49ABH         LINE#         692
  C:49B3H         LINE#         694
  C:49B6H         LINE#         695
  C:49B9H         LINE#         696
  C:49B9H         LINE#         698
  C:49BCH         LINE#         699
  C:49BFH         LINE#         701
  C:49C3H         LINE#         702
  -------         ENDPROC       _FLASH_PAGEERASE
  -------         PROC          _ABSDIFF
  D:0007H         SYMBOL        in
  D:0005H         SYMBOL        out
  C:4A51H         LINE#         750
  C:4A51H         LINE#         754
  C:4A55H         LINE#         755
  C:4A5AH         LINE#         756
  C:4A5EH         LINE#         758
  C:4A65H         LINE#         759
  C:4A65H         LINE#         760
  C:4A67H         LINE#         762
  -------         ENDPROC       _ABSDIFF
  -------         PROC          INITEQUE
  C:4A93H         LINE#         887
  C:4A93H         LINE#         888
  C:4AA2H         LINE#         889
  C:4AA7H         LINE#         890
  -------         ENDPROC       INITEQUE
  -------         PROC          L?0164
  -------         ENDPROC       L?0164
  -------         PROC          _WRITEERRORQUE
  D:0007H         SYMBOL        Source
  D:0005H         SYMBOL        Error
  C:42ADH         LINE#         903
  C:42ADH         LINE#         906
  C:42CDH         LINE#         909
  C:42D6H         LINE#         910
  C:42D8H         LINE#         911
BL51 BANKED LINKER/LOCATER V6.22.4.0                                                  07/31/2025  19:03:11  PAGE 25


  C:42E9H         LINE#         912
  C:42FDH         LINE#         913
  C:42FDH         LINE#         914
  C:4310H         LINE#         915
  C:4325H         LINE#         916
  -------         ENDPROC       _WRITEERRORQUE
  -------         PROC          ERRDUMP
  -------         DO            
  X:0309H         SYMBOL        a
  -------         ENDDO         
  C:3EDEH         LINE#         928
  C:3EDEH         LINE#         931
  C:3EE8H         LINE#         932
  C:3EF6H         LINE#         933
  C:3EFBH         LINE#         934
  C:3F01H         LINE#         935
  C:3F05H         LINE#         937
  C:3F18H         LINE#         938
  C:3F1FH         LINE#         939
  C:3F6CH         LINE#         940
  C:3F6EH         LINE#         941
  C:3F94H         LINE#         942
  C:3F94H         LINE#         943
  C:3F97H         LINE#         944
  C:3F9AH         LINE#         945
  C:3FA0H         LINE#         946
  C:3FA0H         LINE#         947
  -------         ENDPROC       ERRDUMP
  -------         PROC          ERRTABLE
  -------         DO            
  X:0309H         SYMBOL        i
  X:030AH         SYMBOL        a
  -------         ENDDO         
  C:3E15H         LINE#         960
  C:3E15H         LINE#         963
  C:3E1AH         LINE#         964
  C:3E20H         LINE#         965
  C:3E24H         LINE#         966
  C:3E3AH         LINE#         967
  C:3E43H         LINE#         968
  C:3E71H         LINE#         969
  C:3E76H         LINE#         970
  C:3E79H         LINE#         971
  C:3E7BH         LINE#         972
  C:3E80H         LINE#         973
  C:3E96H         LINE#         974
  C:3E9FH         LINE#         975
  C:3ECDH         LINE#         976
  C:3ED2H         LINE#         977
  C:3ED5H         LINE#         978
  C:3ED7H         LINE#         979
  C:3EDDH         LINE#         980
  -------         ENDPROC       ERRTABLE
  -------         PROC          _ERRLOOKUP
  X:030AH         SYMBOL        src
  X:030BH         SYMBOL        err
  C:3FA1H         LINE#         993
BL51 BANKED LINKER/LOCATER V6.22.4.0                                                  07/31/2025  19:03:11  PAGE 26


  C:3FA8H         LINE#         995
  C:3FADH         LINE#         996
  C:3FD9H         LINE#         997
  C:3FDBH         LINE#         998
  C:3FF6H         LINE#         999
  C:3FF6H         LINE#         1000
  C:3FFFH         LINE#         1002
  C:4008H         LINE#         1003
  C:4033H         LINE#         1004
  C:4035H         LINE#         1005
  C:4050H         LINE#         1006
  C:4050H         LINE#         1007
  -------         ENDPROC       _ERRLOOKUP
  -------         PROC          _GETCOMMAND
  D:0007H         SYMBOL        c
  -------         DO            
  X:00C6H         SYMBOL        i
  -------         ENDDO         
  C:36F9H         LINE#         1055
  C:36F9H         LINE#         1060
  C:370DH         LINE#         1062
  C:371BH         LINE#         1063
  C:3730H         LINE#         1064
  C:3730H         LINE#         1067
  C:3747H         LINE#         1068
  C:374BH         LINE#         1069
  C:3758H         LINE#         1070
  C:375BH         LINE#         1073
  C:3763H         LINE#         1074
  C:376BH         LINE#         1075
  C:377FH         LINE#         1076
  C:378CH         LINE#         1077
  C:379BH         LINE#         1078
  C:37C9H         LINE#         1079
  C:37D2H         LINE#         1080
  C:37DBH         LINE#         1081
  C:37DBH         LINE#         1082
  C:37E0H         LINE#         1083
  C:37E0H         LINE#         1084
  C:37E0H         LINE#         1085
  C:37F0H         LINE#         1089
  C:37F7H         LINE#         1090
  C:37FAH         LINE#         1092
  C:3800H         LINE#         1093
  -------         ENDPROC       _GETCOMMAND
  -------         PROC          _CHECKCOMMAND
  X:0306H         SYMBOL        ib
  X:0309H         SYMBOL        mnu
  -------         DO            
  X:030CH         SYMBOL        i
  -------         ENDDO         
  C:4326H         LINE#         1097
  C:4330H         LINE#         1100
  C:4336H         LINE#         1101
  C:4357H         LINE#         1102
  C:438BH         LINE#         1103
  C:438BH         LINE#         1104
BL51 BANKED LINKER/LOCATER V6.22.4.0                                                  07/31/2025  19:03:11  PAGE 27


  C:438BH         LINE#         1105
  C:4396H         LINE#         1106
  C:4398H         LINE#         1107
  C:439FH         LINE#         1108
  -------         ENDPROC       _CHECKCOMMAND
  -------         PROC          _PARSECOMMAND
  D:0001H         SYMBOL        ib
  -------         DO            
  D:0006H         SYMBOL        i
  -------         ENDDO         
  C:44EAH         LINE#         1136
  C:44EAH         LINE#         1139
  C:44EFH         LINE#         1140
  C:44FFH         LINE#         1142
  C:4522H         LINE#         1143
  C:453AH         LINE#         1144
  C:453FH         LINE#         1145
  C:4541H         LINE#         1146
  C:4546H         LINE#         1147
  C:4546H         LINE#         1151
  C:4549H         LINE#         1152
  C:4549H         LINE#         1153
  C:4549H         LINE#         1154
  -------         ENDPROC       _PARSECOMMAND
  -------         PROC          _MENUTASK
  D:0007H         SYMBOL        task
  -------         DO            
  X:0306H         SYMBOL        i
  X:0308H         SYMBOL        a
  -------         ENDDO         
  C:2242H         LINE#         1161
  C:2242H         LINE#         1172
  C:228BH         LINE#         1173
  C:228BH         LINE#         1174
  C:2291H         LINE#         1175
  C:2297H         LINE#         1176
  C:229BH         LINE#         1177
  C:22C7H         LINE#         1178
  C:22DFH         LINE#         1179
  C:233AH         LINE#         1180
  C:233DH         LINE#         1181
  C:233DH         LINE#         1182
  C:2348H         LINE#         1183
  C:234BH         LINE#         1187
  C:234BH         LINE#         1188
  C:2351H         LINE#         1189
  C:2355H         LINE#         1190
  C:2377H         LINE#         1191
  C:2399H         LINE#         1192
  C:23BBH         LINE#         1193
  C:23DDH         LINE#         1194
  C:23E0H         LINE#         1195
  C:2402H         LINE#         1196
  C:2424H         LINE#         1197
  C:2446H         LINE#         1198
  C:2468H         LINE#         1199
  C:247EH         LINE#         1200
BL51 BANKED LINKER/LOCATER V6.22.4.0                                                  07/31/2025  19:03:11  PAGE 28


  C:248EH         LINE#         1201
  C:248EH         LINE#         1202
  C:2494H         LINE#         1203
  C:2496H         LINE#         1204
  C:2496H         LINE#         1205
  C:249CH         LINE#         1206
  C:249EH         LINE#         1207
  C:249EH         LINE#         1208
  C:24A7H         LINE#         1209
  C:24A7H         LINE#         1210
  C:24A7H         LINE#         1211
  C:24ADH         LINE#         1212
  C:24AEH         LINE#         1215
  C:24AEH         LINE#         1216
  C:24B1H         LINE#         1217
  C:24B1H         LINE#         1220
  C:24B1H         LINE#         1221
  C:24B4H         LINE#         1222
  C:24B4H         LINE#         1225
  C:24B4H         LINE#         1228
  C:24B4H         LINE#         1231
  C:24B4H         LINE#         1232
  C:24C3H         LINE#         1233
  C:24C9H         LINE#         1234
  C:24CCH         LINE#         1237
  C:24CCH         LINE#         1238
  C:24CEH         LINE#         1239
  C:24EDH         LINE#         1240
  C:24F0H         LINE#         1242
  C:24F0H         LINE#         1243
  C:24F2H         LINE#         1244
  C:2511H         LINE#         1245
  C:2514H         LINE#         1248
  C:2514H         LINE#         1249
  C:2523H         LINE#         1250
  C:2526H         LINE#         1253
  C:2526H         LINE#         1254
  C:2548H         LINE#         1255
  C:2554H         LINE#         1256
  C:2557H         LINE#         1259
  C:2557H         LINE#         1263
  C:256DH         LINE#         1264
  C:2570H         LINE#         1265
  C:2570H         LINE#         1268
  C:2570H         LINE#         1269
  C:2576H         LINE#         1270
  C:2579H         LINE#         1272
  C:2579H         LINE#         1273
  C:25A1H         LINE#         1274
  C:25A4H         LINE#         1276
  C:25A4H         LINE#         1277
  C:25AAH         LINE#         1278
  C:25ADH         LINE#         1280
  C:25ADH         LINE#         1281
  C:25B3H         LINE#         1282
  C:25B6H         LINE#         1285
  C:25B6H         LINE#         1286
BL51 BANKED LINKER/LOCATER V6.22.4.0                                                  07/31/2025  19:03:11  PAGE 29


  C:25D8H         LINE#         1287
  C:2600H         LINE#         1288
  C:2603H         LINE#         1291
  C:2603H         LINE#         1292
  C:2625H         LINE#         1293
  C:264DH         LINE#         1294
  C:2650H         LINE#         1297
  C:2650H         LINE#         1298
  C:267CH         LINE#         1299
  C:267FH         LINE#         1300
  C:269FH         LINE#         1302
  C:26A1H         LINE#         1305
  C:26A1H         LINE#         1306
  C:26CDH         LINE#         1307
  C:26D0H         LINE#         1308
  C:26E6H         LINE#         1309
  C:26E6H         LINE#         1311
  C:26E6H         LINE#         1312
  -------         ENDPROC       _MENUTASK
  -------         PROC          M32_24
  C:43A0H         LINE#         1320
  C:43A0H         LINE#         1321
  C:43A3H         LINE#         1322
  C:43BDH         LINE#         1323
  C:43DCH         LINE#         1324
  C:43DFH         LINE#         1327
  C:43E2H         LINE#         1328
  C:43E5H         LINE#         1329
  C:43E8H         LINE#         1330
  C:43EBH         LINE#         1331
  C:43FBH         LINE#         1332
  C:4417H         LINE#         1333
  -------         ENDPROC       M32_24
  -------         PROC          M32_16
  C:465CH         LINE#         1339
  C:465CH         LINE#         1340
  C:465FH         LINE#         1341
  C:4679H         LINE#         1343
  C:467CH         LINE#         1346
  C:467FH         LINE#         1347
  C:4682H         LINE#         1348
  C:4685H         LINE#         1349
  C:4688H         LINE#         1350
  C:4698H         LINE#         1351
  C:46B4H         LINE#         1352
  -------         ENDPROC       M32_16
  -------         PROC          _SETRSTATUS
  D:0007H         SYMBOL        type
  D:0005H         SYMBOL        error
  C:4B69H         LINE#         1363
  C:4B69H         LINE#         1364
  C:4B71H         LINE#         1365
  -------         ENDPROC       _SETRSTATUS
  -------         ENDMOD        8051LIB

  -------         MODULE        8051LIB_I
  C:454AH         SEGMENT       INT4_CODE_SEG
BL51 BANKED LINKER/LOCATER V6.22.4.0                                                  07/31/2025  19:03:11  PAGE 30


  B:0080H.7       PUBLIC        DE485
  B:0080H.6       PUBLIC        RE485
  B:00C0H.2       SYMBOL        AA
  B:00D0H.6       SYMBOL        AC
  D:00E0H         SYMBOL        ACC
  B:00E8H.4       SYMBOL        AD0BUSY
  B:00E8H.7       SYMBOL        AD0EN
  B:00E8H.5       SYMBOL        AD0INT
  B:00E8H.0       SYMBOL        AD0LJST
  B:00E8H.2       SYMBOL        AD0STM0
  B:00E8H.3       SYMBOL        AD0STM1
  B:00E8H.6       SYMBOL        AD0TM
  B:00E8H.1       SYMBOL        AD0WINT
  D:00BCH         SYMBOL        ADC0CF
  D:00E8H         SYMBOL        ADC0CN
  D:00C5H         SYMBOL        ADC0GTH
  D:00C4H         SYMBOL        ADC0GTL
  D:00BFH         SYMBOL        ADC0H
  D:00BEH         SYMBOL        ADC0L
  D:00C7H         SYMBOL        ADC0LTH
  D:00C6H         SYMBOL        ADC0LTL
  D:009CH         SYMBOL        ADC1
  D:00ABH         SYMBOL        ADC1CF
  D:00AAH         SYMBOL        ADC1CN
  D:00BAH         SYMBOL        AMX0CF
  D:00BBH         SYMBOL        AMX0SL
  D:00ACH         SYMBOL        AMX1SL
  D:00F0H         SYMBOL        B
  B:00D8H.0       SYMBOL        CCF0
  B:00D8H.1       SYMBOL        CCF1
  B:00D8H.2       SYMBOL        CCF2
  B:00D8H.3       SYMBOL        CCF3
  B:00D8H.4       SYMBOL        CCF4
  B:00D8H.7       SYMBOL        CF
  D:008EH         SYMBOL        CKCON
  C:454AH         SYMBOL        COM_ISR
  C:456FH         SYMBOL        COM_ISR25
  C:4597H         SYMBOL        COM_ISR28
  C:459DH         SYMBOL        COM_ISR30
  C:458DH         SYMBOL        COM_ISRSLOW1
  C:4592H         SYMBOL        COM_ISRSLOW2
  B:00C8H.0       SYMBOL        CPRL2
  D:009EH         SYMBOL        CPT0CN
  D:009FH         SYMBOL        CPT1CN
  B:00D8H.6       SYMBOL        CR
  B:00C8H.1       SYMBOL        CT2
  B:00D0H.7       SYMBOL        CY
  D:00D4H         SYMBOL        DAC0CN
  D:00D3H         SYMBOL        DAC0H
  D:00D2H         SYMBOL        DAC0L
  D:00D7H         SYMBOL        DAC1CN
  D:00D6H         SYMBOL        DAC1H
  D:00D5H         SYMBOL        DAC1L
  D:0083H         SYMBOL        DPH
  D:0082H         SYMBOL        DPL
  B:00A8H.7       SYMBOL        EA
  D:00E6H         SYMBOL        EIE1
BL51 BANKED LINKER/LOCATER V6.22.4.0                                                  07/31/2025  19:03:11  PAGE 31


  D:00E7H         SYMBOL        EIE2
  D:00F6H         SYMBOL        EIP1
  D:00F7H         SYMBOL        EIP2
  D:00A3H         SYMBOL        EMI0CF
  D:00AFH         SYMBOL        EMI0CN
  D:00A1H         SYMBOL        EMI0TC
  B:00C0H.6       SYMBOL        ENSMB
  B:00A8H.4       SYMBOL        ES
  B:00A8H.1       SYMBOL        ET0
  B:00A8H.3       SYMBOL        ET1
  B:00A8H.5       SYMBOL        ET2
  B:00A8H.0       SYMBOL        EX0
  B:00A8H.2       SYMBOL        EX1
  B:00C8H.3       SYMBOL        EXEN2
  B:00C8H.6       SYMBOL        EXF2
  B:00D0H.5       SYMBOL        F0
  B:00D0H.1       SYMBOL        F1
  D:00B7H         SYMBOL        FLACL
  D:00B6H         SYMBOL        FLSCL
  D:00A8H         SYMBOL        IE
  B:0088H.1       SYMBOL        IE0
  B:0088H.3       SYMBOL        IE1
  D:00B8H         SYMBOL        IP
  B:0088H.0       SYMBOL        IT0
  B:0088H.2       SYMBOL        IT1
  B:00F8H.5       SYMBOL        MODF
  B:00F8H.1       SYMBOL        MSTEN
  D:00B2H         SYMBOL        OSCICN
  D:00B1H         SYMBOL        OSCXCN
  B:00D0H.2       SYMBOL        OV
  B:00D0H.0       SYMBOL        P
  D:0080H         SYMBOL        P0
  D:00A4H         SYMBOL        P0MDOUT
  D:0090H         SYMBOL        P1
  D:00BDH         SYMBOL        P1MDIN
  D:00A5H         SYMBOL        P1MDOUT
  D:00A0H         SYMBOL        P2
  D:00A6H         SYMBOL        P2MDOUT
  D:00B0H         SYMBOL        P3
  D:00ADH         SYMBOL        P3IF
  D:00A7H         SYMBOL        P3MDOUT
  D:0084H         SYMBOL        P4
  D:0085H         SYMBOL        P5
  D:0086H         SYMBOL        P6
  D:0096H         SYMBOL        P7
  D:00B5H         SYMBOL        P74OUT
  D:00D8H         SYMBOL        PCA0CN
  D:00FAH         SYMBOL        PCA0CPH0
  D:00FBH         SYMBOL        PCA0CPH1
  D:00FCH         SYMBOL        PCA0CPH2
  D:00FDH         SYMBOL        PCA0CPH3
  D:00FEH         SYMBOL        PCA0CPH4
  D:00EAH         SYMBOL        PCA0CPL0
  D:00EBH         SYMBOL        PCA0CPL1
  D:00ECH         SYMBOL        PCA0CPL2
  D:00EDH         SYMBOL        PCA0CPL3
  D:00EEH         SYMBOL        PCA0CPL4
BL51 BANKED LINKER/LOCATER V6.22.4.0                                                  07/31/2025  19:03:11  PAGE 32


  D:00DAH         SYMBOL        PCA0CPM0
  D:00DBH         SYMBOL        PCA0CPM1
  D:00DCH         SYMBOL        PCA0CPM2
  D:00DDH         SYMBOL        PCA0CPM3
  D:00DEH         SYMBOL        PCA0CPM4
  D:00F9H         SYMBOL        PCA0H
  D:00E9H         SYMBOL        PCA0L
  D:00D9H         SYMBOL        PCA0MD
  D:0087H         SYMBOL        PCON
  B:00B8H.4       SYMBOL        PS
  D:008FH         SYMBOL        PSCTL
  D:00D0H         SYMBOL        PSW
  B:00B8H.1       SYMBOL        PT0
  B:00B8H.3       SYMBOL        PT1
  B:00B8H.5       SYMBOL        PT2
  B:00B8H.0       SYMBOL        PX0
  B:00B8H.2       SYMBOL        PX1
  B:0098H.2       SYMBOL        RB8
  D:00CBH         SYMBOL        RCAP2H
  D:00CAH         SYMBOL        RCAP2L
  D:00E5H         SYMBOL        RCAP4H
  D:00E4H         SYMBOL        RCAP4L
  B:00C8H.5       SYMBOL        RCLK
  D:00D1H         SYMBOL        REF0CN
  B:0098H.4       SYMBOL        REN
  B:00E0H.4       SYMBOL        REN1
  B:0098H.0       SYMBOL        RI
  B:00E0H.0       SYMBOL        RI1
  B:00D0H.3       SYMBOL        RS0
  B:00D0H.4       SYMBOL        RS1
  D:00EFH         SYMBOL        RSTSRC
  B:00F8H.4       SYMBOL        RXOVRN
  D:00A9H         SYMBOL        SADDR0
  D:00F3H         SYMBOL        SADDR1
  D:00B9H         SYMBOL        SADEN0
  D:00AEH         SYMBOL        SADEN1
  D:0099H         SYMBOL        SBUF0
  D:00F2H         SYMBOL        SBUF1
  D:0098H         SYMBOL        SCON0
  D:00F1H         SYMBOL        SCON1
  B:00C0H.3       SYMBOL        SI
  B:00F8H.2       SYMBOL        SLVSEL
  B:0098H.7       SYMBOL        SM0
  B:0098H.6       SYMBOL        SM1
  B:0098H.5       SYMBOL        SM2
  D:00C3H         SYMBOL        SMB0ADR
  D:00C0H         SYMBOL        SMB0CN
  D:00CFH         SYMBOL        SMB0CR
  D:00C2H         SYMBOL        SMB0DAT
  D:00C1H         SYMBOL        SMB0STA
  B:00C0H.1       SYMBOL        SMBFTE
  B:00C0H.0       SYMBOL        SMBTOE
  D:0081H         SYMBOL        SP
  D:009AH         SYMBOL        SPI0CFG
  D:009DH         SYMBOL        SPI0CKR
  D:00F8H         SYMBOL        SPI0CN
  D:009BH         SYMBOL        SPI0DAT
BL51 BANKED LINKER/LOCATER V6.22.4.0                                                  07/31/2025  19:03:11  PAGE 33


  B:00F8H.0       SYMBOL        SPIEN
  B:00F8H.7       SYMBOL        SPIF
  B:00C0H.5       SYMBOL        STA
  B:00C0H.4       SYMBOL        STO
  D:00C8H         SYMBOL        T2CON
  D:00C9H         SYMBOL        T4CON
  B:0098H.3       SYMBOL        TB8
  B:00C8H.4       SYMBOL        TCLK
  D:0088H         SYMBOL        TCON
  B:0088H.5       SYMBOL        TF0
  B:0088H.7       SYMBOL        TF1
  B:00C8H.7       SYMBOL        TF2
  D:008CH         SYMBOL        TH0
  D:008DH         SYMBOL        TH1
  D:00CDH         SYMBOL        TH2
  D:00F5H         SYMBOL        TH4
  B:0098H.1       SYMBOL        TI
  B:00E0H.1       SYMBOL        TI1
  D:008AH         SYMBOL        TL0
  D:008BH         SYMBOL        TL1
  D:00CCH         SYMBOL        TL2
  D:00F4H         SYMBOL        TL4
  D:0089H         SYMBOL        TMOD
  D:0091H         SYMBOL        TMR3CN
  D:0095H         SYMBOL        TMR3H
  D:0094H         SYMBOL        TMR3L
  D:0093H         SYMBOL        TMR3RLH
  D:0092H         SYMBOL        TMR3RLL
  B:0088H.4       SYMBOL        TR0
  B:0088H.6       SYMBOL        TR1
  B:00C8H.2       SYMBOL        TR2
  B:00F8H.3       SYMBOL        TXBSY
  B:00F8H.6       SYMBOL        WCOL
  D:00FFH         SYMBOL        WDTCN
  D:00E1H         SYMBOL        XBR0
  D:00E2H         SYMBOL        XBR1
  D:00E3H         SYMBOL        XBR2
  C:0023H         LINE#         58
  C:454AH         LINE#         72
  C:454CH         LINE#         73
  C:454EH         LINE#         74
  C:4551H         LINE#         75
  C:4553H         LINE#         76
  C:4555H         LINE#         78
  C:4558H         LINE#         79
  C:455AH         LINE#         82
  C:455DH         LINE#         83
  C:4560H         LINE#         84
  C:4562H         LINE#         85
  C:4564H         LINE#         86
  C:4565H         LINE#         89
  C:4567H         LINE#         90
  C:456AH         LINE#         91
  C:456CH         LINE#         92
  C:456FH         LINE#         96
  C:4572H         LINE#         97
  C:4574H         LINE#         98
BL51 BANKED LINKER/LOCATER V6.22.4.0                                                  07/31/2025  19:03:11  PAGE 34


  C:4576H         LINE#         99
  C:4578H         LINE#         100
  C:457AH         LINE#         101
  C:457CH         LINE#         102
  C:457EH         LINE#         103
  C:4581H         LINE#         104
  C:4584H         LINE#         105
  C:4586H         LINE#         106
  C:4587H         LINE#         107
  C:4589H         LINE#         108
  C:458BH         LINE#         111
  C:458DH         LINE#         113
  C:458EH         LINE#         114
  C:4590H         LINE#         115
  C:4592H         LINE#         117
  C:4593H         LINE#         118
  C:4595H         LINE#         120
  C:4597H         LINE#         123
  C:4599H         LINE#         124
  C:459BH         LINE#         125
  C:459DH         LINE#         128
  C:459FH         LINE#         129
  C:45A1H         LINE#         130
  C:45A3H         LINE#         131
  C:45A5H         LINE#         132
  -------         ENDMOD        8051LIB_I

  -------         MODULE        ERROR
  C:0000H         SYMBOL        _ICE_DUMMY_
  C:1D0FH         PUBLIC        ec
  C:1C93H         PUBLIC        sc
  -------         ENDMOD        ERROR

  -------         MODULE        LONGMULT
  C:41A2H         SEGMENT       LONGMULT_CODE_SEG
  C:41A2H         PUBLIC        MUL32BIT
  D:00E0H         SYMBOL        ACC
  D:00F0H         SYMBOL        B
  C:41DDH         SYMBOL        BYTEMUL
  C:41B1H         SYMBOL        CLRNEXT
  C:420FH         SYMBOL        ENDPROPCARRY
  C:41F3H         SYMBOL        LOOP
  C:4202H         SYMBOL        PROPCARRY
  D:00D0H         SYMBOL        PSW
  C:4208H         SYMBOL        SKIP
  C:41A2H         LINE#         32
  C:41A4H         LINE#         33
  C:41A6H         LINE#         34
  C:41A8H         LINE#         35
  C:41AAH         LINE#         36
  C:41ACH         LINE#         39
[...]
  C:1DF9H         LINE#         152
  C:1DF9H         LINE#         153
  C:1E04H         LINE#         156
  C:1E07H         LINE#         157
  C:1E47H         LINE#         158
  C:1E4EH         LINE#         159
  C:1E57H         LINE#         160
  C:1E59H         LINE#         161
  C:1E59H         LINE#         162
  C:1E64H         LINE#         165
  C:1E86H         LINE#         166
  C:1EA8H         LINE#         167
  C:1ECAH         LINE#         168
  C:1EECH         LINE#         172
  C:1F22H         LINE#         173
  C:1F58H         LINE#         174
  C:1F8EH         LINE#         175
  C:1FC4H         LINE#         178
  C:1FD4H         LINE#         179
  C:1FE4H         LINE#         181
  C:2051H         LINE#         182
  C:20BEH         LINE#         183
  C:212BH         LINE#         184
  C:2198H         LINE#         186
  -------         ENDPROC       _CALCULATE_COMPENSATED_PRESSURE
  -------         PROC          _GET_RAW_SENSOR_READINGS
  X:0305H         SYMBOL        raw_press_adc
  X:0308H         SYMBOL        raw_temp_adc
  -------         DO            
  X:030BH         SYMBOL        msb
  X:030CH         SYMBOL        mid
  X:030DH         SYMBOL        lsb
  X:030EH         SYMBOL        single_conversion_mode
  -------         ENDDO         
  C:39DBH         LINE#         193
  C:39E5H         LINE#         194
  C:39E5H         LINE#         198
  C:39F8H         LINE#         200
  C:39FAH         LINE#         203
  C:39FFH         LINE#         204
  C:3A07H         LINE#         205
  C:3A10H         LINE#         206
  C:3A15H         LINE#         207
  C:3A1CH         LINE#         208
  C:3A24H         LINE#         209
  C:3A27H         LINE#         210
  C:3A2CH         LINE#         211
  C:3A33H         LINE#         212
  C:3A3AH         LINE#         213
  C:3A41H         LINE#         214
  C:3A5AH         LINE#         217
  C:3A5FH         LINE#         218
BL51 BANKED LINKER/LOCATER V6.22.4.0                                                  07/31/2025  19:03:11  PAGE 39


  C:3A67H         LINE#         219
  C:3A70H         LINE#         220
  C:3A75H         LINE#         221
  C:3A7CH         LINE#         222
  C:3A84H         LINE#         223
  C:3A87H         LINE#         224
  C:3A8CH         LINE#         225
  C:3A93H         LINE#         226
  C:3A9AH         LINE#         227
  C:3AA1H         LINE#         228
  C:3ABAH         LINE#         230
  C:3ABCH         LINE#         231
  -------         ENDPROC       _GET_RAW_SENSOR_READINGS
  -------         PROC          LOAD_ADC_CONFIG
  -------         DO            
  X:0305H         SYMBOL        lsb
  D:0007H         SYMBOL        msb
  -------         ENDDO         
  C:3801H         LINE#         236
  C:3801H         LINE#         237
  C:3801H         LINE#         240
  C:3803H         LINE#         241
  C:3808H         LINE#         242
  C:380DH         LINE#         243
  C:3812H         LINE#         244
  C:3819H         LINE#         245
  C:381CH         LINE#         246
  C:382CH         LINE#         247
  C:3832H         LINE#         248
  C:3834H         LINE#         250
  C:3836H         LINE#         251
  C:383BH         LINE#         252
  C:3840H         LINE#         253
  C:3845H         LINE#         254
  C:384CH         LINE#         255
  C:384FH         LINE#         256
  C:385FH         LINE#         257
  C:3865H         LINE#         258
  C:3867H         LINE#         260
  C:3869H         LINE#         261
  C:386EH         LINE#         262
  C:3873H         LINE#         263
  C:3878H         LINE#         264
  C:387FH         LINE#         265
  C:3882H         LINE#         266
  C:3892H         LINE#         267
  C:3898H         LINE#         268
  C:389AH         LINE#         270
  C:389CH         LINE#         271
  C:38A1H         LINE#         272
  C:38A6H         LINE#         273
  C:38ABH         LINE#         274
  C:38B5H         LINE#         275
  C:38C5H         LINE#         276
  C:38C7H         LINE#         278
  C:38C9H         LINE#         279
  C:38CEH         LINE#         280
BL51 BANKED LINKER/LOCATER V6.22.4.0                                                  07/31/2025  19:03:11  PAGE 40


  C:38D3H         LINE#         281
  C:38D8H         LINE#         282
  C:38E2H         LINE#         283
  C:38F2H         LINE#         284
  C:38F4H         LINE#         285
  -------         ENDPROC       LOAD_ADC_CONFIG
  -------         PROC          LOAD_LIN_DATA_T
  -------         DO            
  X:0305H         SYMBOL        i
  X:0307H         SYMBOL        lsb
  D:0005H         SYMBOL        msb
  X:0308H         SYMBOL        temp_converter
  -------         ENDDO         
  C:4059H         LINE#         290
  C:4059H         LINE#         291
  C:4059H         LINE#         296
  C:405BH         LINE#         297
  C:4060H         LINE#         298
  C:4065H         LINE#         299
  C:406AH         LINE#         300
  C:4070H         LINE#         301
  C:4070H         LINE#         302
  C:4077H         LINE#         303
  C:407EH         LINE#         304
  C:4085H         LINE#         305
  C:408CH         LINE#         306
  C:40B4H         LINE#         307
  C:40BBH         LINE#         308
  C:40C0H         LINE#         309
  C:40E5H         LINE#         310
  C:40FCH         LINE#         311
  C:40FEH         LINE#         312
  -------         ENDPROC       LOAD_LIN_DATA_T
  -------         PROC          LOAD_LUT_T_ADC
  -------         DO            
  X:0305H         SYMBOL        i
  X:0307H         SYMBOL        lsb
  D:0005H         SYMBOL        msb
  -------         ENDDO         
  C:45A6H         LINE#         317
  C:45A6H         LINE#         318
  C:45A6H         LINE#         322
  C:45A8H         LINE#         323
  C:45ADH         LINE#         324
  C:45B2H         LINE#         325
  C:45B7H         LINE#         326
  C:45BDH         LINE#         327
  C:45BDH         LINE#         328
  C:45C4H         LINE#         329
  C:45C9H         LINE#         330
  C:45E9H         LINE#         331
  C:45FEH         LINE#         332
  C:4600H         LINE#         333
  -------         ENDPROC       LOAD_LUT_T_ADC
  -------         PROC          LOAD_LUT_P_ADC
  -------         DO            
  X:0305H         SYMBOL        i
BL51 BANKED LINKER/LOCATER V6.22.4.0                                                  07/31/2025  19:03:11  PAGE 41


  X:0307H         SYMBOL        lsb
  D:0005H         SYMBOL        msb
  -------         ENDDO         
  C:4601H         LINE#         338
  C:4601H         LINE#         339
  C:4601H         LINE#         343
  C:4603H         LINE#         344
  C:4608H         LINE#         345
  C:460DH         LINE#         346
  C:4612H         LINE#         347
  C:4618H         LINE#         348
  C:4618H         LINE#         349
  C:461FH         LINE#         350
  C:4624H         LINE#         351
  C:4644H         LINE#         352
  C:4659H         LINE#         353
  C:465BH         LINE#         354
  -------         ENDPROC       LOAD_LUT_P_ADC
  -------         PROC          CALCULATE_LUT_START_ADDRESS
  -------         DO            
  X:030AH         SYMBOL        target_temp_F
  X:030EH         SYMBOL        target_temp_C
  X:0312H         SYMBOL        i
  X:0314H         SYMBOL        y1
  X:0318H         SYMBOL        y2
  X:031CH         SYMBOL        x1
  X:031EH         SYMBOL        x2
  D:0004H         SYMBOL        target_adc_f
  X:0320H         SYMBOL        target_adc
  X:0322H         SYMBOL        closest_index
  X:0324H         SYMBOL        min_diff
  D:0006H         SYMBOL        address_offset
  -------         DO            
  X:0328H         SYMBOL        diff
  -------         ENDDO         
  -------         ENDDO         
  C:2EA3H         LINE#         360
  C:2EA3H         LINE#         361
  C:2EA3H         LINE#         362
  C:2EACH         LINE#         363
  C:2EDCH         LINE#         373
  C:2EF4H         LINE#         374
  C:2EF4H         LINE#         375
  C:2F67H         LINE#         376
  C:2F67H         LINE#         377
  C:2F8FH         LINE#         378
  C:2FADH         LINE#         379
  C:2FD6H         LINE#         380
  C:2FF4H         LINE#         381
  C:2FF6H         LINE#         382
  C:2FF6H         LINE#         383
  C:3004H         LINE#         385
  C:30BDH         LINE#         386
  C:30C7H         LINE#         387
  C:30CCH         LINE#         388
  C:30D4H         LINE#         390
  C:30ECH         LINE#         391
BL51 BANKED LINKER/LOCATER V6.22.4.0                                                  07/31/2025  19:03:11  PAGE 42


  C:30ECH         LINE#         392
  C:3134H         LINE#         393
  C:316FH         LINE#         394
  C:316FH         LINE#         395
  C:3181H         LINE#         396
  C:318EH         LINE#         397
  C:318EH         LINE#         398
  C:319CH         LINE#         400
  C:31AAH         LINE#         402
  C:31B2H         LINE#         403
  -------         ENDPROC       CALCULATE_LUT_START_ADDRESS
  -------         PROC          LOAD_PRESSURE_LUT
  -------         DO            
  X:0305H         SYMBOL        start_address
  X:0307H         SYMBOL        i
  X:0309H         SYMBOL        lsb
  D:0005H         SYMBOL        msb
  -------         ENDDO         
  C:4418H         LINE#         408
  C:4418H         LINE#         409
  C:4418H         LINE#         410
  C:4422H         LINE#         413
  C:4424H         LINE#         414
  C:4429H         LINE#         415
  C:4430H         LINE#         416
  C:4438H         LINE#         417
  C:443EH         LINE#         418
  C:443EH         LINE#         419
  C:4445H         LINE#         420
  C:444AH         LINE#         421
  C:446AH         LINE#         422
  C:447FH         LINE#         423
  C:4481H         LINE#         424
  -------         ENDPROC       LOAD_PRESSURE_LUT
  -------         PROC          _READ_EEPROM_BYTES
  X:0331H         SYMBOL        buffer
  X:0334H         SYMBOL        start_address
  X:0336H         SYMBOL        count
  -------         DO            
  X:0338H         SYMBOL        i
  -------         ENDDO         
  C:4482H         LINE#         429
  C:4492H         LINE#         430
  C:4492H         LINE#         432
  C:4494H         LINE#         433
  C:4499H         LINE#         434
  C:44A0H         LINE#         435
  C:44A8H         LINE#         436
  C:44BFH         LINE#         437
  C:44BFH         LINE#         438
  C:44DAH         LINE#         439
  C:44E7H         LINE#         440
  C:44E9H         LINE#         441
  -------         ENDPROC       _READ_EEPROM_BYTES
  -------         PROC          DISPLAY_MEMSCAP_EEPROM_INFO
  -------         DO            
  X:0309H         SYMBOL        temp_buffer
BL51 BANKED LINKER/LOCATER V6.22.4.0                                                  07/31/2025  19:03:11  PAGE 43


  D:0004H         SYMBOL        serial_number
  X:031DH         SYMBOL        temp_f
  X:0321H         SYMBOL        p_min_adc_bytes
  X:0325H         SYMBOL        p_max_adc_bytes
  X:0329H         SYMBOL        p_min_adc
  X:032DH         SYMBOL        p_max_adc
  -------         ENDDO         
  C:3395H         LINE#         451
  C:3395H         LINE#         452
  C:3395H         LINE#         464
  C:33AAH         LINE#         465
  C:33B7H         LINE#         466
  C:33C5H         LINE#         469
  C:33DAH         LINE#         470
  C:3406H         LINE#         472
  C:341BH         LINE#         473
  C:342DH         LINE#         475
  C:3442H         LINE#         476
  C:3454H         LINE#         478
  C:3484H         LINE#         479
  C:34B4H         LINE#         482
  C:34E4H         LINE#         483
  C:350DH         LINE#         485
  C:353DH         LINE#         486
  -------         ENDPROC       DISPLAY_MEMSCAP_EEPROM_INFO
  -------         ENDMOD        TP1200

  -------         MODULE        ?C?FPADD
  C:00A5H         PUBLIC        ?C?FPADD
  C:00A1H         PUBLIC        ?C?FPSUB
  -------         ENDMOD        ?C?FPADD

  -------         MODULE        ?C?FPMUL
  C:0196H         PUBLIC        ?C?FPMUL
  -------         ENDMOD        ?C?FPMUL

  -------         MODULE        ?C?FPDIV
  C:029FH         PUBLIC        ?C?FPDIV
  -------         ENDMOD        ?C?FPDIV

  -------         MODULE        ?C?FPCMP
  C:033EH         PUBLIC        ?C?FPCMP
  C:033CH         PUBLIC        ?C?FPCMP3
  -------         ENDMOD        ?C?FPCMP

  -------         MODULE        ?C?FCAST
  C:03BFH         PUBLIC        ?C?FCASTC
  C:03BAH         PUBLIC        ?C?FCASTI
  C:03B5H         PUBLIC        ?C?FCASTL
  -------         ENDMOD        ?C?FCAST

  -------         MODULE        ?C?CASTF
  C:03F3H         PUBLIC        ?C?CASTF
  -------         ENDMOD        ?C?CASTF

  -------         MODULE        PRINTF
  X:0331H         PUBLIC        ?_PRINTF?BYTE
BL51 BANKED LINKER/LOCATER V6.22.4.0                                                  07/31/2025  19:03:11  PAGE 44


  X:0331H         PUBLIC        ?_SPRINTF?BYTE
  C:2749H         PUBLIC        _PRINTF
  C:2743H         PUBLIC        _SPRINTF
  -------         ENDMOD        PRINTF

  -------         MODULE        SCANF
  X:0309H         PUBLIC        ?_SCANF?BYTE
  X:0309H         PUBLIC        ?_SSCANF?BYTE
  C:2BD7H         PUBLIC        _SCANF
  C:2BD3H         PUBLIC        _SSCANF
  -------         ENDMOD        SCANF

  -------         MODULE        FABS
  C:4B32H         PUBLIC        _FABS
  -------         ENDMOD        FABS

  -------         MODULE        ?C?FPROUND
  C:0474H         PUBLIC        ?C?FPROUND
  -------         ENDMOD        ?C?FPROUND

  -------         MODULE        ?C?FPCONVERT
  C:04A3H         PUBLIC        ?C?FPCONVERT
  -------         ENDMOD        ?C?FPCONVERT

  -------         MODULE        ?C?FPNEG
  C:05A6H         PUBLIC        ?C?FPNEG
  -------         ENDMOD        ?C?FPNEG

  -------         MODULE        ?C?FTNPWR
  C:05E7H         PUBLIC        ?C?FTNPWR
  -------         ENDMOD        ?C?FTNPWR

  -------         MODULE        ?C?CLDPTR
  C:0627H         PUBLIC        ?C?CLDPTR
  -------         ENDMOD        ?C?CLDPTR

  -------         MODULE        ?C?CLDOPTR
  C:0640H         PUBLIC        ?C?CLDOPTR
  -------         ENDMOD        ?C?CLDOPTR

  -------         MODULE        ?C?CSTPTR
  C:066DH         PUBLIC        ?C?CSTPTR
  -------         ENDMOD        ?C?CSTPTR

  -------         MODULE        ?C?CSTOPTR
  C:067FH         PUBLIC        ?C?CSTOPTR
  -------         ENDMOD        ?C?CSTOPTR

  -------         MODULE        ?C?IMUL
  C:06A1H         PUBLIC        ?C?IMUL
  -------         ENDMOD        ?C?IMUL

  -------         MODULE        ?C?ISTPTR
  C:06B3H         PUBLIC        ?C?ISTPTR
  -------         ENDMOD        ?C?ISTPTR

  -------         MODULE        ?C?LMUL
BL51 BANKED LINKER/LOCATER V6.22.4.0                                                  07/31/2025  19:03:11  PAGE 45


  C:06D2H         PUBLIC        ?C?LMUL
  -------         ENDMOD        ?C?LMUL

  -------         MODULE        ?C?SLDIV
  C:4803H         PUBLIC        ?C?SLDIV
  -------         ENDMOD        ?C?SLDIV

  -------         MODULE        ?C?LNEG
  C:0721H         PUBLIC        ?C?LNEG
  -------         ENDMOD        ?C?LNEG

  -------         MODULE        ?C?LSTPTR
  C:072FH         PUBLIC        ?C?LSTPTR
  -------         ENDMOD        ?C?LSTPTR

  -------         MODULE        ?C?LSTXDATA
  C:0749H         PUBLIC        ?C?LSTXDATA
  -------         ENDMOD        ?C?LSTXDATA

  -------         MODULE        ?C?LSTPDATA
  C:0755H         PUBLIC        ?C?LSTPDATA
  -------         ENDMOD        ?C?LSTPDATA

  -------         MODULE        ?C?LSTKPDATA
  C:0761H         PUBLIC        ?C?LSTKPDATA
  -------         ENDMOD        ?C?LSTKPDATA

  -------         MODULE        ?C?OFFX256
  C:077AH         PUBLIC        ?C?OFFX256
  -------         ENDMOD        ?C?OFFX256

  -------         MODULE        ?C?OFFXADD
  C:078BH         PUBLIC        ?C?OFFXADD
  -------         ENDMOD        ?C?OFFXADD

  -------         MODULE        ?C?PLDPDATA
  C:0797H         PUBLIC        ?C?PLDPDATA
  -------         ENDMOD        ?C?PLDPDATA

  -------         MODULE        ?C?PLDIPDATA
  C:07A0H         PUBLIC        ?C?PLDIPDATA
  -------         ENDMOD        ?C?PLDIPDATA

  -------         MODULE        ?C?PILDPDATA
  C:07B0H         PUBLIC        ?C?PILDPDATA
  -------         ENDMOD        ?C?PILDPDATA

  -------         MODULE        ?C?PSTPDATA
  C:07C0H         PUBLIC        ?C?PSTPDATA
  -------         ENDMOD        ?C?PSTPDATA

  -------         MODULE        ?C?PLDOPTR
  C:07C9H         PUBLIC        ?C?PLDOPTR
  -------         ENDMOD        ?C?PLDOPTR

  -------         MODULE        ?C?CCASE
  C:07F9H         PUBLIC        ?C?CCASE
BL51 BANKED LINKER/LOCATER V6.22.4.0                                                  07/31/2025  19:03:11  PAGE 46


  -------         ENDMOD        ?C?CCASE

  -------         MODULE        ?C?ICASE
  C:081FH         PUBLIC        ?C?ICASE
  -------         ENDMOD        ?C?ICASE

  -------         MODULE        GETCHAR
  B:0022H.7       PUBLIC        ?C?CHARLOADED
  X:00DFH         PUBLIC        ?_UNGETCHAR?BYTE
  C:4ABCH         PUBLIC        GETCHAR
  -------         ENDMOD        GETCHAR

  -------         MODULE        UNGETC
  C:4B79H         PUBLIC        _UNGETCHAR
  -------         ENDMOD        UNGETC

  -------         MODULE        ISDIGIT
  C:4B23H         PUBLIC        _isdigit
  -------         ENDMOD        ISDIGIT

  -------         MODULE        ISSPACE
  C:4AA8H         PUBLIC        _isspace
  -------         ENDMOD        ISSPACE

  -------         MODULE        TOUPPER
  C:4AF3H         PUBLIC        _toupper
  -------         ENDMOD        TOUPPER

  -------         MODULE        ?C?STRCMP
  C:09CAH         PUBLIC        ?C?STRCMP
  -------         ENDMOD        ?C?STRCMP

  -------         MODULE        ?C?STRCPY
  C:0AB3H         PUBLIC        ?C?STRCPY
  -------         ENDMOD        ?C?STRCPY

  -------         MODULE        ATOI
  C:3D45H         PUBLIC        _atoi
  -------         ENDMOD        ATOI

  -------         MODULE        ?C?MEMCMP
  C:0C56H         PUBLIC        ?C?MEMCMP
  -------         ENDMOD        ?C?MEMCMP

  -------         MODULE        ?C?MEMSET
  C:0C7AH         PUBLIC        ?C?MEMSET
  -------         ENDMOD        ?C?MEMSET

  -------         MODULE        ?C?ULDIV
  C:0CE2H         PUBLIC        ?C?ULDIV
  -------         ENDMOD        ?C?ULDIV

  -------         MODULE        ?C?LSTIDATA
  C:0D74H         PUBLIC        ?C?LSTIDATA
  -------         ENDMOD        ?C?LSTIDATA

  -------         MODULE        ?C?PLDIDATA
BL51 BANKED LINKER/LOCATER V6.22.4.0                                                  07/31/2025  19:03:11  PAGE 47


  C:0D80H         PUBLIC        ?C?PLDIDATA
  -------         ENDMOD        ?C?PLDIDATA

  -------         MODULE        ?C?PLDXDATA
  C:0D89H         PUBLIC        ?C?PLDXDATA
  -------         ENDMOD        ?C?PLDXDATA

  -------         MODULE        ?C?PLDCODE
  C:0D92H         PUBLIC        ?C?PLDCODE
  -------         ENDMOD        ?C?PLDCODE

  -------         MODULE        _GETKEY
  C:4B5FH         PUBLIC        _GETKEY
  -------         ENDMOD        _GETKEY

*** WARNING L18: SEGMENT DOES NOT FIT IN PDATA PAGE
    SPACE:   XDATA   
    SEGMENT: _PDATA_GROUP_
    LENGTH:  0075H

*** ERROR L121: IMPROPER FIXUP
    MODULE:  C:\KEIL_V5\C51\LIB\C51FPC.LIB (PRINTF)
    SEGMENT: ?PR?PRINTF?PRINTF
    OFFSET:  0068H

*** ERROR L121: IMPROPER FIXUP
    MODULE:  C:\KEIL_V5\C51\LIB\C51FPC.LIB (SCANF)
    SEGMENT: ?PR?SCANF?SCANF
    OFFSET:  0085H

Program Size: data=108.0 xdata=3986 code=19329
LINK/LOCATE RUN COMPLETE.  1 WARNING(S),  2 ERROR(S)
