BL51 BANKED LINKER/LOCATER V6.22.4.0                                                    08/04/2025  12:17:26  PAGE 1


BL51 BANKED LINKER/LOCATER V6.22.4.0, INVOKED BY:
C:\KEIL_V5\C51\BIN\BL51.EXE STARTUP.obj, Main.obj, IPTConfig.obj, 8051Lib.obj, 8051Lib_I.obj, Error.obj, LongMult.obj, T
>> P1200.obj TO IPT RAMSIZE (256) CODE (0X0000-0XFFFF) XDATA (0X0000-0X0FFF)


MEMORY MODEL: COMPACT WITH FLOATING POINT ARITHMETIC


INPUT MODULES INCLUDED:
  STARTUP.obj (?C_STARTUP)
  Main.obj (MAIN)
  IPTConfig.obj (IPTCONFIG)
  8051Lib.obj (8051LIB)
  8051Lib_I.obj (8051LIB_I)
  Error.obj (ERROR)
  LongMult.obj (LONGMULT)
  TP1200.obj (TP1200)
  C:\KEIL_V5\C51\LIB\C51FPC.LIB (?C?FPADD)
  C:\KEIL_V5\C51\LIB\C51FPC.LIB (?C?FPMUL)
  C:\KEIL_V5\C51\LIB\C51FPC.LIB (?C?FPDIV)
  C:\KEIL_V5\C51\LIB\C51FPC.LIB (?C?FPCMP)
  C:\KEIL_V5\C51\LIB\C51FPC.LIB (?C?FPNEG)
  C:\KEIL_V5\C51\LIB\C51FPC.LIB (?C?FCAST)
  C:\KEIL_V5\C51\LIB\C51FPC.LIB (?C?CASTF)
  C:\KEIL_V5\C51\LIB\C51FPC.LIB (PRINTF)
  C:\KEIL_V5\C51\LIB\C51FPC.LIB (SCANF)
  C:\KEIL_V5\C51\LIB\C51FPC.LIB (FABS)
  C:\KEIL_V5\C51\LIB\C51FPC.LIB (?C?FPGETOPN)
  C:\KEIL_V5\C51\LIB\C51FPC.LIB (?C?FPROUND)
  C:\KEIL_V5\C51\LIB\C51FPC.LIB (?C?FPCONVERT)
  C:\KEIL_V5\C51\LIB\C51FPC.LIB (?C?ATOF)
  C:\KEIL_V5\C51\LIB\C51FPC.LIB (?C?FTNPWR)
  C:\KEIL_V5\C51\LIB\C51C.LIB (?C_INIT)
  C:\KEIL_V5\C51\LIB\C51C.LIB (?C?CLDPTR)
  C:\KEIL_V5\C51\LIB\C51C.LIB (?C?CLDOPTR)
  C:\KEIL_V5\C51\LIB\C51C.LIB (?C?CSTPTR)
  C:\KEIL_V5\C51\LIB\C51C.LIB (?C?CSTOPTR)
  C:\KEIL_V5\C51\LIB\C51C.LIB (?C?IMUL)
  C:\KEIL_V5\C51\LIB\C51C.LIB (?C?ISTPTR)
  C:\KEIL_V5\C51\LIB\C51C.LIB (?C?LMUL)
  C:\KEIL_V5\C51\LIB\C51C.LIB (?C?LNEG)
  C:\KEIL_V5\C51\LIB\C51C.LIB (?C?SLCMP)
  C:\KEIL_V5\C51\LIB\C51C.LIB (?C?ULCMP)
  C:\KEIL_V5\C51\LIB\C51C.LIB (?C?ULSHR)
  C:\KEIL_V5\C51\LIB\C51C.LIB (?C?LSHL)
  C:\KEIL_V5\C51\LIB\C51C.LIB (?C?LSTPTR)
  C:\KEIL_V5\C51\LIB\C51C.LIB (?C?LLDCODE0)
  C:\KEIL_V5\C51\LIB\C51C.LIB (?C?LSTXDATA)
  C:\KEIL_V5\C51\LIB\C51C.LIB (?C?LSTPDATA)
  C:\KEIL_V5\C51\LIB\C51C.LIB (?C?LSTKPDATA)
  C:\KEIL_V5\C51\LIB\C51C.LIB (?C?OFFX256)
  C:\KEIL_V5\C51\LIB\C51C.LIB (?C?OFFXADD)
  C:\KEIL_V5\C51\LIB\C51C.LIB (?C?PLDPDATA)
  C:\KEIL_V5\C51\LIB\C51C.LIB (?C?PLDIPDATA)
  C:\KEIL_V5\C51\LIB\C51C.LIB (?C?PILDPDATA)
  C:\KEIL_V5\C51\LIB\C51C.LIB (?C?PSTPDATA)
  C:\KEIL_V5\C51\LIB\C51C.LIB (?C?PLDOPTR)
  C:\KEIL_V5\C51\LIB\C51C.LIB (?C?CCASE)
BL51 BANKED LINKER/LOCATER V6.22.4.0                                                  08/04/2025  12:17:26  PAGE 2


  C:\KEIL_V5\C51\LIB\C51C.LIB (?C?ICASE)
  C:\KEIL_V5\C51\LIB\C51C.LIB (GETCHAR)
  C:\KEIL_V5\C51\LIB\C51C.LIB (UNGETC)
  C:\KEIL_V5\C51\LIB\C51C.LIB (ISDIGIT)
  C:\KEIL_V5\C51\LIB\C51C.LIB (ISSPACE)
  C:\KEIL_V5\C51\LIB\C51C.LIB (TOUPPER)
  C:\KEIL_V5\C51\LIB\C51C.LIB (?C?STRCMP)
  C:\KEIL_V5\C51\LIB\C51C.LIB (?C?STRCPY)
  C:\KEIL_V5\C51\LIB\C51C.LIB (ATOI)
  C:\KEIL_V5\C51\LIB\C51C.LIB (?C?MEMCMP)
  C:\KEIL_V5\C51\LIB\C51C.LIB (?C?MEMSET)
  C:\KEIL_V5\C51\LIB\C51C.LIB (?C?LSTIDATA)
  C:\KEIL_V5\C51\LIB\C51C.LIB (?C?PLDIDATA)
  C:\KEIL_V5\C51\LIB\C51C.LIB (?C?PLDXDATA)
  C:\KEIL_V5\C51\LIB\C51C.LIB (?C?PLDCODE)
  C:\KEIL_V5\C51\LIB\C51C.LIB (_GETKEY)


LINK MAP OF MODULE:  IPT (?C_STARTUP)


            TYPE    BASE      LENGTH    RELOCATION   SEGMENT NAME
            -----------------------------------------------------

            * * * * * * *   D A T A   M E M O R Y   * * * * * * *
            REG     0000H     0008H     ABSOLUTE     "REG BANK 0"
            DATA    0008H     0015H     UNIT         _DATA_GROUP_
                    001DH     0003H                  *** GAP ***
            DATA    0020H     0001H     BIT_ADDR     ?BA?8051LIB
            BIT     0021H.0   0001H.3   UNIT         _BIT_GROUP_
            BIT     0022H.3   0000H.4   UNIT         ?BI?8051LIB
            BIT     0022H.7   0000H.1   UNIT         ?BI?GETCHAR
            DATA    0023H     000CH     UNIT         ?DT?8051LIB
            DATA    002FH     0008H     UNIT         ?DT?MAIN
            IDATA   0037H     0001H     UNIT         ?STACK

            * * * * * * *  X D A T A   M E M O R Y  * * * * * * *
            XDATA   0000H     0015H     INPAGE       ?PD?MAIN
            XDATA   0015H     0019H     INPAGE       ?PD?8051LIB
            XDATA   002EH     0001H     INPAGE       ?PD?GETCHAR
            XDATA   002FH     0086H     INPAGE       _PDATA_GROUP_
                    00B5H     004BH                  *** GAP ***
            XDATA   0100H     0100H     ABSOLUTE     
            XDATA   0200H     0100H     ABSOLUTE     
            XDATA   0300H     0AE4H     UNIT         ?XD?TP1200
            XDATA   0DE4H     00ABH     UNIT         ?XD?8051LIB

            * * * * * * *   C O D E   M E M O R Y   * * * * * * *
            CODE    0000H     0003H     ABSOLUTE     
            CODE    0003H     001AH     UNIT         ?PR?OSCILLATOR_INIT?IPTCONFIG
            CODE    001DH     0004H     UNIT         ?PR?UART_INIT?IPTCONFIG
                    0021H     0002H                  *** GAP ***
            CODE    0023H     0003H     ABSOLUTE     
            CODE    0026H     0047H     UNIT         ?PR?TIMER3_ISR?8051LIB
            CODE    006DH     0004H     UNIT         ?PR?EXT7_ISR?8051LIB
                    0071H     0002H                  *** GAP ***
            CODE    0073H     0003H     ABSOLUTE     
BL51 BANKED LINKER/LOCATER V6.22.4.0                                                  08/04/2025  12:17:26  PAGE 3


            CODE    0076H     0024H     UNIT         ?PR?_FLASH_BYTEREAD?8051LIB
                    009AH     0001H                  *** GAP ***
            CODE    009BH     0003H     ABSOLUTE     
            CODE    009EH     0C8FH     UNIT         ?C?LIB_CODE
            CODE    0D2DH     059DH     UNIT         ?PR?MAIN?MAIN
            CODE    12CAH     054BH     UNIT         ?CO?8051LIB
            CODE    1815H     04DFH     UNIT         ?CO?ERROR
            CODE    1CF4H     04BBH     UNIT         ?PR?_CALCULATE_COMPENSATED_PRESSURE?TP1200
            CODE    21AFH     048EH     UNIT         ?CO?TP1200
            CODE    263DH     046EH     UNIT         ?PR?PRINTF?PRINTF
            CODE    2AABH     03EBH     UNIT         ?PR?_MENUTASK?8051LIB
            CODE    2E96H     034EH     UNIT         ?PR?SCANF?SCANF
            CODE    31E4H     0310H     UNIT         ?PR?CALCULATE_LUT_START_ADDRESS?TP1200
            CODE    34F4H     01E2H     UNIT         ?PR?_CALCULATE_COMPENSATED_TEMPERATURE?TP1200
            CODE    36D6H     01ADH     UNIT         ?PR?DISPLAY_MEMSCAP_EEPROM_INFO?TP1200
            CODE    3883H     0171H     UNIT         ?PR?_PRINT_FLOAT?TP1200
            CODE    39F4H     0108H     UNIT         ?PR?_GETCOMMAND?8051LIB
            CODE    3AFCH     00F4H     UNIT         ?PR?LOAD_ADC_CONFIG?TP1200
            CODE    3BF0H     00E6H     UNIT         ?PR??C?ATOF??C?ATOF
            CODE    3CD6H     00E2H     UNIT         ?PR?_GET_RAW_SENSOR_READINGS?TP1200
            CODE    3DB8H     00DDH     UNIT         ?PR?_APPLY_SYSTEM_CALIBRATION?TP1200
            CODE    3E95H     00D4H     UNIT         ?PR?GETHOSTPACKET?8051LIB
            CODE    3F69H     00D0H     UNIT         ?PR?_ATOI?ATOI
            CODE    4039H     00C9H     UNIT         ?PR?ERRTABLE?8051LIB
            CODE    4102H     00C7H     UNIT         ?PR?READEEPROM?TP1200
            CODE    41C9H     00C3H     UNIT         ?PR?ERRDUMP?8051LIB
            CODE    428CH     00B8H     UNIT         ?PR?_ERRLOOKUP?8051LIB
            CODE    4344H     00B7H     UNIT         ?PR?LOAD_PRODUCT_INFO?TP1200
            CODE    43FBH     00B1H     UNIT         ?CO?MAIN
            CODE    44ACH     00ADH     UNIT         ?PR?_CALCULATE_CRC32?TP1200
            CODE    4559H     00A6H     UNIT         ?PR?LOAD_LIN_DATA_T?TP1200
            CODE    45FFH     00A3H     UNIT         ?C_C51STARTUP
            CODE    46A2H     0083H     UNIT         LONGMULT_CODE_SEG
            CODE    4725H     0080H     UNIT         ?PR?_WRITEERRORQUE?8051LIB
            CODE    47A5H     007AH     UNIT         ?PR?_CHECKCOMMAND?8051LIB
            CODE    481FH     0076H     UNIT         ?PR?_READ_EEPROM_BYTES?TP1200
            CODE    4895H     006AH     UNIT         ?PR?LOAD_PRESSURE_LUT?TP1200
            CODE    48FFH     0060H     UNIT         ?PR?_PARSECOMMAND?8051LIB
            CODE    495FH     005CH     UNIT         INT4_CODE_SEG
            CODE    49BBH     005BH     UNIT         ?PR?LOAD_LUT_T_ADC?TP1200
            CODE    4A16H     005BH     UNIT         ?PR?LOAD_LUT_P_ADC?TP1200
            CODE    4A71H     0058H     UNIT         ?PR?_FLASH_WRITE?8051LIB
            CODE    4AC9H     0050H     UNIT         ?PR?_STRUP?8051LIB
            CODE    4B19H     0050H     UNIT         ?PR?_FLASH_READ?8051LIB
            CODE    4B69H     003EH     UNIT         ?PR?_CRC8?8051LIB
            CODE    4BA7H     003AH     UNIT         ?PR?_PUTCHAR?8051LIB
            CODE    4BE1H     0034H     UNIT         ?PR?WRITENVRAM?MAIN
            CODE    4C15H     002FH     UNIT         ?PR?_FLASH_BYTEWRITE?8051LIB
            CODE    4C44H     002FH     UNIT         ?PR?_FLASH_PAGEERASE?8051LIB
            CODE    4C73H     002EH     UNIT         ?PR?_TRANSMIT_UART0?8051LIB
            CODE    4CA1H     0022H     UNIT         ?C_INITSEG
            CODE    4CC3H     001AH     UNIT         ?PR?INITSERIAL?8051LIB
            CODE    4CDDH     0017H     UNIT         ?PR?_ABSDIFF?8051LIB
            CODE    4CF4H     0016H     UNIT         ?PR?TIMER_INIT?IPTCONFIG
            CODE    4D0AH     0016H     UNIT         ?PR?_COMPPRESSUREUNADJUSTED?TP1200
            CODE    4D20H     0015H     UNIT         ?PR?SPIOREAD?MAIN
            CODE    4D35H     0015H     UNIT         ?PR?INITEQUE?8051LIB
BL51 BANKED LINKER/LOCATER V6.22.4.0                                                  08/04/2025  12:17:26  PAGE 4


            CODE    4D4AH     0014H     UNIT         ?PR?_ISSPACE?ISSPACE
            CODE    4D5EH     0013H     UNIT         ?PR?GETCHAR?GETCHAR
            CODE    4D71H     0012H     UNIT         ?PR?_SPIOWRITE?MAIN
            CODE    4D83H     0012H     UNIT         ?PR?INIT_DEVICE?IPTCONFIG
            CODE    4D95H     0012H     UNIT         ?PR?INITIALIZE_SENSOR?TP1200
            CODE    4DA7H     0011H     UNIT         ?PR?_TOUPPER?TOUPPER
            CODE    4DB8H     0010H     UNIT         ?PR?PORT_IO_INIT?IPTCONFIG
            CODE    4DC8H     000FH     UNIT         ?PR?_ISDIGIT?ISDIGIT
            CODE    4DD7H     000DH     UNIT         ?PR?_FABS?FABS
            CODE    4DE4H     000BH     UNIT         ?PR?_RUNCRC8?8051LIB
            CODE    4DEFH     000AH     UNIT         ?PR?SPI_INIT?IPTCONFIG
            CODE    4DF9H     000AH     UNIT         ?PR?_GETKEY?_GETKEY
            CODE    4E03H     0009H     UNIT         ?PR?_SETRSTATUS?8051LIB
            CODE    4E0CH     0007H     UNIT         ?PR?INTERRUPTS_INIT?IPTCONFIG
            CODE    4E13H     0007H     UNIT         ?PR?GETCHAR?UNGETCHAR



OVERLAY MAP OF MODULE:   IPT (?C_STARTUP)


SEGMENT                                             BIT_GROUP          DATA_GROUP          PDATA_GROUP
  +--> CALLED SEGMENT                            START    LENGTH     START    LENGTH     START    LENGTH
--------------------------------------------------------------------------------------------------------
?C_C51STARTUP                                    -----    -----      -----    -----      -----    -----
  +--> ?PR?MAIN?MAIN
  +--> ?C_INITSEG

?PR?MAIN?MAIN                                    -----    -----      0008H    000AH      002FH    0009H
  +--> ?PR?INIT_DEVICE?IPTCONFIG
  +--> ?PR?_SETRSTATUS?8051LIB
  +--> ?PR?INITEQUE?8051LIB
  +--> ?PR?INITSERIAL?8051LIB
  +--> ?PR?_FLASH_READ?8051LIB
  +--> ?PR?_CRC8?8051LIB
  +--> ?PR?INITIALIZE_SENSOR?TP1200
  +--> ?PR?_GET_RAW_SENSOR_READINGS?TP1200
  +--> ?PR?_CALCULATE_COMPENSATED_TEMPERATUR...
  +--> ?PR?_CALCULATE_COMPENSATED_PRESSURE?T...
  +--> ?PR?_APPLY_SYSTEM_CALIBRATION?TP1200
  +--> ?PR?GETHOSTPACKET?8051LIB
  +--> ?CO?MAIN
  +--> ?PR?PRINTF?PRINTF
  +--> ?PR?_ATOI?ATOI
  +--> ?PR?READEEPROM?TP1200
  +--> ?PR?WRITENVRAM?MAIN
  +--> ?PR?_PRINT_FLOAT?TP1200

?PR?INIT_DEVICE?IPTCONFIG                        -----    -----      -----    -----      -----    -----
  +--> ?PR?TIMER_INIT?IPTCONFIG
  +--> ?PR?UART_INIT?IPTCONFIG
  +--> ?PR?SPI_INIT?IPTCONFIG
  +--> ?PR?PORT_IO_INIT?IPTCONFIG
  +--> ?PR?OSCILLATOR_INIT?IPTCONFIG
  +--> ?PR?INTERRUPTS_INIT?IPTCONFIG

?PR?_FLASH_READ?8051LIB                          -----    -----      -----    -----      0038H    0006H
BL51 BANKED LINKER/LOCATER V6.22.4.0                                                  08/04/2025  12:17:26  PAGE 5


  +--> ?PR?_WRITEERRORQUE?8051LIB
  +--> ?PR?_FLASH_BYTEREAD?8051LIB

?PR?_FLASH_BYTEREAD?8051LIB                      0021H.0  0000H.2    0012H    0002H      -----    -----

?PR?_CRC8?8051LIB                                -----    -----      -----    -----      0038H    0004H
  +--> ?PR?_RUNCRC8?8051LIB

?PR?_RUNCRC8?8051LIB                             -----    -----      -----    -----      -----    -----
  +--> ?CO?8051LIB

?PR?INITIALIZE_SENSOR?TP1200                     -----    -----      -----    -----      -----    -----
  +--> ?PR?LOAD_PRODUCT_INFO?TP1200
  +--> ?PR?LOAD_ADC_CONFIG?TP1200
  +--> ?PR?LOAD_LIN_DATA_T?TP1200
  +--> ?PR?LOAD_LUT_T_ADC?TP1200
  +--> ?PR?LOAD_LUT_P_ADC?TP1200
  +--> ?PR?LOAD_PRESSURE_LUT?TP1200

?PR?LOAD_PRODUCT_INFO?TP1200                     -----    -----      -----    -----      0038H    0004H
  +--> ?PR?_READ_EEPROM_BYTES?TP1200

?PR?_READ_EEPROM_BYTES?TP1200                    -----    -----      -----    -----      00ACH    0009H
  +--> ?PR?_SPIOWRITE?MAIN
  +--> ?PR?SPIOREAD?MAIN

?PR?LOAD_ADC_CONFIG?TP1200                       -----    -----      -----    -----      0038H    0001H
  +--> ?PR?_SPIOWRITE?MAIN
  +--> ?PR?SPIOREAD?MAIN

?PR?LOAD_LIN_DATA_T?TP1200                       -----    -----      -----    -----      0038H    0007H
  +--> ?PR?_SPIOWRITE?MAIN
  +--> ?PR?SPIOREAD?MAIN

?PR?LOAD_LUT_T_ADC?TP1200                        -----    -----      -----    -----      0038H    0003H
  +--> ?PR?_SPIOWRITE?MAIN
  +--> ?PR?SPIOREAD?MAIN

?PR?LOAD_LUT_P_ADC?TP1200                        -----    -----      -----    -----      0038H    0003H
  +--> ?PR?_SPIOWRITE?MAIN
  +--> ?PR?SPIOREAD?MAIN

?PR?LOAD_PRESSURE_LUT?TP1200                     -----    -----      -----    -----      0038H    0005H
  +--> ?PR?CALCULATE_LUT_START_ADDRESS?TP1200
  +--> ?PR?_SPIOWRITE?MAIN
  +--> ?PR?SPIOREAD?MAIN

?PR?CALCULATE_LUT_START_ADDRESS?TP1200           -----    -----      -----    -----      003DH    0022H
  +--> ?PR?_FABS?FABS

?PR?_GET_RAW_SENSOR_READINGS?TP1200              -----    -----      -----    -----      0038H    000BH
  +--> ?PR?_SPIOWRITE?MAIN
  +--> ?PR?SPIOREAD?MAIN

?PR?_CALCULATE_COMPENSATED_TEMPERATUR...         -----    -----      -----    -----      0038H    0010H

?PR?_CALCULATE_COMPENSATED_PRESSURE?T...         -----    -----      -----    -----      0064H    0044H
BL51 BANKED LINKER/LOCATER V6.22.4.0                                                  08/04/2025  12:17:26  PAGE 6



?PR?_APPLY_SYSTEM_CALIBRATION?TP1200             -----    -----      -----    -----      0038H    0010H

?PR?GETHOSTPACKET?8051LIB                        -----    -----      -----    -----      0038H    0001H
  +--> ?PR?_GETCOMMAND?8051LIB
  +--> ?PR?_ISDIGIT?ISDIGIT

?PR?_GETCOMMAND?8051LIB                          -----    -----      -----    -----      -----    -----
  +--> ?CO?8051LIB
  +--> ?PR?SCANF?SCANF
  +--> ?PR?_STRUP?8051LIB
  +--> ?PR?_PARSECOMMAND?8051LIB
  +--> ?PR?_MENUTASK?8051LIB

?PR?SCANF?SCANF                                  0021H.0  0000H.6    0012H    0009H      003CH    0015H
  +--> ?PR?GETCHAR?UNGETCHAR
  +--> ?PR?_ISSPACE?ISSPACE
  +--> ?PR?GETCHAR?GETCHAR
  +--> ?PR??C?ATOF??C?ATOF

?PR?GETCHAR?GETCHAR                              -----    -----      -----    -----      -----    -----
  +--> ?PR?_GETKEY?_GETKEY
  +--> ?PR?_PUTCHAR?8051LIB

?PR?_PUTCHAR?8051LIB                             -----    -----      -----    -----      007BH    0003H
  +--> ?PR?_ABSDIFF?8051LIB
  +--> ?PR?_TRANSMIT_UART0?8051LIB

?PR?_TRANSMIT_UART0?8051LIB                      -----    -----      -----    -----      007EH    0001H
  +--> ?PR?_WRITEERRORQUE?8051LIB

?PR??C?ATOF??C?ATOF                              0021H.6  0000H.5    001BH    0002H      -----    -----

?PR?_STRUP?8051LIB                               -----    -----      -----    -----      0039H    0005H
  +--> ?PR?_TOUPPER?TOUPPER

?PR?_PARSECOMMAND?8051LIB                        -----    -----      -----    -----      -----    -----
  +--> ?CO?8051LIB
  +--> ?PR?_CHECKCOMMAND?8051LIB
  +--> ?PR?_MENUTASK?8051LIB

?PR?_CHECKCOMMAND?8051LIB                        -----    -----      -----    -----      0039H    0008H

?PR?_MENUTASK?8051LIB                            -----    -----      -----    -----      0039H    0003H
  +--> ?CO?8051LIB
  +--> ?PR?PRINTF?PRINTF
  +--> ?CO?MAIN
  +--> ?PR?ERRDUMP?8051LIB
  +--> ?PR?ERRTABLE?8051LIB
  +--> ?PR?SCANF?SCANF
  +--> ?PR?DISPLAY_MEMSCAP_EEPROM_INFO?TP1200

?PR?PRINTF?PRINTF                                0021H.0  0001H.1    0012H    0005H      0064H    0017H
  +--> ?PR?_PUTCHAR?8051LIB

?PR?ERRDUMP?8051LIB                              -----    -----      -----    -----      003CH    0001H
  +--> ?CO?8051LIB
BL51 BANKED LINKER/LOCATER V6.22.4.0                                                  08/04/2025  12:17:26  PAGE 7


  +--> ?PR?PRINTF?PRINTF
  +--> ?CO?ERROR
  +--> ?PR?_ERRLOOKUP?8051LIB

?PR?_ERRLOOKUP?8051LIB                           -----    -----      -----    -----      003DH    0002H
  +--> ?CO?ERROR
  +--> ?CO?8051LIB
  +--> ?PR?PRINTF?PRINTF

?PR?ERRTABLE?8051LIB                             -----    -----      -----    -----      003CH    0002H
  +--> ?CO?8051LIB
  +--> ?PR?PRINTF?PRINTF
  +--> ?CO?ERROR

?PR?DISPLAY_MEMSCAP_EEPROM_INFO?TP1200           -----    -----      -----    -----      003CH    0028H
  +--> ?PR?_READ_EEPROM_BYTES?TP1200
  +--> ?CO?TP1200
  +--> ?PR?PRINTF?PRINTF
  +--> ?PR?_COMPPRESSUREUNADJUSTED?TP1200

?PR?_COMPPRESSUREUNADJUSTED?TP1200               -----    -----      -----    -----      -----    -----
  +--> ?PR?_CALCULATE_COMPENSATED_PRESSURE?T...

?PR?_ATOI?ATOI                                   0021H.0  0000H.1    -----    -----      0038H    0005H
  +--> ?PR?_ISSPACE?ISSPACE
  +--> ?PR?_ISDIGIT?ISDIGIT

?PR?READEEPROM?TP1200                            -----    -----      -----    -----      0038H    0074H
  +--> ?PR?_READ_EEPROM_BYTES?TP1200
  +--> ?PR?_CALCULATE_CRC32?TP1200

?PR?_CALCULATE_CRC32?TP1200                      -----    -----      -----    -----      00ACH    0009H
  +--> ?CO?TP1200

?PR?WRITENVRAM?MAIN                              -----    -----      -----    -----      -----    -----
  +--> ?PR?_CRC8?8051LIB
  +--> ?PR?_FLASH_WRITE?8051LIB

?PR?_FLASH_WRITE?8051LIB                         -----    -----      -----    -----      0038H    0006H
  +--> ?PR?_WRITEERRORQUE?8051LIB
  +--> ?PR?_FLASH_PAGEERASE?8051LIB
  +--> ?PR?_FLASH_BYTEWRITE?8051LIB

?PR?_FLASH_PAGEERASE?8051LIB                     0021H.0  0000H.2    0012H    0002H      -----    -----

?PR?_FLASH_BYTEWRITE?8051LIB                     0021H.0  0000H.2    0012H    0002H      -----    -----

?PR?_PRINT_FLOAT?TP1200                          -----    -----      -----    -----      0038H    0012H
  +--> ?CO?TP1200
  +--> ?PR?PRINTF?PRINTF



SYMBOL TABLE OF MODULE:  IPT (?C_STARTUP)

  VALUE           TYPE          NAME
  ----------------------------------
BL51 BANKED LINKER/LOCATER V6.22.4.0                                                  08/04/2025  12:17:26  PAGE 8



  -------         MODULE        ?C_STARTUP
  C:45FFH         SEGMENT       ?C_C51STARTUP
  I:0037H         SEGMENT       ?STACK
  C:0000H         PUBLIC        ?C_STARTUP
  D:00E0H         SYMBOL        ACC
  D:00F0H         SYMBOL        B
  D:0083H         SYMBOL        DPH
  D:0082H         SYMBOL        DPL
  N:0000H         SYMBOL        IBPSTACK
  N:0100H         SYMBOL        IBPSTACKTOP
  N:0080H         SYMBOL        IDATALEN
  C:4602H         SYMBOL        IDATALOOP
  N:0000H         SYMBOL        PBPSTACK
  N:0100H         SYMBOL        PBPSTACKTOP
  N:00FFH         SYMBOL        PDATALEN
  C:4618H         SYMBOL        PDATALOOP
  N:0000H         SYMBOL        PDATASTART
  N:0000H         SYMBOL        PPAGE
  N:0000H         SYMBOL        PPAGEENABLE
  D:00A0H         SYMBOL        PPAGE_SFR
  D:0081H         SYMBOL        SP
  C:45FFH         SYMBOL        STARTUP1
  N:0000H         SYMBOL        XBPSTACK
  N:0000H         SYMBOL        XBPSTACKTOP
  N:0FFFH         SYMBOL        XDATALEN
  C:460DH         SYMBOL        XDATALOOP
  N:0000H         SYMBOL        XDATASTART
  C:0000H         LINE#         126
  C:45FFH         LINE#         133
  C:4601H         LINE#         134
  C:4602H         LINE#         135
  C:4603H         LINE#         136
  C:4605H         LINE#         140
  C:4608H         LINE#         141
  C:460AH         LINE#         143
  C:460CH         LINE#         147
  C:460DH         LINE#         148
  C:460EH         LINE#         149
  C:460FH         LINE#         150
  C:4611H         LINE#         151
  C:4613H         LINE#         159
  C:4615H         LINE#         160
  C:4617H         LINE#         161
  C:4618H         LINE#         162
  C:4619H         LINE#         163
  C:461AH         LINE#         164
  C:461CH         LINE#         185
  C:461FH         LINE#         196
  -------         ENDMOD        ?C_STARTUP

  -------         MODULE        MAIN
  C:0000H         SYMBOL        _ICE_DUMMY_
  D:002FH         PUBLIC        ck1
  D:0080H         PUBLIC        P0
  D:0030H         PUBLIC        ck2
  B:0090H.2       PUBLIC        CS_EE
BL51 BANKED LINKER/LOCATER V6.22.4.0                                                  08/04/2025  12:17:26  PAGE 9


  D:0090H         PUBLIC        P1
  B:00A0H.7       PUBLIC        CS_5V
  D:00FFH         PUBLIC        WDTCN
  D:00A0H         PUBLIC        P2
  D:00B0H         PUBLIC        P3
  B:00A8H.7       PUBLIC        EA
  X:0000H         PUBLIC        offset
  D:0031H         PUBLIC        scale
  B:0090H.0       PUBLIC        CS_PR
  C:0D2DH         PUBLIC        main
  B:00F8H.7       PUBLIC        SPIF
  X:0002H         PUBLIC        span
  C:4D20H         PUBLIC        SPIORead
  C:4490H         PUBLIC        EXFILE
  C:4482H         PUBLIC        EXNAME
  C:4489H         PUBLIC        EXVERSION
  C:4D71H         PUBLIC        _SPIOWrite
  D:0033H         PUBLIC        psi
  D:008DH         PUBLIC        TH1
  C:4497H         PUBLIC        EXTIME
  C:4BE1H         PUBLIC        WriteNVRam
  B:00A0H.4       PUBLIC        LED
  C:448FH         PUBLIC        EXPART
  D:00EFH         PUBLIC        RSTSRC
  D:009AH         PUBLIC        SPI0CFG
  X:0004H         PUBLIC        NVR_Buf
  D:009BH         PUBLIC        SPI0DAT
  -------         PROC          MAIN
  -------         DO            
  X:002FH         SYMBOL        a
  D:0008H         SYMBOL        RetStr
  X:0030H         SYMBOL        raw_temp_adc
  X:0032H         SYMBOL        raw_press_adc
  X:0034H         SYMBOL        compensated_temp_c
  D:0004H         SYMBOL        compensated_press
  C:0D3DH         SYMBOL        task0
  C:0E68H         SYMBOL        task1
  C:0D41H         SYMBOL        task2
  C:0D43H         SYMBOL        task3
  C:0D45H         SYMBOL        task4
  C:0E64H         SYMBOL        task5
  C:0D49H         SYMBOL        task6
  C:0D4BH         SYMBOL        task7
  C:0ECBH         SYMBOL        idle
  -------         ENDDO         
  C:0D2DH         LINE#         115
  C:0D2DH         LINE#         122
  C:0D30H         LINE#         123
  C:0D33H         LINE#         125
  C:0D35H         LINE#         129
  C:0D37H         LINE#         130
  C:0D39H         LINE#         132
  C:0D3CH         LINE#         133
  C:0D3FH         LINE#         136
  C:0D44H         LINE#         139
  C:0D49H         LINE#         140
  C:0D50H         LINE#         141
BL51 BANKED LINKER/LOCATER V6.22.4.0                                                  08/04/2025  12:17:26  PAGE 10


  C:0D50H         LINE#         143
  C:0D55H         LINE#         144
  C:0D5CH         LINE#         145
  C:0D5CH         LINE#         147
  C:0D61H         LINE#         148
  C:0D68H         LINE#         149
  C:0D68H         LINE#         151
  C:0D6DH         LINE#         152
  C:0D74H         LINE#         153
  C:0D74H         LINE#         155
  C:0D79H         LINE#         156
  C:0D80H         LINE#         157
  C:0D80H         LINE#         159
  C:0D85H         LINE#         160
  C:0D8CH         LINE#         161
  C:0D8CH         LINE#         162
  C:0D8CH         LINE#         164
  C:0D8FH         LINE#         165
  C:0D92H         LINE#         167
  C:0D97H         LINE#         168
  C:0D9AH         LINE#         169
  C:0D9DH         LINE#         170
  C:0DA5H         LINE#         171
  C:0DADH         LINE#         174
  C:0DB1H         LINE#         175
  C:0DB6H         LINE#         177
  C:0DB8H         LINE#         180
  C:0DC3H         LINE#         181
  C:0DD2H         LINE#         182
  C:0DD8H         LINE#         183
  C:0DDEH         LINE#         184
  C:0DE2H         LINE#         185
  C:0DE4H         LINE#         186
  C:0DF1H         LINE#         187
  C:0DF5H         LINE#         188
  C:0DFCH         LINE#         189
  C:0DFEH         LINE#         190
  C:0E0BH         LINE#         191
  C:0E18H         LINE#         192
  C:0E18H         LINE#         196
  C:0E1CH         LINE#         197
  C:0E21H         LINE#         198
  C:0E21H         LINE#         200
  C:0E24H         LINE#         203
  C:0E26H         LINE#         207
  C:0E26H         LINE#         209
  C:0E29H         LINE#         215
  C:0E31H         LINE#         216
  C:0E38H         LINE#         217
  C:0E40H         LINE#         218
  C:0E48H         LINE#         219
  C:0E4FH         LINE#         220
  C:0E56H         LINE#         221
  C:0E5DH         LINE#         222
  C:0E64H         LINE#         223
  C:0E64H         LINE#         225
  C:0E64H         LINE#         227
BL51 BANKED LINKER/LOCATER V6.22.4.0                                                  08/04/2025  12:17:26  PAGE 11


  C:0E64H         LINE#         229
  C:0E64H         LINE#         231
  C:0E64H         LINE#         233
  C:0E64H         LINE#         235
  C:0E66H         LINE#         236
  C:0E68H         LINE#         238
  C:0E68H         LINE#         239
  C:0E68H         LINE#         241
  C:0E68H         LINE#         242
  C:0E68H         LINE#         244
  C:0E68H         LINE#         245
  C:0E68H         LINE#         247
  C:0E68H         LINE#         248
  C:0E7EH         LINE#         249
  C:0E8DH         LINE#         250
  C:0E95H         LINE#         251
  C:0EA6H         LINE#         252
  C:0ECBH         LINE#         253
  C:0ECBH         LINE#         255
  C:0ECBH         LINE#         256
  C:0ECBH         LINE#         258
  C:0ECBH         LINE#         259
  C:0ED5H         LINE#         263
  C:0EDCH         LINE#         264
  C:0EE8H         LINE#         266
  C:0F08H         LINE#         269
  C:0F58H         LINE#         272
  C:0F58H         LINE#         273
  C:0F5CH         LINE#         274
  C:0F6BH         LINE#         275
  C:0F6BH         LINE#         276
  C:0F6EH         LINE#         277
  C:0F85H         LINE#         278
  C:0F85H         LINE#         279
  C:0F88H         LINE#         282
  C:0F88H         LINE#         283
  C:0F8CH         LINE#         285
  C:0F99H         LINE#         286
  C:0FB8H         LINE#         287
  C:0FB8H         LINE#         288
  C:0FB8H         LINE#         289
  C:0FBBH         LINE#         290
  C:0FBEH         LINE#         291
  C:0FBEH         LINE#         292
  C:0FC1H         LINE#         293
  C:0FC4H         LINE#         294
  C:0FC4H         LINE#         295
  C:0FC7H         LINE#         296
  C:0FCAH         LINE#         297
  C:0FCAH         LINE#         298
  C:0FCDH         LINE#         299
  C:0FD0H         LINE#         300
  C:0FD0H         LINE#         301
  C:0FD3H         LINE#         302
  C:0FD6H         LINE#         303
  C:0FD6H         LINE#         304
  C:0FD9H         LINE#         305
BL51 BANKED LINKER/LOCATER V6.22.4.0                                                  08/04/2025  12:17:26  PAGE 12


  C:0FDCH         LINE#         306
  C:0FDCH         LINE#         307
  C:0FDCH         LINE#         308
  C:0FF3H         LINE#         309
  C:0FF3H         LINE#         310
  C:0FF6H         LINE#         313
  C:0FF6H         LINE#         314
  C:101DH         LINE#         315
  C:1020H         LINE#         318
  C:1020H         LINE#         319
  C:1024H         LINE#         320
  C:1036H         LINE#         321
  C:1039H         LINE#         322
  C:103CH         LINE#         323
  C:103CH         LINE#         324
  C:1051H         LINE#         325
  C:1055H         LINE#         326
  C:1055H         LINE#         327
  C:1055H         LINE#         328
  C:1058H         LINE#         329
  C:107EH         LINE#         330
  C:107EH         LINE#         331
  C:1081H         LINE#         334
  C:1081H         LINE#         335
  C:1085H         LINE#         336
  C:1090H         LINE#         337
  C:1095H         LINE#         338
  C:1095H         LINE#         339
  C:1098H         LINE#         340
  C:10AFH         LINE#         341
  C:10AFH         LINE#         342
  C:10B2H         LINE#         345
  C:10B2H         LINE#         346
  C:10DCH         LINE#         349
  C:10DFH         LINE#         352
  C:10DFH         LINE#         353
  C:1108H         LINE#         354
  C:110BH         LINE#         357
  C:110BH         LINE#         358
  C:1119H         LINE#         359
  C:111EH         LINE#         360
  C:112AH         LINE#         361
  C:112CH         LINE#         362
  C:1147H         LINE#         363
  C:1147H         LINE#         364
  C:114DH         LINE#         365
  C:1150H         LINE#         367
  C:1150H         LINE#         368
  C:1174H         LINE#         369
  C:1177H         LINE#         372
  C:1177H         LINE#         374
  C:118CH         LINE#         375
  C:11A1H         LINE#         376
  C:11A7H         LINE#         377
  C:11AAH         LINE#         380
  C:11AAH         LINE#         382
  C:11BFH         LINE#         383
BL51 BANKED LINKER/LOCATER V6.22.4.0                                                  08/04/2025  12:17:26  PAGE 13


  C:11F2H         LINE#         384
  C:11F8H         LINE#         385
  C:11FBH         LINE#         388
  C:11FBH         LINE#         389
  C:1219H         LINE#         390
  C:121CH         LINE#         393
  C:121CH         LINE#         394
  C:121CH         LINE#         397
  C:121CH         LINE#         398
  C:121CH         LINE#         401
  C:121CH         LINE#         402
  C:1220H         LINE#         403
  C:1230H         LINE#         404
  C:1230H         LINE#         405
  C:1232H         LINE#         406
  C:1251H         LINE#         407
  C:1253H         LINE#         410
  C:1253H         LINE#         411
  C:1257H         LINE#         412
  C:1267H         LINE#         413
  C:126AH         LINE#         414
  C:126DH         LINE#         415
  C:128CH         LINE#         416
  C:128EH         LINE#         419
  C:128EH         LINE#         420
  C:12AFH         LINE#         421
  C:12B2H         LINE#         424
  C:12B2H         LINE#         425
  C:12C7H         LINE#         428
  C:12C7H         LINE#         429
  C:12C7H         LINE#         430
  -------         ENDPROC       MAIN
  -------         PROC          _SPIOWRITE
  D:0007H         SYMBOL        b
  -------         DO            
  D:0006H         SYMBOL        a
  -------         ENDDO         
  C:4D71H         LINE#         454
  C:4D71H         LINE#         455
  C:4D73H         LINE#         456
  C:4D75H         LINE#         457
  C:4D77H         LINE#         458
  C:4D80H         LINE#         460
  C:4D82H         LINE#         461
  -------         ENDPROC       _SPIOWRITE
  -------         PROC          SPIOREAD
  -------         DO            
  D:0007H         SYMBOL        a
  -------         ENDDO         
  C:4D20H         LINE#         469
  C:4D20H         LINE#         470
  C:4D22H         LINE#         471
  C:4D24H         LINE#         472
  C:4D27H         LINE#         473
  C:4D30H         LINE#         475
  C:4D32H         LINE#         476
  C:4D34H         LINE#         477
BL51 BANKED LINKER/LOCATER V6.22.4.0                                                  08/04/2025  12:17:26  PAGE 14


  -------         ENDPROC       SPIOREAD
  -------         PROC          WRITENVRAM
  C:4BE1H         LINE#         485
  C:4BE1H         LINE#         486
  C:4BEEH         LINE#         487
  C:4BFBH         LINE#         488
  C:4C0AH         LINE#         489
  -------         ENDPROC       WRITENVRAM
  -------         ENDMOD        MAIN

  -------         MODULE        IPTCONFIG
  C:0000H         SYMBOL        _ICE_DUMMY_
  D:009DH         PUBLIC        SPI0CKR
  D:00E7H         PUBLIC        EIE2
  D:00E8H         PUBLIC        ADC0CN
  D:00A4H         PUBLIC        P0MDOUT
  D:00A5H         PUBLIC        P1MDOUT
  D:00A8H         PUBLIC        IE
  D:00A6H         PUBLIC        P2MDOUT
  D:0093H         PUBLIC        TMR3RLH
  D:0092H         PUBLIC        TMR3RLL
  C:4DB8H         PUBLIC        Port_IO_Init
  D:00D8H         PUBLIC        PCA0CN
  D:00B8H         PUBLIC        IP
  C:0003H         PUBLIC        Oscillator_Init
  D:00E1H         PUBLIC        XBR0
  D:00E3H         PUBLIC        XBR2
  D:00C0H         PUBLIC        SMB0CN
  D:00F8H         PUBLIC        SPI0CN
  C:001DH         PUBLIC        UART_Init
  D:0089H         PUBLIC        TMOD
  D:0088H         PUBLIC        TCON
  D:0091H         PUBLIC        TMR3CN
  C:4E0CH         PUBLIC        Interrupts_Init
  D:00B2H         PUBLIC        OSCICN
  C:4D83H         PUBLIC        Init_Device
  D:008DH         PUBLIC        TH1
  D:00B1H         PUBLIC        OSCXCN
  C:4DEFH         PUBLIC        SPI_Init
  D:0098H         PUBLIC        SCON0
  D:00C8H         PUBLIC        T2CON
  D:009AH         PUBLIC        SPI0CFG
  D:008EH         PUBLIC        CKCON
  C:4CF4H         PUBLIC        Timer_Init
  D:00D0H         PUBLIC        PSW
  -------         PROC          TIMER_INIT
  C:4CF4H         LINE#         9
  C:4CF4H         LINE#         10
  C:4CF4H         LINE#         11
  C:4CF7H         LINE#         12
  C:4CFAH         LINE#         13
  C:4CFDH         LINE#         14
  C:4D00H         LINE#         15
  C:4D03H         LINE#         16
  C:4D06H         LINE#         17
  C:4D09H         LINE#         18
  -------         ENDPROC       TIMER_INIT
BL51 BANKED LINKER/LOCATER V6.22.4.0                                                  08/04/2025  12:17:26  PAGE 15


  -------         PROC          UART_INIT
  C:001DH         LINE#         20
  C:001DH         LINE#         21
  C:001DH         LINE#         22
  C:0020H         LINE#         23
  -------         ENDPROC       UART_INIT
  -------         PROC          SPI_INIT
  C:4DEFH         LINE#         25
  C:4DEFH         LINE#         26
  C:4DEFH         LINE#         27
  C:4DF2H         LINE#         28
  C:4DF5H         LINE#         29
  C:4DF8H         LINE#         30
  -------         ENDPROC       SPI_INIT
  -------         PROC          PORT_IO_INIT
  C:4DB8H         LINE#         32
  C:4DB8H         LINE#         33
  C:4DB8H         LINE#         70
  C:4DBBH         LINE#         71
  C:4DBEH         LINE#         72
  C:4DC1H         LINE#         73
  C:4DC4H         LINE#         74
  C:4DC7H         LINE#         75
  -------         ENDPROC       PORT_IO_INIT
  -------         PROC          OSCILLATOR_INIT
  -------         DO            
  D:0006H         SYMBOL        i
  -------         ENDDO         
  C:0003H         LINE#         77
  C:0003H         LINE#         78
  C:0003H         LINE#         79
  C:0006H         LINE#         80
  C:0009H         LINE#         81
  C:0014H         LINE#         82
  C:0019H         LINE#         83
  C:001CH         LINE#         84
  -------         ENDPROC       OSCILLATOR_INIT
  -------         PROC          INTERRUPTS_INIT
  C:4E0CH         LINE#         86
  C:4E0CH         LINE#         87
  C:4E0CH         LINE#         88
  C:4E0FH         LINE#         89
  C:4E12H         LINE#         90
  -------         ENDPROC       INTERRUPTS_INIT
  -------         PROC          INIT_DEVICE
  C:4D83H         LINE#         94
  C:4D83H         LINE#         95
  C:4D83H         LINE#         96
  C:4D86H         LINE#         97
  C:4D89H         LINE#         98
  C:4D8CH         LINE#         99
  C:4D8FH         LINE#         100
  C:4D92H         LINE#         101
  -------         ENDPROC       INIT_DEVICE
  -------         ENDMOD        IPTCONFIG

  -------         MODULE        8051LIB
BL51 BANKED LINKER/LOCATER V6.22.4.0                                                  08/04/2025  12:17:26  PAGE 16


  C:0000H         SYMBOL        _ICE_DUMMY_
  D:0023H         PUBLIC        OutTp
  D:0080H         PUBLIC        P0
  D:0090H         PUBLIC        P1
  C:172AH         PUBLIC        LIBVERSION
  D:00FFH         PUBLIC        WDTCN
  D:00A0H         PUBLIC        P2
  B:00A8H.7       PUBLIC        EA
  C:0026H         PUBLIC        Timer3_ISR
  D:008FH         PUBLIC        PSCTL
  C:1739H         PUBLIC        LIBTIME
  C:4D35H         PUBLIC        InitEQue
  C:4E03H         PUBLIC        _SetRStatus
  C:174EH         PUBLIC        Line
  X:0016H         PUBLIC        t4c
  B:0022H.3       PUBLIC        TX_Int_Restart_Flag1
  X:0017H         PUBLIC        Parm
  C:4CDDH         PUBLIC        _AbsDiff
  D:00ADH         PUBLIC        P3IF
  X:0027H         PUBLIC        t4m
  C:4039H         PUBLIC        ErrTable
  X:0028H         PUBLIC        t4o
  C:3E95H         PUBLIC        GetHostPacket
  C:4AC9H         PUBLIC        _Strup
  C:47A5H         PUBLIC        _CheckCommand
  C:4C73H         PUBLIC        _Transmit_UART0
  D:0024H         PUBLIC        ParmIndx
  C:428CH         PUBLIC        _ErrLookup
  X:0DE4H         PUBLIC        RawCPUTemperature
  C:2AABH         PUBLIC        _MenuTask
  D:0020H         PUBLIC        Tsf
  D:0025H         PUBLIC        HPCmd
  X:0DE6H         PUBLIC        MenuPoll
  B:0022H.4       PUBLIC        Echo1
  B:0022H.5       PUBLIC        Echo2
  D:0027H         PUBLIC        NetAdd
  X:0100H         PUBLIC        Rb
  X:0200H         PUBLIC        Tb
  C:006DH         PUBLIC        Ext7_ISR
  D:0028H         PUBLIC        crc
  D:0091H         PUBLIC        TMR3CN
  X:0DE7H         PUBLIC        eqi
  C:48FFH         PUBLIC        _ParseCommand
  C:41C9H         PUBLIC        ErrDump
  C:161DH         PUBLIC        CRCTable
  C:4C44H         PUBLIC        _Flash_PageErase
  X:0DE8H         PUBLIC        cb
  C:4DE4H         PUBLIC        _RunCRC8
  C:472CH         PUBLIC        _WriteErrorQue
  D:0029H         PUBLIC        HPNetAdd
  B:0098H.1       PUBLIC        TI0
  C:4B19H         PUBLIC        _Flash_Read
  C:1789H         PUBLIC        mnu
  C:4B69H         PUBLIC        _Crc8
  X:0E1AH         PUBLIC        cp
  X:0E4CH         PUBLIC        cs
  D:002AH         PUBLIC        RState
BL51 BANKED LINKER/LOCATER V6.22.4.0                                                  08/04/2025  12:17:26  PAGE 17


  D:002BH         PUBLIC        LError
  X:0029H         PUBLIC        RStatus
  B:0020H.0       PUBLIC        Tsf0
  B:0020H.1       PUBLIC        Tsf1
  C:4A71H         PUBLIC        _Flash_Write
  B:0022H.6       PUBLIC        TX_Int_Restart_Flag
  B:0020H.2       PUBLIC        Tsf2
  B:0020H.3       PUBLIC        Tsf3
  B:0020H.4       PUBLIC        Tsf4
  B:0020H.5       PUBLIC        Tsf5
  B:0020H.6       PUBLIC        Tsf6
  B:0020H.7       PUBLIC        Tsf7
  C:39F4H         PUBLIC        _GetCommand
  C:0076H         PUBLIC        _Flash_ByteRead
  X:0E7EH         PUBLIC        TaskOverRun
  X:0E7FH         PUBLIC        EQue
  C:177EH         PUBLIC        Head
  D:00B6H         PUBLIC        FLSCL
  C:4C15H         PUBLIC        _Flash_ByteWrite
  C:172FH         PUBLIC        LIBFILE
  D:002CH         PUBLIC        InRp
  C:171DH         PUBLIC        LIBNAME
  C:4CC3H         PUBLIC        InitSerial
  C:4BA7H         PUBLIC        _putchar
  D:002DH         PUBLIC        InTp
  D:002EH         PUBLIC        OutRp
  -------         PROC          INITSERIAL
  C:4CC3H         LINE#         155
  C:4CC3H         LINE#         158
  C:4CC5H         LINE#         159
  C:4CC7H         LINE#         162
  C:4CCAH         LINE#         163
  C:4CCCH         LINE#         164
  C:4CCEH         LINE#         165
  C:4CD0H         LINE#         167
  C:4CD2H         LINE#         170
  C:4CD4H         LINE#         171
  C:4CD6H         LINE#         174
  C:4CD8H         LINE#         175
  C:4CDAH         LINE#         177
  C:4CDCH         LINE#         179
  -------         ENDPROC       INITSERIAL
  -------         PROC          GETHOSTPACKET
  -------         DO            
  X:0038H         SYMBOL        InChar
  -------         ENDDO         
  C:3E95H         LINE#         188
  C:3E95H         LINE#         191
  C:3E9EH         LINE#         192
  C:3EB0H         LINE#         194
  C:3ED3H         LINE#         195
  C:3ED3H         LINE#         196
  C:3EDAH         LINE#         197
  C:3EDDH         LINE#         198
  C:3EDFH         LINE#         199
  C:3EE2H         LINE#         200
  C:3EE2H         LINE#         201
BL51 BANKED LINKER/LOCATER V6.22.4.0                                                  08/04/2025  12:17:26  PAGE 18


  C:3EE4H         LINE#         203
  C:3EE4H         LINE#         204
  C:3EEDH         LINE#         205
  C:3EF8H         LINE#         206
  C:3EFBH         LINE#         207
  C:3EFDH         LINE#         212
  C:3EFDH         LINE#         213
  C:3F06H         LINE#         214
  C:3F0FH         LINE#         215
  C:3F18H         LINE#         216
  C:3F1BH         LINE#         217
  C:3F1EH         LINE#         218
  C:3F1EH         LINE#         219
  C:3F1EH         LINE#         220
  C:3F20H         LINE#         221
  C:3F23H         LINE#         222
  C:3F23H         LINE#         223
  C:3F26H         LINE#         225
  C:3F26H         LINE#         226
  C:3F2BH         LINE#         227
  C:3F2EH         LINE#         228
  C:3F31H         LINE#         230
  C:3F31H         LINE#         231
  C:3F36H         LINE#         232
  C:3F39H         LINE#         233
  C:3F3CH         LINE#         234
  C:3F3FH         LINE#         236
  C:3F3FH         LINE#         237
  C:3F46H         LINE#         238
  C:3F4DH         LINE#         239
  C:3F4DH         LINE#         240
  C:3F4FH         LINE#         241
  C:3F4FH         LINE#         242
  C:3F56H         LINE#         243
  C:3F58H         LINE#         244
  C:3F5BH         LINE#         245
  C:3F5BH         LINE#         246
  C:3F5EH         LINE#         248
  C:3F5EH         LINE#         249
  C:3F61H         LINE#         250
  C:3F64H         LINE#         252
  C:3F64H         LINE#         253
  C:3F64H         LINE#         254
  C:3F68H         LINE#         255
  -------         ENDPROC       GETHOSTPACKET
  -------         PROC          _CRC8
  X:0038H         SYMBOL        DataPtr
  X:003BH         SYMBOL        len
  C:4B69H         LINE#         269
  C:4B76H         LINE#         270
  C:4B79H         LINE#         272
  C:4B81H         LINE#         273
  C:4B92H         LINE#         274
  C:4B9DH         LINE#         275
  C:4BA4H         LINE#         276
  C:4BA6H         LINE#         277
  -------         ENDPROC       _CRC8
BL51 BANKED LINKER/LOCATER V6.22.4.0                                                  08/04/2025  12:17:26  PAGE 19


  -------         PROC          _RUNCRC8
  D:0007H         SYMBOL        b
  C:4DE4H         LINE#         314
  C:4DE4H         LINE#         315
  C:4DEDH         LINE#         316
  C:4DEEH         LINE#         317
  -------         ENDPROC       _RUNCRC8
  -------         PROC          _TRANSMIT_UART0
  X:007EH         SYMBOL        c
  C:4C73H         LINE#         331
  C:4C77H         LINE#         334
  C:4C87H         LINE#         335
  C:4C8CH         LINE#         336
  C:4C93H         LINE#         337
  C:4C95H         LINE#         338
  C:4C95H         LINE#         341
  C:4C98H         LINE#         342
  C:4C9AH         LINE#         343
  C:4C9CH         LINE#         344
  C:4C9CH         LINE#         345
  C:4CA0H         LINE#         346
  -------         ENDPROC       _TRANSMIT_UART0
  -------         PROC          _PUTCHAR
  X:007BH         SYMBOL        c
  -------         DO            
  X:007CH         SYMBOL        to
  -------         ENDDO         
  C:4BA7H         LINE#         360
  C:4BABH         LINE#         361
  C:4BB1H         LINE#         363
  C:4BD0H         LINE#         364
  C:4BD3H         LINE#         365
  C:4BD5H         LINE#         366
  C:4BDCH         LINE#         367
  C:4BE0H         LINE#         368
  -------         ENDPROC       _PUTCHAR
  -------         PROC          EXT7_ISR
  C:006DH         LINE#         410
  C:006DH         LINE#         411
  C:0070H         LINE#         412
  -------         ENDPROC       EXT7_ISR
  -------         PROC          TIMER3_ISR
  -------         DO            
  D:0007H         SYMBOL        ShiftMask
  -------         ENDDO         
  C:0026H         LINE#         454
  C:0035H         LINE#         457
  C:0038H         LINE#         458
  C:003DH         LINE#         459
  C:003FH         LINE#         460
  C:0048H         LINE#         461
  C:004DH         LINE#         462
  C:0052H         LINE#         463
  C:0056H         LINE#         464
  C:0058H         LINE#         465
  C:005DH         LINE#         466
  C:0060H         LINE#         467
BL51 BANKED LINKER/LOCATER V6.22.4.0                                                  08/04/2025  12:17:26  PAGE 20


  -------         ENDPROC       TIMER3_ISR
  -------         PROC          _STRUP
  X:0039H         SYMBOL        s
  -------         DO            
  X:003CH         SYMBOL        i
  -------         ENDDO         
  C:4AC9H         LINE#         502
  C:4AD3H         LINE#         504
  C:4AD8H         LINE#         505
  C:4AF1H         LINE#         506
  C:4B0BH         LINE#         507
  C:4B16H         LINE#         508
  C:4B18H         LINE#         509
  -------         ENDPROC       _STRUP
  -------         PROC          _FLASH_WRITE
  X:0038H         SYMBOL        b
  X:003BH         SYMBOL        len
  -------         DO            
  X:003CH         SYMBOL        addr
  -------         ENDDO         
  C:4A71H         LINE#         544
  C:4A7EH         LINE#         545
  C:4A83H         LINE#         547
  C:4A89H         LINE#         548
  C:4A8BH         LINE#         549
  C:4A8EH         LINE#         550
  C:4A8EH         LINE#         552
  C:4A96H         LINE#         553
  C:4A9FH         LINE#         554
  C:4AC6H         LINE#         555
  C:4AC8H         LINE#         556
  -------         ENDPROC       _FLASH_WRITE
  -------         PROC          _FLASH_READ
  X:0038H         SYMBOL        b
  X:003BH         SYMBOL        len
  -------         DO            
  X:003CH         SYMBOL        addr
  -------         ENDDO         
  C:4B19H         LINE#         574
  C:4B26H         LINE#         575
  C:4B2BH         LINE#         577
  C:4B31H         LINE#         578
  C:4B33H         LINE#         579
  C:4B36H         LINE#         580
  C:4B36H         LINE#         582
  C:4B3FH         LINE#         583
  C:4B66H         LINE#         584
  C:4B68H         LINE#         585
  -------         ENDPROC       _FLASH_READ
  -------         PROC          _FLASH_BYTEWRITE
  D:0006H         SYMBOL        addr
  D:0005H         SYMBOL        c
  B:0021H.0       SYMBOL        SFLE
  -------         DO            
  B:0021H.1       SYMBOL        EA_SAVE
  D:0012H         SYMBOL        pwrite
  -------         ENDDO         
BL51 BANKED LINKER/LOCATER V6.22.4.0                                                  08/04/2025  12:17:26  PAGE 21


  C:4C15H         LINE#         603
  C:4C15H         LINE#         604
  C:4C15H         LINE#         605
  C:4C19H         LINE#         608
  C:4C1BH         LINE#         610
  C:4C1FH         LINE#         612
  C:4C22H         LINE#         613
  C:4C25H         LINE#         615
  C:4C28H         LINE#         616
  C:4C2BH         LINE#         617
  C:4C2BH         LINE#         619
  C:4C33H         LINE#         621
  C:4C36H         LINE#         622
  C:4C39H         LINE#         623
  C:4C39H         LINE#         625
  C:4C3CH         LINE#         626
  C:4C3FH         LINE#         628
  C:4C43H         LINE#         629
  -------         ENDPROC       _FLASH_BYTEWRITE
  -------         PROC          _FLASH_BYTEREAD
  D:0006H         SYMBOL        addr
  B:0021H.0       SYMBOL        SFLE
  -------         DO            
  B:0021H.1       SYMBOL        EA_SAVE
  D:0012H         SYMBOL        pread
  D:0007H         SYMBOL        c
  -------         ENDDO         
  C:0076H         LINE#         641
  C:0076H         LINE#         642
  C:0076H         LINE#         643
  C:007AH         LINE#         647
  C:007CH         LINE#         649
  C:0080H         LINE#         651
  C:0083H         LINE#         652
  C:0086H         LINE#         653
  C:0086H         LINE#         655
  C:008FH         LINE#         657
  C:0092H         LINE#         658
  C:0095H         LINE#         659
  C:0095H         LINE#         661
  C:0099H         LINE#         663
  C:0099H         LINE#         664
  -------         ENDPROC       _FLASH_BYTEREAD
  -------         PROC          _FLASH_PAGEERASE
  D:0006H         SYMBOL        addr
  B:0021H.0       SYMBOL        SFLE
  -------         DO            
  B:0021H.1       SYMBOL        EA_SAVE
  D:0012H         SYMBOL        pwrite
  -------         ENDDO         
  C:4C44H         LINE#         676
  C:4C44H         LINE#         677
  C:4C44H         LINE#         678
  C:4C48H         LINE#         681
  C:4C4AH         LINE#         683
  C:4C4EH         LINE#         685
  C:4C51H         LINE#         686
BL51 BANKED LINKER/LOCATER V6.22.4.0                                                  08/04/2025  12:17:26  PAGE 22


  C:4C54H         LINE#         688
  C:4C57H         LINE#         689
  C:4C5AH         LINE#         690
  C:4C5AH         LINE#         692
  C:4C62H         LINE#         694
  C:4C65H         LINE#         695
  C:4C68H         LINE#         696
  C:4C68H         LINE#         698
  C:4C6BH         LINE#         699
  C:4C6EH         LINE#         701
  C:4C72H         LINE#         702
  -------         ENDPROC       _FLASH_PAGEERASE
  -------         PROC          _ABSDIFF
  D:0007H         SYMBOL        in
  D:0005H         SYMBOL        out
  C:4CDDH         LINE#         750
  C:4CDDH         LINE#         754
  C:4CE1H         LINE#         755
  C:4CE6H         LINE#         756
  C:4CEAH         LINE#         758
  C:4CF1H         LINE#         759
  C:4CF1H         LINE#         760
  C:4CF3H         LINE#         762
  -------         ENDPROC       _ABSDIFF
  -------         PROC          INITEQUE
  C:4D35H         LINE#         887
  C:4D35H         LINE#         888
  C:4D44H         LINE#         889
  C:4D49H         LINE#         890
  -------         ENDPROC       INITEQUE
  -------         PROC          L?0159
  -------         ENDPROC       L?0159
  -------         PROC          _WRITEERRORQUE
  D:0007H         SYMBOL        Source
  D:0005H         SYMBOL        Error
  C:472CH         LINE#         903
  C:472CH         LINE#         906
  C:474CH         LINE#         909
  C:4755H         LINE#         910
  C:4757H         LINE#         911
  C:4768H         LINE#         912
  C:477CH         LINE#         913
  C:477CH         LINE#         914
  C:478FH         LINE#         915
  C:47A4H         LINE#         916
  -------         ENDPROC       _WRITEERRORQUE
  -------         PROC          ERRDUMP
  -------         DO            
  X:003CH         SYMBOL        a
  -------         ENDDO         
  C:41C9H         LINE#         928
  C:41C9H         LINE#         931
  C:41D3H         LINE#         932
  C:41E1H         LINE#         933
  C:41E6H         LINE#         934
  C:41ECH         LINE#         935
  C:41F0H         LINE#         937
BL51 BANKED LINKER/LOCATER V6.22.4.0                                                  08/04/2025  12:17:26  PAGE 23


  C:4203H         LINE#         938
  C:420AH         LINE#         939
  C:4257H         LINE#         940
  C:4259H         LINE#         941
  C:427FH         LINE#         942
  C:427FH         LINE#         943
  C:4282H         LINE#         944
  C:4285H         LINE#         945
  C:428BH         LINE#         946
  C:428BH         LINE#         947
  -------         ENDPROC       ERRDUMP
  -------         PROC          ERRTABLE
  -------         DO            
  X:003CH         SYMBOL        i
  X:003DH         SYMBOL        a
  -------         ENDDO         
  C:4039H         LINE#         960
  C:4039H         LINE#         963
  C:403EH         LINE#         964
  C:4044H         LINE#         965
  C:4048H         LINE#         966
  C:405EH         LINE#         967
  C:4067H         LINE#         968
  C:4095H         LINE#         969
  C:409AH         LINE#         970
  C:409DH         LINE#         971
  C:409FH         LINE#         972
  C:40A4H         LINE#         973
  C:40BAH         LINE#         974
  C:40C3H         LINE#         975
  C:40F1H         LINE#         976
  C:40F6H         LINE#         977
  C:40F9H         LINE#         978
  C:40FBH         LINE#         979
  C:4101H         LINE#         980
  -------         ENDPROC       ERRTABLE
  -------         PROC          _ERRLOOKUP
  X:003DH         SYMBOL        src
  X:003EH         SYMBOL        err
  C:428CH         LINE#         993
  C:4293H         LINE#         995
  C:4298H         LINE#         996
  C:42C4H         LINE#         997
  C:42C6H         LINE#         998
  C:42E1H         LINE#         999
  C:42E1H         LINE#         1000
  C:42EAH         LINE#         1002
  C:42F3H         LINE#         1003
  C:431EH         LINE#         1004
  C:4320H         LINE#         1005
  C:433BH         LINE#         1006
  C:433BH         LINE#         1007
  -------         ENDPROC       _ERRLOOKUP
  -------         PROC          _GETCOMMAND
  D:0007H         SYMBOL        c
  -------         DO            
  X:0015H         SYMBOL        i
BL51 BANKED LINKER/LOCATER V6.22.4.0                                                  08/04/2025  12:17:26  PAGE 24


  -------         ENDDO         
  C:39F4H         LINE#         1055
  C:39F4H         LINE#         1060
  C:3A08H         LINE#         1062
  C:3A16H         LINE#         1063
  C:3A2BH         LINE#         1064
  C:3A2BH         LINE#         1067
  C:3A42H         LINE#         1068
  C:3A46H         LINE#         1069
  C:3A53H         LINE#         1070
  C:3A56H         LINE#         1073
  C:3A5EH         LINE#         1074
  C:3A66H         LINE#         1075
  C:3A7AH         LINE#         1076
  C:3A87H         LINE#         1077
  C:3A96H         LINE#         1078
  C:3AC4H         LINE#         1079
  C:3ACDH         LINE#         1080
  C:3AD6H         LINE#         1081
  C:3AD6H         LINE#         1082
  C:3ADBH         LINE#         1083
  C:3ADBH         LINE#         1084
  C:3ADBH         LINE#         1085
  C:3AEBH         LINE#         1089
  C:3AF2H         LINE#         1090
  C:3AF5H         LINE#         1092
  C:3AFBH         LINE#         1093
  -------         ENDPROC       _GETCOMMAND
  -------         PROC          _CHECKCOMMAND
  X:0039H         SYMBOL        ib
  X:003CH         SYMBOL        mnu
  -------         DO            
  X:003FH         SYMBOL        i
  -------         ENDDO         
  C:47A5H         LINE#         1097
  C:47AFH         LINE#         1100
  C:47B5H         LINE#         1101
  C:47D6H         LINE#         1102
  C:480AH         LINE#         1103
  C:480AH         LINE#         1104
  C:480AH         LINE#         1105
  C:4815H         LINE#         1106
  C:4817H         LINE#         1107
  C:481EH         LINE#         1108
  -------         ENDPROC       _CHECKCOMMAND
  -------         PROC          _PARSECOMMAND
  D:0001H         SYMBOL        ib
  -------         DO            
  D:0006H         SYMBOL        i
  -------         ENDDO         
  C:48FFH         LINE#         1136
  C:48FFH         LINE#         1139
  C:4904H         LINE#         1140
  C:4914H         LINE#         1142
  C:4937H         LINE#         1143
  C:494FH         LINE#         1144
  C:4954H         LINE#         1145
BL51 BANKED LINKER/LOCATER V6.22.4.0                                                  08/04/2025  12:17:26  PAGE 25


  C:4956H         LINE#         1146
  C:495BH         LINE#         1147
  C:495BH         LINE#         1151
  C:495EH         LINE#         1152
  C:495EH         LINE#         1153
  C:495EH         LINE#         1154
  -------         ENDPROC       _PARSECOMMAND
  -------         PROC          _MENUTASK
  D:0007H         SYMBOL        task
  -------         DO            
  X:0039H         SYMBOL        i
  X:003BH         SYMBOL        a
  -------         ENDDO         
  C:2AABH         LINE#         1161
  C:2AABH         LINE#         1172
  C:2AF4H         LINE#         1173
  C:2AF4H         LINE#         1174
  C:2AFAH         LINE#         1175
  C:2B00H         LINE#         1176
  C:2B04H         LINE#         1177
  C:2B30H         LINE#         1178
  C:2B48H         LINE#         1179
  C:2BA3H         LINE#         1180
  C:2BA6H         LINE#         1181
  C:2BA6H         LINE#         1182
  C:2BB1H         LINE#         1183
  C:2BB4H         LINE#         1187
  C:2BB4H         LINE#         1188
  C:2BBAH         LINE#         1189
  C:2BBEH         LINE#         1190
  C:2BE0H         LINE#         1191
  C:2C02H         LINE#         1192
  C:2C24H         LINE#         1193
  C:2C46H         LINE#         1194
  C:2C49H         LINE#         1195
  C:2C6BH         LINE#         1196
  C:2C8DH         LINE#         1197
  C:2CAFH         LINE#         1198
  C:2CD1H         LINE#         1199
  C:2CE7H         LINE#         1200
  C:2CF7H         LINE#         1201
  C:2CF7H         LINE#         1202
  C:2CFDH         LINE#         1203
  C:2CFFH         LINE#         1204
  C:2CFFH         LINE#         1205
  C:2D05H         LINE#         1206
  C:2D07H         LINE#         1207
  C:2D07H         LINE#         1208
  C:2D10H         LINE#         1209
  C:2D10H         LINE#         1210
  C:2D10H         LINE#         1211
  C:2D16H         LINE#         1212
  C:2D17H         LINE#         1215
  C:2D17H         LINE#         1216
  C:2D1AH         LINE#         1217
  C:2D1AH         LINE#         1220
  C:2D1AH         LINE#         1221
BL51 BANKED LINKER/LOCATER V6.22.4.0                                                  08/04/2025  12:17:26  PAGE 26


  C:2D1DH         LINE#         1222
  C:2D1DH         LINE#         1225
  C:2D1DH         LINE#         1228
  C:2D1DH         LINE#         1231
  C:2D1DH         LINE#         1232
  C:2D2CH         LINE#         1233
  C:2D32H         LINE#         1234
  C:2D35H         LINE#         1237
  C:2D35H         LINE#         1238
  C:2D37H         LINE#         1239
  C:2D56H         LINE#         1240
  C:2D59H         LINE#         1242
  C:2D59H         LINE#         1243
  C:2D5BH         LINE#         1244
  C:2D7AH         LINE#         1245
  C:2D7DH         LINE#         1248
  C:2D7DH         LINE#         1249
  C:2D8CH         LINE#         1250
  C:2D8FH         LINE#         1253
  C:2D8FH         LINE#         1254
  C:2DB1H         LINE#         1255
  C:2DBDH         LINE#         1256
  C:2DC0H         LINE#         1259
  C:2DC0H         LINE#         1263
  C:2DD6H         LINE#         1264
  C:2DD9H         LINE#         1265
  C:2DD9H         LINE#         1268
  C:2DD9H         LINE#         1269
  C:2DDFH         LINE#         1270
  C:2DE2H         LINE#         1272
  C:2DE2H         LINE#         1277
  C:2DE2H         LINE#         1278
  C:2DE8H         LINE#         1279
  C:2DEBH         LINE#         1281
  C:2DEBH         LINE#         1282
  C:2DF1H         LINE#         1283
  C:2DF4H         LINE#         1286
  C:2DF4H         LINE#         1287
  C:2E16H         LINE#         1288
  C:2E3EH         LINE#         1289
  C:2E40H         LINE#         1292
  C:2E40H         LINE#         1293
  C:2E62H         LINE#         1294
  C:2E8AH         LINE#         1295
  C:2E8CH         LINE#         1298
  C:2E8CH         LINE#         1302
  C:2E92H         LINE#         1304
  C:2E92H         LINE#         1307
  C:2E95H         LINE#         1312
  C:2E95H         LINE#         1314
  C:2E95H         LINE#         1315
  -------         ENDPROC       _MENUTASK
  -------         PROC          _SETRSTATUS
  D:0007H         SYMBOL        type
  D:0005H         SYMBOL        error
  C:4E03H         LINE#         1328
  C:4E03H         LINE#         1329
BL51 BANKED LINKER/LOCATER V6.22.4.0                                                  08/04/2025  12:17:26  PAGE 27


  C:4E0BH         LINE#         1330
  -------         ENDPROC       _SETRSTATUS
  -------         ENDMOD        8051LIB

  -------         MODULE        8051LIB_I
  C:495FH         SEGMENT       INT4_CODE_SEG
  B:0080H.7       PUBLIC        DE485
  B:0080H.6       PUBLIC        RE485
  B:00C0H.2       SYMBOL        AA
  B:00D0H.6       SYMBOL        AC
  D:00E0H         SYMBOL        ACC
  B:00E8H.4       SYMBOL        AD0BUSY
  B:00E8H.7       SYMBOL        AD0EN
  B:00E8H.5       SYMBOL        AD0INT
  B:00E8H.0       SYMBOL        AD0LJST
  B:00E8H.2       SYMBOL        AD0STM0
  B:00E8H.3       SYMBOL        AD0STM1
  B:00E8H.6       SYMBOL        AD0TM
  B:00E8H.1       SYMBOL        AD0WINT
  D:00BCH         SYMBOL        ADC0CF
  D:00E8H         SYMBOL        ADC0CN
  D:00C5H         SYMBOL        ADC0GTH
  D:00C4H         SYMBOL        ADC0GTL
  D:00BFH         SYMBOL        ADC0H
  D:00BEH         SYMBOL        ADC0L
  D:00C7H         SYMBOL        ADC0LTH
  D:00C6H         SYMBOL        ADC0LTL
  D:009CH         SYMBOL        ADC1
  D:00ABH         SYMBOL        ADC1CF
  D:00AAH         SYMBOL        ADC1CN
  D:00BAH         SYMBOL        AMX0CF
  D:00BBH         SYMBOL        AMX0SL
  D:00ACH         SYMBOL        AMX1SL
  D:00F0H         SYMBOL        B
  B:00D8H.0       SYMBOL        CCF0
  B:00D8H.1       SYMBOL        CCF1
  B:00D8H.2       SYMBOL        CCF2
  B:00D8H.3       SYMBOL        CCF3
  B:00D8H.4       SYMBOL        CCF4
  B:00D8H.7       SYMBOL        CF
  D:008EH         SYMBOL        CKCON
  C:495FH         SYMBOL        COM_ISR
  C:4984H         SYMBOL        COM_ISR25
  C:49ACH         SYMBOL        COM_ISR28
  C:49B2H         SYMBOL        COM_ISR30
  C:49A2H         SYMBOL        COM_ISRSLOW1
  C:49A7H         SYMBOL        COM_ISRSLOW2
  B:00C8H.0       SYMBOL        CPRL2
  D:009EH         SYMBOL        CPT0CN
  D:009FH         SYMBOL        CPT1CN
  B:00D8H.6       SYMBOL        CR
  B:00C8H.1       SYMBOL        CT2
  B:00D0H.7       SYMBOL        CY
  D:00D4H         SYMBOL        DAC0CN
  D:00D3H         SYMBOL        DAC0H
  D:00D2H         SYMBOL        DAC0L
  D:00D7H         SYMBOL        DAC1CN
BL51 BANKED LINKER/LOCATER V6.22.4.0                                                  08/04/2025  12:17:26  PAGE 28


  D:00D6H         SYMBOL        DAC1H
  D:00D5H         SYMBOL        DAC1L
  D:0083H         SYMBOL        DPH
  D:0082H         SYMBOL        DPL
  B:00A8H.7       SYMBOL        EA
  D:00E6H         SYMBOL        EIE1
  D:00E7H         SYMBOL        EIE2
  D:00F6H         SYMBOL        EIP1
  D:00F7H         SYMBOL        EIP2
  D:00A3H         SYMBOL        EMI0CF
  D:00AFH         SYMBOL        EMI0CN
  D:00A1H         SYMBOL        EMI0TC
  B:00C0H.6       SYMBOL        ENSMB
  B:00A8H.4       SYMBOL        ES
  B:00A8H.1       SYMBOL        ET0
  B:00A8H.3       SYMBOL        ET1
  B:00A8H.5       SYMBOL        ET2
  B:00A8H.0       SYMBOL        EX0
  B:00A8H.2       SYMBOL        EX1
  B:00C8H.3       SYMBOL        EXEN2
  B:00C8H.6       SYMBOL        EXF2
  B:00D0H.5       SYMBOL        F0
  B:00D0H.1       SYMBOL        F1
  D:00B7H         SYMBOL        FLACL
  D:00B6H         SYMBOL        FLSCL
  D:00A8H         SYMBOL        IE
  B:0088H.1       SYMBOL        IE0
  B:0088H.3       SYMBOL        IE1
  D:00B8H         SYMBOL        IP
  B:0088H.0       SYMBOL        IT0
  B:0088H.2       SYMBOL        IT1
  B:00F8H.5       SYMBOL        MODF
  B:00F8H.1       SYMBOL        MSTEN
  D:00B2H         SYMBOL        OSCICN
  D:00B1H         SYMBOL        OSCXCN
  B:00D0H.2       SYMBOL        OV
  B:00D0H.0       SYMBOL        P
  D:0080H         SYMBOL        P0
  D:00A4H         SYMBOL        P0MDOUT
  D:0090H         SYMBOL        P1
  D:00BDH         SYMBOL        P1MDIN
  D:00A5H         SYMBOL        P1MDOUT
  D:00A0H         SYMBOL        P2
  D:00A6H         SYMBOL        P2MDOUT
  D:00B0H         SYMBOL        P3
  D:00ADH         SYMBOL        P3IF
  D:00A7H         SYMBOL        P3MDOUT
  D:0084H         SYMBOL        P4
  D:0085H         SYMBOL        P5
  D:0086H         SYMBOL        P6
  D:0096H         SYMBOL        P7
  D:00B5H         SYMBOL        P74OUT
  D:00D8H         SYMBOL        PCA0CN
  D:00FAH         SYMBOL        PCA0CPH0
  D:00FBH         SYMBOL        PCA0CPH1
  D:00FCH         SYMBOL        PCA0CPH2
  D:00FDH         SYMBOL        PCA0CPH3
BL51 BANKED LINKER/LOCATER V6.22.4.0                                                  08/04/2025  12:17:26  PAGE 29


  D:00FEH         SYMBOL        PCA0CPH4
  D:00EAH         SYMBOL        PCA0CPL0
  D:00EBH         SYMBOL        PCA0CPL1
  D:00ECH         SYMBOL        PCA0CPL2
  D:00EDH         SYMBOL        PCA0CPL3
  D:00EEH         SYMBOL        PCA0CPL4
  D:00DAH         SYMBOL        PCA0CPM0
  D:00DBH         SYMBOL        PCA0CPM1
  D:00DCH         SYMBOL        PCA0CPM2
  D:00DDH         SYMBOL        PCA0CPM3
  D:00DEH         SYMBOL        PCA0CPM4
  D:00F9H         SYMBOL        PCA0H
  D:00E9H         SYMBOL        PCA0L
  D:00D9H         SYMBOL        PCA0MD
  D:0087H         SYMBOL        PCON
  B:00B8H.4       SYMBOL        PS
  D:008FH         SYMBOL        PSCTL
  D:00D0H         SYMBOL        PSW
  B:00B8H.1       SYMBOL        PT0
  B:00B8H.3       SYMBOL        PT1
  B:00B8H.5       SYMBOL        PT2
  B:00B8H.0       SYMBOL        PX0
  B:00B8H.2       SYMBOL        PX1
  B:0098H.2       SYMBOL        RB8
  D:00CBH         SYMBOL        RCAP2H
  D:00CAH         SYMBOL        RCAP2L
  D:00E5H         SYMBOL        RCAP4H
  D:00E4H         SYMBOL        RCAP4L
  B:00C8H.5       SYMBOL        RCLK
  D:00D1H         SYMBOL        REF0CN
  B:0098H.4       SYMBOL        REN
  B:00E0H.4       SYMBOL        REN1
  B:0098H.0       SYMBOL        RI
  B:00E0H.0       SYMBOL        RI1
  B:00D0H.3       SYMBOL        RS0
  B:00D0H.4       SYMBOL        RS1
  D:00EFH         SYMBOL        RSTSRC
  B:00F8H.4       SYMBOL        RXOVRN
  D:00A9H         SYMBOL        SADDR0
  D:00F3H         SYMBOL        SADDR1
  D:00B9H         SYMBOL        SADEN0
  D:00AEH         SYMBOL        SADEN1
  D:0099H         SYMBOL        SBUF0
  D:00F2H         SYMBOL        SBUF1
  D:0098H         SYMBOL        SCON0
  D:00F1H         SYMBOL        SCON1
  B:00C0H.3       SYMBOL        SI
  B:00F8H.2       SYMBOL        SLVSEL
  B:0098H.7       SYMBOL        SM0
  B:0098H.6       SYMBOL        SM1
  B:0098H.5       SYMBOL        SM2
  D:00C3H         SYMBOL        SMB0ADR
  D:00C0H         SYMBOL        SMB0CN
  D:00CFH         SYMBOL        SMB0CR
  D:00C2H         SYMBOL        SMB0DAT
  D:00C1H         SYMBOL        SMB0STA
  B:00C0H.1       SYMBOL        SMBFTE
BL51 BANKED LINKER/LOCATER V6.22.4.0                                                  08/04/2025  12:17:26  PAGE 30


  B:00C0H.0       SYMBOL        SMBTOE
  D:0081H         SYMBOL        SP
  D:009AH         SYMBOL        SPI0CFG
  D:009DH         SYMBOL        SPI0CKR
  D:00F8H         SYMBOL        SPI0CN
  D:009BH         SYMBOL        SPI0DAT
  B:00F8H.0       SYMBOL        SPIEN
  B:00F8H.7       SYMBOL        SPIF
  B:00C0H.5       SYMBOL        STA
  B:00C0H.4       SYMBOL        STO
  D:00C8H         SYMBOL        T2CON
  D:00C9H         SYMBOL        T4CON
  B:0098H.3       SYMBOL        TB8
  B:00C8H.4       SYMBOL        TCLK
  D:0088H         SYMBOL        TCON
  B:0088H.5       SYMBOL        TF0
  B:0088H.7       SYMBOL        TF1
  B:00C8H.7       SYMBOL        TF2
  D:008CH         SYMBOL        TH0
  D:008DH         SYMBOL        TH1
  D:00CDH         SYMBOL        TH2
  D:00F5H         SYMBOL        TH4
  B:0098H.1       SYMBOL        TI
  B:00E0H.1       SYMBOL        TI1
  D:008AH         SYMBOL        TL0
  D:008BH         SYMBOL        TL1
  D:00CCH         SYMBOL        TL2
  D:00F4H         SYMBOL        TL4
  D:0089H         SYMBOL        TMOD
  D:0091H         SYMBOL        TMR3CN
  D:0095H         SYMBOL        TMR3H
  D:0094H         SYMBOL        TMR3L
  D:0093H         SYMBOL        TMR3RLH
  D:0092H         SYMBOL        TMR3RLL
  B:0088H.4       SYMBOL        TR0
  B:0088H.6       SYMBOL        TR1
  B:00C8H.2       SYMBOL        TR2
  B:00F8H.3       SYMBOL        TXBSY
  B:00F8H.6       SYMBOL        WCOL
  D:00FFH         SYMBOL        WDTCN
  D:00E1H         SYMBOL        XBR0
  D:00E2H         SYMBOL        XBR1
  D:00E3H         SYMBOL        XBR2
  C:0023H         LINE#         58
  C:495FH         LINE#         72
  C:4961H         LINE#         73
  C:4963H         LINE#         74
  C:4966H         LINE#         75
  C:4968H         LINE#         76
  C:496AH         LINE#         78
  C:496DH         LINE#         79
  C:496FH         LINE#         82
  C:4972H         LINE#         83
  C:4975H         LINE#         84
  C:4977H         LINE#         85
  C:4979H         LINE#         86
  C:497AH         LINE#         89
BL51 BANKED LINKER/LOCATER V6.22.4.0                                                  08/04/2025  12:17:26  PAGE 31


  C:497CH         LINE#         90
  C:497FH         LINE#         91
  C:4981H         LINE#         92
  C:4984H         LINE#         96
  C:4987H         LINE#         97
  C:4989H         LINE#         98
  C:498BH         LINE#         99
  C:498DH         LINE#         100
  C:498FH         LINE#         101
  C:4991H         LINE#         102
  C:4993H         LINE#         103
  C:4996H         LINE#         104
  C:4999H         LINE#         105
  C:499BH         LINE#         106
  C:499CH         LINE#         107
  C:499EH         LINE#         108
  C:49A0H         LINE#         111
  C:49A2H         LINE#         113
  C:49A3H         LINE#         114
  C:49A5H         LINE#         115
  C:49A7H         LINE#         117
  C:49A8H         LINE#         118
  C:49AAH         LINE#         120
  C:49ACH         LINE#         123
  C:49AEH         LINE#         124
  C:49B0H         LINE#         125
  C:49B2H         LINE#         128
  C:49B4H         LINE#         129
  C:49B6H         LINE#         130
  C:49B8H         LINE#         131
  C:49BAH         LINE#         132
  -------         ENDMOD        8051LIB_I

  -------         MODULE        ERROR
  C:0000H         SYMBOL        _ICE_DUMMY_
  C:1C7CH         PUBLIC        ec
  C:1C00H         PUBLIC        sc
  -------         ENDMOD        ERROR

  -------         MODULE        LONGMULT
  C:46A2H         SEGMENT       LONGMULT_CODE_SEG
  C:46A2H         PUBLIC        MUL32BIT
  D:00E0H         SYMBOL        ACC
  D:00F0H         SYMBOL        B
  C:46DDH         SYMBOL        BYTEMUL
  C:46B1H         SYMBOL        CLRNEXT
  C:470FH         SYMBOL        ENDPROPCARRY
  C:46F3H         SYMBOL        LOOP
  C:4702H         SYMBOL        PROPCARRY
  D:00D0H         SYMBOL        PSW
  C:4708H         SYMBOL        SKIP
  C:46A2H         LINE#         32
  C:46A4H         LINE#         33
  C:46A6H         LINE#         34
  C:46A8H         LINE#         35
  C:46AAH         LINE#         36
  C:46ACH         LINE#         39
BL51 BANKED LINKER/LOCATER V6.22.4.0                                                  08/04/2025  12:17:26  PAGE 32


  C:46ADH         LINE#         40
  C:46AFH         LINE#         41
  C:46B1H         LINE#         43
  C:46B2H         LINE#         44
  C:46B3H         LINE#         45
  C:46B5H         LINE#         48
  C:46B8H         LINE#         49
  C:46BAH         LINE#         50
  C:46BDH         LINE#         51
  C:46C0H         LINE#         52
  C:46C1H         LINE#         53
  C:46C4H         LINE#         54
  C:46C7H         LINE#         55
  C:46C8H         LINE#         56
  C:46CBH         LINE#         57
  C:46CEH         LINE#         58
  C:46CFH         LINE#         59
  C:46D2H         LINE#         62
  C:46D4H         LINE#         63
  C:46D6H         LINE#         64
  C:46D8H         LINE#         65
  C:46DAH         LINE#         66
  C:46DCH         LINE#         67
  C:46DDH         LINE#         76
  C:46DFH         LINE#         77
  C:46E1H         LINE#         78
  C:46E3H         LINE#         79
  C:46E5H         LINE#         80
  C:46E7H         LINE#         81
  C:46E9H         LINE#         82
  C:46EBH         LINE#         83
  C:46EDH         LINE#         85
  C:46EFH         LINE#         86
  C:46F1H         LINE#         87
  C:46F3H         LINE#         90
  C:46F5H         LINE#         91
  C:46F6H         LINE#         92
  C:46F7H         LINE#         93
  C:46F8H         LINE#         94
  C:46F9H         LINE#         95
  C:46FAH         LINE#         96
  C:46FCH         LINE#         97
  C:46FDH         LINE#         98
  C:46FEH         LINE#         99
  C:4700H         LINE#         100
  C:4702H         LINE#         103
  C:4703H         LINE#         104
  C:4706H         LINE#         105
  C:4708H         LINE#         107
  C:4709H         LINE#         108
  C:470AH         LINE#         109
  C:470BH         LINE#         110
  C:470DH         LINE#         111
  C:470FH         LINE#         113
  C:4711H         LINE#         115
  C:4712H         LINE#         116
  C:4714H         LINE#         120
BL51 BANKED LINKER/LOCATER V6.22.4.0                                                  08/04/2025  12:17:26  PAGE 33


  C:4716H         LINE#         121
  C:4718H         LINE#         122
  C:471AH         LINE#         123
  C:471CH         LINE#         124
  C:471EH         LINE#         125
  C:4720H         LINE#         126
  C:4722H         LINE#         127
  C:4724H         LINE#         128
  -------         ENDMOD        LONGMULT

  -------         MODULE        TP1200
  C:0000H         SYMBOL        _ICE_DUMMY_
  D:0080H         PUBLIC        P0
  B:0090H.2       PUBLIC        CS_EE
  D:0090H         PUBLIC        P1
  D:00A0H         PUBLIC        P2
  C:31E4H         PUBLIC        Calculate_LUT_Start_Address
  C:482DH         PUBLIC        _Read_EEPROM_Bytes
  C:4559H         PUBLIC        Load_Lin_Data_T
  C:4895H         PUBLIC        Load_Pressure_LUT
  B:0090H.0       PUBLIC        CS_PR
  C:3CD6H         PUBLIC        _Get_Raw_Sensor_Readings
  C:223DH         PUBLIC        crc_table
  X:0300H         PUBLIC        LUT_P
  C:4102H         PUBLIC        ReadEEProm
  C:1CF4H         PUBLIC        _Calculate_Compensated_Pressure
  C:4A16H         PUBLIC        Load_LUT_P_ADC
  C:44ACH         PUBLIC        _Calculate_CRC32
  C:49BBH         PUBLIC        Load_LUT_T_ADC
  X:0C34H         PUBLIC        g_raw_temp_adc
  C:4344H         PUBLIC        Load_Product_Info
  B:0080H.3       PUBLIC        MISO
  X:0C36H         PUBLIC        g_ProductInfo
  C:3DB8H         PUBLIC        _Apply_System_Calibration
  X:0C3EH         PUBLIC        LUT_P_ADC
  X:0C7AH         PUBLIC        ADC_mode
  X:0C7CH         PUBLIC        ADC_config_P
  X:0C7EH         PUBLIC        LUT_T_ADC
  X:0D96H         PUBLIC        Min_P
  X:0D98H         PUBLIC        Lin_data_T
  X:0DE0H         PUBLIC        Max_P
  X:0DE2H         PUBLIC        ADC_config_T
  C:36D6H         PUBLIC        Display_MEMSCAP_EEPROM_Info
  C:3AFCH         PUBLIC        Load_ADC_Config
  C:34F4H         PUBLIC        _Calculate_Compensated_Temperature
  C:3883H         PUBLIC        _Print_Float
  C:4D15H         PUBLIC        _CompPressureUnAdjusted
  C:4D95H         PUBLIC        Initialize_Sensor
  -------         PROC          _PRINT_FLOAT
  X:0038H         SYMBOL        f
  X:003CH         SYMBOL        precision
  -------         DO            
  X:003DH         SYMBOL        integer_part
  X:0041H         SYMBOL        fractional_part
  X:0045H         SYMBOL        scale
  X:0049H         SYMBOL        i
  -------         ENDDO         
BL51 BANKED LINKER/LOCATER V6.22.4.0                                                  08/04/2025  12:17:26  PAGE 34


  C:3883H         LINE#         99
  C:3888H         LINE#         100
  C:3888H         LINE#         103
  C:3891H         LINE#         106
  C:38A0H         LINE#         107
  C:38BBH         LINE#         108
  C:38C2H         LINE#         110
  C:38DCH         LINE#         111
  C:38E5H         LINE#         112
  C:38FAH         LINE#         113
  C:38FAH         LINE#         115
  C:390FH         LINE#         116
  C:396FH         LINE#         118
  C:398AH         LINE#         120
  C:39ABH         LINE#         121
  C:39C6H         LINE#         122
  C:39CFH         LINE#         123
  C:39CFH         LINE#         124
  C:39D9H         LINE#         125
  -------         ENDPROC       _PRINT_FLOAT
  -------         PROC          INITIALIZE_SENSOR
  C:4D95H         LINE#         135
  C:4D95H         LINE#         136
  C:4D95H         LINE#         138
  C:4D98H         LINE#         139
  C:4D9BH         LINE#         140
  C:4D9EH         LINE#         141
  C:4DA1H         LINE#         142
  C:4DA4H         LINE#         143
  -------         ENDPROC       INITIALIZE_SENSOR
  -------         PROC          _APPLY_SYSTEM_CALIBRATION
  D:0004H         SYMBOL        compensated_press
  X:003CH         SYMBOL        offset
  X:003EH         SYMBOL        span
  -------         DO            
  X:0040H         SYMBOL        final_pressure
  X:0044H         SYMBOL        pressure_range
  -------         ENDDO         
  C:3DB8H         LINE#         158
  C:3DB8H         LINE#         159
  C:3DB8H         LINE#         160
  C:3DBDH         LINE#         161
  C:3DDAH         LINE#         166
  C:3E16H         LINE#         171
  C:3E87H         LINE#         173
  C:3E94H         LINE#         174
  -------         ENDPROC       _APPLY_SYSTEM_CALIBRATION
  -------         PROC          _CALCULATE_COMPENSATED_TEMPERATURE
[...]
  C:3D87H         LINE#         308
  C:3D8EH         LINE#         309
  C:3D95H         LINE#         310
  C:3D9CH         LINE#         311
  C:3DB5H         LINE#         313
  C:3DB7H         LINE#         314
  -------         ENDPROC       _GET_RAW_SENSOR_READINGS
  -------         PROC          LOAD_ADC_CONFIG
BL51 BANKED LINKER/LOCATER V6.22.4.0                                                  08/04/2025  12:17:26  PAGE 37


  -------         DO            
  X:0038H         SYMBOL        lsb
  D:0007H         SYMBOL        msb
  -------         ENDDO         
  C:3AFCH         LINE#         319
  C:3AFCH         LINE#         320
  C:3AFCH         LINE#         323
  C:3AFEH         LINE#         324
  C:3B03H         LINE#         325
  C:3B08H         LINE#         326
  C:3B0DH         LINE#         327
  C:3B14H         LINE#         328
  C:3B17H         LINE#         329
  C:3B27H         LINE#         330
  C:3B2DH         LINE#         331
  C:3B2FH         LINE#         333
  C:3B31H         LINE#         334
  C:3B36H         LINE#         335
  C:3B3BH         LINE#         336
  C:3B40H         LINE#         337
  C:3B47H         LINE#         338
  C:3B4AH         LINE#         339
  C:3B5AH         LINE#         340
  C:3B60H         LINE#         341
  C:3B62H         LINE#         343
  C:3B64H         LINE#         344
  C:3B69H         LINE#         345
  C:3B6EH         LINE#         346
  C:3B73H         LINE#         347
  C:3B7AH         LINE#         348
  C:3B7DH         LINE#         349
  C:3B8DH         LINE#         350
  C:3B93H         LINE#         351
  C:3B95H         LINE#         353
  C:3B97H         LINE#         354
  C:3B9CH         LINE#         355
  C:3BA1H         LINE#         356
  C:3BA6H         LINE#         357
  C:3BB0H         LINE#         358
  C:3BC0H         LINE#         359
  C:3BC2H         LINE#         361
  C:3BC4H         LINE#         362
  C:3BC9H         LINE#         363
  C:3BCEH         LINE#         364
  C:3BD3H         LINE#         365
  C:3BDDH         LINE#         366
  C:3BEDH         LINE#         367
  C:3BEFH         LINE#         368
  -------         ENDPROC       LOAD_ADC_CONFIG
  -------         PROC          LOAD_LIN_DATA_T
  -------         DO            
  X:0038H         SYMBOL        i
  X:003AH         SYMBOL        lsb
  D:0005H         SYMBOL        msb
  X:003BH         SYMBOL        temp_converter
  -------         ENDDO         
  C:4559H         LINE#         373
BL51 BANKED LINKER/LOCATER V6.22.4.0                                                  08/04/2025  12:17:26  PAGE 38


  C:4559H         LINE#         374
  C:4559H         LINE#         379
  C:455BH         LINE#         380
  C:4560H         LINE#         381
  C:4565H         LINE#         382
  C:456AH         LINE#         383
  C:4570H         LINE#         384
  C:4570H         LINE#         385
  C:4577H         LINE#         386
  C:457EH         LINE#         387
  C:4585H         LINE#         388
  C:458CH         LINE#         389
  C:45B4H         LINE#         390
  C:45BBH         LINE#         391
  C:45C0H         LINE#         392
  C:45E5H         LINE#         393
  C:45FCH         LINE#         394
  C:45FEH         LINE#         395
  -------         ENDPROC       LOAD_LIN_DATA_T
  -------         PROC          LOAD_LUT_T_ADC
  -------         DO            
  X:0038H         SYMBOL        i
  X:003AH         SYMBOL        lsb
  D:0005H         SYMBOL        msb
  -------         ENDDO         
  C:49BBH         LINE#         400
  C:49BBH         LINE#         401
  C:49BBH         LINE#         405
  C:49BDH         LINE#         406
  C:49C2H         LINE#         407
  C:49C7H         LINE#         408
  C:49CCH         LINE#         409
  C:49D2H         LINE#         410
  C:49D2H         LINE#         411
  C:49D9H         LINE#         412
  C:49DEH         LINE#         413
  C:49FEH         LINE#         414
  C:4A13H         LINE#         415
  C:4A15H         LINE#         416
  -------         ENDPROC       LOAD_LUT_T_ADC
  -------         PROC          LOAD_LUT_P_ADC
  -------         DO            
  X:0038H         SYMBOL        i
  X:003AH         SYMBOL        lsb
  D:0005H         SYMBOL        msb
  -------         ENDDO         
  C:4A16H         LINE#         421
  C:4A16H         LINE#         422
  C:4A16H         LINE#         426
  C:4A18H         LINE#         427
  C:4A1DH         LINE#         428
  C:4A22H         LINE#         429
  C:4A27H         LINE#         430
  C:4A2DH         LINE#         431
  C:4A2DH         LINE#         432
  C:4A34H         LINE#         433
  C:4A39H         LINE#         434
BL51 BANKED LINKER/LOCATER V6.22.4.0                                                  08/04/2025  12:17:26  PAGE 39


  C:4A59H         LINE#         435
  C:4A6EH         LINE#         436
  C:4A70H         LINE#         437
  -------         ENDPROC       LOAD_LUT_P_ADC
  -------         PROC          CALCULATE_LUT_START_ADDRESS
  -------         DO            
  X:003DH         SYMBOL        target_temp_F
  X:0041H         SYMBOL        target_temp_C
  X:0045H         SYMBOL        i
  X:0047H         SYMBOL        y1
  X:004BH         SYMBOL        y2
  X:004FH         SYMBOL        x1
  X:0051H         SYMBOL        x2
  D:0004H         SYMBOL        target_adc_f
  X:0053H         SYMBOL        target_adc
  X:0055H         SYMBOL        closest_index
  X:0057H         SYMBOL        min_diff
  D:0006H         SYMBOL        address_offset
  -------         DO            
  X:005BH         SYMBOL        diff
  -------         ENDDO         
  -------         ENDDO         
  C:31E4H         LINE#         443
  C:31E4H         LINE#         444
  C:31E4H         LINE#         445
  C:31EDH         LINE#         446
  C:321DH         LINE#         456
  C:3235H         LINE#         457
  C:3235H         LINE#         458
  C:32A8H         LINE#         459
  C:32A8H         LINE#         460
  C:32D0H         LINE#         461
  C:32EEH         LINE#         462
  C:3317H         LINE#         463
  C:3335H         LINE#         464
  C:3337H         LINE#         465
  C:3337H         LINE#         466
  C:3345H         LINE#         468
  C:33FEH         LINE#         469
  C:3408H         LINE#         470
  C:340DH         LINE#         471
  C:3415H         LINE#         473
  C:342DH         LINE#         474
  C:342DH         LINE#         475
  C:3475H         LINE#         476
  C:34B0H         LINE#         477
  C:34B0H         LINE#         478
  C:34C2H         LINE#         479
  C:34CFH         LINE#         480
  C:34CFH         LINE#         481
  C:34DDH         LINE#         483
  C:34EBH         LINE#         485
  C:34F3H         LINE#         486
  -------         ENDPROC       CALCULATE_LUT_START_ADDRESS
  -------         PROC          LOAD_PRESSURE_LUT
  -------         DO            
  X:0038H         SYMBOL        start_address
BL51 BANKED LINKER/LOCATER V6.22.4.0                                                  08/04/2025  12:17:26  PAGE 40


  X:003AH         SYMBOL        i
  X:003CH         SYMBOL        lsb
  D:0005H         SYMBOL        msb
  -------         ENDDO         
  C:4895H         LINE#         491
  C:4895H         LINE#         492
  C:4895H         LINE#         493
  C:489FH         LINE#         496
  C:48A1H         LINE#         497
  C:48A6H         LINE#         498
  C:48ADH         LINE#         499
  C:48B5H         LINE#         500
  C:48BBH         LINE#         501
  C:48BBH         LINE#         502
  C:48C2H         LINE#         503
  C:48C7H         LINE#         504
  C:48E7H         LINE#         505
  C:48FCH         LINE#         506
  C:48FEH         LINE#         507
  -------         ENDPROC       LOAD_PRESSURE_LUT
  -------         PROC          L?0076
  -------         ENDPROC       L?0076
  -------         PROC          _READ_EEPROM_BYTES
  X:00ACH         SYMBOL        buffer
  X:00AFH         SYMBOL        start_address
  X:00B1H         SYMBOL        count
  -------         DO            
  X:00B3H         SYMBOL        i
  -------         ENDDO         
  C:482DH         LINE#         512
  C:483DH         LINE#         513
  C:483DH         LINE#         515
  C:483FH         LINE#         516
  C:4844H         LINE#         517
  C:484BH         LINE#         518
  C:4853H         LINE#         519
  C:486AH         LINE#         520
  C:486AH         LINE#         521
  C:4885H         LINE#         522
  C:4892H         LINE#         523
  C:4894H         LINE#         524
  -------         ENDPROC       _READ_EEPROM_BYTES
  -------         PROC          DISPLAY_MEMSCAP_EEPROM_INFO
  -------         DO            
  X:003CH         SYMBOL        temp_buffer
  D:0004H         SYMBOL        serial_number
  X:0050H         SYMBOL        temp_f
  X:0054H         SYMBOL        p_min_adc_bytes
  X:0058H         SYMBOL        p_max_adc_bytes
  X:005CH         SYMBOL        p_min_adc
  X:0060H         SYMBOL        p_max_adc
  -------         ENDDO         
  C:36D6H         LINE#         534
  C:36D6H         LINE#         535
  C:36D6H         LINE#         547
  C:36DDH         LINE#         548
  C:36EAH         LINE#         549
BL51 BANKED LINKER/LOCATER V6.22.4.0                                                  08/04/2025  12:17:26  PAGE 41


  C:36F8H         LINE#         552
  C:370DH         LINE#         553
  C:3739H         LINE#         555
  C:374EH         LINE#         556
  C:3760H         LINE#         558
  C:3775H         LINE#         559
  C:3787H         LINE#         561
  C:37ACH         LINE#         562
  C:37D1H         LINE#         565
  C:3801H         LINE#         566
  C:382AH         LINE#         568
  C:385AH         LINE#         569
  -------         ENDPROC       DISPLAY_MEMSCAP_EEPROM_INFO
  -------         PROC          _CALCULATE_CRC32
  X:00ACH         SYMBOL        d
  X:00AFH         SYMBOL        count
  -------         DO            
  X:00B1H         SYMBOL        crc
  -------         ENDDO         
  C:44ACH         LINE#         583
  C:44BCH         LINE#         584
  C:44BCH         LINE#         585
  C:44C4H         LINE#         586
  C:44D6H         LINE#         587
  C:44D6H         LINE#         588
  C:453FH         LINE#         589
  C:4541H         LINE#         590
  C:4558H         LINE#         591
  -------         ENDPROC       _CALCULATE_CRC32
  -------         PROC          READEEPROM
  -------         DO            
  X:0038H         SYMBOL        buffer
  X:00A4H         SYMBOL        stored_crc
  X:00A8H         SYMBOL        calculated_crc
  -------         ENDDO         
  C:4102H         LINE#         603
  C:4102H         LINE#         604
  C:4102H         LINE#         609
  C:4116H         LINE#         610
  C:4191H         LINE#         611
  C:41A3H         LINE#         613
  C:41C8H         LINE#         614
  -------         ENDPROC       READEEPROM
  -------         PROC          LOAD_PRODUCT_INFO
  -------         DO            
  X:0038H         SYMBOL        buffer
  -------         ENDDO         
  C:4344H         LINE#         619
  C:4344H         LINE#         620
  C:4344H         LINE#         623
  C:434BH         LINE#         624
  C:43C7H         LINE#         626
  C:43DCH         LINE#         627
  C:43E3H         LINE#         628
  C:43E9H         LINE#         629
  C:43FAH         LINE#         630
  -------         ENDPROC       LOAD_PRODUCT_INFO
BL51 BANKED LINKER/LOCATER V6.22.4.0                                                  08/04/2025  12:17:26  PAGE 42


  -------         PROC          L?0077
  -------         ENDPROC       L?0077
  -------         PROC          _COMPPRESSUREUNADJUSTED
  D:0004H         SYMBOL        p
  C:4D15H         LINE#         643
  C:4D15H         LINE#         644
  C:4D15H         LINE#         647
  -------         ENDPROC       _COMPPRESSUREUNADJUSTED
  -------         ENDMOD        TP1200

  -------         MODULE        ?C?FPADD
  C:00A5H         PUBLIC        ?C?FPADD
  C:00A1H         PUBLIC        ?C?FPSUB
  -------         ENDMOD        ?C?FPADD

  -------         MODULE        ?C?FPMUL
  C:0196H         PUBLIC        ?C?FPMUL
  -------         ENDMOD        ?C?FPMUL

  -------         MODULE        ?C?FPDIV
  C:029FH         PUBLIC        ?C?FPDIV
  -------         ENDMOD        ?C?FPDIV

  -------         MODULE        ?C?FPCMP
  C:033EH         PUBLIC        ?C?FPCMP
  C:033CH         PUBLIC        ?C?FPCMP3
  -------         ENDMOD        ?C?FPCMP

  -------         MODULE        ?C?FPNEG
  C:03B5H         PUBLIC        ?C?FPNEG
  -------         ENDMOD        ?C?FPNEG

  -------         MODULE        ?C?FCAST
  C:03D0H         PUBLIC        ?C?FCASTC
  C:03CBH         PUBLIC        ?C?FCASTI
  C:03C6H         PUBLIC        ?C?FCASTL
  -------         ENDMOD        ?C?FCAST

  -------         MODULE        ?C?CASTF
  C:0404H         PUBLIC        ?C?CASTF
  -------         ENDMOD        ?C?CASTF

  -------         MODULE        PRINTF
  X:0064H         PUBLIC        ?_PRINTF?BYTE
  X:0064H         PUBLIC        ?_SPRINTF?BYTE
  C:269FH         PUBLIC        _PRINTF
  C:2699H         PUBLIC        _SPRINTF
  -------         ENDMOD        PRINTF

  -------         MODULE        SCANF
  X:003CH         PUBLIC        ?_SCANF?BYTE
  X:003CH         PUBLIC        ?_SSCANF?BYTE
  C:2F18H         PUBLIC        _SCANF
  C:2F14H         PUBLIC        _SSCANF
  -------         ENDMOD        SCANF

  -------         MODULE        FABS
BL51 BANKED LINKER/LOCATER V6.22.4.0                                                  08/04/2025  12:17:26  PAGE 43


  C:4DD7H         PUBLIC        _FABS
  -------         ENDMOD        FABS

  -------         MODULE        ?C?FPROUND
  C:0485H         PUBLIC        ?C?FPROUND
  -------         ENDMOD        ?C?FPROUND

  -------         MODULE        ?C?FPCONVERT
  C:04B4H         PUBLIC        ?C?FPCONVERT
  -------         ENDMOD        ?C?FPCONVERT

  -------         MODULE        ?C?FTNPWR
  C:05E7H         PUBLIC        ?C?FTNPWR
  -------         ENDMOD        ?C?FTNPWR

  -------         MODULE        ?C?CLDPTR
  C:0627H         PUBLIC        ?C?CLDPTR
  -------         ENDMOD        ?C?CLDPTR

  -------         MODULE        ?C?CLDOPTR
  C:0640H         PUBLIC        ?C?CLDOPTR
  -------         ENDMOD        ?C?CLDOPTR

  -------         MODULE        ?C?CSTPTR
  C:066DH         PUBLIC        ?C?CSTPTR
  -------         ENDMOD        ?C?CSTPTR

  -------         MODULE        ?C?CSTOPTR
  C:067FH         PUBLIC        ?C?CSTOPTR
  -------         ENDMOD        ?C?CSTOPTR

  -------         MODULE        ?C?IMUL
  C:06A1H         PUBLIC        ?C?IMUL
  -------         ENDMOD        ?C?IMUL

  -------         MODULE        ?C?ISTPTR
  C:06B3H         PUBLIC        ?C?ISTPTR
  -------         ENDMOD        ?C?ISTPTR

  -------         MODULE        ?C?LMUL
  C:06D2H         PUBLIC        ?C?LMUL
  -------         ENDMOD        ?C?LMUL

  -------         MODULE        ?C?LNEG
  C:0721H         PUBLIC        ?C?LNEG
  -------         ENDMOD        ?C?LNEG

  -------         MODULE        ?C?SLCMP
  C:072FH         PUBLIC        ?C?SLCMP
  -------         ENDMOD        ?C?SLCMP

  -------         MODULE        ?C?ULCMP
  C:0745H         PUBLIC        ?C?ULCMP
  -------         ENDMOD        ?C?ULCMP

  -------         MODULE        ?C?ULSHR
  C:0756H         PUBLIC        ?C?ULSHR
BL51 BANKED LINKER/LOCATER V6.22.4.0                                                  08/04/2025  12:17:26  PAGE 44


  -------         ENDMOD        ?C?ULSHR

  -------         MODULE        ?C?LSHL
  C:0769H         PUBLIC        ?C?LSHL
  -------         ENDMOD        ?C?LSHL

  -------         MODULE        ?C?LSTPTR
  C:077CH         PUBLIC        ?C?LSTPTR
  -------         ENDMOD        ?C?LSTPTR

  -------         MODULE        ?C?LLDCODE0
  C:0796H         PUBLIC        ?C?LLDCODE0
  -------         ENDMOD        ?C?LLDCODE0

  -------         MODULE        ?C?LSTXDATA
  C:07A6H         PUBLIC        ?C?LSTXDATA
  -------         ENDMOD        ?C?LSTXDATA

  -------         MODULE        ?C?LSTPDATA
  C:07B2H         PUBLIC        ?C?LSTPDATA
  -------         ENDMOD        ?C?LSTPDATA

  -------         MODULE        ?C?LSTKPDATA
  C:07BEH         PUBLIC        ?C?LSTKPDATA
  -------         ENDMOD        ?C?LSTKPDATA

  -------         MODULE        ?C?OFFX256
  C:07D7H         PUBLIC        ?C?OFFX256
  -------         ENDMOD        ?C?OFFX256

  -------         MODULE        ?C?OFFXADD
  C:07E8H         PUBLIC        ?C?OFFXADD
  -------         ENDMOD        ?C?OFFXADD

  -------         MODULE        ?C?PLDPDATA
  C:07F4H         PUBLIC        ?C?PLDPDATA
  -------         ENDMOD        ?C?PLDPDATA

  -------         MODULE        ?C?PLDIPDATA
  C:07FDH         PUBLIC        ?C?PLDIPDATA
  -------         ENDMOD        ?C?PLDIPDATA

  -------         MODULE        ?C?PILDPDATA
  C:080DH         PUBLIC        ?C?PILDPDATA
  -------         ENDMOD        ?C?PILDPDATA

  -------         MODULE        ?C?PSTPDATA
  C:081DH         PUBLIC        ?C?PSTPDATA
  -------         ENDMOD        ?C?PSTPDATA

  -------         MODULE        ?C?PLDOPTR
  C:0826H         PUBLIC        ?C?PLDOPTR
  -------         ENDMOD        ?C?PLDOPTR

  -------         MODULE        ?C?CCASE
  C:0856H         PUBLIC        ?C?CCASE
  -------         ENDMOD        ?C?CCASE
BL51 BANKED LINKER/LOCATER V6.22.4.0                                                  08/04/2025  12:17:26  PAGE 45



  -------         MODULE        ?C?ICASE
  C:087CH         PUBLIC        ?C?ICASE
  -------         ENDMOD        ?C?ICASE

  -------         MODULE        GETCHAR
  B:0022H.7       PUBLIC        ?C?CHARLOADED
  X:002EH         PUBLIC        ?_UNGETCHAR?BYTE
  C:4D5EH         PUBLIC        GETCHAR
  -------         ENDMOD        GETCHAR

  -------         MODULE        UNGETC
  C:4E13H         PUBLIC        _UNGETCHAR
  -------         ENDMOD        UNGETC

  -------         MODULE        ISDIGIT
  C:4DC8H         PUBLIC        _isdigit
  -------         ENDMOD        ISDIGIT

  -------         MODULE        ISSPACE
  C:4D4AH         PUBLIC        _isspace
  -------         ENDMOD        ISSPACE

  -------         MODULE        TOUPPER
  C:4DA7H         PUBLIC        _toupper
  -------         ENDMOD        TOUPPER

  -------         MODULE        ?C?STRCMP
  C:0A27H         PUBLIC        ?C?STRCMP
  -------         ENDMOD        ?C?STRCMP

  -------         MODULE        ?C?STRCPY
  C:0B10H         PUBLIC        ?C?STRCPY
  -------         ENDMOD        ?C?STRCPY

  -------         MODULE        ATOI
  C:3F69H         PUBLIC        _atoi
  -------         ENDMOD        ATOI

  -------         MODULE        ?C?MEMCMP
  C:0CB3H         PUBLIC        ?C?MEMCMP
  -------         ENDMOD        ?C?MEMCMP

  -------         MODULE        ?C?MEMSET
  C:0CD7H         PUBLIC        ?C?MEMSET
  -------         ENDMOD        ?C?MEMSET

  -------         MODULE        ?C?LSTIDATA
  C:0D03H         PUBLIC        ?C?LSTIDATA
  -------         ENDMOD        ?C?LSTIDATA

  -------         MODULE        ?C?PLDIDATA
  C:0D0FH         PUBLIC        ?C?PLDIDATA
  -------         ENDMOD        ?C?PLDIDATA

  -------         MODULE        ?C?PLDXDATA
  C:0D18H         PUBLIC        ?C?PLDXDATA
BL51 BANKED LINKER/LOCATER V6.22.4.0                                                  08/04/2025  12:17:26  PAGE 46


  -------         ENDMOD        ?C?PLDXDATA

  -------         MODULE        ?C?PLDCODE
  C:0D21H         PUBLIC        ?C?PLDCODE
  -------         ENDMOD        ?C?PLDCODE

  -------         MODULE        _GETKEY
  C:4DF9H         PUBLIC        _GETKEY
  -------         ENDMOD        _GETKEY

Program Size: data=53.0 xdata=3652 code=19989
LINK/LOCATE RUN COMPLETE.  0 WARNING(S),  0 ERROR(S)
