BL51 BANKED LINKER/LOCATER V6.22.4.0                                                    08/12/2025  19:00:54  PAGE 1


BL51 BANKED LINKER/LOCATER V6.22.4.0, INVOKED BY:
C:\KEIL_V5\C51\BIN\BL51.EXE STARTUP.obj, Main.obj, IPTConfig.obj, 8051Lib.obj, 8051Lib_I.obj, Error.obj, LongMult.obj, T
>> P1200.obj TO IPT RAMSIZE (256) CODE (0X0000-0XFFFF) XDATA (0X0000-0X0FFF)


MEMORY MODEL: COMPACT WITH FLOATING POINT ARITHMETIC


INPUT MODULES INCLUDED:
  STARTUP.obj (?C_STARTUP)
  Main.obj (MAIN)
  IPTConfig.obj (IPTCONFIG)
  8051Lib.obj (8051LIB)
  8051Lib_I.obj (8051LIB_I)
  Error.obj (ERROR)
  LongMult.obj (LONGMULT)
  TP1200.obj (TP1200)
  C:\KEIL_V5\C51\LIB\C51FPC.LIB (?C?FPADD)
  C:\KEIL_V5\C51\LIB\C51FPC.LIB (?C?FPMUL)
  C:\KEIL_V5\C51\LIB\C51FPC.LIB (?C?FPDIV)
  C:\KEIL_V5\C51\LIB\C51FPC.LIB (?C?FPCMP)
  C:\KEIL_V5\C51\LIB\C51FPC.LIB (?C?FCAST)
  C:\KEIL_V5\C51\LIB\C51FPC.LIB (?C?CASTF)
  C:\KEIL_V5\C51\LIB\C51FPC.LIB (PRINTF)
  C:\KEIL_V5\C51\LIB\C51FPC.LIB (SCANF)
  C:\KEIL_V5\C51\LIB\C51FPC.LIB (?C?FPGETOPN)
  C:\KEIL_V5\C51\LIB\C51FPC.LIB (?C?FPROUND)
  C:\KEIL_V5\C51\LIB\C51FPC.LIB (?C?FPCONVERT)
  C:\KEIL_V5\C51\LIB\C51FPC.LIB (?C?ATOF)
  C:\KEIL_V5\C51\LIB\C51FPC.LIB (?C?FPNEG)
  C:\KEIL_V5\C51\LIB\C51FPC.LIB (?C?FTNPWR)
  C:\KEIL_V5\C51\LIB\C51C.LIB (?C_INIT)
  C:\KEIL_V5\C51\LIB\C51C.LIB (?C?CLDPTR)
  C:\KEIL_V5\C51\LIB\C51C.LIB (?C?CLDOPTR)
  C:\KEIL_V5\C51\LIB\C51C.LIB (?C?CSTPTR)
  C:\KEIL_V5\C51\LIB\C51C.LIB (?C?CSTOPTR)
  C:\KEIL_V5\C51\LIB\C51C.LIB (?C?IMUL)
  C:\KEIL_V5\C51\LIB\C51C.LIB (?C?ISTPTR)
  C:\KEIL_V5\C51\LIB\C51C.LIB (?C?LNEG)
  C:\KEIL_V5\C51\LIB\C51C.LIB (?C?ULCMP)
  C:\KEIL_V5\C51\LIB\C51C.LIB (?C?ULSHR)
  C:\KEIL_V5\C51\LIB\C51C.LIB (?C?LSHL)
  C:\KEIL_V5\C51\LIB\C51C.LIB (?C?LSTPTR)
  C:\KEIL_V5\C51\LIB\C51C.LIB (?C?LSTOPTR)
  C:\KEIL_V5\C51\LIB\C51C.LIB (?C?LLDCODE0)
  C:\KEIL_V5\C51\LIB\C51C.LIB (?C?LSTXDATA)
  C:\KEIL_V5\C51\LIB\C51C.LIB (?C?LSTPDATA)
  C:\KEIL_V5\C51\LIB\C51C.LIB (?C?LSTKPDATA)
  C:\KEIL_V5\C51\LIB\C51C.LIB (?C?OFFX256)
  C:\KEIL_V5\C51\LIB\C51C.LIB (?C?OFFXADD)
  C:\KEIL_V5\C51\LIB\C51C.LIB (?C?PLDPDATA)
  C:\KEIL_V5\C51\LIB\C51C.LIB (?C?PLDIPDATA)
  C:\KEIL_V5\C51\LIB\C51C.LIB (?C?PILDPDATA)
  C:\KEIL_V5\C51\LIB\C51C.LIB (?C?PSTPDATA)
  C:\KEIL_V5\C51\LIB\C51C.LIB (?C?PLDOPTR)
  C:\KEIL_V5\C51\LIB\C51C.LIB (?C?CCASE)
  C:\KEIL_V5\C51\LIB\C51C.LIB (?C?ICASE)
  C:\KEIL_V5\C51\LIB\C51C.LIB (GETCHAR)
BL51 BANKED LINKER/LOCATER V6.22.4.0                                                  08/12/2025  19:00:54  PAGE 2


  C:\KEIL_V5\C51\LIB\C51C.LIB (UNGETC)
  C:\KEIL_V5\C51\LIB\C51C.LIB (ISDIGIT)
  C:\KEIL_V5\C51\LIB\C51C.LIB (ISSPACE)
  C:\KEIL_V5\C51\LIB\C51C.LIB (TOUPPER)
  C:\KEIL_V5\C51\LIB\C51C.LIB (?C?STRCMP)
  C:\KEIL_V5\C51\LIB\C51C.LIB (?C?STRCPY)
  C:\KEIL_V5\C51\LIB\C51C.LIB (ATOI)
  C:\KEIL_V5\C51\LIB\C51C.LIB (?C?MEMCMP)
  C:\KEIL_V5\C51\LIB\C51C.LIB (?C?MEMSET)
  C:\KEIL_V5\C51\LIB\C51C.LIB (?C?LSTIDATA)
  C:\KEIL_V5\C51\LIB\C51C.LIB (?C?PLDIDATA)
  C:\KEIL_V5\C51\LIB\C51C.LIB (?C?PLDXDATA)
  C:\KEIL_V5\C51\LIB\C51C.LIB (?C?PLDCODE)
  C:\KEIL_V5\C51\LIB\C51C.LIB (_GETKEY)


LINK MAP OF MODULE:  IPT (?C_STARTUP)


            TYPE    BASE      LENGTH    RELOCATION   SEGMENT NAME
            -----------------------------------------------------

            * * * * * * *   D A T A   M E M O R Y   * * * * * * *
            REG     0000H     0008H     ABSOLUTE     "REG BANK 0"
            DATA    0008H     0015H     UNIT         _DATA_GROUP_
                    001DH     0003H                  *** GAP ***
            DATA    0020H     0001H     BIT_ADDR     ?BA?8051LIB
            BIT     0021H.0   0001H.3   UNIT         _BIT_GROUP_
            BIT     0022H.3   0000H.4   UNIT         ?BI?8051LIB
            BIT     0022H.7   0000H.1   UNIT         ?BI?GETCHAR
            DATA    0023H     000CH     UNIT         ?DT?8051LIB
            DATA    002FH     0008H     UNIT         ?DT?MAIN
            IDATA   0037H     0001H     UNIT         ?STACK

            * * * * * * *  X D A T A   M E M O R Y  * * * * * * *
            XDATA   0000H     0015H     INPAGE       ?PD?MAIN
            XDATA   0015H     0019H     INPAGE       ?PD?8051LIB
            XDATA   002EH     0001H     INPAGE       ?PD?GETCHAR
            XDATA   002FH     0086H     INPAGE       _PDATA_GROUP_
                    00B5H     004BH                  *** GAP ***
            XDATA   0100H     0100H     ABSOLUTE     
            XDATA   0200H     0100H     ABSOLUTE     
            XDATA   0300H     0C10H     UNIT         ?XD?TP1200
            XDATA   0F10H     00ABH     UNIT         ?XD?8051LIB

            * * * * * * *   C O D E   M E M O R Y   * * * * * * *
            CODE    0000H     0003H     ABSOLUTE     
            CODE    0003H     001AH     UNIT         ?PR?OSCILLATOR_INIT?IPTCONFIG
            CODE    001DH     0004H     UNIT         ?PR?RELOADWATCHDOG?MAIN
                    0021H     0002H                  *** GAP ***
            CODE    0023H     0003H     ABSOLUTE     
            CODE    0026H     0047H     UNIT         ?PR?TIMER3_ISR?8051LIB
            CODE    006DH     0004H     UNIT         ?PR?UART_INIT?IPTCONFIG
                    0071H     0002H                  *** GAP ***
            CODE    0073H     0003H     ABSOLUTE     
            CODE    0076H     0024H     UNIT         ?PR?_FLASH_BYTEREAD?8051LIB
                    009AH     0001H                  *** GAP ***
BL51 BANKED LINKER/LOCATER V6.22.4.0                                                  08/12/2025  19:00:54  PAGE 3


            CODE    009BH     0003H     ABSOLUTE     
            CODE    009EH     0C4EH     UNIT         ?C?LIB_CODE
            CODE    0CECH     060CH     UNIT         ?PR?_CALCULATE_COMPENSATED_PRESSURE?TP1200
            CODE    12F8H     0588H     UNIT         ?PR?MAIN?MAIN
            CODE    1880H     054BH     UNIT         ?CO?8051LIB
            CODE    1DCBH     04DFH     UNIT         ?CO?ERROR
            CODE    22AAH     0483H     UNIT         ?CO?TP1200
            CODE    272DH     046EH     UNIT         ?PR?PRINTF?PRINTF
            CODE    2B9BH     03EBH     UNIT         ?PR?_MENUTASK?8051LIB
            CODE    2F86H     034EH     UNIT         ?PR?SCANF?SCANF
            CODE    32D4H     0251H     UNIT         ?PR?_CALCULATE_COMPENSATED_TEMPERATURE?TP1200
            CODE    3525H     01BFH     UNIT         ?PR?DISPLAY_MEMSCAP_EEPROM_INFO?TP1200
            CODE    36E4H     0108H     UNIT         ?PR?_GETCOMMAND?8051LIB
            CODE    37ECH     0101H     UNIT         ?PR?_APPLY_SYSTEM_CALIBRATION?TP1200
            CODE    38EDH     00F4H     UNIT         ?PR?LOAD_ADC_CONFIG?TP1200
            CODE    39E1H     00ECH     UNIT         ?PR?_GET_RAW_SENSOR_READINGS?TP1200
            CODE    3ACDH     00E6H     UNIT         ?PR??C?ATOF??C?ATOF
            CODE    3BB3H     00D7H     UNIT         ?PR?LOAD_LIN_DATA_T?TP1200
            CODE    3C8AH     00D4H     UNIT         ?PR?GETHOSTPACKET?8051LIB
            CODE    3D5EH     00D0H     UNIT         ?PR?_ATOI?ATOI
            CODE    3E2EH     00CBH     UNIT         ?CO?MAIN
            CODE    3EF9H     00C9H     UNIT         ?PR?ERRTABLE?8051LIB
            CODE    3FC2H     00C7H     UNIT         ?PR?READEEPROM?TP1200
            CODE    4089H     00C3H     UNIT         ?PR?ERRDUMP?8051LIB
            CODE    414CH     00B8H     UNIT         ?PR?_ERRLOOKUP?8051LIB
            CODE    4204H     00B7H     UNIT         ?PR?LOAD_PRODUCT_INFO?TP1200
            CODE    42BBH     00ADH     UNIT         ?PR?_CALCULATE_CRC32?TP1200
            CODE    4368H     00A5H     UNIT         ?PR?_READ_EEPROM_FLOATS?TP1200
            CODE    440DH     00A3H     UNIT         ?C_C51STARTUP
            CODE    44B0H     009CH     UNIT         ?PR?LOAD_LUT_T_ADC?TP1200
            CODE    454CH     0083H     UNIT         LONGMULT_CODE_SEG
            CODE    45CFH     0080H     UNIT         ?PR?_WRITEERRORQUE?8051LIB
            CODE    464FH     007AH     UNIT         ?PR?_CHECKCOMMAND?8051LIB
            CODE    46C9H     0078H     UNIT         ?PR?LOAD_PRESSURE_LUT?TP1200
            CODE    4741H     0076H     UNIT         ?PR?_READ_EEPROM_BYTES?TP1200
            CODE    47B7H     0060H     UNIT         ?PR?_PARSECOMMAND?8051LIB
            CODE    4817H     005CH     UNIT         INT4_CODE_SEG
            CODE    4873H     0058H     UNIT         ?PR?_FLASH_WRITE?8051LIB
            CODE    48CBH     0050H     UNIT         ?PR?_STRUP?8051LIB
            CODE    491BH     0050H     UNIT         ?PR?_FLASH_READ?8051LIB
            CODE    496BH     003EH     UNIT         ?PR?_CRC8?8051LIB
            CODE    49A9H     003AH     UNIT         ?PR?_PUTCHAR?8051LIB
            CODE    49E3H     0034H     UNIT         ?PR?WRITENVRAM?MAIN
            CODE    4A17H     002FH     UNIT         ?PR?_FLASH_BYTEWRITE?8051LIB
            CODE    4A46H     002FH     UNIT         ?PR?_FLASH_PAGEERASE?8051LIB
            CODE    4A75H     002EH     UNIT         ?PR?_TRANSMIT_UART0?8051LIB
            CODE    4AA3H     0022H     UNIT         ?C_INITSEG
            CODE    4AC5H     001AH     UNIT         ?PR?INITSERIAL?8051LIB
            CODE    4ADFH     0017H     UNIT         ?PR?_ABSDIFF?8051LIB
            CODE    4AF6H     0016H     UNIT         ?PR?TIMER_INIT?IPTCONFIG
            CODE    4B0CH     0015H     UNIT         ?PR?SPIOREAD?MAIN
            CODE    4B21H     0015H     UNIT         ?PR?INITEQUE?8051LIB
            CODE    4B36H     0015H     UNIT         ?PR?LOAD_LUT_P_ADC?TP1200
            CODE    4B4BH     0014H     UNIT         ?PR?_ISSPACE?ISSPACE
            CODE    4B5FH     0013H     UNIT         ?PR?GETCHAR?GETCHAR
            CODE    4B72H     0012H     UNIT         ?PR?_SPIOWRITE?MAIN
            CODE    4B84H     0012H     UNIT         ?PR?INIT_DEVICE?IPTCONFIG
BL51 BANKED LINKER/LOCATER V6.22.4.0                                                  08/12/2025  19:00:54  PAGE 4


            CODE    4B96H     0012H     UNIT         ?PR?INITIALIZE_SENSOR?TP1200
            CODE    4BA8H     0011H     UNIT         ?PR?_TOUPPER?TOUPPER
            CODE    4BB9H     0010H     UNIT         ?PR?PORT_IO_INIT?IPTCONFIG
            CODE    4BC9H     000FH     UNIT         ?PR?_ISDIGIT?ISDIGIT
            CODE    4BD8H     000BH     UNIT         ?PR?_RUNCRC8?8051LIB
            CODE    4BE3H     000BH     UNIT         ?PR?_COMPPRESSUREUNADJUSTED?TP1200
            CODE    4BEEH     000AH     UNIT         ?PR?SPI_INIT?IPTCONFIG
            CODE    4BF8H     000AH     UNIT         ?PR?_GETKEY?_GETKEY
            CODE    4C02H     0009H     UNIT         ?PR?_SETRSTATUS?8051LIB
            CODE    4C0BH     0007H     UNIT         ?PR?INTERRUPTS_INIT?IPTCONFIG
            CODE    4C12H     0007H     UNIT         ?PR?GETCHAR?UNGETCHAR
            CODE    4C19H     0004H     UNIT         ?PR?EXT7_ISR?8051LIB



OVERLAY MAP OF MODULE:   IPT (?C_STARTUP)


SEGMENT                                             BIT_GROUP          DATA_GROUP          PDATA_GROUP
  +--> CALLED SEGMENT                            START    LENGTH     START    LENGTH     START    LENGTH
--------------------------------------------------------------------------------------------------------
?C_C51STARTUP                                    -----    -----      -----    -----      -----    -----
  +--> ?PR?MAIN?MAIN
  +--> ?C_INITSEG

?PR?MAIN?MAIN                                    -----    -----      0008H    000AH      002FH    0009H
  +--> ?PR?INIT_DEVICE?IPTCONFIG
  +--> ?PR?_SETRSTATUS?8051LIB
  +--> ?PR?INITEQUE?8051LIB
  +--> ?PR?INITSERIAL?8051LIB
  +--> ?PR?_FLASH_READ?8051LIB
  +--> ?PR?_CRC8?8051LIB
  +--> ?PR?INITIALIZE_SENSOR?TP1200
  +--> ?PR?_GET_RAW_SENSOR_READINGS?TP1200
  +--> ?PR?_CALCULATE_COMPENSATED_TEMPERATUR...
  +--> ?PR?_CALCULATE_COMPENSATED_PRESSURE?T...
  +--> ?PR?_APPLY_SYSTEM_CALIBRATION?TP1200
  +--> ?PR?GETHOSTPACKET?8051LIB
  +--> ?CO?MAIN
  +--> ?PR?PRINTF?PRINTF
  +--> ?PR?_ATOI?ATOI
  +--> ?PR?READEEPROM?TP1200
  +--> ?PR?WRITENVRAM?MAIN

?PR?INIT_DEVICE?IPTCONFIG                        -----    -----      -----    -----      -----    -----
  +--> ?PR?TIMER_INIT?IPTCONFIG
  +--> ?PR?UART_INIT?IPTCONFIG
  +--> ?PR?SPI_INIT?IPTCONFIG
  +--> ?PR?PORT_IO_INIT?IPTCONFIG
  +--> ?PR?OSCILLATOR_INIT?IPTCONFIG
  +--> ?PR?INTERRUPTS_INIT?IPTCONFIG

?PR?_FLASH_READ?8051LIB                          -----    -----      -----    -----      0038H    0006H
  +--> ?PR?_WRITEERRORQUE?8051LIB
  +--> ?PR?_FLASH_BYTEREAD?8051LIB

?PR?_FLASH_BYTEREAD?8051LIB                      0021H.0  0000H.2    0012H    0002H      -----    -----
BL51 BANKED LINKER/LOCATER V6.22.4.0                                                  08/12/2025  19:00:54  PAGE 5



?PR?_CRC8?8051LIB                                -----    -----      -----    -----      0038H    0004H
  +--> ?PR?_RUNCRC8?8051LIB

?PR?_RUNCRC8?8051LIB                             -----    -----      -----    -----      -----    -----
  +--> ?CO?8051LIB

?PR?INITIALIZE_SENSOR?TP1200                     -----    -----      -----    -----      -----    -----
  +--> ?PR?LOAD_PRODUCT_INFO?TP1200
  +--> ?PR?LOAD_ADC_CONFIG?TP1200
  +--> ?PR?LOAD_LIN_DATA_T?TP1200
  +--> ?PR?LOAD_LUT_P_ADC?TP1200
  +--> ?PR?LOAD_LUT_T_ADC?TP1200
  +--> ?PR?LOAD_PRESSURE_LUT?TP1200

?PR?LOAD_PRODUCT_INFO?TP1200                     -----    -----      -----    -----      0038H    0004H
  +--> ?PR?_READ_EEPROM_BYTES?TP1200

?PR?_READ_EEPROM_BYTES?TP1200                    -----    -----      -----    -----      00ACH    0009H
  +--> ?PR?_SPIOWRITE?MAIN
  +--> ?PR?SPIOREAD?MAIN

?PR?LOAD_ADC_CONFIG?TP1200                       -----    -----      -----    -----      0038H    0001H
  +--> ?PR?_SPIOWRITE?MAIN
  +--> ?PR?SPIOREAD?MAIN

?PR?LOAD_LIN_DATA_T?TP1200                       -----    -----      -----    -----      0038H    0006H
  +--> ?PR?_SPIOWRITE?MAIN
  +--> ?PR?SPIOREAD?MAIN

?PR?LOAD_LUT_P_ADC?TP1200                        -----    -----      -----    -----      -----    -----
  +--> ?PR?_READ_EEPROM_FLOATS?TP1200

?PR?_READ_EEPROM_FLOATS?TP1200                   -----    -----      -----    -----      0041H    000DH
  +--> ?PR?_SPIOWRITE?MAIN
  +--> ?PR?SPIOREAD?MAIN

?PR?LOAD_LUT_T_ADC?TP1200                        -----    -----      -----    -----      0038H    000AH
  +--> ?PR?_READ_EEPROM_BYTES?TP1200

?PR?LOAD_PRESSURE_LUT?TP1200                     -----    -----      -----    -----      0038H    0009H
  +--> ?PR?_READ_EEPROM_FLOATS?TP1200

?PR?_GET_RAW_SENSOR_READINGS?TP1200              -----    -----      -----    -----      0038H    000BH
  +--> ?PR?_SPIOWRITE?MAIN
  +--> ?PR?RELOADWATCHDOG?MAIN
  +--> ?PR?SPIOREAD?MAIN

?PR?_CALCULATE_COMPENSATED_TEMPERATUR...         -----    -----      -----    -----      0038H    0014H

?PR?_CALCULATE_COMPENSATED_PRESSURE?T...         -----    -----      -----    -----      005CH    0046H

?PR?_APPLY_SYSTEM_CALIBRATION?TP1200             -----    -----      -----    -----      0038H    0010H

?PR?GETHOSTPACKET?8051LIB                        -----    -----      -----    -----      0038H    0001H
  +--> ?PR?_GETCOMMAND?8051LIB
  +--> ?PR?_ISDIGIT?ISDIGIT
BL51 BANKED LINKER/LOCATER V6.22.4.0                                                  08/12/2025  19:00:54  PAGE 6



?PR?_GETCOMMAND?8051LIB                          -----    -----      -----    -----      -----    -----
  +--> ?CO?8051LIB
  +--> ?PR?SCANF?SCANF
  +--> ?PR?_STRUP?8051LIB
  +--> ?PR?_PARSECOMMAND?8051LIB
  +--> ?PR?_MENUTASK?8051LIB

?PR?SCANF?SCANF                                  0021H.0  0000H.6    0012H    0009H      003CH    0015H
  +--> ?PR?GETCHAR?UNGETCHAR
  +--> ?PR?_ISSPACE?ISSPACE
  +--> ?PR?GETCHAR?GETCHAR
  +--> ?PR??C?ATOF??C?ATOF

?PR?GETCHAR?GETCHAR                              -----    -----      -----    -----      -----    -----
  +--> ?PR?_GETKEY?_GETKEY
  +--> ?PR?_PUTCHAR?8051LIB

?PR?_PUTCHAR?8051LIB                             -----    -----      -----    -----      0073H    0003H
  +--> ?PR?_ABSDIFF?8051LIB
  +--> ?PR?_TRANSMIT_UART0?8051LIB

?PR?_TRANSMIT_UART0?8051LIB                      -----    -----      -----    -----      0076H    0001H
  +--> ?PR?_WRITEERRORQUE?8051LIB

?PR??C?ATOF??C?ATOF                              0021H.6  0000H.5    001BH    0002H      -----    -----

?PR?_STRUP?8051LIB                               -----    -----      -----    -----      0039H    0005H
  +--> ?PR?_TOUPPER?TOUPPER

?PR?_PARSECOMMAND?8051LIB                        -----    -----      -----    -----      -----    -----
  +--> ?CO?8051LIB
  +--> ?PR?_CHECKCOMMAND?8051LIB
  +--> ?PR?_MENUTASK?8051LIB

?PR?_CHECKCOMMAND?8051LIB                        -----    -----      -----    -----      0039H    0008H

?PR?_MENUTASK?8051LIB                            -----    -----      -----    -----      0039H    0003H
  +--> ?CO?8051LIB
  +--> ?PR?PRINTF?PRINTF
  +--> ?CO?MAIN
  +--> ?PR?ERRDUMP?8051LIB
  +--> ?PR?ERRTABLE?8051LIB
  +--> ?PR?SCANF?SCANF
  +--> ?PR?DISPLAY_MEMSCAP_EEPROM_INFO?TP1200

?PR?PRINTF?PRINTF                                0021H.0  0001H.1    0012H    0005H      005CH    0017H
  +--> ?PR?_PUTCHAR?8051LIB

?PR?ERRDUMP?8051LIB                              -----    -----      -----    -----      003CH    0001H
  +--> ?CO?8051LIB
  +--> ?PR?PRINTF?PRINTF
  +--> ?CO?ERROR
  +--> ?PR?_ERRLOOKUP?8051LIB

?PR?_ERRLOOKUP?8051LIB                           -----    -----      -----    -----      003DH    0002H
  +--> ?CO?ERROR
BL51 BANKED LINKER/LOCATER V6.22.4.0                                                  08/12/2025  19:00:54  PAGE 7


  +--> ?CO?8051LIB
  +--> ?PR?PRINTF?PRINTF

?PR?ERRTABLE?8051LIB                             -----    -----      -----    -----      003CH    0002H
  +--> ?CO?8051LIB
  +--> ?PR?PRINTF?PRINTF
  +--> ?CO?ERROR

?PR?DISPLAY_MEMSCAP_EEPROM_INFO?TP1200           -----    -----      -----    -----      003CH    0020H
  +--> ?PR?_READ_EEPROM_BYTES?TP1200
  +--> ?CO?TP1200
  +--> ?PR?PRINTF?PRINTF
  +--> ?PR?_COMPPRESSUREUNADJUSTED?TP1200

?PR?_COMPPRESSUREUNADJUSTED?TP1200               -----    -----      -----    -----      -----    -----
  +--> ?PR?_CALCULATE_COMPENSATED_PRESSURE?T...

?PR?_ATOI?ATOI                                   0021H.0  0000H.1    -----    -----      0038H    0005H
  +--> ?PR?_ISSPACE?ISSPACE
  +--> ?PR?_ISDIGIT?ISDIGIT

?PR?READEEPROM?TP1200                            -----    -----      -----    -----      0038H    0074H
  +--> ?PR?_READ_EEPROM_BYTES?TP1200
  +--> ?PR?_CALCULATE_CRC32?TP1200

?PR?_CALCULATE_CRC32?TP1200                      -----    -----      -----    -----      00ACH    0009H
  +--> ?CO?TP1200

?PR?WRITENVRAM?MAIN                              -----    -----      -----    -----      -----    -----
  +--> ?PR?_CRC8?8051LIB
  +--> ?PR?_FLASH_WRITE?8051LIB

?PR?_FLASH_WRITE?8051LIB                         -----    -----      -----    -----      0038H    0006H
  +--> ?PR?_WRITEERRORQUE?8051LIB
  +--> ?PR?_FLASH_PAGEERASE?8051LIB
  +--> ?PR?_FLASH_BYTEWRITE?8051LIB

?PR?_FLASH_PAGEERASE?8051LIB                     0021H.0  0000H.2    0012H    0002H      -----    -----

?PR?_FLASH_BYTEWRITE?8051LIB                     0021H.0  0000H.2    0012H    0002H      -----    -----



SYMBOL TABLE OF MODULE:  IPT (?C_STARTUP)

  VALUE           TYPE          NAME
  ----------------------------------

  -------         MODULE        ?C_STARTUP
  C:440DH         SEGMENT       ?C_C51STARTUP
  I:0037H         SEGMENT       ?STACK
  C:0000H         PUBLIC        ?C_STARTUP
  D:00E0H         SYMBOL        ACC
  D:00F0H         SYMBOL        B
  D:0083H         SYMBOL        DPH
  D:0082H         SYMBOL        DPL
  N:0000H         SYMBOL        IBPSTACK
BL51 BANKED LINKER/LOCATER V6.22.4.0                                                  08/12/2025  19:00:54  PAGE 8


  N:0100H         SYMBOL        IBPSTACKTOP
  N:0080H         SYMBOL        IDATALEN
  C:4410H         SYMBOL        IDATALOOP
  N:0000H         SYMBOL        PBPSTACK
  N:0100H         SYMBOL        PBPSTACKTOP
  N:00FFH         SYMBOL        PDATALEN
  C:4426H         SYMBOL        PDATALOOP
  N:0000H         SYMBOL        PDATASTART
  N:0000H         SYMBOL        PPAGE
  N:0000H         SYMBOL        PPAGEENABLE
  D:00A0H         SYMBOL        PPAGE_SFR
  D:0081H         SYMBOL        SP
  C:440DH         SYMBOL        STARTUP1
  N:0000H         SYMBOL        XBPSTACK
  N:0000H         SYMBOL        XBPSTACKTOP
  N:0FFFH         SYMBOL        XDATALEN
  C:441BH         SYMBOL        XDATALOOP
  N:0000H         SYMBOL        XDATASTART
  C:0000H         LINE#         126
  C:440DH         LINE#         133
  C:440FH         LINE#         134
  C:4410H         LINE#         135
  C:4411H         LINE#         136
  C:4413H         LINE#         140
  C:4416H         LINE#         141
  C:4418H         LINE#         143
  C:441AH         LINE#         147
  C:441BH         LINE#         148
  C:441CH         LINE#         149
  C:441DH         LINE#         150
  C:441FH         LINE#         151
  C:4421H         LINE#         159
  C:4423H         LINE#         160
  C:4425H         LINE#         161
  C:4426H         LINE#         162
  C:4427H         LINE#         163
  C:4428H         LINE#         164
  C:442AH         LINE#         185
  C:442DH         LINE#         196
  -------         ENDMOD        ?C_STARTUP

  -------         MODULE        MAIN
  C:0000H         SYMBOL        _ICE_DUMMY_
  D:002FH         PUBLIC        ck1
  D:0080H         PUBLIC        P0
  D:0030H         PUBLIC        ck2
  B:0090H.2       PUBLIC        CS_EE
  D:0090H         PUBLIC        P1
  B:00A0H.7       PUBLIC        CS_5V
  D:00FFH         PUBLIC        WDTCN
  D:00A0H         PUBLIC        P2
  D:00B0H         PUBLIC        P3
  B:00A8H.7       PUBLIC        EA
  X:0000H         PUBLIC        offset
  D:0031H         PUBLIC        scale
  C:001DH         PUBLIC        ReloadWatchdog
  B:0090H.0       PUBLIC        CS_PR
BL51 BANKED LINKER/LOCATER V6.22.4.0                                                  08/12/2025  19:00:54  PAGE 9


  D:0033H         PUBLIC        mbar
  C:12F8H         PUBLIC        main
  B:00F8H.7       PUBLIC        SPIF
  X:0002H         PUBLIC        span
  C:4B0CH         PUBLIC        SPIORead
  C:3EDDH         PUBLIC        EXFILE
  C:3ECFH         PUBLIC        EXNAME
  C:3ED6H         PUBLIC        EXVERSION
  C:4B72H         PUBLIC        _SPIOWrite
  D:008DH         PUBLIC        TH1
  C:3EE4H         PUBLIC        EXTIME
  C:49E3H         PUBLIC        WriteNVRam
  B:00A0H.4       PUBLIC        LED
  C:3EDCH         PUBLIC        EXPART
  D:00EFH         PUBLIC        RSTSRC
  D:009AH         PUBLIC        SPI0CFG
  X:0004H         PUBLIC        NVR_Buf
  D:009BH         PUBLIC        SPI0DAT
  -------         PROC          MAIN
  -------         DO            
  X:002FH         SYMBOL        a
  D:0008H         SYMBOL        RetStr
  X:0030H         SYMBOL        raw_temp_adc
  X:0032H         SYMBOL        raw_press_adc
  X:0034H         SYMBOL        compensated_temp_c
  D:0004H         SYMBOL        compensated_press
  C:1308H         SYMBOL        task0
  C:1436H         SYMBOL        task1
  C:130CH         SYMBOL        task2
  C:130EH         SYMBOL        task3
  C:1310H         SYMBOL        task4
  C:1432H         SYMBOL        task5
  C:1314H         SYMBOL        task6
  C:1316H         SYMBOL        task7
  C:1499H         SYMBOL        idle
  -------         ENDDO         
  C:12F8H         LINE#         116
  C:12F8H         LINE#         123
  C:12FBH         LINE#         124
  C:12FEH         LINE#         126
  C:1300H         LINE#         130
  C:1302H         LINE#         131
  C:1304H         LINE#         133
  C:1307H         LINE#         134
  C:130AH         LINE#         137
  C:130FH         LINE#         140
  C:1314H         LINE#         141
  C:131BH         LINE#         142
  C:131BH         LINE#         144
  C:1320H         LINE#         145
  C:1327H         LINE#         146
  C:1327H         LINE#         148
  C:132CH         LINE#         149
  C:1333H         LINE#         150
  C:1333H         LINE#         152
  C:1338H         LINE#         153
  C:133FH         LINE#         154
BL51 BANKED LINKER/LOCATER V6.22.4.0                                                  08/12/2025  19:00:54  PAGE 10


  C:133FH         LINE#         156
  C:1344H         LINE#         157
  C:134BH         LINE#         158
  C:134BH         LINE#         160
  C:1350H         LINE#         161
  C:1357H         LINE#         162
  C:1357H         LINE#         163
  C:1357H         LINE#         165
  C:135AH         LINE#         166
  C:135DH         LINE#         168
  C:1362H         LINE#         169
  C:1365H         LINE#         170
  C:1368H         LINE#         171
  C:1370H         LINE#         172
  C:1378H         LINE#         175
  C:137CH         LINE#         176
  C:1381H         LINE#         178
  C:1383H         LINE#         181
  C:138EH         LINE#         182
  C:139DH         LINE#         183
  C:13A3H         LINE#         184
  C:13A9H         LINE#         185
  C:13ADH         LINE#         186
  C:13B0H         LINE#         187
  C:13BFH         LINE#         188
  C:13C3H         LINE#         189
  C:13CAH         LINE#         190
  C:13CCH         LINE#         191
  C:13D9H         LINE#         192
  C:13E6H         LINE#         193
  C:13E6H         LINE#         197
  C:13EAH         LINE#         198
  C:13EFH         LINE#         199
  C:13EFH         LINE#         201
  C:13F2H         LINE#         204
  C:13F4H         LINE#         208
  C:13F4H         LINE#         210
  C:13F7H         LINE#         216
  C:13FFH         LINE#         217
  C:1406H         LINE#         218
  C:140EH         LINE#         219
  C:1416H         LINE#         220
  C:141DH         LINE#         221
  C:1424H         LINE#         222
  C:142BH         LINE#         223
  C:1432H         LINE#         224
  C:1432H         LINE#         226
  C:1432H         LINE#         228
  C:1432H         LINE#         230
  C:1432H         LINE#         232
  C:1432H         LINE#         234
  C:1432H         LINE#         236
  C:1434H         LINE#         237
  C:1436H         LINE#         239
  C:1436H         LINE#         240
  C:1436H         LINE#         242
  C:1436H         LINE#         243
BL51 BANKED LINKER/LOCATER V6.22.4.0                                                  08/12/2025  19:00:54  PAGE 11


  C:1436H         LINE#         245
  C:1436H         LINE#         246
  C:1436H         LINE#         248
  C:1436H         LINE#         249
  C:144CH         LINE#         250
  C:145BH         LINE#         251
  C:1463H         LINE#         252
  C:1474H         LINE#         253
  C:1499H         LINE#         254
  C:1499H         LINE#         256
  C:1499H         LINE#         257
  C:1499H         LINE#         259
  C:1499H         LINE#         260
  C:14A3H         LINE#         264
  C:14AAH         LINE#         265
  C:14B6H         LINE#         267
  C:14D6H         LINE#         270
  C:1526H         LINE#         273
  C:1526H         LINE#         274
  C:152AH         LINE#         275
  C:1539H         LINE#         276
  C:1539H         LINE#         277
  C:153CH         LINE#         278
  C:1553H         LINE#         279
  C:1553H         LINE#         280
  C:1556H         LINE#         283
  C:1556H         LINE#         284
  C:155AH         LINE#         286
  C:1567H         LINE#         287
  C:1586H         LINE#         288
  C:1586H         LINE#         289
  C:1586H         LINE#         290
  C:1589H         LINE#         291
  C:158CH         LINE#         292
  C:158CH         LINE#         293
  C:158FH         LINE#         294
  C:1592H         LINE#         295
  C:1592H         LINE#         296
  C:1595H         LINE#         297
  C:1598H         LINE#         298
  C:1598H         LINE#         299
  C:159BH         LINE#         300
  C:159EH         LINE#         301
  C:159EH         LINE#         302
  C:15A1H         LINE#         303
  C:15A4H         LINE#         304
  C:15A4H         LINE#         305
  C:15A7H         LINE#         306
  C:15AAH         LINE#         307
  C:15AAH         LINE#         308
  C:15AAH         LINE#         309
  C:15C1H         LINE#         310
  C:15C1H         LINE#         311
  C:15C4H         LINE#         314
  C:15C4H         LINE#         315
  C:15EBH         LINE#         316
  C:15EEH         LINE#         319
BL51 BANKED LINKER/LOCATER V6.22.4.0                                                  08/12/2025  19:00:54  PAGE 12


  C:15EEH         LINE#         320
  C:15F2H         LINE#         321
  C:1604H         LINE#         322
  C:1607H         LINE#         323
  C:160AH         LINE#         324
  C:160AH         LINE#         325
  C:161FH         LINE#         326
  C:1623H         LINE#         327
  C:1623H         LINE#         328
  C:1623H         LINE#         329
  C:1626H         LINE#         330
  C:164CH         LINE#         331
  C:164CH         LINE#         332
  C:164FH         LINE#         335
  C:164FH         LINE#         336
  C:1653H         LINE#         337
  C:165EH         LINE#         338
  C:1663H         LINE#         339
  C:1663H         LINE#         340
  C:1666H         LINE#         341
  C:167DH         LINE#         342
  C:167DH         LINE#         343
  C:1680H         LINE#         346
  C:1680H         LINE#         347
  C:16AAH         LINE#         350
  C:16ADH         LINE#         353
  C:16ADH         LINE#         354
  C:16D6H         LINE#         355
  C:16D9H         LINE#         358
  C:16D9H         LINE#         359
  C:16DEH         LINE#         360
  C:1701H         LINE#         361
  C:1704H         LINE#         362
  C:171BH         LINE#         363
  C:171BH         LINE#         364
  C:171EH         LINE#         366
  C:171EH         LINE#         367
  C:1742H         LINE#         368
  C:1745H         LINE#         371
  C:1745H         LINE#         373
  C:1769H         LINE#         374
  C:176CH         LINE#         377
  C:176CH         LINE#         379
  C:17AEH         LINE#         380
  C:17B1H         LINE#         383
  C:17B1H         LINE#         384
  C:17CFH         LINE#         385
  C:17D2H         LINE#         388
  C:17D2H         LINE#         389
  C:17D2H         LINE#         392
  C:17D2H         LINE#         393
  C:17D2H         LINE#         396
  C:17D2H         LINE#         397
  C:17D6H         LINE#         398
  C:17E6H         LINE#         399
  C:17E6H         LINE#         400
  C:17E8H         LINE#         401
BL51 BANKED LINKER/LOCATER V6.22.4.0                                                  08/12/2025  19:00:54  PAGE 13


  C:1807H         LINE#         402
  C:1809H         LINE#         405
  C:1809H         LINE#         406
  C:180DH         LINE#         407
  C:181DH         LINE#         408
  C:1820H         LINE#         409
  C:1823H         LINE#         410
  C:1842H         LINE#         411
  C:1844H         LINE#         414
  C:1844H         LINE#         415
  C:1865H         LINE#         416
  C:1868H         LINE#         419
  C:1868H         LINE#         420
  C:187DH         LINE#         423
  C:187DH         LINE#         424
  C:187DH         LINE#         425
  -------         ENDPROC       MAIN
  -------         PROC          _SPIOWRITE
  D:0007H         SYMBOL        b
  -------         DO            
  D:0006H         SYMBOL        a
  -------         ENDDO         
  C:4B72H         LINE#         449
  C:4B72H         LINE#         450
  C:4B74H         LINE#         451
  C:4B76H         LINE#         452
  C:4B78H         LINE#         453
  C:4B81H         LINE#         455
  C:4B83H         LINE#         456
  -------         ENDPROC       _SPIOWRITE
  -------         PROC          SPIOREAD
  -------         DO            
  D:0007H         SYMBOL        a
  -------         ENDDO         
  C:4B0CH         LINE#         464
  C:4B0CH         LINE#         465
  C:4B0EH         LINE#         466
  C:4B10H         LINE#         467
  C:4B13H         LINE#         468
  C:4B1CH         LINE#         470
  C:4B1EH         LINE#         471
  C:4B20H         LINE#         472
  -------         ENDPROC       SPIOREAD
  -------         PROC          WRITENVRAM
  C:49E3H         LINE#         480
  C:49E3H         LINE#         481
  C:49F0H         LINE#         482
  C:49FDH         LINE#         483
  C:4A0CH         LINE#         484
  -------         ENDPROC       WRITENVRAM
  -------         PROC          RELOADWATCHDOG
  C:001DH         LINE#         514
  C:001DH         LINE#         515
  C:001DH         LINE#         516
  C:0020H         LINE#         517
  -------         ENDPROC       RELOADWATCHDOG
  -------         ENDMOD        MAIN
BL51 BANKED LINKER/LOCATER V6.22.4.0                                                  08/12/2025  19:00:54  PAGE 14



  -------         MODULE        IPTCONFIG
  C:0000H         SYMBOL        _ICE_DUMMY_
  D:009DH         PUBLIC        SPI0CKR
  D:00E7H         PUBLIC        EIE2
  D:00E8H         PUBLIC        ADC0CN
  D:00A4H         PUBLIC        P0MDOUT
  D:00A5H         PUBLIC        P1MDOUT
  D:00A8H         PUBLIC        IE
  D:00A6H         PUBLIC        P2MDOUT
  D:0093H         PUBLIC        TMR3RLH
  D:0092H         PUBLIC        TMR3RLL
  C:4BB9H         PUBLIC        Port_IO_Init
  D:00D8H         PUBLIC        PCA0CN
  D:00B8H         PUBLIC        IP
  C:0003H         PUBLIC        Oscillator_Init
  D:00E1H         PUBLIC        XBR0
  D:00E3H         PUBLIC        XBR2
  D:00C0H         PUBLIC        SMB0CN
  D:00F8H         PUBLIC        SPI0CN
  C:006DH         PUBLIC        UART_Init
  D:0089H         PUBLIC        TMOD
  D:0088H         PUBLIC        TCON
  D:0091H         PUBLIC        TMR3CN
  C:4C0BH         PUBLIC        Interrupts_Init
  D:00B2H         PUBLIC        OSCICN
  C:4B84H         PUBLIC        Init_Device
  D:008DH         PUBLIC        TH1
  D:00B1H         PUBLIC        OSCXCN
  C:4BEEH         PUBLIC        SPI_Init
  D:0098H         PUBLIC        SCON0
  D:00C8H         PUBLIC        T2CON
  D:009AH         PUBLIC        SPI0CFG
  D:008EH         PUBLIC        CKCON
  C:4AF6H         PUBLIC        Timer_Init
  D:00D0H         PUBLIC        PSW
  -------         PROC          TIMER_INIT
  C:4AF6H         LINE#         9
  C:4AF6H         LINE#         10
  C:4AF6H         LINE#         11
  C:4AF9H         LINE#         12
  C:4AFCH         LINE#         13
  C:4AFFH         LINE#         14
  C:4B02H         LINE#         15
  C:4B05H         LINE#         16
  C:4B08H         LINE#         17
  C:4B0BH         LINE#         18
  -------         ENDPROC       TIMER_INIT
  -------         PROC          UART_INIT
  C:006DH         LINE#         20
  C:006DH         LINE#         21
  C:006DH         LINE#         22
  C:0070H         LINE#         23
  -------         ENDPROC       UART_INIT
  -------         PROC          SPI_INIT
  C:4BEEH         LINE#         25
  C:4BEEH         LINE#         26
BL51 BANKED LINKER/LOCATER V6.22.4.0                                                  08/12/2025  19:00:54  PAGE 15


  C:4BEEH         LINE#         27
  C:4BF1H         LINE#         28
  C:4BF4H         LINE#         29
  C:4BF7H         LINE#         30
  -------         ENDPROC       SPI_INIT
  -------         PROC          PORT_IO_INIT
  C:4BB9H         LINE#         32
  C:4BB9H         LINE#         33
  C:4BB9H         LINE#         70
  C:4BBCH         LINE#         71
  C:4BBFH         LINE#         72
  C:4BC2H         LINE#         73
  C:4BC5H         LINE#         74
  C:4BC8H         LINE#         75
  -------         ENDPROC       PORT_IO_INIT
  -------         PROC          OSCILLATOR_INIT
  -------         DO            
  D:0006H         SYMBOL        i
  -------         ENDDO         
  C:0003H         LINE#         77
  C:0003H         LINE#         78
  C:0003H         LINE#         79
  C:0006H         LINE#         80
  C:0009H         LINE#         81
  C:0014H         LINE#         82
  C:0019H         LINE#         83
  C:001CH         LINE#         84
  -------         ENDPROC       OSCILLATOR_INIT
  -------         PROC          INTERRUPTS_INIT
  C:4C0BH         LINE#         86
  C:4C0BH         LINE#         87
  C:4C0BH         LINE#         88
  C:4C0EH         LINE#         89
  C:4C11H         LINE#         90
  -------         ENDPROC       INTERRUPTS_INIT
  -------         PROC          INIT_DEVICE
  C:4B84H         LINE#         94
  C:4B84H         LINE#         95
  C:4B84H         LINE#         96
  C:4B87H         LINE#         97
  C:4B8AH         LINE#         98
  C:4B8DH         LINE#         99
  C:4B90H         LINE#         100
  C:4B93H         LINE#         101
  -------         ENDPROC       INIT_DEVICE
  -------         ENDMOD        IPTCONFIG

  -------         MODULE        8051LIB
  C:0000H         SYMBOL        _ICE_DUMMY_
  D:0023H         PUBLIC        OutTp
  D:0080H         PUBLIC        P0
  D:0090H         PUBLIC        P1
  C:1CE0H         PUBLIC        LIBVERSION
  D:00FFH         PUBLIC        WDTCN
  D:00A0H         PUBLIC        P2
  B:00A8H.7       PUBLIC        EA
  C:0026H         PUBLIC        Timer3_ISR
BL51 BANKED LINKER/LOCATER V6.22.4.0                                                  08/12/2025  19:00:54  PAGE 16


  D:008FH         PUBLIC        PSCTL
  C:1CEFH         PUBLIC        LIBTIME
  C:4B21H         PUBLIC        InitEQue
  C:4C02H         PUBLIC        _SetRStatus
  C:1D04H         PUBLIC        Line
  X:0016H         PUBLIC        t4c
  B:0022H.3       PUBLIC        TX_Int_Restart_Flag1
  X:0017H         PUBLIC        Parm
  C:4ADFH         PUBLIC        _AbsDiff
  D:00ADH         PUBLIC        P3IF
  X:0027H         PUBLIC        t4m
  C:3EF9H         PUBLIC        ErrTable
  X:0028H         PUBLIC        t4o
  C:3C8AH         PUBLIC        GetHostPacket
  C:48CBH         PUBLIC        _Strup
  C:464FH         PUBLIC        _CheckCommand
  C:4A75H         PUBLIC        _Transmit_UART0
  D:0024H         PUBLIC        ParmIndx
  C:414CH         PUBLIC        _ErrLookup
  X:0F10H         PUBLIC        RawCPUTemperature
  C:2B9BH         PUBLIC        _MenuTask
  D:0020H         PUBLIC        Tsf
  D:0025H         PUBLIC        HPCmd
  X:0F12H         PUBLIC        MenuPoll
  B:0022H.4       PUBLIC        Echo1
  B:0022H.5       PUBLIC        Echo2
  D:0027H         PUBLIC        NetAdd
  X:0100H         PUBLIC        Rb
  X:0200H         PUBLIC        Tb
  C:4C19H         PUBLIC        Ext7_ISR
  D:0028H         PUBLIC        crc
  D:0091H         PUBLIC        TMR3CN
  X:0F13H         PUBLIC        eqi
  C:47B7H         PUBLIC        _ParseCommand
  C:4089H         PUBLIC        ErrDump
  C:1BD3H         PUBLIC        CRCTable
  C:4A46H         PUBLIC        _Flash_PageErase
  X:0F14H         PUBLIC        cb
  C:4BD8H         PUBLIC        _RunCRC8
  C:45D6H         PUBLIC        _WriteErrorQue
  D:0029H         PUBLIC        HPNetAdd
  B:0098H.1       PUBLIC        TI0
  C:491BH         PUBLIC        _Flash_Read
  C:1D3FH         PUBLIC        mnu
  C:496BH         PUBLIC        _Crc8
  X:0F46H         PUBLIC        cp
  X:0F78H         PUBLIC        cs
  D:002AH         PUBLIC        RState
  D:002BH         PUBLIC        LError
  X:0029H         PUBLIC        RStatus
  B:0020H.0       PUBLIC        Tsf0
  B:0020H.1       PUBLIC        Tsf1
  C:4873H         PUBLIC        _Flash_Write
  B:0022H.6       PUBLIC        TX_Int_Restart_Flag
  B:0020H.2       PUBLIC        Tsf2
  B:0020H.3       PUBLIC        Tsf3
  B:0020H.4       PUBLIC        Tsf4
BL51 BANKED LINKER/LOCATER V6.22.4.0                                                  08/12/2025  19:00:54  PAGE 17


  B:0020H.5       PUBLIC        Tsf5
  B:0020H.6       PUBLIC        Tsf6
  B:0020H.7       PUBLIC        Tsf7
  C:36E4H         PUBLIC        _GetCommand
  C:0076H         PUBLIC        _Flash_ByteRead
  X:0FAAH         PUBLIC        TaskOverRun
  X:0FABH         PUBLIC        EQue
  C:1D34H         PUBLIC        Head
  D:00B6H         PUBLIC        FLSCL
  C:4A17H         PUBLIC        _Flash_ByteWrite
  C:1CE5H         PUBLIC        LIBFILE
  D:002CH         PUBLIC        InRp
  C:1CD3H         PUBLIC        LIBNAME
  C:4AC5H         PUBLIC        InitSerial
  C:49A9H         PUBLIC        _putchar
  D:002DH         PUBLIC        InTp
  D:002EH         PUBLIC        OutRp
  -------         PROC          INITSERIAL
  C:4AC5H         LINE#         155
  C:4AC5H         LINE#         158
  C:4AC7H         LINE#         159
  C:4AC9H         LINE#         162
  C:4ACCH         LINE#         163
  C:4ACEH         LINE#         164
  C:4AD0H         LINE#         165
  C:4AD2H         LINE#         167
  C:4AD4H         LINE#         170
  C:4AD6H         LINE#         171
  C:4AD8H         LINE#         174
  C:4ADAH         LINE#         175
  C:4ADCH         LINE#         177
  C:4ADEH         LINE#         179
  -------         ENDPROC       INITSERIAL
  -------         PROC          GETHOSTPACKET
  -------         DO            
  X:0038H         SYMBOL        InChar
  -------         ENDDO         
  C:3C8AH         LINE#         188
  C:3C8AH         LINE#         191
  C:3C93H         LINE#         192
  C:3CA5H         LINE#         194
  C:3CC8H         LINE#         195
  C:3CC8H         LINE#         196
  C:3CCFH         LINE#         197
  C:3CD2H         LINE#         198
  C:3CD4H         LINE#         199
  C:3CD7H         LINE#         200
  C:3CD7H         LINE#         201
  C:3CD9H         LINE#         203
  C:3CD9H         LINE#         204
  C:3CE2H         LINE#         205
  C:3CEDH         LINE#         206
  C:3CF0H         LINE#         207
  C:3CF2H         LINE#         212
  C:3CF2H         LINE#         213
  C:3CFBH         LINE#         214
  C:3D04H         LINE#         215
BL51 BANKED LINKER/LOCATER V6.22.4.0                                                  08/12/2025  19:00:54  PAGE 18


  C:3D0DH         LINE#         216
  C:3D10H         LINE#         217
  C:3D13H         LINE#         218
  C:3D13H         LINE#         219
  C:3D13H         LINE#         220
  C:3D15H         LINE#         221
  C:3D18H         LINE#         222
  C:3D18H         LINE#         223
  C:3D1BH         LINE#         225
  C:3D1BH         LINE#         226
  C:3D20H         LINE#         227
  C:3D23H         LINE#         228
  C:3D26H         LINE#         230
  C:3D26H         LINE#         231
  C:3D2BH         LINE#         232
  C:3D2EH         LINE#         233
  C:3D31H         LINE#         234
  C:3D34H         LINE#         236
  C:3D34H         LINE#         237
  C:3D3BH         LINE#         238
  C:3D42H         LINE#         239
  C:3D42H         LINE#         240
  C:3D44H         LINE#         241
  C:3D44H         LINE#         242
  C:3D4BH         LINE#         243
  C:3D4DH         LINE#         244
  C:3D50H         LINE#         245
  C:3D50H         LINE#         246
  C:3D53H         LINE#         248
  C:3D53H         LINE#         249
  C:3D56H         LINE#         250
  C:3D59H         LINE#         252
  C:3D59H         LINE#         253
  C:3D59H         LINE#         254
  C:3D5DH         LINE#         255
  -------         ENDPROC       GETHOSTPACKET
  -------         PROC          _CRC8
  X:0038H         SYMBOL        DataPtr
  X:003BH         SYMBOL        len
  C:496BH         LINE#         269
  C:4978H         LINE#         270
  C:497BH         LINE#         272
  C:4983H         LINE#         273
  C:4994H         LINE#         274
  C:499FH         LINE#         275
  C:49A6H         LINE#         276
  C:49A8H         LINE#         277
  -------         ENDPROC       _CRC8
  -------         PROC          _RUNCRC8
  D:0007H         SYMBOL        b
  C:4BD8H         LINE#         314
  C:4BD8H         LINE#         315
  C:4BE1H         LINE#         316
  C:4BE2H         LINE#         317
  -------         ENDPROC       _RUNCRC8
  -------         PROC          _TRANSMIT_UART0
  X:0076H         SYMBOL        c
BL51 BANKED LINKER/LOCATER V6.22.4.0                                                  08/12/2025  19:00:54  PAGE 19


  C:4A75H         LINE#         331
  C:4A79H         LINE#         334
  C:4A89H         LINE#         335
  C:4A8EH         LINE#         336
  C:4A95H         LINE#         337
  C:4A97H         LINE#         338
  C:4A97H         LINE#         341
  C:4A9AH         LINE#         342
  C:4A9CH         LINE#         343
  C:4A9EH         LINE#         344
  C:4A9EH         LINE#         345
  C:4AA2H         LINE#         346
  -------         ENDPROC       _TRANSMIT_UART0
  -------         PROC          _PUTCHAR
  X:0073H         SYMBOL        c
  -------         DO            
  X:0074H         SYMBOL        to
  -------         ENDDO         
  C:49A9H         LINE#         360
  C:49ADH         LINE#         361
  C:49B3H         LINE#         363
  C:49D2H         LINE#         364
  C:49D5H         LINE#         365
  C:49D7H         LINE#         366
  C:49DEH         LINE#         367
  C:49E2H         LINE#         368
  -------         ENDPROC       _PUTCHAR
  -------         PROC          EXT7_ISR
  C:4C19H         LINE#         410
  C:4C19H         LINE#         411
  C:4C1CH         LINE#         412
  -------         ENDPROC       EXT7_ISR
  -------         PROC          TIMER3_ISR
  -------         DO            
  D:0007H         SYMBOL        ShiftMask
  -------         ENDDO         
  C:0026H         LINE#         454
  C:0035H         LINE#         457
  C:0038H         LINE#         458
  C:003DH         LINE#         459
  C:003FH         LINE#         460
  C:0048H         LINE#         461
  C:004DH         LINE#         462
  C:0052H         LINE#         463
  C:0056H         LINE#         464
  C:0058H         LINE#         465
  C:005DH         LINE#         466
  C:0060H         LINE#         467
  -------         ENDPROC       TIMER3_ISR
  -------         PROC          _STRUP
  X:0039H         SYMBOL        s
  -------         DO            
  X:003CH         SYMBOL        i
  -------         ENDDO         
  C:48CBH         LINE#         502
  C:48D5H         LINE#         504
  C:48DAH         LINE#         505
BL51 BANKED LINKER/LOCATER V6.22.4.0                                                  08/12/2025  19:00:54  PAGE 20


  C:48F3H         LINE#         506
  C:490DH         LINE#         507
  C:4918H         LINE#         508
  C:491AH         LINE#         509
  -------         ENDPROC       _STRUP
  -------         PROC          _FLASH_WRITE
  X:0038H         SYMBOL        b
  X:003BH         SYMBOL        len
  -------         DO            
  X:003CH         SYMBOL        addr
  -------         ENDDO         
  C:4873H         LINE#         544
  C:4880H         LINE#         545
  C:4885H         LINE#         547
  C:488BH         LINE#         548
  C:488DH         LINE#         549
  C:4890H         LINE#         550
  C:4890H         LINE#         552
  C:4898H         LINE#         553
  C:48A1H         LINE#         554
  C:48C8H         LINE#         555
  C:48CAH         LINE#         556
  -------         ENDPROC       _FLASH_WRITE
  -------         PROC          _FLASH_READ
  X:0038H         SYMBOL        b
  X:003BH         SYMBOL        len
  -------         DO            
  X:003CH         SYMBOL        addr
  -------         ENDDO         
  C:491BH         LINE#         574
  C:4928H         LINE#         575
  C:492DH         LINE#         577
  C:4933H         LINE#         578
  C:4935H         LINE#         579
  C:4938H         LINE#         580
  C:4938H         LINE#         582
  C:4941H         LINE#         583
  C:4968H         LINE#         584
  C:496AH         LINE#         585
  -------         ENDPROC       _FLASH_READ
  -------         PROC          _FLASH_BYTEWRITE
  D:0006H         SYMBOL        addr
  D:0005H         SYMBOL        c
  B:0021H.0       SYMBOL        SFLE
  -------         DO            
  B:0021H.1       SYMBOL        EA_SAVE
  D:0012H         SYMBOL        pwrite
  -------         ENDDO         
  C:4A17H         LINE#         603
  C:4A17H         LINE#         604
  C:4A17H         LINE#         605
  C:4A1BH         LINE#         608
  C:4A1DH         LINE#         610
  C:4A21H         LINE#         612
  C:4A24H         LINE#         613
  C:4A27H         LINE#         615
  C:4A2AH         LINE#         616
BL51 BANKED LINKER/LOCATER V6.22.4.0                                                  08/12/2025  19:00:54  PAGE 21


  C:4A2DH         LINE#         617
  C:4A2DH         LINE#         619
  C:4A35H         LINE#         621
  C:4A38H         LINE#         622
  C:4A3BH         LINE#         623
  C:4A3BH         LINE#         625
  C:4A3EH         LINE#         626
  C:4A41H         LINE#         628
  C:4A45H         LINE#         629
  -------         ENDPROC       _FLASH_BYTEWRITE
  -------         PROC          _FLASH_BYTEREAD
  D:0006H         SYMBOL        addr
  B:0021H.0       SYMBOL        SFLE
  -------         DO            
  B:0021H.1       SYMBOL        EA_SAVE
  D:0012H         SYMBOL        pread
  D:0007H         SYMBOL        c
  -------         ENDDO         
  C:0076H         LINE#         641
  C:0076H         LINE#         642
  C:0076H         LINE#         643
  C:007AH         LINE#         647
  C:007CH         LINE#         649
  C:0080H         LINE#         651
  C:0083H         LINE#         652
  C:0086H         LINE#         653
  C:0086H         LINE#         655
  C:008FH         LINE#         657
  C:0092H         LINE#         658
  C:0095H         LINE#         659
  C:0095H         LINE#         661
  C:0099H         LINE#         663
  C:0099H         LINE#         664
  -------         ENDPROC       _FLASH_BYTEREAD
  -------         PROC          _FLASH_PAGEERASE
  D:0006H         SYMBOL        addr
  B:0021H.0       SYMBOL        SFLE
  -------         DO            
  B:0021H.1       SYMBOL        EA_SAVE
  D:0012H         SYMBOL        pwrite
  -------         ENDDO         
  C:4A46H         LINE#         676
  C:4A46H         LINE#         677
  C:4A46H         LINE#         678
  C:4A4AH         LINE#         681
  C:4A4CH         LINE#         683
  C:4A50H         LINE#         685
  C:4A53H         LINE#         686
  C:4A56H         LINE#         688
  C:4A59H         LINE#         689
  C:4A5CH         LINE#         690
  C:4A5CH         LINE#         692
  C:4A64H         LINE#         694
  C:4A67H         LINE#         695
  C:4A6AH         LINE#         696
  C:4A6AH         LINE#         698
  C:4A6DH         LINE#         699
BL51 BANKED LINKER/LOCATER V6.22.4.0                                                  08/12/2025  19:00:54  PAGE 22


  C:4A70H         LINE#         701
  C:4A74H         LINE#         702
  -------         ENDPROC       _FLASH_PAGEERASE
  -------         PROC          _ABSDIFF
  D:0007H         SYMBOL        in
  D:0005H         SYMBOL        out
  C:4ADFH         LINE#         750
  C:4ADFH         LINE#         754
  C:4AE3H         LINE#         755
  C:4AE8H         LINE#         756
  C:4AECH         LINE#         758
  C:4AF3H         LINE#         759
  C:4AF3H         LINE#         760
  C:4AF5H         LINE#         762
  -------         ENDPROC       _ABSDIFF
  -------         PROC          INITEQUE
  C:4B21H         LINE#         887
  C:4B21H         LINE#         888
  C:4B30H         LINE#         889
  C:4B35H         LINE#         890
  -------         ENDPROC       INITEQUE
  -------         PROC          L?0159
  -------         ENDPROC       L?0159
  -------         PROC          _WRITEERRORQUE
  D:0007H         SYMBOL        Source
  D:0005H         SYMBOL        Error
  C:45D6H         LINE#         903
  C:45D6H         LINE#         906
  C:45F6H         LINE#         909
  C:45FFH         LINE#         910
  C:4601H         LINE#         911
  C:4612H         LINE#         912
  C:4626H         LINE#         913
  C:4626H         LINE#         914
  C:4639H         LINE#         915
  C:464EH         LINE#         916
  -------         ENDPROC       _WRITEERRORQUE
  -------         PROC          ERRDUMP
  -------         DO            
  X:003CH         SYMBOL        a
  -------         ENDDO         
  C:4089H         LINE#         928
  C:4089H         LINE#         931
  C:4093H         LINE#         932
  C:40A1H         LINE#         933
  C:40A6H         LINE#         934
  C:40ACH         LINE#         935
  C:40B0H         LINE#         937
  C:40C3H         LINE#         938
  C:40CAH         LINE#         939
  C:4117H         LINE#         940
  C:4119H         LINE#         941
  C:413FH         LINE#         942
  C:413FH         LINE#         943
  C:4142H         LINE#         944
  C:4145H         LINE#         945
  C:414BH         LINE#         946
BL51 BANKED LINKER/LOCATER V6.22.4.0                                                  08/12/2025  19:00:54  PAGE 23


  C:414BH         LINE#         947
  -------         ENDPROC       ERRDUMP
  -------         PROC          ERRTABLE
  -------         DO            
  X:003CH         SYMBOL        i
  X:003DH         SYMBOL        a
  -------         ENDDO         
  C:3EF9H         LINE#         960
  C:3EF9H         LINE#         963
  C:3EFEH         LINE#         964
  C:3F04H         LINE#         965
  C:3F08H         LINE#         966
  C:3F1EH         LINE#         967
  C:3F27H         LINE#         968
  C:3F55H         LINE#         969
  C:3F5AH         LINE#         970
  C:3F5DH         LINE#         971
  C:3F5FH         LINE#         972
  C:3F64H         LINE#         973
  C:3F7AH         LINE#         974
  C:3F83H         LINE#         975
  C:3FB1H         LINE#         976
  C:3FB6H         LINE#         977
  C:3FB9H         LINE#         978
  C:3FBBH         LINE#         979
  C:3FC1H         LINE#         980
  -------         ENDPROC       ERRTABLE
  -------         PROC          _ERRLOOKUP
  X:003DH         SYMBOL        src
  X:003EH         SYMBOL        err
  C:414CH         LINE#         993
  C:4153H         LINE#         995
  C:4158H         LINE#         996
  C:4184H         LINE#         997
  C:4186H         LINE#         998
  C:41A1H         LINE#         999
  C:41A1H         LINE#         1000
  C:41AAH         LINE#         1002
  C:41B3H         LINE#         1003
  C:41DEH         LINE#         1004
  C:41E0H         LINE#         1005
  C:41FBH         LINE#         1006
  C:41FBH         LINE#         1007
  -------         ENDPROC       _ERRLOOKUP
  -------         PROC          _GETCOMMAND
  D:0007H         SYMBOL        c
  -------         DO            
  X:0015H         SYMBOL        i
  -------         ENDDO         
  C:36E4H         LINE#         1055
  C:36E4H         LINE#         1060
  C:36F8H         LINE#         1062
  C:3706H         LINE#         1063
  C:371BH         LINE#         1064
  C:371BH         LINE#         1067
  C:3732H         LINE#         1068
  C:3736H         LINE#         1069
BL51 BANKED LINKER/LOCATER V6.22.4.0                                                  08/12/2025  19:00:54  PAGE 24


  C:3743H         LINE#         1070
  C:3746H         LINE#         1073
  C:374EH         LINE#         1074
  C:3756H         LINE#         1075
  C:376AH         LINE#         1076
  C:3777H         LINE#         1077
  C:3786H         LINE#         1078
  C:37B4H         LINE#         1079
  C:37BDH         LINE#         1080
  C:37C6H         LINE#         1081
  C:37C6H         LINE#         1082
  C:37CBH         LINE#         1083
  C:37CBH         LINE#         1084
  C:37CBH         LINE#         1085
  C:37DBH         LINE#         1089
  C:37E2H         LINE#         1090
  C:37E5H         LINE#         1092
  C:37EBH         LINE#         1093
  -------         ENDPROC       _GETCOMMAND
  -------         PROC          _CHECKCOMMAND
  X:0039H         SYMBOL        ib
  X:003CH         SYMBOL        mnu
  -------         DO            
  X:003FH         SYMBOL        i
  -------         ENDDO         
  C:464FH         LINE#         1097
  C:4659H         LINE#         1100
  C:465FH         LINE#         1101
  C:4680H         LINE#         1102
  C:46B4H         LINE#         1103
  C:46B4H         LINE#         1104
  C:46B4H         LINE#         1105
  C:46BFH         LINE#         1106
  C:46C1H         LINE#         1107
  C:46C8H         LINE#         1108
  -------         ENDPROC       _CHECKCOMMAND
  -------         PROC          _PARSECOMMAND
  D:0001H         SYMBOL        ib
  -------         DO            
  D:0006H         SYMBOL        i
  -------         ENDDO         
  C:47B7H         LINE#         1136
  C:47B7H         LINE#         1139
  C:47BCH         LINE#         1140
  C:47CCH         LINE#         1142
  C:47EFH         LINE#         1143
  C:4807H         LINE#         1144
  C:480CH         LINE#         1145
  C:480EH         LINE#         1146
  C:4813H         LINE#         1147
  C:4813H         LINE#         1151
  C:4816H         LINE#         1152
  C:4816H         LINE#         1153
  C:4816H         LINE#         1154
  -------         ENDPROC       _PARSECOMMAND
  -------         PROC          _MENUTASK
  D:0007H         SYMBOL        task
BL51 BANKED LINKER/LOCATER V6.22.4.0                                                  08/12/2025  19:00:54  PAGE 25


  -------         DO            
  X:0039H         SYMBOL        i
  X:003BH         SYMBOL        a
  -------         ENDDO         
  C:2B9BH         LINE#         1161
  C:2B9BH         LINE#         1172
  C:2BE4H         LINE#         1173
  C:2BE4H         LINE#         1174
  C:2BEAH         LINE#         1175
  C:2BF0H         LINE#         1176
  C:2BF4H         LINE#         1177
  C:2C20H         LINE#         1178
  C:2C38H         LINE#         1179
  C:2C93H         LINE#         1180
  C:2C96H         LINE#         1181
  C:2C96H         LINE#         1182
  C:2CA1H         LINE#         1183
  C:2CA4H         LINE#         1187
  C:2CA4H         LINE#         1188
  C:2CAAH         LINE#         1189
  C:2CAEH         LINE#         1190
  C:2CD0H         LINE#         1191
  C:2CF2H         LINE#         1192
  C:2D14H         LINE#         1193
  C:2D36H         LINE#         1194
  C:2D39H         LINE#         1195
  C:2D5BH         LINE#         1196
  C:2D7DH         LINE#         1197
  C:2D9FH         LINE#         1198
  C:2DC1H         LINE#         1199
  C:2DD7H         LINE#         1200
  C:2DE7H         LINE#         1201
  C:2DE7H         LINE#         1202
  C:2DEDH         LINE#         1203
  C:2DEFH         LINE#         1204
  C:2DEFH         LINE#         1205
  C:2DF5H         LINE#         1206
  C:2DF7H         LINE#         1207
  C:2DF7H         LINE#         1208
  C:2E00H         LINE#         1209
  C:2E00H         LINE#         1210
  C:2E00H         LINE#         1211
  C:2E06H         LINE#         1212
  C:2E07H         LINE#         1215
  C:2E07H         LINE#         1216
  C:2E0AH         LINE#         1217
  C:2E0AH         LINE#         1220
  C:2E0AH         LINE#         1221
  C:2E0DH         LINE#         1222
  C:2E0DH         LINE#         1225
  C:2E0DH         LINE#         1228
  C:2E0DH         LINE#         1231
  C:2E0DH         LINE#         1232
  C:2E1CH         LINE#         1233
  C:2E22H         LINE#         1234
  C:2E25H         LINE#         1237
  C:2E25H         LINE#         1238
BL51 BANKED LINKER/LOCATER V6.22.4.0                                                  08/12/2025  19:00:54  PAGE 26


  C:2E27H         LINE#         1239
  C:2E46H         LINE#         1240
  C:2E49H         LINE#         1242
  C:2E49H         LINE#         1243
  C:2E4BH         LINE#         1244
  C:2E6AH         LINE#         1245
  C:2E6DH         LINE#         1248
  C:2E6DH         LINE#         1249
  C:2E7CH         LINE#         1250
  C:2E7FH         LINE#         1253
  C:2E7FH         LINE#         1254
  C:2EA1H         LINE#         1255
  C:2EADH         LINE#         1256
  C:2EB0H         LINE#         1259
  C:2EB0H         LINE#         1263
  C:2EC6H         LINE#         1264
  C:2EC9H         LINE#         1265
  C:2EC9H         LINE#         1268
  C:2EC9H         LINE#         1269
  C:2ECFH         LINE#         1270
  C:2ED2H         LINE#         1272
  C:2ED2H         LINE#         1277
  C:2ED2H         LINE#         1278
  C:2ED8H         LINE#         1279
  C:2EDBH         LINE#         1281
  C:2EDBH         LINE#         1282
  C:2EE1H         LINE#         1283
  C:2EE4H         LINE#         1286
  C:2EE4H         LINE#         1287
  C:2F06H         LINE#         1288
  C:2F2EH         LINE#         1289
  C:2F30H         LINE#         1292
  C:2F30H         LINE#         1293
  C:2F52H         LINE#         1294
  C:2F7AH         LINE#         1295
  C:2F7CH         LINE#         1298
  C:2F7CH         LINE#         1302
  C:2F82H         LINE#         1304
  C:2F82H         LINE#         1307
  C:2F85H         LINE#         1312
  C:2F85H         LINE#         1314
  C:2F85H         LINE#         1315
  -------         ENDPROC       _MENUTASK
  -------         PROC          _SETRSTATUS
  D:0007H         SYMBOL        type
  D:0005H         SYMBOL        error
  C:4C02H         LINE#         1328
  C:4C02H         LINE#         1329
  C:4C0AH         LINE#         1330
  -------         ENDPROC       _SETRSTATUS
  -------         ENDMOD        8051LIB

  -------         MODULE        8051LIB_I
  C:4817H         SEGMENT       INT4_CODE_SEG
  B:0080H.7       PUBLIC        DE485
  B:0080H.6       PUBLIC        RE485
  B:00C0H.2       SYMBOL        AA
BL51 BANKED LINKER/LOCATER V6.22.4.0                                                  08/12/2025  19:00:54  PAGE 27


  B:00D0H.6       SYMBOL        AC
  D:00E0H         SYMBOL        ACC
  B:00E8H.4       SYMBOL        AD0BUSY
  B:00E8H.7       SYMBOL        AD0EN
  B:00E8H.5       SYMBOL        AD0INT
  B:00E8H.0       SYMBOL        AD0LJST
  B:00E8H.2       SYMBOL        AD0STM0
  B:00E8H.3       SYMBOL        AD0STM1
  B:00E8H.6       SYMBOL        AD0TM
  B:00E8H.1       SYMBOL        AD0WINT
  D:00BCH         SYMBOL        ADC0CF
  D:00E8H         SYMBOL        ADC0CN
  D:00C5H         SYMBOL        ADC0GTH
  D:00C4H         SYMBOL        ADC0GTL
  D:00BFH         SYMBOL        ADC0H
  D:00BEH         SYMBOL        ADC0L
  D:00C7H         SYMBOL        ADC0LTH
  D:00C6H         SYMBOL        ADC0LTL
  D:009CH         SYMBOL        ADC1
  D:00ABH         SYMBOL        ADC1CF
  D:00AAH         SYMBOL        ADC1CN
  D:00BAH         SYMBOL        AMX0CF
  D:00BBH         SYMBOL        AMX0SL
  D:00ACH         SYMBOL        AMX1SL
  D:00F0H         SYMBOL        B
  B:00D8H.0       SYMBOL        CCF0
  B:00D8H.1       SYMBOL        CCF1
  B:00D8H.2       SYMBOL        CCF2
  B:00D8H.3       SYMBOL        CCF3
  B:00D8H.4       SYMBOL        CCF4
  B:00D8H.7       SYMBOL        CF
  D:008EH         SYMBOL        CKCON
  C:4817H         SYMBOL        COM_ISR
  C:483CH         SYMBOL        COM_ISR25
  C:4864H         SYMBOL        COM_ISR28
  C:486AH         SYMBOL        COM_ISR30
  C:485AH         SYMBOL        COM_ISRSLOW1
  C:485FH         SYMBOL        COM_ISRSLOW2
  B:00C8H.0       SYMBOL        CPRL2
  D:009EH         SYMBOL        CPT0CN
  D:009FH         SYMBOL        CPT1CN
  B:00D8H.6       SYMBOL        CR
  B:00C8H.1       SYMBOL        CT2
  B:00D0H.7       SYMBOL        CY
  D:00D4H         SYMBOL        DAC0CN
  D:00D3H         SYMBOL        DAC0H
  D:00D2H         SYMBOL        DAC0L
  D:00D7H         SYMBOL        DAC1CN
  D:00D6H         SYMBOL        DAC1H
  D:00D5H         SYMBOL        DAC1L
  D:0083H         SYMBOL        DPH
  D:0082H         SYMBOL        DPL
  B:00A8H.7       SYMBOL        EA
  D:00E6H         SYMBOL        EIE1
  D:00E7H         SYMBOL        EIE2
  D:00F6H         SYMBOL        EIP1
  D:00F7H         SYMBOL        EIP2
BL51 BANKED LINKER/LOCATER V6.22.4.0                                                  08/12/2025  19:00:54  PAGE 28


  D:00A3H         SYMBOL        EMI0CF
  D:00AFH         SYMBOL        EMI0CN
  D:00A1H         SYMBOL        EMI0TC
  B:00C0H.6       SYMBOL        ENSMB
  B:00A8H.4       SYMBOL        ES
  B:00A8H.1       SYMBOL        ET0
  B:00A8H.3       SYMBOL        ET1
  B:00A8H.5       SYMBOL        ET2
  B:00A8H.0       SYMBOL        EX0
  B:00A8H.2       SYMBOL        EX1
  B:00C8H.3       SYMBOL        EXEN2
  B:00C8H.6       SYMBOL        EXF2
  B:00D0H.5       SYMBOL        F0
  B:00D0H.1       SYMBOL        F1
  D:00B7H         SYMBOL        FLACL
  D:00B6H         SYMBOL        FLSCL
  D:00A8H         SYMBOL        IE
  B:0088H.1       SYMBOL        IE0
  B:0088H.3       SYMBOL        IE1
  D:00B8H         SYMBOL        IP
  B:0088H.0       SYMBOL        IT0
  B:0088H.2       SYMBOL        IT1
  B:00F8H.5       SYMBOL        MODF
  B:00F8H.1       SYMBOL        MSTEN
  D:00B2H         SYMBOL        OSCICN
  D:00B1H         SYMBOL        OSCXCN
  B:00D0H.2       SYMBOL        OV
  B:00D0H.0       SYMBOL        P
  D:0080H         SYMBOL        P0
  D:00A4H         SYMBOL        P0MDOUT
  D:0090H         SYMBOL        P1
  D:00BDH         SYMBOL        P1MDIN
  D:00A5H         SYMBOL        P1MDOUT
  D:00A0H         SYMBOL        P2
  D:00A6H         SYMBOL        P2MDOUT
  D:00B0H         SYMBOL        P3
  D:00ADH         SYMBOL        P3IF
  D:00A7H         SYMBOL        P3MDOUT
  D:0084H         SYMBOL        P4
  D:0085H         SYMBOL        P5
  D:0086H         SYMBOL        P6
  D:0096H         SYMBOL        P7
  D:00B5H         SYMBOL        P74OUT
  D:00D8H         SYMBOL        PCA0CN
  D:00FAH         SYMBOL        PCA0CPH0
  D:00FBH         SYMBOL        PCA0CPH1
  D:00FCH         SYMBOL        PCA0CPH2
  D:00FDH         SYMBOL        PCA0CPH3
  D:00FEH         SYMBOL        PCA0CPH4
  D:00EAH         SYMBOL        PCA0CPL0
  D:00EBH         SYMBOL        PCA0CPL1
  D:00ECH         SYMBOL        PCA0CPL2
  D:00EDH         SYMBOL        PCA0CPL3
  D:00EEH         SYMBOL        PCA0CPL4
  D:00DAH         SYMBOL        PCA0CPM0
  D:00DBH         SYMBOL        PCA0CPM1
  D:00DCH         SYMBOL        PCA0CPM2
BL51 BANKED LINKER/LOCATER V6.22.4.0                                                  08/12/2025  19:00:54  PAGE 29


  D:00DDH         SYMBOL        PCA0CPM3
  D:00DEH         SYMBOL        PCA0CPM4
  D:00F9H         SYMBOL        PCA0H
  D:00E9H         SYMBOL        PCA0L
  D:00D9H         SYMBOL        PCA0MD
  D:0087H         SYMBOL        PCON
  B:00B8H.4       SYMBOL        PS
  D:008FH         SYMBOL        PSCTL
  D:00D0H         SYMBOL        PSW
  B:00B8H.1       SYMBOL        PT0
  B:00B8H.3       SYMBOL        PT1
  B:00B8H.5       SYMBOL        PT2
  B:00B8H.0       SYMBOL        PX0
  B:00B8H.2       SYMBOL        PX1
  B:0098H.2       SYMBOL        RB8
  D:00CBH         SYMBOL        RCAP2H
  D:00CAH         SYMBOL        RCAP2L
  D:00E5H         SYMBOL        RCAP4H
  D:00E4H         SYMBOL        RCAP4L
  B:00C8H.5       SYMBOL        RCLK
  D:00D1H         SYMBOL        REF0CN
  B:0098H.4       SYMBOL        REN
  B:00E0H.4       SYMBOL        REN1
  B:0098H.0       SYMBOL        RI
  B:00E0H.0       SYMBOL        RI1
  B:00D0H.3       SYMBOL        RS0
  B:00D0H.4       SYMBOL        RS1
  D:00EFH         SYMBOL        RSTSRC
  B:00F8H.4       SYMBOL        RXOVRN
  D:00A9H         SYMBOL        SADDR0
  D:00F3H         SYMBOL        SADDR1
  D:00B9H         SYMBOL        SADEN0
  D:00AEH         SYMBOL        SADEN1
  D:0099H         SYMBOL        SBUF0
  D:00F2H         SYMBOL        SBUF1
  D:0098H         SYMBOL        SCON0
  D:00F1H         SYMBOL        SCON1
  B:00C0H.3       SYMBOL        SI
  B:00F8H.2       SYMBOL        SLVSEL
  B:0098H.7       SYMBOL        SM0
  B:0098H.6       SYMBOL        SM1
  B:0098H.5       SYMBOL        SM2
  D:00C3H         SYMBOL        SMB0ADR
  D:00C0H         SYMBOL        SMB0CN
  D:00CFH         SYMBOL        SMB0CR
  D:00C2H         SYMBOL        SMB0DAT
  D:00C1H         SYMBOL        SMB0STA
  B:00C0H.1       SYMBOL        SMBFTE
  B:00C0H.0       SYMBOL        SMBTOE
  D:0081H         SYMBOL        SP
  D:009AH         SYMBOL        SPI0CFG
  D:009DH         SYMBOL        SPI0CKR
  D:00F8H         SYMBOL        SPI0CN
  D:009BH         SYMBOL        SPI0DAT
  B:00F8H.0       SYMBOL        SPIEN
  B:00F8H.7       SYMBOL        SPIF
  B:00C0H.5       SYMBOL        STA
BL51 BANKED LINKER/LOCATER V6.22.4.0                                                  08/12/2025  19:00:54  PAGE 30


  B:00C0H.4       SYMBOL        STO
  D:00C8H         SYMBOL        T2CON
  D:00C9H         SYMBOL        T4CON
  B:0098H.3       SYMBOL        TB8
  B:00C8H.4       SYMBOL        TCLK
  D:0088H         SYMBOL        TCON
  B:0088H.5       SYMBOL        TF0
  B:0088H.7       SYMBOL        TF1
  B:00C8H.7       SYMBOL        TF2
  D:008CH         SYMBOL        TH0
  D:008DH         SYMBOL        TH1
  D:00CDH         SYMBOL        TH2
  D:00F5H         SYMBOL        TH4
  B:0098H.1       SYMBOL        TI
  B:00E0H.1       SYMBOL        TI1
  D:008AH         SYMBOL        TL0
  D:008BH         SYMBOL        TL1
  D:00CCH         SYMBOL        TL2
  D:00F4H         SYMBOL        TL4
  D:0089H         SYMBOL        TMOD
  D:0091H         SYMBOL        TMR3CN
  D:0095H         SYMBOL        TMR3H
  D:0094H         SYMBOL        TMR3L
  D:0093H         SYMBOL        TMR3RLH
  D:0092H         SYMBOL        TMR3RLL
  B:0088H.4       SYMBOL        TR0
  B:0088H.6       SYMBOL        TR1
  B:00C8H.2       SYMBOL        TR2
  B:00F8H.3       SYMBOL        TXBSY
  B:00F8H.6       SYMBOL        WCOL
  D:00FFH         SYMBOL        WDTCN
  D:00E1H         SYMBOL        XBR0
  D:00E2H         SYMBOL        XBR1
  D:00E3H         SYMBOL        XBR2
  C:0023H         LINE#         58
  C:4817H         LINE#         72
  C:4819H         LINE#         73
  C:481BH         LINE#         74
  C:481EH         LINE#         75
  C:4820H         LINE#         76
  C:4822H         LINE#         78
  C:4825H         LINE#         79
  C:4827H         LINE#         82
  C:482AH         LINE#         83
  C:482DH         LINE#         84
  C:482FH         LINE#         85
  C:4831H         LINE#         86
  C:4832H         LINE#         89
  C:4834H         LINE#         90
  C:4837H         LINE#         91
  C:4839H         LINE#         92
  C:483CH         LINE#         96
  C:483FH         LINE#         97
  C:4841H         LINE#         98
  C:4843H         LINE#         99
  C:4845H         LINE#         100
  C:4847H         LINE#         101
BL51 BANKED LINKER/LOCATER V6.22.4.0                                                  08/12/2025  19:00:54  PAGE 31


  C:4849H         LINE#         102
  C:484BH         LINE#         103
  C:484EH         LINE#         104
  C:4851H         LINE#         105
  C:4853H         LINE#         106
  C:4854H         LINE#         107
  C:4856H         LINE#         108
  C:4858H         LINE#         111
  C:485AH         LINE#         113
  C:485BH         LINE#         114
  C:485DH         LINE#         115
  C:485FH         LINE#         117
  C:4860H         LINE#         118
  C:4862H         LINE#         120
  C:4864H         LINE#         123
  C:4866H         LINE#         124
  C:4868H         LINE#         125
  C:486AH         LINE#         128
  C:486CH         LINE#         129
  C:486EH         LINE#         130
  C:4870H         LINE#         131
  C:4872H         LINE#         132
  -------         ENDMOD        8051LIB_I

  -------         MODULE        ERROR
  C:0000H         SYMBOL        _ICE_DUMMY_
  C:2232H         PUBLIC        ec
  C:21B6H         PUBLIC        sc
  -------         ENDMOD        ERROR

  -------         MODULE        LONGMULT
  C:454CH         SEGMENT       LONGMULT_CODE_SEG
  C:454CH         PUBLIC        MUL32BIT
  D:00E0H         SYMBOL        ACC
  D:00F0H         SYMBOL        B
  C:4587H         SYMBOL        BYTEMUL
  C:455BH         SYMBOL        CLRNEXT
  C:45B9H         SYMBOL        ENDPROPCARRY
  C:459DH         SYMBOL        LOOP
  C:45ACH         SYMBOL        PROPCARRY
  D:00D0H         SYMBOL        PSW
  C:45B2H         SYMBOL        SKIP
  C:454CH         LINE#         32
  C:454EH         LINE#         33
  C:4550H         LINE#         34
  C:4552H         LINE#         35
  C:4554H         LINE#         36
  C:4556H         LINE#         39
  C:4557H         LINE#         40
  C:4559H         LINE#         41
  C:455BH         LINE#         43
  C:455CH         LINE#         44
  C:455DH         LINE#         45
  C:455FH         LINE#         48
  C:4562H         LINE#         49
  C:4564H         LINE#         50
  C:4567H         LINE#         51
BL51 BANKED LINKER/LOCATER V6.22.4.0                                                  08/12/2025  19:00:54  PAGE 32


  C:456AH         LINE#         52
  C:456BH         LINE#         53
  C:456EH         LINE#         54
  C:4571H         LINE#         55
  C:4572H         LINE#         56
  C:4575H         LINE#         57
  C:4578H         LINE#         58
  C:4579H         LINE#         59
  C:457CH         LINE#         62
  C:457EH         LINE#         63
  C:4580H         LINE#         64
  C:4582H         LINE#         65
  C:4584H         LINE#         66
  C:4586H         LINE#         67
  C:4587H         LINE#         76
  C:4589H         LINE#         77
  C:458BH         LINE#         78
  C:458DH         LINE#         79
  C:458FH         LINE#         80
  C:4591H         LINE#         81
  C:4593H         LINE#         82
  C:4595H         LINE#         83
  C:4597H         LINE#         85
  C:4599H         LINE#         86
  C:459BH         LINE#         87
  C:459DH         LINE#         90
  C:459FH         LINE#         91
  C:45A0H         LINE#         92
  C:45A1H         LINE#         93
  C:45A2H         LINE#         94
  C:45A3H         LINE#         95
  C:45A4H         LINE#         96
  C:45A6H         LINE#         97
  C:45A7H         LINE#         98
  C:45A8H         LINE#         99
  C:45AAH         LINE#         100
  C:45ACH         LINE#         103
  C:45ADH         LINE#         104
  C:45B0H         LINE#         105
  C:45B2H         LINE#         107
  C:45B3H         LINE#         108
  C:45B4H         LINE#         109
  C:45B5H         LINE#         110
  C:45B7H         LINE#         111
  C:45B9H         LINE#         113
  C:45BBH         LINE#         115
  C:45BCH         LINE#         116
  C:45BEH         LINE#         120
  C:45C0H         LINE#         121
  C:45C2H         LINE#         122
  C:45C4H         LINE#         123
  C:45C6H         LINE#         124
  C:45C8H         LINE#         125
  C:45CAH         LINE#         126
  C:45CCH         LINE#         127
  C:45CEH         LINE#         128
  -------         ENDMOD        LONGMULT
BL51 BANKED LINKER/LOCATER V6.22.4.0                                                  08/12/2025  19:00:54  PAGE 33



  -------         MODULE        TP1200
  C:0000H         SYMBOL        _ICE_DUMMY_
  D:0080H         PUBLIC        P0
  B:0090H.2       PUBLIC        CS_EE
  D:0090H         PUBLIC        P1
  D:00A0H         PUBLIC        P2
  C:474FH         PUBLIC        _Read_EEPROM_Bytes
  C:3BB3H         PUBLIC        Load_Lin_Data_T
  C:46C9H         PUBLIC        Load_Pressure_LUT
  B:0090H.0       PUBLIC        CS_PR
  C:39E1H         PUBLIC        _Get_Raw_Sensor_Readings
  C:232DH         PUBLIC        crc_table
  X:0300H         PUBLIC        LUT_P
  C:3FC2H         PUBLIC        ReadEEProm
  C:0CECH         PUBLIC        _Calculate_Compensated_Pressure
  C:4B36H         PUBLIC        Load_LUT_P_ADC
  C:42BBH         PUBLIC        _Calculate_CRC32
  C:44B0H         PUBLIC        Load_LUT_T_ADC
  X:0DC8H         PUBLIC        g_raw_temp_adc
  C:4204H         PUBLIC        Load_Product_Info
  B:0080H.3       PUBLIC        MISO
  X:0DCAH         PUBLIC        g_ProductInfo
  C:37ECH         PUBLIC        _Apply_System_Calibration
  X:0DD2H         PUBLIC        LUT_P_ADC
  X:0E4AH         PUBLIC        ADC_mode
  X:0E4CH         PUBLIC        ADC_config_P
  X:0E4EH         PUBLIC        LUT_T_ADC
  X:0EAAH         PUBLIC        Min_P
  X:0EACH         PUBLIC        Lin_data_T
  X:0F0CH         PUBLIC        Max_P
  X:0F0EH         PUBLIC        ADC_config_T
  C:3525H         PUBLIC        Display_MEMSCAP_EEPROM_Info
  C:38EDH         PUBLIC        Load_ADC_Config
  C:32D4H         PUBLIC        _Calculate_Compensated_Temperature
  C:4BE3H         PUBLIC        _CompPressureUnAdjusted
  C:4368H         PUBLIC        _Read_EEPROM_Floats
  C:4B96H         PUBLIC        Initialize_Sensor
  -------         PROC          INITIALIZE_SENSOR
  C:4B96H         LINE#         106
  C:4B96H         LINE#         107
  C:4B96H         LINE#         109
  C:4B99H         LINE#         110
  C:4B9CH         LINE#         111
  C:4B9FH         LINE#         112
  C:4BA2H         LINE#         113
  C:4BA5H         LINE#         114
  -------         ENDPROC       INITIALIZE_SENSOR
  -------         PROC          _APPLY_SYSTEM_CALIBRATION
  X:0038H         SYMBOL        compensated_press
  X:003CH         SYMBOL        offset
  X:003EH         SYMBOL        span
  -------         DO            
  X:0040H         SYMBOL        final_pressure
  X:0044H         SYMBOL        pressure_range
  -------         ENDDO         
  C:37ECH         LINE#         129
BL51 BANKED LINKER/LOCATER V6.22.4.0                                                  08/12/2025  19:00:54  PAGE 34


  C:37F1H         LINE#         130
  C:37F1H         LINE#         131
  C:37FAH         LINE#         132
  C:3803H         LINE#         134
  C:3815H         LINE#         135
  C:3832H         LINE#         140
  C:386EH         LINE#         145
  C:38DFH         LINE#         147
  C:38ECH         LINE#         148
  -------         ENDPROC       _APPLY_SYSTEM_CALIBRATION
  -------         PROC          _CALCULATE_COMPENSATED_TEMPERATURE
  X:0038H         SYMBOL        raw_temp_adc
  -------         DO            
  X:003AH         SYMBOL        i
  X:003CH         SYMBOL        y1
  X:0040H         SYMBOL        y2
  X:0044H         SYMBOL        x1
  X:0048H         SYMBOL        x2
  -------         ENDDO         
  C:32D4H         LINE#         160
  C:32DBH         LINE#         161
  C:32DBH         LINE#         167
  C:32E0H         LINE#         168
  C:32E0H         LINE#         169
  C:3372H         LINE#         170
  C:3372H         LINE#         171
  C:339DH         LINE#         172
  C:33B7H         LINE#         173
  C:33E2H         LINE#         174
  C:33FCH         LINE#         176
  C:3438H         LINE#         177
  C:34D7H         LINE#         178
  C:34D7H         LINE#         179
  C:34EFH         LINE#         182
  C:3524H         LINE#         183
  -------         ENDPROC       _CALCULATE_COMPENSATED_TEMPERATURE
  -------         PROC          _CALCULATE_COMPENSATED_PRESSURE
  X:005CH         SYMBOL        raw_press_adc
  X:005EH         SYMBOL        comp_temp_adc
  -------         DO            
  X:0060H         SYMBOL        i
  X:0062H         SYMBOL        x1_idx
  X:0064H         SYMBOL        x2_idx
  X:0066H         SYMBOL        y1_idx
  X:0068H         SYMBOL        y2_idx
  X:006AH         SYMBOL        x1
[...]
  C:0E79H         LINE#         222
  C:0E91H         LINE#         225
  C:0EB9H         LINE#         226
  C:0EE1H         LINE#         227
  C:0F0CH         LINE#         228
  C:0F34H         LINE#         233
  C:0F6FH         LINE#         234
  C:0FA9H         LINE#         235
  C:0FD5H         LINE#         236
  C:100FH         LINE#         239
  C:101FH         LINE#         240
  C:102FH         LINE#         243
  C:108BH         LINE#         244
  C:1099H         LINE#         245
  C:1099H         LINE#         247
  C:1106H         LINE#         248
  C:1173H         LINE#         249
  C:11E0H         LINE#         250
  C:124DH         LINE#         252
  C:12F7H         LINE#         253
  -------         ENDPROC       _CALCULATE_COMPENSATED_PRESSURE
  -------         PROC          _GET_RAW_SENSOR_READINGS
  X:0038H         SYMBOL        raw_press_adc
  X:003BH         SYMBOL        raw_temp_adc
  -------         DO            
  X:003EH         SYMBOL        msb
  X:003FH         SYMBOL        mid
  X:0040H         SYMBOL        lsb
  X:0041H         SYMBOL        single_conversion_mode
  -------         ENDDO         
  C:39E1H         LINE#         258
  C:39EBH         LINE#         259
  C:39EBH         LINE#         263
  C:39FEH         LINE#         266
  C:3A00H         LINE#         267
  C:3A05H         LINE#         268
  C:3A0DH         LINE#         269
BL51 BANKED LINKER/LOCATER V6.22.4.0                                                  08/12/2025  19:00:54  PAGE 36


  C:3A16H         LINE#         270
  C:3A1BH         LINE#         271
  C:3A22H         LINE#         272
  C:3A2AH         LINE#         273
  C:3A2DH         LINE#         274
  C:3A30H         LINE#         275
  C:3A35H         LINE#         276
  C:3A3CH         LINE#         277
  C:3A43H         LINE#         278
  C:3A4AH         LINE#         279
  C:3A63H         LINE#         280
  C:3A65H         LINE#         283
  C:3A67H         LINE#         284
  C:3A6CH         LINE#         285
  C:3A74H         LINE#         286
  C:3A7DH         LINE#         287
  C:3A82H         LINE#         288
  C:3A89H         LINE#         289
  C:3A91H         LINE#         290
  C:3A94H         LINE#         291
  C:3A97H         LINE#         292
  C:3A9CH         LINE#         293
  C:3AA3H         LINE#         294
  C:3AAAH         LINE#         295
  C:3AB1H         LINE#         296
  C:3ACAH         LINE#         297
  C:3ACCH         LINE#         298
  -------         ENDPROC       _GET_RAW_SENSOR_READINGS
  -------         PROC          LOAD_ADC_CONFIG
  -------         DO            
  X:0038H         SYMBOL        lsb
  D:0007H         SYMBOL        msb
  -------         ENDDO         
  C:38EDH         LINE#         303
  C:38EDH         LINE#         304
  C:38EDH         LINE#         307
  C:38EFH         LINE#         308
  C:38F4H         LINE#         309
  C:38F9H         LINE#         310
  C:38FEH         LINE#         311
  C:3905H         LINE#         312
  C:3908H         LINE#         313
  C:3918H         LINE#         314
  C:391EH         LINE#         315
  C:3920H         LINE#         317
  C:3922H         LINE#         318
  C:3927H         LINE#         319
  C:392CH         LINE#         320
  C:3931H         LINE#         321
  C:3938H         LINE#         322
  C:393BH         LINE#         323
  C:394BH         LINE#         324
  C:3951H         LINE#         325
  C:3953H         LINE#         327
  C:3955H         LINE#         328
  C:395AH         LINE#         329
  C:395FH         LINE#         330
BL51 BANKED LINKER/LOCATER V6.22.4.0                                                  08/12/2025  19:00:54  PAGE 37


  C:3964H         LINE#         331
  C:396BH         LINE#         332
  C:396EH         LINE#         333
  C:397EH         LINE#         334
  C:3984H         LINE#         335
  C:3986H         LINE#         337
  C:3988H         LINE#         338
  C:398DH         LINE#         339
  C:3992H         LINE#         340
  C:3997H         LINE#         341
  C:39A1H         LINE#         342
  C:39B1H         LINE#         343
  C:39B3H         LINE#         345
  C:39B5H         LINE#         346
  C:39BAH         LINE#         347
  C:39BFH         LINE#         348
  C:39C4H         LINE#         349
  C:39CEH         LINE#         350
  C:39DEH         LINE#         351
  C:39E0H         LINE#         352
  -------         ENDPROC       LOAD_ADC_CONFIG
  -------         PROC          LOAD_LIN_DATA_T
  -------         DO            
  X:0038H         SYMBOL        i
  X:003AH         SYMBOL        temp_converter
  -------         ENDDO         
  C:3BB3H         LINE#         359
  C:3BB3H         LINE#         360
  C:3BB3H         LINE#         364
  C:3BB5H         LINE#         365
  C:3BBAH         LINE#         366
  C:3BBFH         LINE#         367
  C:3BC4H         LINE#         368
  C:3BCAH         LINE#         369
  C:3BCAH         LINE#         371
  C:3BD1H         LINE#         372
  C:3BD8H         LINE#         373
  C:3BDFH         LINE#         374
  C:3BE6H         LINE#         375
  C:3C1CH         LINE#         378
  C:3C23H         LINE#         379
  C:3C2AH         LINE#         380
  C:3C31H         LINE#         381
  C:3C38H         LINE#         382
  C:3C6EH         LINE#         383
  C:3C87H         LINE#         384
  C:3C89H         LINE#         385
  -------         ENDPROC       LOAD_LIN_DATA_T
  -------         PROC          LOAD_LUT_T_ADC
  -------         DO            
  X:0038H         SYMBOL        i
  X:003AH         SYMBOL        eeprom_read_addr
  X:003CH         SYMBOL        temp_converter
  -------         DO            
  X:0040H         SYMBOL        full_table_index
  -------         ENDDO         
  -------         ENDDO         
BL51 BANKED LINKER/LOCATER V6.22.4.0                                                  08/12/2025  19:00:54  PAGE 38


  C:44B0H         LINE#         392
  C:44B0H         LINE#         393
  C:44B0H         LINE#         398
  C:44C8H         LINE#         399
  C:44C8H         LINE#         401
  C:44D9H         LINE#         404
  C:44EFH         LINE#         407
  C:4505H         LINE#         410
  C:453DH         LINE#         411
  C:454BH         LINE#         412
  -------         ENDPROC       LOAD_LUT_T_ADC
  -------         PROC          LOAD_LUT_P_ADC
  C:4B36H         LINE#         419
  C:4B36H         LINE#         420
  C:4B36H         LINE#         422
  -------         ENDPROC       LOAD_LUT_P_ADC
  -------         PROC          LOAD_PRESSURE_LUT
  -------         DO            
  X:0038H         SYMBOL        i
  X:003AH         SYMBOL        eeprom_row_addr
  X:003CH         SYMBOL        xdata_row_ptr
  -------         DO            
  X:003FH         SYMBOL        full_table_row_index
  -------         ENDDO         
  -------         ENDDO         
  C:46C9H         LINE#         430
  C:46C9H         LINE#         431
  C:46C9H         LINE#         436
  C:46CFH         LINE#         437
  C:46CFH         LINE#         439
  C:46E6H         LINE#         443
  C:46FDH         LINE#         446
  C:4718H         LINE#         449
  C:472AH         LINE#         450
  C:4740H         LINE#         451
  -------         ENDPROC       LOAD_PRESSURE_LUT
  -------         PROC          _READ_EEPROM_FLOATS
  X:0041H         SYMBOL        buffer
  X:0044H         SYMBOL        start_address
  X:0046H         SYMBOL        float_count
  -------         DO            
  X:0048H         SYMBOL        i
  X:004AH         SYMBOL        temp_converter
  -------         ENDDO         
  C:4368H         LINE#         460
  C:4378H         LINE#         461
  C:4378H         LINE#         465
  C:437AH         LINE#         466
  C:437FH         LINE#         467
  C:4386H         LINE#         468
  C:438EH         LINE#         470
  C:43A5H         LINE#         471
  C:43A5H         LINE#         473
  C:43ACH         LINE#         474
  C:43B3H         LINE#         475
  C:43BAH         LINE#         476
  C:43C1H         LINE#         479
BL51 BANKED LINKER/LOCATER V6.22.4.0                                                  08/12/2025  19:00:54  PAGE 39


  C:43FDH         LINE#         480
  C:440AH         LINE#         482
  C:440CH         LINE#         483
  -------         ENDPROC       _READ_EEPROM_FLOATS
  -------         PROC          L?0083
  -------         ENDPROC       L?0083
  -------         PROC          _READ_EEPROM_BYTES
  X:00ACH         SYMBOL        buffer
  X:00AFH         SYMBOL        start_address
  X:00B1H         SYMBOL        count
  -------         DO            
  X:00B3H         SYMBOL        i
  -------         ENDDO         
  C:474FH         LINE#         488
  C:475FH         LINE#         489
  C:475FH         LINE#         491
  C:4761H         LINE#         492
  C:4766H         LINE#         493
  C:476DH         LINE#         494
  C:4775H         LINE#         495
  C:478CH         LINE#         496
  C:478CH         LINE#         497
  C:47A7H         LINE#         498
  C:47B4H         LINE#         499
  C:47B6H         LINE#         500
  -------         ENDPROC       _READ_EEPROM_BYTES
  -------         PROC          DISPLAY_MEMSCAP_EEPROM_INFO
  -------         DO            
  X:003CH         SYMBOL        temp_buffer
  D:0004H         SYMBOL        serial_number
  X:0050H         SYMBOL        temp_f
  X:0054H         SYMBOL        p_min_adc
  X:0058H         SYMBOL        p_max_adc
  -------         ENDDO         
  C:3525H         LINE#         510
  C:3525H         LINE#         511
  C:3525H         LINE#         518
  C:352CH         LINE#         519
  C:3539H         LINE#         520
  C:3547H         LINE#         523
  C:355CH         LINE#         524
  C:3588H         LINE#         526
  C:359DH         LINE#         527
  C:35B2H         LINE#         529
  C:35E8H         LINE#         530
  C:361EH         LINE#         533
  C:364EH         LINE#         534
  C:3681H         LINE#         536
  C:36B1H         LINE#         537
  -------         ENDPROC       DISPLAY_MEMSCAP_EEPROM_INFO
  -------         PROC          _CALCULATE_CRC32
  X:00ACH         SYMBOL        d
  X:00AFH         SYMBOL        count
  -------         DO            
  X:00B1H         SYMBOL        crc
  -------         ENDDO         
  C:42BBH         LINE#         551
BL51 BANKED LINKER/LOCATER V6.22.4.0                                                  08/12/2025  19:00:54  PAGE 40


  C:42CBH         LINE#         552
  C:42CBH         LINE#         553
  C:42D3H         LINE#         554
  C:42E5H         LINE#         555
  C:42E5H         LINE#         556
  C:434EH         LINE#         557
  C:4350H         LINE#         558
  C:4367H         LINE#         559
  -------         ENDPROC       _CALCULATE_CRC32
  -------         PROC          READEEPROM
  -------         DO            
  X:0038H         SYMBOL        buffer
  X:00A4H         SYMBOL        stored_crc
  X:00A8H         SYMBOL        calculated_crc
  -------         ENDDO         
  C:3FC2H         LINE#         571
  C:3FC2H         LINE#         572
  C:3FC2H         LINE#         577
  C:3FD6H         LINE#         578
  C:4051H         LINE#         579
  C:4063H         LINE#         581
  C:4088H         LINE#         582
  -------         ENDPROC       READEEPROM
  -------         PROC          LOAD_PRODUCT_INFO
  -------         DO            
  X:0038H         SYMBOL        buffer
  -------         ENDDO         
  C:4204H         LINE#         587
  C:4204H         LINE#         588
  C:4204H         LINE#         591
  C:420BH         LINE#         592
  C:4287H         LINE#         594
  C:429CH         LINE#         595
  C:42A3H         LINE#         596
  C:42A9H         LINE#         597
  C:42BAH         LINE#         598
  -------         ENDPROC       LOAD_PRODUCT_INFO
  -------         PROC          _COMPPRESSUREUNADJUSTED
  D:0004H         SYMBOL        p
  C:4BE3H         LINE#         611
  C:4BE3H         LINE#         612
  C:4BE3H         LINE#         615
  -------         ENDPROC       _COMPPRESSUREUNADJUSTED
  -------         ENDMOD        TP1200

  -------         MODULE        ?C?FPADD
  C:00A5H         PUBLIC        ?C?FPADD
  C:00A1H         PUBLIC        ?C?FPSUB
  -------         ENDMOD        ?C?FPADD

  -------         MODULE        ?C?FPMUL
  C:0196H         PUBLIC        ?C?FPMUL
  -------         ENDMOD        ?C?FPMUL

  -------         MODULE        ?C?FPDIV
  C:029FH         PUBLIC        ?C?FPDIV
  -------         ENDMOD        ?C?FPDIV
BL51 BANKED LINKER/LOCATER V6.22.4.0                                                  08/12/2025  19:00:54  PAGE 41



  -------         MODULE        ?C?FPCMP
  C:033EH         PUBLIC        ?C?FPCMP
  C:033CH         PUBLIC        ?C?FPCMP3
  -------         ENDMOD        ?C?FPCMP

  -------         MODULE        ?C?FCAST
  C:03BFH         PUBLIC        ?C?FCASTC
  C:03BAH         PUBLIC        ?C?FCASTI
  C:03B5H         PUBLIC        ?C?FCASTL
  -------         ENDMOD        ?C?FCAST

  -------         MODULE        ?C?CASTF
  C:03F3H         PUBLIC        ?C?CASTF
  -------         ENDMOD        ?C?CASTF

  -------         MODULE        PRINTF
  X:005CH         PUBLIC        ?_PRINTF?BYTE
  X:005CH         PUBLIC        ?_SPRINTF?BYTE
  C:278FH         PUBLIC        _PRINTF
  C:2789H         PUBLIC        _SPRINTF
  -------         ENDMOD        PRINTF

  -------         MODULE        SCANF
  X:003CH         PUBLIC        ?_SCANF?BYTE
  X:003CH         PUBLIC        ?_SSCANF?BYTE
  C:3008H         PUBLIC        _SCANF
  C:3004H         PUBLIC        _SSCANF
  -------         ENDMOD        SCANF

  -------         MODULE        ?C?FPROUND
  C:0474H         PUBLIC        ?C?FPROUND
  -------         ENDMOD        ?C?FPROUND

  -------         MODULE        ?C?FPCONVERT
  C:04A3H         PUBLIC        ?C?FPCONVERT
  -------         ENDMOD        ?C?FPCONVERT

  -------         MODULE        ?C?FPNEG
  C:05A6H         PUBLIC        ?C?FPNEG
  -------         ENDMOD        ?C?FPNEG

  -------         MODULE        ?C?FTNPWR
  C:05E7H         PUBLIC        ?C?FTNPWR
  -------         ENDMOD        ?C?FTNPWR

  -------         MODULE        ?C?CLDPTR
  C:0627H         PUBLIC        ?C?CLDPTR
  -------         ENDMOD        ?C?CLDPTR

  -------         MODULE        ?C?CLDOPTR
  C:0640H         PUBLIC        ?C?CLDOPTR
  -------         ENDMOD        ?C?CLDOPTR

  -------         MODULE        ?C?CSTPTR
  C:066DH         PUBLIC        ?C?CSTPTR
  -------         ENDMOD        ?C?CSTPTR
BL51 BANKED LINKER/LOCATER V6.22.4.0                                                  08/12/2025  19:00:54  PAGE 42



  -------         MODULE        ?C?CSTOPTR
  C:067FH         PUBLIC        ?C?CSTOPTR
  -------         ENDMOD        ?C?CSTOPTR

  -------         MODULE        ?C?IMUL
  C:06A1H         PUBLIC        ?C?IMUL
  -------         ENDMOD        ?C?IMUL

  -------         MODULE        ?C?ISTPTR
  C:06B3H         PUBLIC        ?C?ISTPTR
  -------         ENDMOD        ?C?ISTPTR

  -------         MODULE        ?C?LNEG
  C:06D2H         PUBLIC        ?C?LNEG
  -------         ENDMOD        ?C?LNEG

  -------         MODULE        ?C?ULCMP
  C:06E0H         PUBLIC        ?C?ULCMP
  -------         ENDMOD        ?C?ULCMP

  -------         MODULE        ?C?ULSHR
  C:06F1H         PUBLIC        ?C?ULSHR
  -------         ENDMOD        ?C?ULSHR

  -------         MODULE        ?C?LSHL
  C:0704H         PUBLIC        ?C?LSHL
  -------         ENDMOD        ?C?LSHL

  -------         MODULE        ?C?LSTPTR
  C:0717H         PUBLIC        ?C?LSTPTR
  -------         ENDMOD        ?C?LSTPTR

  -------         MODULE        ?C?LSTOPTR
  C:0731H         PUBLIC        ?C?LSTOPTR
  -------         ENDMOD        ?C?LSTOPTR

  -------         MODULE        ?C?LLDCODE0
  C:0755H         PUBLIC        ?C?LLDCODE0
  -------         ENDMOD        ?C?LLDCODE0

  -------         MODULE        ?C?LSTXDATA
  C:0765H         PUBLIC        ?C?LSTXDATA
  -------         ENDMOD        ?C?LSTXDATA

  -------         MODULE        ?C?LSTPDATA
  C:0771H         PUBLIC        ?C?LSTPDATA
  -------         ENDMOD        ?C?LSTPDATA

  -------         MODULE        ?C?LSTKPDATA
  C:077DH         PUBLIC        ?C?LSTKPDATA
  -------         ENDMOD        ?C?LSTKPDATA

  -------         MODULE        ?C?OFFX256
  C:0796H         PUBLIC        ?C?OFFX256
  -------         ENDMOD        ?C?OFFX256

BL51 BANKED LINKER/LOCATER V6.22.4.0                                                  08/12/2025  19:00:54  PAGE 43


  -------         MODULE        ?C?OFFXADD
  C:07A7H         PUBLIC        ?C?OFFXADD
  -------         ENDMOD        ?C?OFFXADD

  -------         MODULE        ?C?PLDPDATA
  C:07B3H         PUBLIC        ?C?PLDPDATA
  -------         ENDMOD        ?C?PLDPDATA

  -------         MODULE        ?C?PLDIPDATA
  C:07BCH         PUBLIC        ?C?PLDIPDATA
  -------         ENDMOD        ?C?PLDIPDATA

  -------         MODULE        ?C?PILDPDATA
  C:07CCH         PUBLIC        ?C?PILDPDATA
  -------         ENDMOD        ?C?PILDPDATA

  -------         MODULE        ?C?PSTPDATA
  C:07DCH         PUBLIC        ?C?PSTPDATA
  -------         ENDMOD        ?C?PSTPDATA

  -------         MODULE        ?C?PLDOPTR
  C:07E5H         PUBLIC        ?C?PLDOPTR
  -------         ENDMOD        ?C?PLDOPTR

  -------         MODULE        ?C?CCASE
  C:0815H         PUBLIC        ?C?CCASE
  -------         ENDMOD        ?C?CCASE

  -------         MODULE        ?C?ICASE
  C:083BH         PUBLIC        ?C?ICASE
  -------         ENDMOD        ?C?ICASE

  -------         MODULE        GETCHAR
  B:0022H.7       PUBLIC        ?C?CHARLOADED
  X:002EH         PUBLIC        ?_UNGETCHAR?BYTE
  C:4B5FH         PUBLIC        GETCHAR
  -------         ENDMOD        GETCHAR

  -------         MODULE        UNGETC
  C:4C12H         PUBLIC        _UNGETCHAR
  -------         ENDMOD        UNGETC

  -------         MODULE        ISDIGIT
  C:4BC9H         PUBLIC        _isdigit
  -------         ENDMOD        ISDIGIT

  -------         MODULE        ISSPACE
  C:4B4BH         PUBLIC        _isspace
  -------         ENDMOD        ISSPACE

  -------         MODULE        TOUPPER
  C:4BA8H         PUBLIC        _toupper
  -------         ENDMOD        TOUPPER

  -------         MODULE        ?C?STRCMP
  C:09E6H         PUBLIC        ?C?STRCMP
  -------         ENDMOD        ?C?STRCMP
BL51 BANKED LINKER/LOCATER V6.22.4.0                                                  08/12/2025  19:00:54  PAGE 44



  -------         MODULE        ?C?STRCPY
  C:0ACFH         PUBLIC        ?C?STRCPY
  -------         ENDMOD        ?C?STRCPY

  -------         MODULE        ATOI
  C:3D5EH         PUBLIC        _atoi
  -------         ENDMOD        ATOI

  -------         MODULE        ?C?MEMCMP
  C:0C72H         PUBLIC        ?C?MEMCMP
  -------         ENDMOD        ?C?MEMCMP

  -------         MODULE        ?C?MEMSET
  C:0C96H         PUBLIC        ?C?MEMSET
  -------         ENDMOD        ?C?MEMSET

  -------         MODULE        ?C?LSTIDATA
  C:0CC2H         PUBLIC        ?C?LSTIDATA
  -------         ENDMOD        ?C?LSTIDATA

  -------         MODULE        ?C?PLDIDATA
  C:0CCEH         PUBLIC        ?C?PLDIDATA
  -------         ENDMOD        ?C?PLDIDATA

  -------         MODULE        ?C?PLDXDATA
  C:0CD7H         PUBLIC        ?C?PLDXDATA
  -------         ENDMOD        ?C?PLDXDATA

  -------         MODULE        ?C?PLDCODE
  C:0CE0H         PUBLIC        ?C?PLDCODE
  -------         ENDMOD        ?C?PLDCODE

  -------         MODULE        _GETKEY
  C:4BF8H         PUBLIC        _GETKEY
  -------         ENDMOD        _GETKEY

Program Size: data=53.0 xdata=3952 code=19480
LINK/LOCATE RUN COMPLETE.  0 WARNING(S),  0 ERROR(S)
