BL51 BANKED LINKER/LOCATER V6.22.4.0                                                    08/07/2025  16:32:06  PAGE 1


BL51 BANKED LINKER/LOCATER V6.22.4.0, INVOKED BY:
C:\KEIL_V5\C51\BIN\BL51.EXE STARTUP.obj, Main.obj, IPTConfig.obj, 8051Lib.obj, 8051Lib_I.obj, Error.obj, LongMult.obj, T
>> P1200.obj TO IPT RAMSIZE (256) CODE (0X0000-0XFFFF) XDATA (0X0000-0X0FFF)


MEMORY MODEL: COMPACT WITH FLOATING POINT ARITHMETIC


INPUT MODULES INCLUDED:
  STARTUP.obj (?C_STARTUP)
  Main.obj (MAIN)
  IPTConfig.obj (IPTCONFIG)
  8051Lib.obj (8051LIB)
  8051Lib_I.obj (8051LIB_I)
  Error.obj (ERROR)
  LongMult.obj (LONGMULT)
  TP1200.obj (TP1200)
  C:\KEIL_V5\C51\LIB\C51FPC.LIB (?C?FPADD)
  C:\KEIL_V5\C51\LIB\C51FPC.LIB (?C?FPMUL)
  C:\KEIL_V5\C51\LIB\C51FPC.LIB (?C?FPDIV)
  C:\KEIL_V5\C51\LIB\C51FPC.LIB (?C?FPCMP)
  C:\KEIL_V5\C51\LIB\C51FPC.LIB (?C?FCAST)
  C:\KEIL_V5\C51\LIB\C51FPC.LIB (?C?CASTF)
  C:\KEIL_V5\C51\LIB\C51FPC.LIB (PRINTF)
  C:\KEIL_V5\C51\LIB\C51FPC.LIB (SCANF)
  C:\KEIL_V5\C51\LIB\C51FPC.LIB (?C?FPGETOPN)
  C:\KEIL_V5\C51\LIB\C51FPC.LIB (?C?FPROUND)
  C:\KEIL_V5\C51\LIB\C51FPC.LIB (?C?FPCONVERT)
  C:\KEIL_V5\C51\LIB\C51FPC.LIB (?C?ATOF)
  C:\KEIL_V5\C51\LIB\C51FPC.LIB (?C?FPNEG)
  C:\KEIL_V5\C51\LIB\C51FPC.LIB (?C?FTNPWR)
  C:\KEIL_V5\C51\LIB\C51C.LIB (?C_INIT)
  C:\KEIL_V5\C51\LIB\C51C.LIB (?C?CLDPTR)
  C:\KEIL_V5\C51\LIB\C51C.LIB (?C?CLDOPTR)
  C:\KEIL_V5\C51\LIB\C51C.LIB (?C?CSTPTR)
  C:\KEIL_V5\C51\LIB\C51C.LIB (?C?CSTOPTR)
  C:\KEIL_V5\C51\LIB\C51C.LIB (?C?IMUL)
  C:\KEIL_V5\C51\LIB\C51C.LIB (?C?ISTPTR)
  C:\KEIL_V5\C51\LIB\C51C.LIB (?C?LNEG)
  C:\KEIL_V5\C51\LIB\C51C.LIB (?C?ULCMP)
  C:\KEIL_V5\C51\LIB\C51C.LIB (?C?ULSHR)
  C:\KEIL_V5\C51\LIB\C51C.LIB (?C?LSHL)
  C:\KEIL_V5\C51\LIB\C51C.LIB (?C?LSTPTR)
  C:\KEIL_V5\C51\LIB\C51C.LIB (?C?LSTOPTR)
  C:\KEIL_V5\C51\LIB\C51C.LIB (?C?LLDCODE0)
  C:\KEIL_V5\C51\LIB\C51C.LIB (?C?LSTXDATA)
  C:\KEIL_V5\C51\LIB\C51C.LIB (?C?LSTPDATA)
  C:\KEIL_V5\C51\LIB\C51C.LIB (?C?LSTKPDATA)
  C:\KEIL_V5\C51\LIB\C51C.LIB (?C?OFFX256)
  C:\KEIL_V5\C51\LIB\C51C.LIB (?C?OFFXADD)
  C:\KEIL_V5\C51\LIB\C51C.LIB (?C?PLDPDATA)
  C:\KEIL_V5\C51\LIB\C51C.LIB (?C?PLDIPDATA)
  C:\KEIL_V5\C51\LIB\C51C.LIB (?C?PILDPDATA)
  C:\KEIL_V5\C51\LIB\C51C.LIB (?C?PSTPDATA)
  C:\KEIL_V5\C51\LIB\C51C.LIB (?C?PLDOPTR)
  C:\KEIL_V5\C51\LIB\C51C.LIB (?C?CCASE)
  C:\KEIL_V5\C51\LIB\C51C.LIB (?C?ICASE)
  C:\KEIL_V5\C51\LIB\C51C.LIB (GETCHAR)
BL51 BANKED LINKER/LOCATER V6.22.4.0                                                  08/07/2025  16:32:06  PAGE 2


  C:\KEIL_V5\C51\LIB\C51C.LIB (UNGETC)
  C:\KEIL_V5\C51\LIB\C51C.LIB (ISDIGIT)
  C:\KEIL_V5\C51\LIB\C51C.LIB (ISSPACE)
  C:\KEIL_V5\C51\LIB\C51C.LIB (TOUPPER)
  C:\KEIL_V5\C51\LIB\C51C.LIB (?C?STRCMP)
  C:\KEIL_V5\C51\LIB\C51C.LIB (?C?STRCPY)
  C:\KEIL_V5\C51\LIB\C51C.LIB (ATOI)
  C:\KEIL_V5\C51\LIB\C51C.LIB (?C?MEMCMP)
  C:\KEIL_V5\C51\LIB\C51C.LIB (?C?MEMSET)
  C:\KEIL_V5\C51\LIB\C51C.LIB (?C?LSTIDATA)
  C:\KEIL_V5\C51\LIB\C51C.LIB (?C?PLDIDATA)
  C:\KEIL_V5\C51\LIB\C51C.LIB (?C?PLDXDATA)
  C:\KEIL_V5\C51\LIB\C51C.LIB (?C?PLDCODE)
  C:\KEIL_V5\C51\LIB\C51C.LIB (_GETKEY)


LINK MAP OF MODULE:  IPT (?C_STARTUP)


            TYPE    BASE      LENGTH    RELOCATION   SEGMENT NAME
            -----------------------------------------------------

            * * * * * * *   D A T A   M E M O R Y   * * * * * * *
            REG     0000H     0008H     ABSOLUTE     "REG BANK 0"
            DATA    0008H     0015H     UNIT         _DATA_GROUP_
                    001DH     0003H                  *** GAP ***
            DATA    0020H     0001H     BIT_ADDR     ?BA?8051LIB
            BIT     0021H.0   0001H.3   UNIT         _BIT_GROUP_
            BIT     0022H.3   0000H.4   UNIT         ?BI?8051LIB
            BIT     0022H.7   0000H.1   UNIT         ?BI?GETCHAR
            DATA    0023H     000CH     UNIT         ?DT?8051LIB
            DATA    002FH     0008H     UNIT         ?DT?MAIN
            IDATA   0037H     0001H     UNIT         ?STACK

            * * * * * * *  X D A T A   M E M O R Y  * * * * * * *
            XDATA   0000H     0015H     INPAGE       ?PD?MAIN
            XDATA   0015H     0019H     INPAGE       ?PD?8051LIB
            XDATA   002EH     0001H     INPAGE       ?PD?GETCHAR
            XDATA   002FH     0086H     INPAGE       _PDATA_GROUP_
                    00B5H     004BH                  *** GAP ***
            XDATA   0100H     0100H     ABSOLUTE     
            XDATA   0200H     0100H     ABSOLUTE     
            XDATA   0300H     0C10H     UNIT         ?XD?TP1200
            XDATA   0F10H     00ABH     UNIT         ?XD?8051LIB

            * * * * * * *   C O D E   M E M O R Y   * * * * * * *
            CODE    0000H     0003H     ABSOLUTE     
            CODE    0003H     001AH     UNIT         ?PR?OSCILLATOR_INIT?IPTCONFIG
            CODE    001DH     0004H     UNIT         ?PR?RELOADWATCHDOG?MAIN
                    0021H     0002H                  *** GAP ***
            CODE    0023H     0003H     ABSOLUTE     
            CODE    0026H     0047H     UNIT         ?PR?TIMER3_ISR?8051LIB
            CODE    006DH     0004H     UNIT         ?PR?UART_INIT?IPTCONFIG
                    0071H     0002H                  *** GAP ***
            CODE    0073H     0003H     ABSOLUTE     
            CODE    0076H     0024H     UNIT         ?PR?_FLASH_BYTEREAD?8051LIB
                    009AH     0001H                  *** GAP ***
BL51 BANKED LINKER/LOCATER V6.22.4.0                                                  08/07/2025  16:32:06  PAGE 3


            CODE    009BH     0003H     ABSOLUTE     
            CODE    009EH     0C4EH     UNIT         ?C?LIB_CODE
            CODE    0CECH     060CH     UNIT         ?PR?_CALCULATE_COMPENSATED_PRESSURE?TP1200
            CODE    12F8H     0585H     UNIT         ?PR?MAIN?MAIN
            CODE    187DH     054BH     UNIT         ?CO?8051LIB
            CODE    1DC8H     04DFH     UNIT         ?CO?ERROR
            CODE    22A7H     0483H     UNIT         ?CO?TP1200
            CODE    272AH     046EH     UNIT         ?PR?PRINTF?PRINTF
            CODE    2B98H     03EBH     UNIT         ?PR?_MENUTASK?8051LIB
            CODE    2F83H     034EH     UNIT         ?PR?SCANF?SCANF
            CODE    32D1H     0251H     UNIT         ?PR?_CALCULATE_COMPENSATED_TEMPERATURE?TP1200
            CODE    3522H     01BFH     UNIT         ?PR?DISPLAY_MEMSCAP_EEPROM_INFO?TP1200
            CODE    36E1H     0108H     UNIT         ?PR?_GETCOMMAND?8051LIB
            CODE    37E9H     0101H     UNIT         ?PR?_APPLY_SYSTEM_CALIBRATION?TP1200
            CODE    38EAH     00F4H     UNIT         ?PR?LOAD_ADC_CONFIG?TP1200
            CODE    39DEH     00ECH     UNIT         ?PR?_GET_RAW_SENSOR_READINGS?TP1200
            CODE    3ACAH     00E6H     UNIT         ?PR??C?ATOF??C?ATOF
            CODE    3BB0H     00D7H     UNIT         ?PR?LOAD_LIN_DATA_T?TP1200
            CODE    3C87H     00D4H     UNIT         ?PR?GETHOSTPACKET?8051LIB
            CODE    3D5BH     00D0H     UNIT         ?PR?_ATOI?ATOI
            CODE    3E2BH     00CBH     UNIT         ?CO?MAIN
            CODE    3EF6H     00C9H     UNIT         ?PR?ERRTABLE?8051LIB
            CODE    3FBFH     00C7H     UNIT         ?PR?READEEPROM?TP1200
            CODE    4086H     00C3H     UNIT         ?PR?ERRDUMP?8051LIB
            CODE    4149H     00B8H     UNIT         ?PR?_ERRLOOKUP?8051LIB
            CODE    4201H     00B7H     UNIT         ?PR?LOAD_PRODUCT_INFO?TP1200
            CODE    42B8H     00ADH     UNIT         ?PR?_CALCULATE_CRC32?TP1200
            CODE    4365H     00A5H     UNIT         ?PR?_READ_EEPROM_FLOATS?TP1200
            CODE    440AH     00A3H     UNIT         ?C_C51STARTUP
            CODE    44ADH     009CH     UNIT         ?PR?LOAD_LUT_T_ADC?TP1200
            CODE    4549H     0083H     UNIT         LONGMULT_CODE_SEG
            CODE    45CCH     0080H     UNIT         ?PR?_WRITEERRORQUE?8051LIB
            CODE    464CH     007AH     UNIT         ?PR?_CHECKCOMMAND?8051LIB
            CODE    46C6H     0078H     UNIT         ?PR?LOAD_PRESSURE_LUT?TP1200
            CODE    473EH     0076H     UNIT         ?PR?_READ_EEPROM_BYTES?TP1200
            CODE    47B4H     0060H     UNIT         ?PR?_PARSECOMMAND?8051LIB
            CODE    4814H     005CH     UNIT         INT4_CODE_SEG
            CODE    4870H     0058H     UNIT         ?PR?_FLASH_WRITE?8051LIB
            CODE    48C8H     0050H     UNIT         ?PR?_STRUP?8051LIB
            CODE    4918H     0050H     UNIT         ?PR?_FLASH_READ?8051LIB
            CODE    4968H     003EH     UNIT         ?PR?_CRC8?8051LIB
            CODE    49A6H     003AH     UNIT         ?PR?_PUTCHAR?8051LIB
            CODE    49E0H     0034H     UNIT         ?PR?WRITENVRAM?MAIN
            CODE    4A14H     002FH     UNIT         ?PR?_FLASH_BYTEWRITE?8051LIB
            CODE    4A43H     002FH     UNIT         ?PR?_FLASH_PAGEERASE?8051LIB
            CODE    4A72H     002EH     UNIT         ?PR?_TRANSMIT_UART0?8051LIB
            CODE    4AA0H     0022H     UNIT         ?C_INITSEG
            CODE    4AC2H     001AH     UNIT         ?PR?INITSERIAL?8051LIB
            CODE    4ADCH     0017H     UNIT         ?PR?_ABSDIFF?8051LIB
            CODE    4AF3H     0016H     UNIT         ?PR?TIMER_INIT?IPTCONFIG
            CODE    4B09H     0015H     UNIT         ?PR?SPIOREAD?MAIN
            CODE    4B1EH     0015H     UNIT         ?PR?INITEQUE?8051LIB
            CODE    4B33H     0015H     UNIT         ?PR?LOAD_LUT_P_ADC?TP1200
            CODE    4B48H     0014H     UNIT         ?PR?_ISSPACE?ISSPACE
            CODE    4B5CH     0013H     UNIT         ?PR?GETCHAR?GETCHAR
            CODE    4B6FH     0012H     UNIT         ?PR?_SPIOWRITE?MAIN
            CODE    4B81H     0012H     UNIT         ?PR?INIT_DEVICE?IPTCONFIG
BL51 BANKED LINKER/LOCATER V6.22.4.0                                                  08/07/2025  16:32:06  PAGE 4


            CODE    4B93H     0012H     UNIT         ?PR?INITIALIZE_SENSOR?TP1200
            CODE    4BA5H     0011H     UNIT         ?PR?_TOUPPER?TOUPPER
            CODE    4BB6H     0010H     UNIT         ?PR?PORT_IO_INIT?IPTCONFIG
            CODE    4BC6H     000FH     UNIT         ?PR?_ISDIGIT?ISDIGIT
            CODE    4BD5H     000BH     UNIT         ?PR?_RUNCRC8?8051LIB
            CODE    4BE0H     000BH     UNIT         ?PR?_COMPPRESSUREUNADJUSTED?TP1200
            CODE    4BEBH     000AH     UNIT         ?PR?SPI_INIT?IPTCONFIG
            CODE    4BF5H     000AH     UNIT         ?PR?_GETKEY?_GETKEY
            CODE    4BFFH     0009H     UNIT         ?PR?_SETRSTATUS?8051LIB
            CODE    4C08H     0007H     UNIT         ?PR?INTERRUPTS_INIT?IPTCONFIG
            CODE    4C0FH     0007H     UNIT         ?PR?GETCHAR?UNGETCHAR
            CODE    4C16H     0004H     UNIT         ?PR?EXT7_ISR?8051LIB



OVERLAY MAP OF MODULE:   IPT (?C_STARTUP)


SEGMENT                                             BIT_GROUP          DATA_GROUP          PDATA_GROUP
  +--> CALLED SEGMENT                            START    LENGTH     START    LENGTH     START    LENGTH
--------------------------------------------------------------------------------------------------------
?C_C51STARTUP                                    -----    -----      -----    -----      -----    -----
  +--> ?PR?MAIN?MAIN
  +--> ?C_INITSEG

?PR?MAIN?MAIN                                    -----    -----      0008H    000AH      002FH    0009H
  +--> ?PR?INIT_DEVICE?IPTCONFIG
  +--> ?PR?_SETRSTATUS?8051LIB
  +--> ?PR?INITEQUE?8051LIB
  +--> ?PR?INITSERIAL?8051LIB
  +--> ?PR?_FLASH_READ?8051LIB
  +--> ?PR?_CRC8?8051LIB
  +--> ?PR?INITIALIZE_SENSOR?TP1200
  +--> ?PR?_GET_RAW_SENSOR_READINGS?TP1200
  +--> ?PR?_CALCULATE_COMPENSATED_TEMPERATUR...
  +--> ?PR?_CALCULATE_COMPENSATED_PRESSURE?T...
  +--> ?PR?_APPLY_SYSTEM_CALIBRATION?TP1200
  +--> ?PR?GETHOSTPACKET?8051LIB
  +--> ?CO?MAIN
  +--> ?PR?PRINTF?PRINTF
  +--> ?PR?_ATOI?ATOI
  +--> ?PR?READEEPROM?TP1200
  +--> ?PR?WRITENVRAM?MAIN

?PR?INIT_DEVICE?IPTCONFIG                        -----    -----      -----    -----      -----    -----
  +--> ?PR?TIMER_INIT?IPTCONFIG
  +--> ?PR?UART_INIT?IPTCONFIG
  +--> ?PR?SPI_INIT?IPTCONFIG
  +--> ?PR?PORT_IO_INIT?IPTCONFIG
  +--> ?PR?OSCILLATOR_INIT?IPTCONFIG
  +--> ?PR?INTERRUPTS_INIT?IPTCONFIG

?PR?_FLASH_READ?8051LIB                          -----    -----      -----    -----      0038H    0006H
  +--> ?PR?_WRITEERRORQUE?8051LIB
  +--> ?PR?_FLASH_BYTEREAD?8051LIB

?PR?_FLASH_BYTEREAD?8051LIB                      0021H.0  0000H.2    0012H    0002H      -----    -----
BL51 BANKED LINKER/LOCATER V6.22.4.0                                                  08/07/2025  16:32:06  PAGE 5



?PR?_CRC8?8051LIB                                -----    -----      -----    -----      0038H    0004H
  +--> ?PR?_RUNCRC8?8051LIB

?PR?_RUNCRC8?8051LIB                             -----    -----      -----    -----      -----    -----
  +--> ?CO?8051LIB

?PR?INITIALIZE_SENSOR?TP1200                     -----    -----      -----    -----      -----    -----
  +--> ?PR?LOAD_PRODUCT_INFO?TP1200
  +--> ?PR?LOAD_ADC_CONFIG?TP1200
  +--> ?PR?LOAD_LIN_DATA_T?TP1200
  +--> ?PR?LOAD_LUT_P_ADC?TP1200
  +--> ?PR?LOAD_LUT_T_ADC?TP1200
  +--> ?PR?LOAD_PRESSURE_LUT?TP1200

?PR?LOAD_PRODUCT_INFO?TP1200                     -----    -----      -----    -----      0038H    0004H
  +--> ?PR?_READ_EEPROM_BYTES?TP1200

?PR?_READ_EEPROM_BYTES?TP1200                    -----    -----      -----    -----      00ACH    0009H
  +--> ?PR?_SPIOWRITE?MAIN
  +--> ?PR?SPIOREAD?MAIN

?PR?LOAD_ADC_CONFIG?TP1200                       -----    -----      -----    -----      0038H    0001H
  +--> ?PR?_SPIOWRITE?MAIN
  +--> ?PR?SPIOREAD?MAIN

?PR?LOAD_LIN_DATA_T?TP1200                       -----    -----      -----    -----      0038H    0006H
  +--> ?PR?_SPIOWRITE?MAIN
  +--> ?PR?SPIOREAD?MAIN

?PR?LOAD_LUT_P_ADC?TP1200                        -----    -----      -----    -----      -----    -----
  +--> ?PR?_READ_EEPROM_FLOATS?TP1200

?PR?_READ_EEPROM_FLOATS?TP1200                   -----    -----      -----    -----      0041H    000DH
  +--> ?PR?_SPIOWRITE?MAIN
  +--> ?PR?SPIOREAD?MAIN

?PR?LOAD_LUT_T_ADC?TP1200                        -----    -----      -----    -----      0038H    000AH
  +--> ?PR?_READ_EEPROM_BYTES?TP1200

?PR?LOAD_PRESSURE_LUT?TP1200                     -----    -----      -----    -----      0038H    0009H
  +--> ?PR?_READ_EEPROM_FLOATS?TP1200

?PR?_GET_RAW_SENSOR_READINGS?TP1200              -----    -----      -----    -----      0038H    000BH
  +--> ?PR?_SPIOWRITE?MAIN
  +--> ?PR?RELOADWATCHDOG?MAIN
  +--> ?PR?SPIOREAD?MAIN

?PR?_CALCULATE_COMPENSATED_TEMPERATUR...         -----    -----      -----    -----      0038H    0014H

?PR?_CALCULATE_COMPENSATED_PRESSURE?T...         -----    -----      -----    -----      005CH    0046H

?PR?_APPLY_SYSTEM_CALIBRATION?TP1200             -----    -----      -----    -----      0038H    0010H

?PR?GETHOSTPACKET?8051LIB                        -----    -----      -----    -----      0038H    0001H
  +--> ?PR?_GETCOMMAND?8051LIB
  +--> ?PR?_ISDIGIT?ISDIGIT
BL51 BANKED LINKER/LOCATER V6.22.4.0                                                  08/07/2025  16:32:06  PAGE 6



?PR?_GETCOMMAND?8051LIB                          -----    -----      -----    -----      -----    -----
  +--> ?CO?8051LIB
  +--> ?PR?SCANF?SCANF
  +--> ?PR?_STRUP?8051LIB
  +--> ?PR?_PARSECOMMAND?8051LIB
  +--> ?PR?_MENUTASK?8051LIB

?PR?SCANF?SCANF                                  0021H.0  0000H.6    0012H    0009H      003CH    0015H
  +--> ?PR?GETCHAR?UNGETCHAR
  +--> ?PR?_ISSPACE?ISSPACE
  +--> ?PR?GETCHAR?GETCHAR
  +--> ?PR??C?ATOF??C?ATOF

?PR?GETCHAR?GETCHAR                              -----    -----      -----    -----      -----    -----
  +--> ?PR?_GETKEY?_GETKEY
  +--> ?PR?_PUTCHAR?8051LIB

?PR?_PUTCHAR?8051LIB                             -----    -----      -----    -----      0073H    0003H
  +--> ?PR?_ABSDIFF?8051LIB
  +--> ?PR?_TRANSMIT_UART0?8051LIB

?PR?_TRANSMIT_UART0?8051LIB                      -----    -----      -----    -----      0076H    0001H
  +--> ?PR?_WRITEERRORQUE?8051LIB

?PR??C?ATOF??C?ATOF                              0021H.6  0000H.5    001BH    0002H      -----    -----

?PR?_STRUP?8051LIB                               -----    -----      -----    -----      0039H    0005H
  +--> ?PR?_TOUPPER?TOUPPER

?PR?_PARSECOMMAND?8051LIB                        -----    -----      -----    -----      -----    -----
  +--> ?CO?8051LIB
  +--> ?PR?_CHECKCOMMAND?8051LIB
  +--> ?PR?_MENUTASK?8051LIB

?PR?_CHECKCOMMAND?8051LIB                        -----    -----      -----    -----      0039H    0008H

?PR?_MENUTASK?8051LIB                            -----    -----      -----    -----      0039H    0003H
  +--> ?CO?8051LIB
  +--> ?PR?PRINTF?PRINTF
  +--> ?CO?MAIN
  +--> ?PR?ERRDUMP?8051LIB
  +--> ?PR?ERRTABLE?8051LIB
  +--> ?PR?SCANF?SCANF
  +--> ?PR?DISPLAY_MEMSCAP_EEPROM_INFO?TP1200

?PR?PRINTF?PRINTF                                0021H.0  0001H.1    0012H    0005H      005CH    0017H
  +--> ?PR?_PUTCHAR?8051LIB

?PR?ERRDUMP?8051LIB                              -----    -----      -----    -----      003CH    0001H
  +--> ?CO?8051LIB
  +--> ?PR?PRINTF?PRINTF
  +--> ?CO?ERROR
  +--> ?PR?_ERRLOOKUP?8051LIB

?PR?_ERRLOOKUP?8051LIB                           -----    -----      -----    -----      003DH    0002H
  +--> ?CO?ERROR
BL51 BANKED LINKER/LOCATER V6.22.4.0                                                  08/07/2025  16:32:06  PAGE 7


  +--> ?CO?8051LIB
  +--> ?PR?PRINTF?PRINTF

?PR?ERRTABLE?8051LIB                             -----    -----      -----    -----      003CH    0002H
  +--> ?CO?8051LIB
  +--> ?PR?PRINTF?PRINTF
  +--> ?CO?ERROR

?PR?DISPLAY_MEMSCAP_EEPROM_INFO?TP1200           -----    -----      -----    -----      003CH    0020H
  +--> ?PR?_READ_EEPROM_BYTES?TP1200
  +--> ?CO?TP1200
  +--> ?PR?PRINTF?PRINTF
  +--> ?PR?_COMPPRESSUREUNADJUSTED?TP1200

?PR?_COMPPRESSUREUNADJUSTED?TP1200               -----    -----      -----    -----      -----    -----
  +--> ?PR?_CALCULATE_COMPENSATED_PRESSURE?T...

?PR?_ATOI?ATOI                                   0021H.0  0000H.1    -----    -----      0038H    0005H
  +--> ?PR?_ISSPACE?ISSPACE
  +--> ?PR?_ISDIGIT?ISDIGIT

?PR?READEEPROM?TP1200                            -----    -----      -----    -----      0038H    0074H
  +--> ?PR?_READ_EEPROM_BYTES?TP1200
  +--> ?PR?_CALCULATE_CRC32?TP1200

?PR?_CALCULATE_CRC32?TP1200                      -----    -----      -----    -----      00ACH    0009H
  +--> ?CO?TP1200

?PR?WRITENVRAM?MAIN                              -----    -----      -----    -----      -----    -----
  +--> ?PR?_CRC8?8051LIB
  +--> ?PR?_FLASH_WRITE?8051LIB

?PR?_FLASH_WRITE?8051LIB                         -----    -----      -----    -----      0038H    0006H
  +--> ?PR?_WRITEERRORQUE?8051LIB
  +--> ?PR?_FLASH_PAGEERASE?8051LIB
  +--> ?PR?_FLASH_BYTEWRITE?8051LIB

?PR?_FLASH_PAGEERASE?8051LIB                     0021H.0  0000H.2    0012H    0002H      -----    -----

?PR?_FLASH_BYTEWRITE?8051LIB                     0021H.0  0000H.2    0012H    0002H      -----    -----



SYMBOL TABLE OF MODULE:  IPT (?C_STARTUP)

  VALUE           TYPE          NAME
  ----------------------------------

  -------         MODULE        ?C_STARTUP
  C:440AH         SEGMENT       ?C_C51STARTUP
  I:0037H         SEGMENT       ?STACK
  C:0000H         PUBLIC        ?C_STARTUP
  D:00E0H         SYMBOL        ACC
  D:00F0H         SYMBOL        B
  D:0083H         SYMBOL        DPH
  D:0082H         SYMBOL        DPL
  N:0000H         SYMBOL        IBPSTACK
BL51 BANKED LINKER/LOCATER V6.22.4.0                                                  08/07/2025  16:32:06  PAGE 8


  N:0100H         SYMBOL        IBPSTACKTOP
  N:0080H         SYMBOL        IDATALEN
  C:440DH         SYMBOL        IDATALOOP
  N:0000H         SYMBOL        PBPSTACK
  N:0100H         SYMBOL        PBPSTACKTOP
  N:00FFH         SYMBOL        PDATALEN
  C:4423H         SYMBOL        PDATALOOP
  N:0000H         SYMBOL        PDATASTART
  N:0000H         SYMBOL        PPAGE
  N:0000H         SYMBOL        PPAGEENABLE
  D:00A0H         SYMBOL        PPAGE_SFR
  D:0081H         SYMBOL        SP
  C:440AH         SYMBOL        STARTUP1
  N:0000H         SYMBOL        XBPSTACK
  N:0000H         SYMBOL        XBPSTACKTOP
  N:0FFFH         SYMBOL        XDATALEN
  C:4418H         SYMBOL        XDATALOOP
  N:0000H         SYMBOL        XDATASTART
  C:0000H         LINE#         126
  C:440AH         LINE#         133
  C:440CH         LINE#         134
  C:440DH         LINE#         135
  C:440EH         LINE#         136
  C:4410H         LINE#         140
  C:4413H         LINE#         141
  C:4415H         LINE#         143
  C:4417H         LINE#         147
  C:4418H         LINE#         148
  C:4419H         LINE#         149
  C:441AH         LINE#         150
  C:441CH         LINE#         151
  C:441EH         LINE#         159
  C:4420H         LINE#         160
  C:4422H         LINE#         161
  C:4423H         LINE#         162
  C:4424H         LINE#         163
  C:4425H         LINE#         164
  C:4427H         LINE#         185
  C:442AH         LINE#         196
  -------         ENDMOD        ?C_STARTUP

  -------         MODULE        MAIN
  C:0000H         SYMBOL        _ICE_DUMMY_
  D:002FH         PUBLIC        ck1
  D:0080H         PUBLIC        P0
  D:0030H         PUBLIC        ck2
  B:0090H.2       PUBLIC        CS_EE
  D:0090H         PUBLIC        P1
  B:00A0H.7       PUBLIC        CS_5V
  D:00FFH         PUBLIC        WDTCN
  D:00A0H         PUBLIC        P2
  D:00B0H         PUBLIC        P3
  B:00A8H.7       PUBLIC        EA
  X:0000H         PUBLIC        offset
  D:0031H         PUBLIC        scale
  C:001DH         PUBLIC        ReloadWatchdog
  B:0090H.0       PUBLIC        CS_PR
BL51 BANKED LINKER/LOCATER V6.22.4.0                                                  08/07/2025  16:32:06  PAGE 9


  C:12F8H         PUBLIC        main
  B:00F8H.7       PUBLIC        SPIF
  X:0002H         PUBLIC        span
  C:4B09H         PUBLIC        SPIORead
  C:3EDAH         PUBLIC        EXFILE
  C:3ECCH         PUBLIC        EXNAME
  C:3ED3H         PUBLIC        EXVERSION
  C:4B6FH         PUBLIC        _SPIOWrite
  D:0033H         PUBLIC        psi
  D:008DH         PUBLIC        TH1
  C:3EE1H         PUBLIC        EXTIME
  C:49E0H         PUBLIC        WriteNVRam
  B:00A0H.4       PUBLIC        LED
  C:3ED9H         PUBLIC        EXPART
  D:00EFH         PUBLIC        RSTSRC
  D:009AH         PUBLIC        SPI0CFG
  X:0004H         PUBLIC        NVR_Buf
  D:009BH         PUBLIC        SPI0DAT
  -------         PROC          MAIN
  -------         DO            
  X:002FH         SYMBOL        a
  D:0008H         SYMBOL        RetStr
  X:0030H         SYMBOL        raw_temp_adc
  X:0032H         SYMBOL        raw_press_adc
  X:0034H         SYMBOL        compensated_temp_c
  D:0004H         SYMBOL        compensated_press
  C:1308H         SYMBOL        task0
  C:1433H         SYMBOL        task1
  C:130CH         SYMBOL        task2
  C:130EH         SYMBOL        task3
  C:1310H         SYMBOL        task4
  C:142FH         SYMBOL        task5
  C:1314H         SYMBOL        task6
  C:1316H         SYMBOL        task7
  C:1496H         SYMBOL        idle
  -------         ENDDO         
  C:12F8H         LINE#         115
  C:12F8H         LINE#         122
  C:12FBH         LINE#         123
  C:12FEH         LINE#         125
  C:1300H         LINE#         129
  C:1302H         LINE#         130
  C:1304H         LINE#         132
  C:1307H         LINE#         133
  C:130AH         LINE#         136
  C:130FH         LINE#         139
  C:1314H         LINE#         140
  C:131BH         LINE#         141
  C:131BH         LINE#         143
  C:1320H         LINE#         144
  C:1327H         LINE#         145
  C:1327H         LINE#         147
  C:132CH         LINE#         148
  C:1333H         LINE#         149
  C:1333H         LINE#         151
  C:1338H         LINE#         152
  C:133FH         LINE#         153
BL51 BANKED LINKER/LOCATER V6.22.4.0                                                  08/07/2025  16:32:06  PAGE 10


  C:133FH         LINE#         155
  C:1344H         LINE#         156
  C:134BH         LINE#         157
  C:134BH         LINE#         159
  C:1350H         LINE#         160
  C:1357H         LINE#         161
  C:1357H         LINE#         162
  C:1357H         LINE#         164
  C:135AH         LINE#         165
  C:135DH         LINE#         167
  C:1362H         LINE#         168
  C:1365H         LINE#         169
  C:1368H         LINE#         170
  C:1370H         LINE#         171
  C:1378H         LINE#         174
  C:137CH         LINE#         175
  C:1381H         LINE#         177
  C:1383H         LINE#         180
  C:138EH         LINE#         181
  C:139DH         LINE#         182
  C:13A3H         LINE#         183
  C:13A9H         LINE#         184
  C:13ADH         LINE#         185
  C:13AFH         LINE#         186
  C:13BCH         LINE#         187
  C:13C0H         LINE#         188
  C:13C7H         LINE#         189
  C:13C9H         LINE#         190
  C:13D6H         LINE#         191
  C:13E3H         LINE#         192
  C:13E3H         LINE#         196
  C:13E7H         LINE#         197
  C:13ECH         LINE#         198
  C:13ECH         LINE#         200
  C:13EFH         LINE#         203
  C:13F1H         LINE#         207
  C:13F1H         LINE#         209
  C:13F4H         LINE#         215
  C:13FCH         LINE#         216
  C:1403H         LINE#         217
  C:140BH         LINE#         218
  C:1413H         LINE#         219
  C:141AH         LINE#         220
  C:1421H         LINE#         221
  C:1428H         LINE#         222
  C:142FH         LINE#         223
  C:142FH         LINE#         225
  C:142FH         LINE#         227
  C:142FH         LINE#         229
  C:142FH         LINE#         231
  C:142FH         LINE#         233
  C:142FH         LINE#         235
  C:1431H         LINE#         236
  C:1433H         LINE#         238
  C:1433H         LINE#         239
  C:1433H         LINE#         241
  C:1433H         LINE#         242
BL51 BANKED LINKER/LOCATER V6.22.4.0                                                  08/07/2025  16:32:06  PAGE 11


  C:1433H         LINE#         244
  C:1433H         LINE#         245
  C:1433H         LINE#         247
  C:1433H         LINE#         248
  C:1449H         LINE#         249
  C:1458H         LINE#         250
  C:1460H         LINE#         251
  C:1471H         LINE#         252
  C:1496H         LINE#         253
  C:1496H         LINE#         255
  C:1496H         LINE#         256
  C:1496H         LINE#         258
  C:1496H         LINE#         259
  C:14A0H         LINE#         263
  C:14A7H         LINE#         264
  C:14B3H         LINE#         266
  C:14D3H         LINE#         269
  C:1523H         LINE#         272
  C:1523H         LINE#         273
  C:1527H         LINE#         274
  C:1536H         LINE#         275
  C:1536H         LINE#         276
  C:1539H         LINE#         277
  C:1550H         LINE#         278
  C:1550H         LINE#         279
  C:1553H         LINE#         282
  C:1553H         LINE#         283
  C:1557H         LINE#         285
  C:1564H         LINE#         286
  C:1583H         LINE#         287
  C:1583H         LINE#         288
  C:1583H         LINE#         289
  C:1586H         LINE#         290
  C:1589H         LINE#         291
  C:1589H         LINE#         292
  C:158CH         LINE#         293
  C:158FH         LINE#         294
  C:158FH         LINE#         295
  C:1592H         LINE#         296
  C:1595H         LINE#         297
  C:1595H         LINE#         298
  C:1598H         LINE#         299
  C:159BH         LINE#         300
  C:159BH         LINE#         301
  C:159EH         LINE#         302
  C:15A1H         LINE#         303
  C:15A1H         LINE#         304
  C:15A4H         LINE#         305
  C:15A7H         LINE#         306
  C:15A7H         LINE#         307
  C:15A7H         LINE#         308
  C:15BEH         LINE#         309
  C:15BEH         LINE#         310
  C:15C1H         LINE#         313
  C:15C1H         LINE#         314
  C:15E8H         LINE#         315
  C:15EBH         LINE#         318
BL51 BANKED LINKER/LOCATER V6.22.4.0                                                  08/07/2025  16:32:06  PAGE 12


  C:15EBH         LINE#         319
  C:15EFH         LINE#         320
  C:1601H         LINE#         321
  C:1604H         LINE#         322
  C:1607H         LINE#         323
  C:1607H         LINE#         324
  C:161CH         LINE#         325
  C:1620H         LINE#         326
  C:1620H         LINE#         327
  C:1620H         LINE#         328
  C:1623H         LINE#         329
  C:1649H         LINE#         330
  C:1649H         LINE#         331
  C:164CH         LINE#         334
  C:164CH         LINE#         335
  C:1650H         LINE#         336
  C:165BH         LINE#         337
  C:1660H         LINE#         338
  C:1660H         LINE#         339
  C:1663H         LINE#         340
  C:167AH         LINE#         341
  C:167AH         LINE#         342
  C:167DH         LINE#         345
  C:167DH         LINE#         346
  C:16A7H         LINE#         349
  C:16AAH         LINE#         352
  C:16AAH         LINE#         353
  C:16D3H         LINE#         354
  C:16D6H         LINE#         357
  C:16D6H         LINE#         358
  C:16DBH         LINE#         359
  C:16F2H         LINE#         360
  C:16F5H         LINE#         361
  C:1718H         LINE#         362
  C:1718H         LINE#         363
  C:171BH         LINE#         365
  C:171BH         LINE#         366
  C:173FH         LINE#         367
  C:1742H         LINE#         370
  C:1742H         LINE#         372
  C:1766H         LINE#         373
  C:1769H         LINE#         376
  C:1769H         LINE#         378
  C:17ABH         LINE#         379
  C:17AEH         LINE#         382
  C:17AEH         LINE#         383
  C:17CCH         LINE#         384
  C:17CFH         LINE#         387
  C:17CFH         LINE#         388
  C:17CFH         LINE#         391
  C:17CFH         LINE#         392
  C:17CFH         LINE#         395
  C:17CFH         LINE#         396
  C:17D3H         LINE#         397
  C:17E3H         LINE#         398
  C:17E3H         LINE#         399
  C:17E5H         LINE#         400
BL51 BANKED LINKER/LOCATER V6.22.4.0                                                  08/07/2025  16:32:06  PAGE 13


  C:1804H         LINE#         401
  C:1806H         LINE#         404
  C:1806H         LINE#         405
  C:180AH         LINE#         406
  C:181AH         LINE#         407
  C:181DH         LINE#         408
  C:1820H         LINE#         409
  C:183FH         LINE#         410
  C:1841H         LINE#         413
  C:1841H         LINE#         414
  C:1862H         LINE#         415
  C:1865H         LINE#         418
  C:1865H         LINE#         419
  C:187AH         LINE#         422
  C:187AH         LINE#         423
  C:187AH         LINE#         424
  -------         ENDPROC       MAIN
  -------         PROC          _SPIOWRITE
  D:0007H         SYMBOL        b
  -------         DO            
  D:0006H         SYMBOL        a
  -------         ENDDO         
  C:4B6FH         LINE#         448
  C:4B6FH         LINE#         449
  C:4B71H         LINE#         450
  C:4B73H         LINE#         451
  C:4B75H         LINE#         452
  C:4B7EH         LINE#         454
  C:4B80H         LINE#         455
  -------         ENDPROC       _SPIOWRITE
  -------         PROC          SPIOREAD
  -------         DO            
  D:0007H         SYMBOL        a
  -------         ENDDO         
  C:4B09H         LINE#         463
  C:4B09H         LINE#         464
  C:4B0BH         LINE#         465
  C:4B0DH         LINE#         466
  C:4B10H         LINE#         467
  C:4B19H         LINE#         469
  C:4B1BH         LINE#         470
  C:4B1DH         LINE#         471
  -------         ENDPROC       SPIOREAD
  -------         PROC          WRITENVRAM
  C:49E0H         LINE#         479
  C:49E0H         LINE#         480
  C:49EDH         LINE#         481
  C:49FAH         LINE#         482
  C:4A09H         LINE#         483
  -------         ENDPROC       WRITENVRAM
  -------         PROC          RELOADWATCHDOG
  C:001DH         LINE#         513
  C:001DH         LINE#         514
  C:001DH         LINE#         515
  C:0020H         LINE#         516
  -------         ENDPROC       RELOADWATCHDOG
  -------         ENDMOD        MAIN
BL51 BANKED LINKER/LOCATER V6.22.4.0                                                  08/07/2025  16:32:06  PAGE 14



  -------         MODULE        IPTCONFIG
  C:0000H         SYMBOL        _ICE_DUMMY_
  D:009DH         PUBLIC        SPI0CKR
  D:00E7H         PUBLIC        EIE2
  D:00E8H         PUBLIC        ADC0CN
  D:00A4H         PUBLIC        P0MDOUT
  D:00A5H         PUBLIC        P1MDOUT
  D:00A8H         PUBLIC        IE
  D:00A6H         PUBLIC        P2MDOUT
  D:0093H         PUBLIC        TMR3RLH
  D:0092H         PUBLIC        TMR3RLL
  C:4BB6H         PUBLIC        Port_IO_Init
  D:00D8H         PUBLIC        PCA0CN
  D:00B8H         PUBLIC        IP
  C:0003H         PUBLIC        Oscillator_Init
  D:00E1H         PUBLIC        XBR0
  D:00E3H         PUBLIC        XBR2
  D:00C0H         PUBLIC        SMB0CN
  D:00F8H         PUBLIC        SPI0CN
  C:006DH         PUBLIC        UART_Init
  D:0089H         PUBLIC        TMOD
  D:0088H         PUBLIC        TCON
  D:0091H         PUBLIC        TMR3CN
  C:4C08H         PUBLIC        Interrupts_Init
  D:00B2H         PUBLIC        OSCICN
  C:4B81H         PUBLIC        Init_Device
  D:008DH         PUBLIC        TH1
  D:00B1H         PUBLIC        OSCXCN
  C:4BEBH         PUBLIC        SPI_Init
  D:0098H         PUBLIC        SCON0
  D:00C8H         PUBLIC        T2CON
  D:009AH         PUBLIC        SPI0CFG
  D:008EH         PUBLIC        CKCON
  C:4AF3H         PUBLIC        Timer_Init
  D:00D0H         PUBLIC        PSW
  -------         PROC          TIMER_INIT
  C:4AF3H         LINE#         9
  C:4AF3H         LINE#         10
  C:4AF3H         LINE#         11
  C:4AF6H         LINE#         12
  C:4AF9H         LINE#         13
  C:4AFCH         LINE#         14
  C:4AFFH         LINE#         15
  C:4B02H         LINE#         16
  C:4B05H         LINE#         17
  C:4B08H         LINE#         18
  -------         ENDPROC       TIMER_INIT
  -------         PROC          UART_INIT
  C:006DH         LINE#         20
  C:006DH         LINE#         21
  C:006DH         LINE#         22
  C:0070H         LINE#         23
  -------         ENDPROC       UART_INIT
  -------         PROC          SPI_INIT
  C:4BEBH         LINE#         25
  C:4BEBH         LINE#         26
BL51 BANKED LINKER/LOCATER V6.22.4.0                                                  08/07/2025  16:32:06  PAGE 15


  C:4BEBH         LINE#         27
  C:4BEEH         LINE#         28
  C:4BF1H         LINE#         29
  C:4BF4H         LINE#         30
  -------         ENDPROC       SPI_INIT
  -------         PROC          PORT_IO_INIT
  C:4BB6H         LINE#         32
  C:4BB6H         LINE#         33
  C:4BB6H         LINE#         70
  C:4BB9H         LINE#         71
  C:4BBCH         LINE#         72
  C:4BBFH         LINE#         73
  C:4BC2H         LINE#         74
  C:4BC5H         LINE#         75
  -------         ENDPROC       PORT_IO_INIT
  -------         PROC          OSCILLATOR_INIT
  -------         DO            
  D:0006H         SYMBOL        i
  -------         ENDDO         
  C:0003H         LINE#         77
  C:0003H         LINE#         78
  C:0003H         LINE#         79
  C:0006H         LINE#         80
  C:0009H         LINE#         81
  C:0014H         LINE#         82
  C:0019H         LINE#         83
  C:001CH         LINE#         84
  -------         ENDPROC       OSCILLATOR_INIT
  -------         PROC          INTERRUPTS_INIT
  C:4C08H         LINE#         86
  C:4C08H         LINE#         87
  C:4C08H         LINE#         88
  C:4C0BH         LINE#         89
  C:4C0EH         LINE#         90
  -------         ENDPROC       INTERRUPTS_INIT
  -------         PROC          INIT_DEVICE
  C:4B81H         LINE#         94
  C:4B81H         LINE#         95
  C:4B81H         LINE#         96
  C:4B84H         LINE#         97
  C:4B87H         LINE#         98
  C:4B8AH         LINE#         99
  C:4B8DH         LINE#         100
  C:4B90H         LINE#         101
  -------         ENDPROC       INIT_DEVICE
  -------         ENDMOD        IPTCONFIG

  -------         MODULE        8051LIB
  C:0000H         SYMBOL        _ICE_DUMMY_
  D:0023H         PUBLIC        OutTp
  D:0080H         PUBLIC        P0
  D:0090H         PUBLIC        P1
  C:1CDDH         PUBLIC        LIBVERSION
  D:00FFH         PUBLIC        WDTCN
  D:00A0H         PUBLIC        P2
  B:00A8H.7       PUBLIC        EA
  C:0026H         PUBLIC        Timer3_ISR
BL51 BANKED LINKER/LOCATER V6.22.4.0                                                  08/07/2025  16:32:06  PAGE 16


  D:008FH         PUBLIC        PSCTL
  C:1CECH         PUBLIC        LIBTIME
  C:4B1EH         PUBLIC        InitEQue
  C:4BFFH         PUBLIC        _SetRStatus
  C:1D01H         PUBLIC        Line
  X:0016H         PUBLIC        t4c
  B:0022H.3       PUBLIC        TX_Int_Restart_Flag1
  X:0017H         PUBLIC        Parm
  C:4ADCH         PUBLIC        _AbsDiff
  D:00ADH         PUBLIC        P3IF
  X:0027H         PUBLIC        t4m
  C:3EF6H         PUBLIC        ErrTable
  X:0028H         PUBLIC        t4o
  C:3C87H         PUBLIC        GetHostPacket
  C:48C8H         PUBLIC        _Strup
  C:464CH         PUBLIC        _CheckCommand
  C:4A72H         PUBLIC        _Transmit_UART0
  D:0024H         PUBLIC        ParmIndx
  C:4149H         PUBLIC        _ErrLookup
  X:0F10H         PUBLIC        RawCPUTemperature
  C:2B98H         PUBLIC        _MenuTask
  D:0020H         PUBLIC        Tsf
  D:0025H         PUBLIC        HPCmd
  X:0F12H         PUBLIC        MenuPoll
  B:0022H.4       PUBLIC        Echo1
  B:0022H.5       PUBLIC        Echo2
  D:0027H         PUBLIC        NetAdd
  X:0100H         PUBLIC        Rb
  X:0200H         PUBLIC        Tb
  C:4C16H         PUBLIC        Ext7_ISR
  D:0028H         PUBLIC        crc
  D:0091H         PUBLIC        TMR3CN
  X:0F13H         PUBLIC        eqi
  C:47B4H         PUBLIC        _ParseCommand
  C:4086H         PUBLIC        ErrDump
  C:1BD0H         PUBLIC        CRCTable
  C:4A43H         PUBLIC        _Flash_PageErase
  X:0F14H         PUBLIC        cb
  C:4BD5H         PUBLIC        _RunCRC8
  C:45D3H         PUBLIC        _WriteErrorQue
  D:0029H         PUBLIC        HPNetAdd
  B:0098H.1       PUBLIC        TI0
  C:4918H         PUBLIC        _Flash_Read
  C:1D3CH         PUBLIC        mnu
  C:4968H         PUBLIC        _Crc8
  X:0F46H         PUBLIC        cp
  X:0F78H         PUBLIC        cs
  D:002AH         PUBLIC        RState
  D:002BH         PUBLIC        LError
  X:0029H         PUBLIC        RStatus
  B:0020H.0       PUBLIC        Tsf0
  B:0020H.1       PUBLIC        Tsf1
  C:4870H         PUBLIC        _Flash_Write
  B:0022H.6       PUBLIC        TX_Int_Restart_Flag
  B:0020H.2       PUBLIC        Tsf2
  B:0020H.3       PUBLIC        Tsf3
  B:0020H.4       PUBLIC        Tsf4
BL51 BANKED LINKER/LOCATER V6.22.4.0                                                  08/07/2025  16:32:06  PAGE 17


  B:0020H.5       PUBLIC        Tsf5
  B:0020H.6       PUBLIC        Tsf6
  B:0020H.7       PUBLIC        Tsf7
  C:36E1H         PUBLIC        _GetCommand
  C:0076H         PUBLIC        _Flash_ByteRead
  X:0FAAH         PUBLIC        TaskOverRun
  X:0FABH         PUBLIC        EQue
  C:1D31H         PUBLIC        Head
  D:00B6H         PUBLIC        FLSCL
  C:4A14H         PUBLIC        _Flash_ByteWrite
  C:1CE2H         PUBLIC        LIBFILE
  D:002CH         PUBLIC        InRp
  C:1CD0H         PUBLIC        LIBNAME
  C:4AC2H         PUBLIC        InitSerial
  C:49A6H         PUBLIC        _putchar
  D:002DH         PUBLIC        InTp
  D:002EH         PUBLIC        OutRp
  -------         PROC          INITSERIAL
  C:4AC2H         LINE#         155
  C:4AC2H         LINE#         158
  C:4AC4H         LINE#         159
  C:4AC6H         LINE#         162
  C:4AC9H         LINE#         163
  C:4ACBH         LINE#         164
  C:4ACDH         LINE#         165
  C:4ACFH         LINE#         167
  C:4AD1H         LINE#         170
  C:4AD3H         LINE#         171
  C:4AD5H         LINE#         174
  C:4AD7H         LINE#         175
  C:4AD9H         LINE#         177
  C:4ADBH         LINE#         179
  -------         ENDPROC       INITSERIAL
  -------         PROC          GETHOSTPACKET
  -------         DO            
  X:0038H         SYMBOL        InChar
  -------         ENDDO         
  C:3C87H         LINE#         188
  C:3C87H         LINE#         191
  C:3C90H         LINE#         192
  C:3CA2H         LINE#         194
  C:3CC5H         LINE#         195
  C:3CC5H         LINE#         196
  C:3CCCH         LINE#         197
  C:3CCFH         LINE#         198
  C:3CD1H         LINE#         199
  C:3CD4H         LINE#         200
  C:3CD4H         LINE#         201
  C:3CD6H         LINE#         203
  C:3CD6H         LINE#         204
  C:3CDFH         LINE#         205
  C:3CEAH         LINE#         206
  C:3CEDH         LINE#         207
  C:3CEFH         LINE#         212
  C:3CEFH         LINE#         213
  C:3CF8H         LINE#         214
  C:3D01H         LINE#         215
BL51 BANKED LINKER/LOCATER V6.22.4.0                                                  08/07/2025  16:32:06  PAGE 18


  C:3D0AH         LINE#         216
  C:3D0DH         LINE#         217
  C:3D10H         LINE#         218
  C:3D10H         LINE#         219
  C:3D10H         LINE#         220
  C:3D12H         LINE#         221
  C:3D15H         LINE#         222
  C:3D15H         LINE#         223
  C:3D18H         LINE#         225
  C:3D18H         LINE#         226
  C:3D1DH         LINE#         227
  C:3D20H         LINE#         228
  C:3D23H         LINE#         230
  C:3D23H         LINE#         231
  C:3D28H         LINE#         232
  C:3D2BH         LINE#         233
  C:3D2EH         LINE#         234
  C:3D31H         LINE#         236
  C:3D31H         LINE#         237
  C:3D38H         LINE#         238
  C:3D3FH         LINE#         239
  C:3D3FH         LINE#         240
  C:3D41H         LINE#         241
  C:3D41H         LINE#         242
  C:3D48H         LINE#         243
  C:3D4AH         LINE#         244
  C:3D4DH         LINE#         245
  C:3D4DH         LINE#         246
  C:3D50H         LINE#         248
  C:3D50H         LINE#         249
  C:3D53H         LINE#         250
  C:3D56H         LINE#         252
  C:3D56H         LINE#         253
  C:3D56H         LINE#         254
  C:3D5AH         LINE#         255
  -------         ENDPROC       GETHOSTPACKET
  -------         PROC          _CRC8
  X:0038H         SYMBOL        DataPtr
  X:003BH         SYMBOL        len
  C:4968H         LINE#         269
  C:4975H         LINE#         270
  C:4978H         LINE#         272
  C:4980H         LINE#         273
  C:4991H         LINE#         274
  C:499CH         LINE#         275
  C:49A3H         LINE#         276
  C:49A5H         LINE#         277
  -------         ENDPROC       _CRC8
  -------         PROC          _RUNCRC8
  D:0007H         SYMBOL        b
  C:4BD5H         LINE#         314
  C:4BD5H         LINE#         315
  C:4BDEH         LINE#         316
  C:4BDFH         LINE#         317
  -------         ENDPROC       _RUNCRC8
  -------         PROC          _TRANSMIT_UART0
  X:0076H         SYMBOL        c
BL51 BANKED LINKER/LOCATER V6.22.4.0                                                  08/07/2025  16:32:06  PAGE 19


  C:4A72H         LINE#         331
  C:4A76H         LINE#         334
  C:4A86H         LINE#         335
  C:4A8BH         LINE#         336
  C:4A92H         LINE#         337
  C:4A94H         LINE#         338
  C:4A94H         LINE#         341
  C:4A97H         LINE#         342
  C:4A99H         LINE#         343
  C:4A9BH         LINE#         344
  C:4A9BH         LINE#         345
  C:4A9FH         LINE#         346
  -------         ENDPROC       _TRANSMIT_UART0
  -------         PROC          _PUTCHAR
  X:0073H         SYMBOL        c
  -------         DO            
  X:0074H         SYMBOL        to
  -------         ENDDO         
  C:49A6H         LINE#         360
  C:49AAH         LINE#         361
  C:49B0H         LINE#         363
  C:49CFH         LINE#         364
  C:49D2H         LINE#         365
  C:49D4H         LINE#         366
  C:49DBH         LINE#         367
  C:49DFH         LINE#         368
  -------         ENDPROC       _PUTCHAR
  -------         PROC          EXT7_ISR
  C:4C16H         LINE#         410
  C:4C16H         LINE#         411
  C:4C19H         LINE#         412
  -------         ENDPROC       EXT7_ISR
  -------         PROC          TIMER3_ISR
  -------         DO            
  D:0007H         SYMBOL        ShiftMask
  -------         ENDDO         
  C:0026H         LINE#         454
  C:0035H         LINE#         457
  C:0038H         LINE#         458
  C:003DH         LINE#         459
  C:003FH         LINE#         460
  C:0048H         LINE#         461
  C:004DH         LINE#         462
  C:0052H         LINE#         463
  C:0056H         LINE#         464
  C:0058H         LINE#         465
  C:005DH         LINE#         466
  C:0060H         LINE#         467
  -------         ENDPROC       TIMER3_ISR
  -------         PROC          _STRUP
  X:0039H         SYMBOL        s
  -------         DO            
  X:003CH         SYMBOL        i
  -------         ENDDO         
  C:48C8H         LINE#         502
  C:48D2H         LINE#         504
  C:48D7H         LINE#         505
BL51 BANKED LINKER/LOCATER V6.22.4.0                                                  08/07/2025  16:32:06  PAGE 20


  C:48F0H         LINE#         506
  C:490AH         LINE#         507
  C:4915H         LINE#         508
  C:4917H         LINE#         509
  -------         ENDPROC       _STRUP
  -------         PROC          _FLASH_WRITE
  X:0038H         SYMBOL        b
  X:003BH         SYMBOL        len
  -------         DO            
  X:003CH         SYMBOL        addr
  -------         ENDDO         
  C:4870H         LINE#         544
  C:487DH         LINE#         545
  C:4882H         LINE#         547
  C:4888H         LINE#         548
  C:488AH         LINE#         549
  C:488DH         LINE#         550
  C:488DH         LINE#         552
  C:4895H         LINE#         553
  C:489EH         LINE#         554
  C:48C5H         LINE#         555
  C:48C7H         LINE#         556
  -------         ENDPROC       _FLASH_WRITE
  -------         PROC          _FLASH_READ
  X:0038H         SYMBOL        b
  X:003BH         SYMBOL        len
  -------         DO            
  X:003CH         SYMBOL        addr
  -------         ENDDO         
  C:4918H         LINE#         574
  C:4925H         LINE#         575
  C:492AH         LINE#         577
  C:4930H         LINE#         578
  C:4932H         LINE#         579
  C:4935H         LINE#         580
  C:4935H         LINE#         582
  C:493EH         LINE#         583
  C:4965H         LINE#         584
  C:4967H         LINE#         585
  -------         ENDPROC       _FLASH_READ
  -------         PROC          _FLASH_BYTEWRITE
  D:0006H         SYMBOL        addr
  D:0005H         SYMBOL        c
  B:0021H.0       SYMBOL        SFLE
  -------         DO            
  B:0021H.1       SYMBOL        EA_SAVE
  D:0012H         SYMBOL        pwrite
  -------         ENDDO         
  C:4A14H         LINE#         603
  C:4A14H         LINE#         604
  C:4A14H         LINE#         605
  C:4A18H         LINE#         608
  C:4A1AH         LINE#         610
  C:4A1EH         LINE#         612
  C:4A21H         LINE#         613
  C:4A24H         LINE#         615
  C:4A27H         LINE#         616
BL51 BANKED LINKER/LOCATER V6.22.4.0                                                  08/07/2025  16:32:06  PAGE 21


  C:4A2AH         LINE#         617
  C:4A2AH         LINE#         619
  C:4A32H         LINE#         621
  C:4A35H         LINE#         622
  C:4A38H         LINE#         623
  C:4A38H         LINE#         625
  C:4A3BH         LINE#         626
  C:4A3EH         LINE#         628
  C:4A42H         LINE#         629
  -------         ENDPROC       _FLASH_BYTEWRITE
  -------         PROC          _FLASH_BYTEREAD
  D:0006H         SYMBOL        addr
  B:0021H.0       SYMBOL        SFLE
  -------         DO            
  B:0021H.1       SYMBOL        EA_SAVE
  D:0012H         SYMBOL        pread
  D:0007H         SYMBOL        c
  -------         ENDDO         
  C:0076H         LINE#         641
  C:0076H         LINE#         642
  C:0076H         LINE#         643
  C:007AH         LINE#         647
  C:007CH         LINE#         649
  C:0080H         LINE#         651
  C:0083H         LINE#         652
  C:0086H         LINE#         653
  C:0086H         LINE#         655
  C:008FH         LINE#         657
  C:0092H         LINE#         658
  C:0095H         LINE#         659
  C:0095H         LINE#         661
  C:0099H         LINE#         663
  C:0099H         LINE#         664
  -------         ENDPROC       _FLASH_BYTEREAD
  -------         PROC          _FLASH_PAGEERASE
  D:0006H         SYMBOL        addr
  B:0021H.0       SYMBOL        SFLE
  -------         DO            
  B:0021H.1       SYMBOL        EA_SAVE
  D:0012H         SYMBOL        pwrite
  -------         ENDDO         
  C:4A43H         LINE#         676
  C:4A43H         LINE#         677
  C:4A43H         LINE#         678
  C:4A47H         LINE#         681
  C:4A49H         LINE#         683
  C:4A4DH         LINE#         685
  C:4A50H         LINE#         686
  C:4A53H         LINE#         688
  C:4A56H         LINE#         689
  C:4A59H         LINE#         690
  C:4A59H         LINE#         692
  C:4A61H         LINE#         694
  C:4A64H         LINE#         695
  C:4A67H         LINE#         696
  C:4A67H         LINE#         698
  C:4A6AH         LINE#         699
BL51 BANKED LINKER/LOCATER V6.22.4.0                                                  08/07/2025  16:32:06  PAGE 22


  C:4A6DH         LINE#         701
  C:4A71H         LINE#         702
  -------         ENDPROC       _FLASH_PAGEERASE
  -------         PROC          _ABSDIFF
  D:0007H         SYMBOL        in
  D:0005H         SYMBOL        out
  C:4ADCH         LINE#         750
  C:4ADCH         LINE#         754
  C:4AE0H         LINE#         755
  C:4AE5H         LINE#         756
  C:4AE9H         LINE#         758
  C:4AF0H         LINE#         759
  C:4AF0H         LINE#         760
  C:4AF2H         LINE#         762
  -------         ENDPROC       _ABSDIFF
  -------         PROC          INITEQUE
  C:4B1EH         LINE#         887
  C:4B1EH         LINE#         888
  C:4B2DH         LINE#         889
  C:4B32H         LINE#         890
  -------         ENDPROC       INITEQUE
  -------         PROC          L?0159
  -------         ENDPROC       L?0159
  -------         PROC          _WRITEERRORQUE
  D:0007H         SYMBOL        Source
  D:0005H         SYMBOL        Error
  C:45D3H         LINE#         903
  C:45D3H         LINE#         906
  C:45F3H         LINE#         909
  C:45FCH         LINE#         910
  C:45FEH         LINE#         911
  C:460FH         LINE#         912
  C:4623H         LINE#         913
  C:4623H         LINE#         914
  C:4636H         LINE#         915
  C:464BH         LINE#         916
  -------         ENDPROC       _WRITEERRORQUE
  -------         PROC          ERRDUMP
  -------         DO            
  X:003CH         SYMBOL        a
  -------         ENDDO         
  C:4086H         LINE#         928
  C:4086H         LINE#         931
  C:4090H         LINE#         932
  C:409EH         LINE#         933
  C:40A3H         LINE#         934
  C:40A9H         LINE#         935
  C:40ADH         LINE#         937
  C:40C0H         LINE#         938
  C:40C7H         LINE#         939
  C:4114H         LINE#         940
  C:4116H         LINE#         941
  C:413CH         LINE#         942
  C:413CH         LINE#         943
  C:413FH         LINE#         944
  C:4142H         LINE#         945
  C:4148H         LINE#         946
BL51 BANKED LINKER/LOCATER V6.22.4.0                                                  08/07/2025  16:32:06  PAGE 23


  C:4148H         LINE#         947
  -------         ENDPROC       ERRDUMP
  -------         PROC          ERRTABLE
  -------         DO            
  X:003CH         SYMBOL        i
  X:003DH         SYMBOL        a
  -------         ENDDO         
  C:3EF6H         LINE#         960
  C:3EF6H         LINE#         963
  C:3EFBH         LINE#         964
  C:3F01H         LINE#         965
  C:3F05H         LINE#         966
  C:3F1BH         LINE#         967
  C:3F24H         LINE#         968
  C:3F52H         LINE#         969
  C:3F57H         LINE#         970
  C:3F5AH         LINE#         971
  C:3F5CH         LINE#         972
  C:3F61H         LINE#         973
  C:3F77H         LINE#         974
  C:3F80H         LINE#         975
  C:3FAEH         LINE#         976
  C:3FB3H         LINE#         977
  C:3FB6H         LINE#         978
  C:3FB8H         LINE#         979
  C:3FBEH         LINE#         980
  -------         ENDPROC       ERRTABLE
  -------         PROC          _ERRLOOKUP
  X:003DH         SYMBOL        src
  X:003EH         SYMBOL        err
  C:4149H         LINE#         993
  C:4150H         LINE#         995
  C:4155H         LINE#         996
  C:4181H         LINE#         997
  C:4183H         LINE#         998
  C:419EH         LINE#         999
  C:419EH         LINE#         1000
  C:41A7H         LINE#         1002
  C:41B0H         LINE#         1003
  C:41DBH         LINE#         1004
  C:41DDH         LINE#         1005
  C:41F8H         LINE#         1006
  C:41F8H         LINE#         1007
  -------         ENDPROC       _ERRLOOKUP
  -------         PROC          _GETCOMMAND
  D:0007H         SYMBOL        c
  -------         DO            
  X:0015H         SYMBOL        i
  -------         ENDDO         
  C:36E1H         LINE#         1055
  C:36E1H         LINE#         1060
  C:36F5H         LINE#         1062
  C:3703H         LINE#         1063
  C:3718H         LINE#         1064
  C:3718H         LINE#         1067
  C:372FH         LINE#         1068
  C:3733H         LINE#         1069
BL51 BANKED LINKER/LOCATER V6.22.4.0                                                  08/07/2025  16:32:06  PAGE 24


  C:3740H         LINE#         1070
  C:3743H         LINE#         1073
  C:374BH         LINE#         1074
  C:3753H         LINE#         1075
  C:3767H         LINE#         1076
  C:3774H         LINE#         1077
  C:3783H         LINE#         1078
  C:37B1H         LINE#         1079
  C:37BAH         LINE#         1080
  C:37C3H         LINE#         1081
  C:37C3H         LINE#         1082
  C:37C8H         LINE#         1083
  C:37C8H         LINE#         1084
  C:37C8H         LINE#         1085
  C:37D8H         LINE#         1089
  C:37DFH         LINE#         1090
  C:37E2H         LINE#         1092
  C:37E8H         LINE#         1093
  -------         ENDPROC       _GETCOMMAND
  -------         PROC          _CHECKCOMMAND
  X:0039H         SYMBOL        ib
  X:003CH         SYMBOL        mnu
  -------         DO            
  X:003FH         SYMBOL        i
  -------         ENDDO         
  C:464CH         LINE#         1097
  C:4656H         LINE#         1100
  C:465CH         LINE#         1101
  C:467DH         LINE#         1102
  C:46B1H         LINE#         1103
  C:46B1H         LINE#         1104
  C:46B1H         LINE#         1105
  C:46BCH         LINE#         1106
  C:46BEH         LINE#         1107
  C:46C5H         LINE#         1108
  -------         ENDPROC       _CHECKCOMMAND
  -------         PROC          _PARSECOMMAND
  D:0001H         SYMBOL        ib
  -------         DO            
  D:0006H         SYMBOL        i
  -------         ENDDO         
  C:47B4H         LINE#         1136
  C:47B4H         LINE#         1139
  C:47B9H         LINE#         1140
  C:47C9H         LINE#         1142
  C:47ECH         LINE#         1143
  C:4804H         LINE#         1144
  C:4809H         LINE#         1145
  C:480BH         LINE#         1146
  C:4810H         LINE#         1147
  C:4810H         LINE#         1151
  C:4813H         LINE#         1152
  C:4813H         LINE#         1153
  C:4813H         LINE#         1154
  -------         ENDPROC       _PARSECOMMAND
  -------         PROC          _MENUTASK
  D:0007H         SYMBOL        task
BL51 BANKED LINKER/LOCATER V6.22.4.0                                                  08/07/2025  16:32:06  PAGE 25


  -------         DO            
  X:0039H         SYMBOL        i
  X:003BH         SYMBOL        a
  -------         ENDDO         
  C:2B98H         LINE#         1161
  C:2B98H         LINE#         1172
  C:2BE1H         LINE#         1173
  C:2BE1H         LINE#         1174
  C:2BE7H         LINE#         1175
  C:2BEDH         LINE#         1176
  C:2BF1H         LINE#         1177
  C:2C1DH         LINE#         1178
  C:2C35H         LINE#         1179
  C:2C90H         LINE#         1180
  C:2C93H         LINE#         1181
  C:2C93H         LINE#         1182
  C:2C9EH         LINE#         1183
  C:2CA1H         LINE#         1187
  C:2CA1H         LINE#         1188
  C:2CA7H         LINE#         1189
  C:2CABH         LINE#         1190
  C:2CCDH         LINE#         1191
  C:2CEFH         LINE#         1192
  C:2D11H         LINE#         1193
  C:2D33H         LINE#         1194
  C:2D36H         LINE#         1195
  C:2D58H         LINE#         1196
  C:2D7AH         LINE#         1197
  C:2D9CH         LINE#         1198
  C:2DBEH         LINE#         1199
  C:2DD4H         LINE#         1200
  C:2DE4H         LINE#         1201
  C:2DE4H         LINE#         1202
  C:2DEAH         LINE#         1203
  C:2DECH         LINE#         1204
  C:2DECH         LINE#         1205
  C:2DF2H         LINE#         1206
  C:2DF4H         LINE#         1207
  C:2DF4H         LINE#         1208
  C:2DFDH         LINE#         1209
  C:2DFDH         LINE#         1210
  C:2DFDH         LINE#         1211
  C:2E03H         LINE#         1212
  C:2E04H         LINE#         1215
  C:2E04H         LINE#         1216
  C:2E07H         LINE#         1217
  C:2E07H         LINE#         1220
  C:2E07H         LINE#         1221
  C:2E0AH         LINE#         1222
  C:2E0AH         LINE#         1225
  C:2E0AH         LINE#         1228
  C:2E0AH         LINE#         1231
  C:2E0AH         LINE#         1232
  C:2E19H         LINE#         1233
  C:2E1FH         LINE#         1234
  C:2E22H         LINE#         1237
  C:2E22H         LINE#         1238
BL51 BANKED LINKER/LOCATER V6.22.4.0                                                  08/07/2025  16:32:06  PAGE 26


  C:2E24H         LINE#         1239
  C:2E43H         LINE#         1240
  C:2E46H         LINE#         1242
  C:2E46H         LINE#         1243
  C:2E48H         LINE#         1244
  C:2E67H         LINE#         1245
  C:2E6AH         LINE#         1248
  C:2E6AH         LINE#         1249
  C:2E79H         LINE#         1250
  C:2E7CH         LINE#         1253
  C:2E7CH         LINE#         1254
  C:2E9EH         LINE#         1255
  C:2EAAH         LINE#         1256
  C:2EADH         LINE#         1259
  C:2EADH         LINE#         1263
  C:2EC3H         LINE#         1264
  C:2EC6H         LINE#         1265
  C:2EC6H         LINE#         1268
  C:2EC6H         LINE#         1269
  C:2ECCH         LINE#         1270
  C:2ECFH         LINE#         1272
  C:2ECFH         LINE#         1277
  C:2ECFH         LINE#         1278
  C:2ED5H         LINE#         1279
  C:2ED8H         LINE#         1281
  C:2ED8H         LINE#         1282
  C:2EDEH         LINE#         1283
  C:2EE1H         LINE#         1286
  C:2EE1H         LINE#         1287
  C:2F03H         LINE#         1288
  C:2F2BH         LINE#         1289
  C:2F2DH         LINE#         1292
  C:2F2DH         LINE#         1293
  C:2F4FH         LINE#         1294
  C:2F77H         LINE#         1295
  C:2F79H         LINE#         1298
  C:2F79H         LINE#         1302
  C:2F7FH         LINE#         1304
  C:2F7FH         LINE#         1307
  C:2F82H         LINE#         1312
  C:2F82H         LINE#         1314
  C:2F82H         LINE#         1315
  -------         ENDPROC       _MENUTASK
  -------         PROC          _SETRSTATUS
  D:0007H         SYMBOL        type
  D:0005H         SYMBOL        error
  C:4BFFH         LINE#         1328
  C:4BFFH         LINE#         1329
  C:4C07H         LINE#         1330
  -------         ENDPROC       _SETRSTATUS
  -------         ENDMOD        8051LIB

  -------         MODULE        8051LIB_I
  C:4814H         SEGMENT       INT4_CODE_SEG
  B:0080H.7       PUBLIC        DE485
  B:0080H.6       PUBLIC        RE485
  B:00C0H.2       SYMBOL        AA
BL51 BANKED LINKER/LOCATER V6.22.4.0                                                  08/07/2025  16:32:06  PAGE 27


  B:00D0H.6       SYMBOL        AC
  D:00E0H         SYMBOL        ACC
  B:00E8H.4       SYMBOL        AD0BUSY
  B:00E8H.7       SYMBOL        AD0EN
  B:00E8H.5       SYMBOL        AD0INT
  B:00E8H.0       SYMBOL        AD0LJST
  B:00E8H.2       SYMBOL        AD0STM0
  B:00E8H.3       SYMBOL        AD0STM1
  B:00E8H.6       SYMBOL        AD0TM
  B:00E8H.1       SYMBOL        AD0WINT
  D:00BCH         SYMBOL        ADC0CF
  D:00E8H         SYMBOL        ADC0CN
  D:00C5H         SYMBOL        ADC0GTH
  D:00C4H         SYMBOL        ADC0GTL
  D:00BFH         SYMBOL        ADC0H
  D:00BEH         SYMBOL        ADC0L
  D:00C7H         SYMBOL        ADC0LTH
  D:00C6H         SYMBOL        ADC0LTL
  D:009CH         SYMBOL        ADC1
  D:00ABH         SYMBOL        ADC1CF
  D:00AAH         SYMBOL        ADC1CN
  D:00BAH         SYMBOL        AMX0CF
  D:00BBH         SYMBOL        AMX0SL
  D:00ACH         SYMBOL        AMX1SL
  D:00F0H         SYMBOL        B
  B:00D8H.0       SYMBOL        CCF0
  B:00D8H.1       SYMBOL        CCF1
  B:00D8H.2       SYMBOL        CCF2
  B:00D8H.3       SYMBOL        CCF3
  B:00D8H.4       SYMBOL        CCF4
  B:00D8H.7       SYMBOL        CF
  D:008EH         SYMBOL        CKCON
  C:4814H         SYMBOL        COM_ISR
  C:4839H         SYMBOL        COM_ISR25
  C:4861H         SYMBOL        COM_ISR28
  C:4867H         SYMBOL        COM_ISR30
  C:4857H         SYMBOL        COM_ISRSLOW1
  C:485CH         SYMBOL        COM_ISRSLOW2
  B:00C8H.0       SYMBOL        CPRL2
  D:009EH         SYMBOL        CPT0CN
  D:009FH         SYMBOL        CPT1CN
  B:00D8H.6       SYMBOL        CR
  B:00C8H.1       SYMBOL        CT2
  B:00D0H.7       SYMBOL        CY
  D:00D4H         SYMBOL        DAC0CN
  D:00D3H         SYMBOL        DAC0H
  D:00D2H         SYMBOL        DAC0L
  D:00D7H         SYMBOL        DAC1CN
  D:00D6H         SYMBOL        DAC1H
  D:00D5H         SYMBOL        DAC1L
  D:0083H         SYMBOL        DPH
  D:0082H         SYMBOL        DPL
  B:00A8H.7       SYMBOL        EA
  D:00E6H         SYMBOL        EIE1
  D:00E7H         SYMBOL        EIE2
  D:00F6H         SYMBOL        EIP1
  D:00F7H         SYMBOL        EIP2
BL51 BANKED LINKER/LOCATER V6.22.4.0                                                  08/07/2025  16:32:06  PAGE 28


  D:00A3H         SYMBOL        EMI0CF
  D:00AFH         SYMBOL        EMI0CN
  D:00A1H         SYMBOL        EMI0TC
  B:00C0H.6       SYMBOL        ENSMB
  B:00A8H.4       SYMBOL        ES
  B:00A8H.1       SYMBOL        ET0
  B:00A8H.3       SYMBOL        ET1
  B:00A8H.5       SYMBOL        ET2
  B:00A8H.0       SYMBOL        EX0
  B:00A8H.2       SYMBOL        EX1
  B:00C8H.3       SYMBOL        EXEN2
  B:00C8H.6       SYMBOL        EXF2
  B:00D0H.5       SYMBOL        F0
  B:00D0H.1       SYMBOL        F1
  D:00B7H         SYMBOL        FLACL
  D:00B6H         SYMBOL        FLSCL
  D:00A8H         SYMBOL        IE
  B:0088H.1       SYMBOL        IE0
  B:0088H.3       SYMBOL        IE1
  D:00B8H         SYMBOL        IP
  B:0088H.0       SYMBOL        IT0
  B:0088H.2       SYMBOL        IT1
  B:00F8H.5       SYMBOL        MODF
  B:00F8H.1       SYMBOL        MSTEN
  D:00B2H         SYMBOL        OSCICN
  D:00B1H         SYMBOL        OSCXCN
  B:00D0H.2       SYMBOL        OV
  B:00D0H.0       SYMBOL        P
  D:0080H         SYMBOL        P0
  D:00A4H         SYMBOL        P0MDOUT
  D:0090H         SYMBOL        P1
  D:00BDH         SYMBOL        P1MDIN
  D:00A5H         SYMBOL        P1MDOUT
  D:00A0H         SYMBOL        P2
  D:00A6H         SYMBOL        P2MDOUT
  D:00B0H         SYMBOL        P3
  D:00ADH         SYMBOL        P3IF
  D:00A7H         SYMBOL        P3MDOUT
  D:0084H         SYMBOL        P4
  D:0085H         SYMBOL        P5
  D:0086H         SYMBOL        P6
  D:0096H         SYMBOL        P7
  D:00B5H         SYMBOL        P74OUT
  D:00D8H         SYMBOL        PCA0CN
  D:00FAH         SYMBOL        PCA0CPH0
  D:00FBH         SYMBOL        PCA0CPH1
  D:00FCH         SYMBOL        PCA0CPH2
  D:00FDH         SYMBOL        PCA0CPH3
  D:00FEH         SYMBOL        PCA0CPH4
  D:00EAH         SYMBOL        PCA0CPL0
  D:00EBH         SYMBOL        PCA0CPL1
  D:00ECH         SYMBOL        PCA0CPL2
  D:00EDH         SYMBOL        PCA0CPL3
  D:00EEH         SYMBOL        PCA0CPL4
  D:00DAH         SYMBOL        PCA0CPM0
  D:00DBH         SYMBOL        PCA0CPM1
  D:00DCH         SYMBOL        PCA0CPM2
BL51 BANKED LINKER/LOCATER V6.22.4.0                                                  08/07/2025  16:32:06  PAGE 29


  D:00DDH         SYMBOL        PCA0CPM3
  D:00DEH         SYMBOL        PCA0CPM4
  D:00F9H         SYMBOL        PCA0H
  D:00E9H         SYMBOL        PCA0L
  D:00D9H         SYMBOL        PCA0MD
  D:0087H         SYMBOL        PCON
  B:00B8H.4       SYMBOL        PS
  D:008FH         SYMBOL        PSCTL
  D:00D0H         SYMBOL        PSW
  B:00B8H.1       SYMBOL        PT0
  B:00B8H.3       SYMBOL        PT1
  B:00B8H.5       SYMBOL        PT2
  B:00B8H.0       SYMBOL        PX0
  B:00B8H.2       SYMBOL        PX1
  B:0098H.2       SYMBOL        RB8
  D:00CBH         SYMBOL        RCAP2H
  D:00CAH         SYMBOL        RCAP2L
  D:00E5H         SYMBOL        RCAP4H
  D:00E4H         SYMBOL        RCAP4L
  B:00C8H.5       SYMBOL        RCLK
  D:00D1H         SYMBOL        REF0CN
  B:0098H.4       SYMBOL        REN
  B:00E0H.4       SYMBOL        REN1
  B:0098H.0       SYMBOL        RI
  B:00E0H.0       SYMBOL        RI1
  B:00D0H.3       SYMBOL        RS0
  B:00D0H.4       SYMBOL        RS1
  D:00EFH         SYMBOL        RSTSRC
  B:00F8H.4       SYMBOL        RXOVRN
  D:00A9H         SYMBOL        SADDR0
  D:00F3H         SYMBOL        SADDR1
  D:00B9H         SYMBOL        SADEN0
  D:00AEH         SYMBOL        SADEN1
  D:0099H         SYMBOL        SBUF0
  D:00F2H         SYMBOL        SBUF1
  D:0098H         SYMBOL        SCON0
  D:00F1H         SYMBOL        SCON1
  B:00C0H.3       SYMBOL        SI
  B:00F8H.2       SYMBOL        SLVSEL
  B:0098H.7       SYMBOL        SM0
  B:0098H.6       SYMBOL        SM1
  B:0098H.5       SYMBOL        SM2
  D:00C3H         SYMBOL        SMB0ADR
  D:00C0H         SYMBOL        SMB0CN
  D:00CFH         SYMBOL        SMB0CR
  D:00C2H         SYMBOL        SMB0DAT
  D:00C1H         SYMBOL        SMB0STA
  B:00C0H.1       SYMBOL        SMBFTE
  B:00C0H.0       SYMBOL        SMBTOE
  D:0081H         SYMBOL        SP
  D:009AH         SYMBOL        SPI0CFG
  D:009DH         SYMBOL        SPI0CKR
  D:00F8H         SYMBOL        SPI0CN
  D:009BH         SYMBOL        SPI0DAT
  B:00F8H.0       SYMBOL        SPIEN
  B:00F8H.7       SYMBOL        SPIF
  B:00C0H.5       SYMBOL        STA
BL51 BANKED LINKER/LOCATER V6.22.4.0                                                  08/07/2025  16:32:06  PAGE 30


  B:00C0H.4       SYMBOL        STO
  D:00C8H         SYMBOL        T2CON
  D:00C9H         SYMBOL        T4CON
  B:0098H.3       SYMBOL        TB8
  B:00C8H.4       SYMBOL        TCLK
  D:0088H         SYMBOL        TCON
  B:0088H.5       SYMBOL        TF0
  B:0088H.7       SYMBOL        TF1
  B:00C8H.7       SYMBOL        TF2
  D:008CH         SYMBOL        TH0
  D:008DH         SYMBOL        TH1
  D:00CDH         SYMBOL        TH2
  D:00F5H         SYMBOL        TH4
  B:0098H.1       SYMBOL        TI
  B:00E0H.1       SYMBOL        TI1
  D:008AH         SYMBOL        TL0
  D:008BH         SYMBOL        TL1
  D:00CCH         SYMBOL        TL2
  D:00F4H         SYMBOL        TL4
  D:0089H         SYMBOL        TMOD
  D:0091H         SYMBOL        TMR3CN
  D:0095H         SYMBOL        TMR3H
  D:0094H         SYMBOL        TMR3L
  D:0093H         SYMBOL        TMR3RLH
  D:0092H         SYMBOL        TMR3RLL
  B:0088H.4       SYMBOL        TR0
  B:0088H.6       SYMBOL        TR1
  B:00C8H.2       SYMBOL        TR2
  B:00F8H.3       SYMBOL        TXBSY
  B:00F8H.6       SYMBOL        WCOL
  D:00FFH         SYMBOL        WDTCN
  D:00E1H         SYMBOL        XBR0
  D:00E2H         SYMBOL        XBR1
  D:00E3H         SYMBOL        XBR2
  C:0023H         LINE#         58
  C:4814H         LINE#         72
  C:4816H         LINE#         73
  C:4818H         LINE#         74
  C:481BH         LINE#         75
  C:481DH         LINE#         76
  C:481FH         LINE#         78
  C:4822H         LINE#         79
  C:4824H         LINE#         82
  C:4827H         LINE#         83
  C:482AH         LINE#         84
  C:482CH         LINE#         85
  C:482EH         LINE#         86
  C:482FH         LINE#         89
  C:4831H         LINE#         90
  C:4834H         LINE#         91
  C:4836H         LINE#         92
  C:4839H         LINE#         96
  C:483CH         LINE#         97
  C:483EH         LINE#         98
  C:4840H         LINE#         99
  C:4842H         LINE#         100
  C:4844H         LINE#         101
BL51 BANKED LINKER/LOCATER V6.22.4.0                                                  08/07/2025  16:32:06  PAGE 31


  C:4846H         LINE#         102
  C:4848H         LINE#         103
  C:484BH         LINE#         104
  C:484EH         LINE#         105
  C:4850H         LINE#         106
  C:4851H         LINE#         107
  C:4853H         LINE#         108
  C:4855H         LINE#         111
  C:4857H         LINE#         113
  C:4858H         LINE#         114
  C:485AH         LINE#         115
  C:485CH         LINE#         117
  C:485DH         LINE#         118
  C:485FH         LINE#         120
  C:4861H         LINE#         123
  C:4863H         LINE#         124
  C:4865H         LINE#         125
  C:4867H         LINE#         128
  C:4869H         LINE#         129
  C:486BH         LINE#         130
  C:486DH         LINE#         131
  C:486FH         LINE#         132
  -------         ENDMOD        8051LIB_I

  -------         MODULE        ERROR
  C:0000H         SYMBOL        _ICE_DUMMY_
  C:222FH         PUBLIC        ec
  C:21B3H         PUBLIC        sc
  -------         ENDMOD        ERROR

  -------         MODULE        LONGMULT
  C:4549H         SEGMENT       LONGMULT_CODE_SEG
  C:4549H         PUBLIC        MUL32BIT
  D:00E0H         SYMBOL        ACC
  D:00F0H         SYMBOL        B
  C:4584H         SYMBOL        BYTEMUL
  C:4558H         SYMBOL        CLRNEXT
  C:45B6H         SYMBOL        ENDPROPCARRY
  C:459AH         SYMBOL        LOOP
  C:45A9H         SYMBOL        PROPCARRY
  D:00D0H         SYMBOL        PSW
  C:45AFH         SYMBOL        SKIP
  C:4549H         LINE#         32
  C:454BH         LINE#         33
  C:454DH         LINE#         34
  C:454FH         LINE#         35
  C:4551H         LINE#         36
  C:4553H         LINE#         39
  C:4554H         LINE#         40
  C:4556H         LINE#         41
  C:4558H         LINE#         43
  C:4559H         LINE#         44
  C:455AH         LINE#         45
  C:455CH         LINE#         48
  C:455FH         LINE#         49
  C:4561H         LINE#         50
  C:4564H         LINE#         51
BL51 BANKED LINKER/LOCATER V6.22.4.0                                                  08/07/2025  16:32:06  PAGE 32


  C:4567H         LINE#         52
  C:4568H         LINE#         53
  C:456BH         LINE#         54
  C:456EH         LINE#         55
  C:456FH         LINE#         56
  C:4572H         LINE#         57
  C:4575H         LINE#         58
  C:4576H         LINE#         59
  C:4579H         LINE#         62
  C:457BH         LINE#         63
  C:457DH         LINE#         64
  C:457FH         LINE#         65
  C:4581H         LINE#         66
  C:4583H         LINE#         67
  C:4584H         LINE#         76
  C:4586H         LINE#         77
  C:4588H         LINE#         78
  C:458AH         LINE#         79
  C:458CH         LINE#         80
  C:458EH         LINE#         81
  C:4590H         LINE#         82
  C:4592H         LINE#         83
  C:4594H         LINE#         85
  C:4596H         LINE#         86
  C:4598H         LINE#         87
  C:459AH         LINE#         90
  C:459CH         LINE#         91
  C:459DH         LINE#         92
  C:459EH         LINE#         93
  C:459FH         LINE#         94
  C:45A0H         LINE#         95
  C:45A1H         LINE#         96
  C:45A3H         LINE#         97
  C:45A4H         LINE#         98
  C:45A5H         LINE#         99
  C:45A7H         LINE#         100
  C:45A9H         LINE#         103
  C:45AAH         LINE#         104
  C:45ADH         LINE#         105
  C:45AFH         LINE#         107
  C:45B0H         LINE#         108
  C:45B1H         LINE#         109
  C:45B2H         LINE#         110
  C:45B4H         LINE#         111
  C:45B6H         LINE#         113
  C:45B8H         LINE#         115
  C:45B9H         LINE#         116
  C:45BBH         LINE#         120
  C:45BDH         LINE#         121
  C:45BFH         LINE#         122
  C:45C1H         LINE#         123
  C:45C3H         LINE#         124
  C:45C5H         LINE#         125
  C:45C7H         LINE#         126
  C:45C9H         LINE#         127
  C:45CBH         LINE#         128
  -------         ENDMOD        LONGMULT
BL51 BANKED LINKER/LOCATER V6.22.4.0                                                  08/07/2025  16:32:06  PAGE 33



  -------         MODULE        TP1200
  C:0000H         SYMBOL        _ICE_DUMMY_
  D:0080H         PUBLIC        P0
  B:0090H.2       PUBLIC        CS_EE
  D:0090H         PUBLIC        P1
  D:00A0H         PUBLIC        P2
  C:474CH         PUBLIC        _Read_EEPROM_Bytes
  C:3BB0H         PUBLIC        Load_Lin_Data_T
  C:46C6H         PUBLIC        Load_Pressure_LUT
  B:0090H.0       PUBLIC        CS_PR
  C:39DEH         PUBLIC        _Get_Raw_Sensor_Readings
  C:232AH         PUBLIC        crc_table
  X:0300H         PUBLIC        LUT_P
  C:3FBFH         PUBLIC        ReadEEProm
  C:0CECH         PUBLIC        _Calculate_Compensated_Pressure
  C:4B33H         PUBLIC        Load_LUT_P_ADC
  C:42B8H         PUBLIC        _Calculate_CRC32
  C:44ADH         PUBLIC        Load_LUT_T_ADC
  X:0DC8H         PUBLIC        g_raw_temp_adc
  C:4201H         PUBLIC        Load_Product_Info
  B:0080H.3       PUBLIC        MISO
  X:0DCAH         PUBLIC        g_ProductInfo
  C:37E9H         PUBLIC        _Apply_System_Calibration
  X:0DD2H         PUBLIC        LUT_P_ADC
  X:0E4AH         PUBLIC        ADC_mode
  X:0E4CH         PUBLIC        ADC_config_P
  X:0E4EH         PUBLIC        LUT_T_ADC
  X:0EAAH         PUBLIC        Min_P
  X:0EACH         PUBLIC        Lin_data_T
  X:0F0CH         PUBLIC        Max_P
  X:0F0EH         PUBLIC        ADC_config_T
  C:3522H         PUBLIC        Display_MEMSCAP_EEPROM_Info
  C:38EAH         PUBLIC        Load_ADC_Config
  C:32D1H         PUBLIC        _Calculate_Compensated_Temperature
  C:4BE0H         PUBLIC        _CompPressureUnAdjusted
  C:4365H         PUBLIC        _Read_EEPROM_Floats
  C:4B93H         PUBLIC        Initialize_Sensor
  -------         PROC          INITIALIZE_SENSOR
  C:4B93H         LINE#         106
  C:4B93H         LINE#         107
  C:4B93H         LINE#         109
  C:4B96H         LINE#         110
  C:4B99H         LINE#         111
  C:4B9CH         LINE#         112
  C:4B9FH         LINE#         113
  C:4BA2H         LINE#         114
  -------         ENDPROC       INITIALIZE_SENSOR
  -------         PROC          _APPLY_SYSTEM_CALIBRATION
  X:0038H         SYMBOL        compensated_press
  X:003CH         SYMBOL        offset
  X:003EH         SYMBOL        span
  -------         DO            
  X:0040H         SYMBOL        final_pressure
  X:0044H         SYMBOL        pressure_range
  -------         ENDDO         
  C:37E9H         LINE#         129
BL51 BANKED LINKER/LOCATER V6.22.4.0                                                  08/07/2025  16:32:06  PAGE 34


  C:37EEH         LINE#         130
  C:37EEH         LINE#         131
  C:37F7H         LINE#         132
  C:3800H         LINE#         134
  C:3812H         LINE#         135
  C:382FH         LINE#         140
  C:386BH         LINE#         145
  C:38DCH         LINE#         147
  C:38E9H         LINE#         148
  -------         ENDPROC       _APPLY_SYSTEM_CALIBRATION
  -------         PROC          _CALCULATE_COMPENSATED_TEMPERATURE
  X:0038H         SYMBOL        raw_temp_adc
  -------         DO            
  X:003AH         SYMBOL        i
  X:003CH         SYMBOL        y1
  X:0040H         SYMBOL        y2
  X:0044H         SYMBOL        x1
  X:0048H         SYMBOL        x2
  -------         ENDDO         
  C:32D1H         LINE#         160
  C:32D8H         LINE#         161
  C:32D8H         LINE#         167
  C:32DDH         LINE#         168
  C:32DDH         LINE#         169
  C:336FH         LINE#         170
  C:336FH         LINE#         171
  C:339AH         LINE#         172
  C:33B4H         LINE#         173
  C:33DFH         LINE#         174
  C:33F9H         LINE#         176
  C:3435H         LINE#         177
  C:34D4H         LINE#         178
  C:34D4H         LINE#         179
  C:34ECH         LINE#         182
  C:3521H         LINE#         183
  -------         ENDPROC       _CALCULATE_COMPENSATED_TEMPERATURE
  -------         PROC          _CALCULATE_COMPENSATED_PRESSURE
  X:005CH         SYMBOL        raw_press_adc
  X:005EH         SYMBOL        comp_temp_adc
  -------         DO            
  X:0060H         SYMBOL        i
  X:0062H         SYMBOL        x1_idx
  X:0064H         SYMBOL        x2_idx
  X:0066H         SYMBOL        y1_idx
  X:0068H         SYMBOL        y2_idx
  X:006AH         SYMBOL        x1
[...]
  C:0E79H         LINE#         222
  C:0E91H         LINE#         225
  C:0EB9H         LINE#         226
  C:0EE1H         LINE#         227
  C:0F0CH         LINE#         228
  C:0F34H         LINE#         233
  C:0F6FH         LINE#         234
  C:0FA9H         LINE#         235
  C:0FD5H         LINE#         236
  C:100FH         LINE#         239
  C:101FH         LINE#         240
  C:102FH         LINE#         243
  C:108BH         LINE#         244
  C:1099H         LINE#         245
  C:1099H         LINE#         247
  C:1106H         LINE#         248
  C:1173H         LINE#         249
  C:11E0H         LINE#         250
  C:124DH         LINE#         252
  C:12F7H         LINE#         253
  -------         ENDPROC       _CALCULATE_COMPENSATED_PRESSURE
  -------         PROC          _GET_RAW_SENSOR_READINGS
  X:0038H         SYMBOL        raw_press_adc
  X:003BH         SYMBOL        raw_temp_adc
  -------         DO            
  X:003EH         SYMBOL        msb
  X:003FH         SYMBOL        mid
  X:0040H         SYMBOL        lsb
  X:0041H         SYMBOL        single_conversion_mode
  -------         ENDDO         
  C:39DEH         LINE#         258
  C:39E8H         LINE#         259
  C:39E8H         LINE#         263
  C:39FBH         LINE#         266
  C:39FDH         LINE#         267
  C:3A02H         LINE#         268
  C:3A0AH         LINE#         269
BL51 BANKED LINKER/LOCATER V6.22.4.0                                                  08/07/2025  16:32:06  PAGE 36


  C:3A13H         LINE#         270
  C:3A18H         LINE#         271
  C:3A1FH         LINE#         272
  C:3A27H         LINE#         273
  C:3A2AH         LINE#         274
  C:3A2DH         LINE#         275
  C:3A32H         LINE#         276
  C:3A39H         LINE#         277
  C:3A40H         LINE#         278
  C:3A47H         LINE#         279
  C:3A60H         LINE#         280
  C:3A62H         LINE#         283
  C:3A64H         LINE#         284
  C:3A69H         LINE#         285
  C:3A71H         LINE#         286
  C:3A7AH         LINE#         287
  C:3A7FH         LINE#         288
  C:3A86H         LINE#         289
  C:3A8EH         LINE#         290
  C:3A91H         LINE#         291
  C:3A94H         LINE#         292
  C:3A99H         LINE#         293
  C:3AA0H         LINE#         294
  C:3AA7H         LINE#         295
  C:3AAEH         LINE#         296
  C:3AC7H         LINE#         297
  C:3AC9H         LINE#         298
  -------         ENDPROC       _GET_RAW_SENSOR_READINGS
  -------         PROC          LOAD_ADC_CONFIG
  -------         DO            
  X:0038H         SYMBOL        lsb
  D:0007H         SYMBOL        msb
  -------         ENDDO         
  C:38EAH         LINE#         303
  C:38EAH         LINE#         304
  C:38EAH         LINE#         307
  C:38ECH         LINE#         308
  C:38F1H         LINE#         309
  C:38F6H         LINE#         310
  C:38FBH         LINE#         311
  C:3902H         LINE#         312
  C:3905H         LINE#         313
  C:3915H         LINE#         314
  C:391BH         LINE#         315
  C:391DH         LINE#         317
  C:391FH         LINE#         318
  C:3924H         LINE#         319
  C:3929H         LINE#         320
  C:392EH         LINE#         321
  C:3935H         LINE#         322
  C:3938H         LINE#         323
  C:3948H         LINE#         324
  C:394EH         LINE#         325
  C:3950H         LINE#         327
  C:3952H         LINE#         328
  C:3957H         LINE#         329
  C:395CH         LINE#         330
BL51 BANKED LINKER/LOCATER V6.22.4.0                                                  08/07/2025  16:32:06  PAGE 37


  C:3961H         LINE#         331
  C:3968H         LINE#         332
  C:396BH         LINE#         333
  C:397BH         LINE#         334
  C:3981H         LINE#         335
  C:3983H         LINE#         337
  C:3985H         LINE#         338
  C:398AH         LINE#         339
  C:398FH         LINE#         340
  C:3994H         LINE#         341
  C:399EH         LINE#         342
  C:39AEH         LINE#         343
  C:39B0H         LINE#         345
  C:39B2H         LINE#         346
  C:39B7H         LINE#         347
  C:39BCH         LINE#         348
  C:39C1H         LINE#         349
  C:39CBH         LINE#         350
  C:39DBH         LINE#         351
  C:39DDH         LINE#         352
  -------         ENDPROC       LOAD_ADC_CONFIG
  -------         PROC          LOAD_LIN_DATA_T
  -------         DO            
  X:0038H         SYMBOL        i
  X:003AH         SYMBOL        temp_converter
  -------         ENDDO         
  C:3BB0H         LINE#         359
  C:3BB0H         LINE#         360
  C:3BB0H         LINE#         364
  C:3BB2H         LINE#         365
  C:3BB7H         LINE#         366
  C:3BBCH         LINE#         367
  C:3BC1H         LINE#         368
  C:3BC7H         LINE#         369
  C:3BC7H         LINE#         371
  C:3BCEH         LINE#         372
  C:3BD5H         LINE#         373
  C:3BDCH         LINE#         374
  C:3BE3H         LINE#         375
  C:3C19H         LINE#         378
  C:3C20H         LINE#         379
  C:3C27H         LINE#         380
  C:3C2EH         LINE#         381
  C:3C35H         LINE#         382
  C:3C6BH         LINE#         383
  C:3C84H         LINE#         384
  C:3C86H         LINE#         385
  -------         ENDPROC       LOAD_LIN_DATA_T
  -------         PROC          LOAD_LUT_T_ADC
  -------         DO            
  X:0038H         SYMBOL        i
  X:003AH         SYMBOL        eeprom_read_addr
  X:003CH         SYMBOL        temp_converter
  -------         DO            
  X:0040H         SYMBOL        full_table_index
  -------         ENDDO         
  -------         ENDDO         
BL51 BANKED LINKER/LOCATER V6.22.4.0                                                  08/07/2025  16:32:06  PAGE 38


  C:44ADH         LINE#         392
  C:44ADH         LINE#         393
  C:44ADH         LINE#         398
  C:44C5H         LINE#         399
  C:44C5H         LINE#         401
  C:44D6H         LINE#         404
  C:44ECH         LINE#         407
  C:4502H         LINE#         410
  C:453AH         LINE#         411
  C:4548H         LINE#         412
  -------         ENDPROC       LOAD_LUT_T_ADC
  -------         PROC          LOAD_LUT_P_ADC
  C:4B33H         LINE#         419
  C:4B33H         LINE#         420
  C:4B33H         LINE#         422
  -------         ENDPROC       LOAD_LUT_P_ADC
  -------         PROC          LOAD_PRESSURE_LUT
  -------         DO            
  X:0038H         SYMBOL        i
  X:003AH         SYMBOL        eeprom_row_addr
  X:003CH         SYMBOL        xdata_row_ptr
  -------         DO            
  X:003FH         SYMBOL        full_table_row_index
  -------         ENDDO         
  -------         ENDDO         
  C:46C6H         LINE#         430
  C:46C6H         LINE#         431
  C:46C6H         LINE#         436
  C:46CCH         LINE#         437
  C:46CCH         LINE#         439
  C:46E3H         LINE#         443
  C:46FAH         LINE#         446
  C:4715H         LINE#         449
  C:4727H         LINE#         450
  C:473DH         LINE#         451
  -------         ENDPROC       LOAD_PRESSURE_LUT
  -------         PROC          _READ_EEPROM_FLOATS
  X:0041H         SYMBOL        buffer
  X:0044H         SYMBOL        start_address
  X:0046H         SYMBOL        float_count
  -------         DO            
  X:0048H         SYMBOL        i
  X:004AH         SYMBOL        temp_converter
  -------         ENDDO         
  C:4365H         LINE#         460
  C:4375H         LINE#         461
  C:4375H         LINE#         465
  C:4377H         LINE#         466
  C:437CH         LINE#         467
  C:4383H         LINE#         468
  C:438BH         LINE#         470
  C:43A2H         LINE#         471
  C:43A2H         LINE#         473
  C:43A9H         LINE#         474
  C:43B0H         LINE#         475
  C:43B7H         LINE#         476
  C:43BEH         LINE#         479
BL51 BANKED LINKER/LOCATER V6.22.4.0                                                  08/07/2025  16:32:06  PAGE 39


  C:43FAH         LINE#         480
  C:4407H         LINE#         482
  C:4409H         LINE#         483
  -------         ENDPROC       _READ_EEPROM_FLOATS
  -------         PROC          L?0083
  -------         ENDPROC       L?0083
  -------         PROC          _READ_EEPROM_BYTES
  X:00ACH         SYMBOL        buffer
  X:00AFH         SYMBOL        start_address
  X:00B1H         SYMBOL        count
  -------         DO            
  X:00B3H         SYMBOL        i
  -------         ENDDO         
  C:474CH         LINE#         488
  C:475CH         LINE#         489
  C:475CH         LINE#         491
  C:475EH         LINE#         492
  C:4763H         LINE#         493
  C:476AH         LINE#         494
  C:4772H         LINE#         495
  C:4789H         LINE#         496
  C:4789H         LINE#         497
  C:47A4H         LINE#         498
  C:47B1H         LINE#         499
  C:47B3H         LINE#         500
  -------         ENDPROC       _READ_EEPROM_BYTES
  -------         PROC          DISPLAY_MEMSCAP_EEPROM_INFO
  -------         DO            
  X:003CH         SYMBOL        temp_buffer
  D:0004H         SYMBOL        serial_number
  X:0050H         SYMBOL        temp_f
  X:0054H         SYMBOL        p_min_adc
  X:0058H         SYMBOL        p_max_adc
  -------         ENDDO         
  C:3522H         LINE#         510
  C:3522H         LINE#         511
  C:3522H         LINE#         518
  C:3529H         LINE#         519
  C:3536H         LINE#         520
  C:3544H         LINE#         523
  C:3559H         LINE#         524
  C:3585H         LINE#         526
  C:359AH         LINE#         527
  C:35AFH         LINE#         529
  C:35E5H         LINE#         530
  C:361BH         LINE#         533
  C:364BH         LINE#         534
  C:367EH         LINE#         536
  C:36AEH         LINE#         537
  -------         ENDPROC       DISPLAY_MEMSCAP_EEPROM_INFO
  -------         PROC          _CALCULATE_CRC32
  X:00ACH         SYMBOL        d
  X:00AFH         SYMBOL        count
  -------         DO            
  X:00B1H         SYMBOL        crc
  -------         ENDDO         
  C:42B8H         LINE#         551
BL51 BANKED LINKER/LOCATER V6.22.4.0                                                  08/07/2025  16:32:06  PAGE 40


  C:42C8H         LINE#         552
  C:42C8H         LINE#         553
  C:42D0H         LINE#         554
  C:42E2H         LINE#         555
  C:42E2H         LINE#         556
  C:434BH         LINE#         557
  C:434DH         LINE#         558
  C:4364H         LINE#         559
  -------         ENDPROC       _CALCULATE_CRC32
  -------         PROC          READEEPROM
  -------         DO            
  X:0038H         SYMBOL        buffer
  X:00A4H         SYMBOL        stored_crc
  X:00A8H         SYMBOL        calculated_crc
  -------         ENDDO         
  C:3FBFH         LINE#         571
  C:3FBFH         LINE#         572
  C:3FBFH         LINE#         577
  C:3FD3H         LINE#         578
  C:404EH         LINE#         579
  C:4060H         LINE#         581
  C:4085H         LINE#         582
  -------         ENDPROC       READEEPROM
  -------         PROC          LOAD_PRODUCT_INFO
  -------         DO            
  X:0038H         SYMBOL        buffer
  -------         ENDDO         
  C:4201H         LINE#         587
  C:4201H         LINE#         588
  C:4201H         LINE#         591
  C:4208H         LINE#         592
  C:4284H         LINE#         594
  C:4299H         LINE#         595
  C:42A0H         LINE#         596
  C:42A6H         LINE#         597
  C:42B7H         LINE#         598
  -------         ENDPROC       LOAD_PRODUCT_INFO
  -------         PROC          _COMPPRESSUREUNADJUSTED
  D:0004H         SYMBOL        p
  C:4BE0H         LINE#         611
  C:4BE0H         LINE#         612
  C:4BE0H         LINE#         615
  -------         ENDPROC       _COMPPRESSUREUNADJUSTED
  -------         ENDMOD        TP1200

  -------         MODULE        ?C?FPADD
  C:00A5H         PUBLIC        ?C?FPADD
  C:00A1H         PUBLIC        ?C?FPSUB
  -------         ENDMOD        ?C?FPADD

  -------         MODULE        ?C?FPMUL
  C:0196H         PUBLIC        ?C?FPMUL
  -------         ENDMOD        ?C?FPMUL

  -------         MODULE        ?C?FPDIV
  C:029FH         PUBLIC        ?C?FPDIV
  -------         ENDMOD        ?C?FPDIV
BL51 BANKED LINKER/LOCATER V6.22.4.0                                                  08/07/2025  16:32:06  PAGE 41



  -------         MODULE        ?C?FPCMP
  C:033EH         PUBLIC        ?C?FPCMP
  C:033CH         PUBLIC        ?C?FPCMP3
  -------         ENDMOD        ?C?FPCMP

  -------         MODULE        ?C?FCAST
  C:03BFH         PUBLIC        ?C?FCASTC
  C:03BAH         PUBLIC        ?C?FCASTI
  C:03B5H         PUBLIC        ?C?FCASTL
  -------         ENDMOD        ?C?FCAST

  -------         MODULE        ?C?CASTF
  C:03F3H         PUBLIC        ?C?CASTF
  -------         ENDMOD        ?C?CASTF

  -------         MODULE        PRINTF
  X:005CH         PUBLIC        ?_PRINTF?BYTE
  X:005CH         PUBLIC        ?_SPRINTF?BYTE
  C:278CH         PUBLIC        _PRINTF
  C:2786H         PUBLIC        _SPRINTF
  -------         ENDMOD        PRINTF

  -------         MODULE        SCANF
  X:003CH         PUBLIC        ?_SCANF?BYTE
  X:003CH         PUBLIC        ?_SSCANF?BYTE
  C:3005H         PUBLIC        _SCANF
  C:3001H         PUBLIC        _SSCANF
  -------         ENDMOD        SCANF

  -------         MODULE        ?C?FPROUND
  C:0474H         PUBLIC        ?C?FPROUND
  -------         ENDMOD        ?C?FPROUND

  -------         MODULE        ?C?FPCONVERT
  C:04A3H         PUBLIC        ?C?FPCONVERT
  -------         ENDMOD        ?C?FPCONVERT

  -------         MODULE        ?C?FPNEG
  C:05A6H         PUBLIC        ?C?FPNEG
  -------         ENDMOD        ?C?FPNEG

  -------         MODULE        ?C?FTNPWR
  C:05E7H         PUBLIC        ?C?FTNPWR
  -------         ENDMOD        ?C?FTNPWR

  -------         MODULE        ?C?CLDPTR
  C:0627H         PUBLIC        ?C?CLDPTR
  -------         ENDMOD        ?C?CLDPTR

  -------         MODULE        ?C?CLDOPTR
  C:0640H         PUBLIC        ?C?CLDOPTR
  -------         ENDMOD        ?C?CLDOPTR

  -------         MODULE        ?C?CSTPTR
  C:066DH         PUBLIC        ?C?CSTPTR
  -------         ENDMOD        ?C?CSTPTR
BL51 BANKED LINKER/LOCATER V6.22.4.0                                                  08/07/2025  16:32:06  PAGE 42



  -------         MODULE        ?C?CSTOPTR
  C:067FH         PUBLIC        ?C?CSTOPTR
  -------         ENDMOD        ?C?CSTOPTR

  -------         MODULE        ?C?IMUL
  C:06A1H         PUBLIC        ?C?IMUL
  -------         ENDMOD        ?C?IMUL

  -------         MODULE        ?C?ISTPTR
  C:06B3H         PUBLIC        ?C?ISTPTR
  -------         ENDMOD        ?C?ISTPTR

  -------         MODULE        ?C?LNEG
  C:06D2H         PUBLIC        ?C?LNEG
  -------         ENDMOD        ?C?LNEG

  -------         MODULE        ?C?ULCMP
  C:06E0H         PUBLIC        ?C?ULCMP
  -------         ENDMOD        ?C?ULCMP

  -------         MODULE        ?C?ULSHR
  C:06F1H         PUBLIC        ?C?ULSHR
  -------         ENDMOD        ?C?ULSHR

  -------         MODULE        ?C?LSHL
  C:0704H         PUBLIC        ?C?LSHL
  -------         ENDMOD        ?C?LSHL

  -------         MODULE        ?C?LSTPTR
  C:0717H         PUBLIC        ?C?LSTPTR
  -------         ENDMOD        ?C?LSTPTR

  -------         MODULE        ?C?LSTOPTR
  C:0731H         PUBLIC        ?C?LSTOPTR
  -------         ENDMOD        ?C?LSTOPTR

  -------         MODULE        ?C?LLDCODE0
  C:0755H         PUBLIC        ?C?LLDCODE0
  -------         ENDMOD        ?C?LLDCODE0

  -------         MODULE        ?C?LSTXDATA
  C:0765H         PUBLIC        ?C?LSTXDATA
  -------         ENDMOD        ?C?LSTXDATA

  -------         MODULE        ?C?LSTPDATA
  C:0771H         PUBLIC        ?C?LSTPDATA
  -------         ENDMOD        ?C?LSTPDATA

  -------         MODULE        ?C?LSTKPDATA
  C:077DH         PUBLIC        ?C?LSTKPDATA
  -------         ENDMOD        ?C?LSTKPDATA

  -------         MODULE        ?C?OFFX256
  C:0796H         PUBLIC        ?C?OFFX256
  -------         ENDMOD        ?C?OFFX256

BL51 BANKED LINKER/LOCATER V6.22.4.0                                                  08/07/2025  16:32:06  PAGE 43


  -------         MODULE        ?C?OFFXADD
  C:07A7H         PUBLIC        ?C?OFFXADD
  -------         ENDMOD        ?C?OFFXADD

  -------         MODULE        ?C?PLDPDATA
  C:07B3H         PUBLIC        ?C?PLDPDATA
  -------         ENDMOD        ?C?PLDPDATA

  -------         MODULE        ?C?PLDIPDATA
  C:07BCH         PUBLIC        ?C?PLDIPDATA
  -------         ENDMOD        ?C?PLDIPDATA

  -------         MODULE        ?C?PILDPDATA
  C:07CCH         PUBLIC        ?C?PILDPDATA
  -------         ENDMOD        ?C?PILDPDATA

  -------         MODULE        ?C?PSTPDATA
  C:07DCH         PUBLIC        ?C?PSTPDATA
  -------         ENDMOD        ?C?PSTPDATA

  -------         MODULE        ?C?PLDOPTR
  C:07E5H         PUBLIC        ?C?PLDOPTR
  -------         ENDMOD        ?C?PLDOPTR

  -------         MODULE        ?C?CCASE
  C:0815H         PUBLIC        ?C?CCASE
  -------         ENDMOD        ?C?CCASE

  -------         MODULE        ?C?ICASE
  C:083BH         PUBLIC        ?C?ICASE
  -------         ENDMOD        ?C?ICASE

  -------         MODULE        GETCHAR
  B:0022H.7       PUBLIC        ?C?CHARLOADED
  X:002EH         PUBLIC        ?_UNGETCHAR?BYTE
  C:4B5CH         PUBLIC        GETCHAR
  -------         ENDMOD        GETCHAR

  -------         MODULE        UNGETC
  C:4C0FH         PUBLIC        _UNGETCHAR
  -------         ENDMOD        UNGETC

  -------         MODULE        ISDIGIT
  C:4BC6H         PUBLIC        _isdigit
  -------         ENDMOD        ISDIGIT

  -------         MODULE        ISSPACE
  C:4B48H         PUBLIC        _isspace
  -------         ENDMOD        ISSPACE

  -------         MODULE        TOUPPER
  C:4BA5H         PUBLIC        _toupper
  -------         ENDMOD        TOUPPER

  -------         MODULE        ?C?STRCMP
  C:09E6H         PUBLIC        ?C?STRCMP
  -------         ENDMOD        ?C?STRCMP
BL51 BANKED LINKER/LOCATER V6.22.4.0                                                  08/07/2025  16:32:06  PAGE 44



  -------         MODULE        ?C?STRCPY
  C:0ACFH         PUBLIC        ?C?STRCPY
  -------         ENDMOD        ?C?STRCPY

  -------         MODULE        ATOI
  C:3D5BH         PUBLIC        _atoi
  -------         ENDMOD        ATOI

  -------         MODULE        ?C?MEMCMP
  C:0C72H         PUBLIC        ?C?MEMCMP
  -------         ENDMOD        ?C?MEMCMP

  -------         MODULE        ?C?MEMSET
  C:0C96H         PUBLIC        ?C?MEMSET
  -------         ENDMOD        ?C?MEMSET

  -------         MODULE        ?C?LSTIDATA
  C:0CC2H         PUBLIC        ?C?LSTIDATA
  -------         ENDMOD        ?C?LSTIDATA

  -------         MODULE        ?C?PLDIDATA
  C:0CCEH         PUBLIC        ?C?PLDIDATA
  -------         ENDMOD        ?C?PLDIDATA

  -------         MODULE        ?C?PLDXDATA
  C:0CD7H         PUBLIC        ?C?PLDXDATA
  -------         ENDMOD        ?C?PLDXDATA

  -------         MODULE        ?C?PLDCODE
  C:0CE0H         PUBLIC        ?C?PLDCODE
  -------         ENDMOD        ?C?PLDCODE

  -------         MODULE        _GETKEY
  C:4BF5H         PUBLIC        _GETKEY
  -------         ENDMOD        _GETKEY

Program Size: data=53.0 xdata=3952 code=19477
LINK/LOCATE RUN COMPLETE.  0 WARNING(S),  0 ERROR(S)
