BL51 BANKED LINKER/LOCATER V6.22.4.0                                                    08/06/2025  16:49:47  PAGE 1


BL51 BANKED LINKER/LOCATER V6.22.4.0, INVOKED BY:
C:\KEIL_V5\C51\BIN\BL51.EXE STARTUP.obj, Main.obj, IPTConfig.obj, 8051Lib.obj, 8051Lib_I.obj, Error.obj, LongMult.obj, T
>> P1200.obj TO IPT RAMSIZE (256) CODE (0X0000-0XFFFF) XDATA (0X0000-0X0FFF)


MEMORY MODEL: COMPACT WITH FLOATING POINT ARITHMETIC


INPUT MODULES INCLUDED:
  STARTUP.obj (?C_STARTUP)
  Main.obj (MAIN)
  IPTConfig.obj (IPTCONFIG)
  8051Lib.obj (8051LIB)
  8051Lib_I.obj (8051LIB_I)
  Error.obj (ERROR)
  LongMult.obj (LONGMULT)
  TP1200.obj (TP1200)
  C:\KEIL_V5\C51\LIB\C51FPC.LIB (?C?FPADD)
  C:\KEIL_V5\C51\LIB\C51FPC.LIB (?C?FPMUL)
  C:\KEIL_V5\C51\LIB\C51FPC.LIB (?C?FPDIV)
  C:\KEIL_V5\C51\LIB\C51FPC.LIB (?C?FPCMP)
  C:\KEIL_V5\C51\LIB\C51FPC.LIB (?C?FPNEG)
  C:\KEIL_V5\C51\LIB\C51FPC.LIB (?C?FCAST)
  C:\KEIL_V5\C51\LIB\C51FPC.LIB (?C?CASTF)
  C:\KEIL_V5\C51\LIB\C51FPC.LIB (PRINTF)
  C:\KEIL_V5\C51\LIB\C51FPC.LIB (SCANF)
  C:\KEIL_V5\C51\LIB\C51FPC.LIB (?C?FPGETOPN)
  C:\KEIL_V5\C51\LIB\C51FPC.LIB (?C?FPROUND)
  C:\KEIL_V5\C51\LIB\C51FPC.LIB (?C?FPCONVERT)
  C:\KEIL_V5\C51\LIB\C51FPC.LIB (?C?ATOF)
  C:\KEIL_V5\C51\LIB\C51FPC.LIB (?C?FTNPWR)
  C:\KEIL_V5\C51\LIB\C51C.LIB (?C_INIT)
  C:\KEIL_V5\C51\LIB\C51C.LIB (?C?CLDPTR)
  C:\KEIL_V5\C51\LIB\C51C.LIB (?C?CLDOPTR)
  C:\KEIL_V5\C51\LIB\C51C.LIB (?C?CSTPTR)
  C:\KEIL_V5\C51\LIB\C51C.LIB (?C?CSTOPTR)
  C:\KEIL_V5\C51\LIB\C51C.LIB (?C?IMUL)
  C:\KEIL_V5\C51\LIB\C51C.LIB (?C?ISTPTR)
  C:\KEIL_V5\C51\LIB\C51C.LIB (?C?LMUL)
  C:\KEIL_V5\C51\LIB\C51C.LIB (?C?LNEG)
  C:\KEIL_V5\C51\LIB\C51C.LIB (?C?SLCMP)
  C:\KEIL_V5\C51\LIB\C51C.LIB (?C?ULCMP)
  C:\KEIL_V5\C51\LIB\C51C.LIB (?C?ULSHR)
  C:\KEIL_V5\C51\LIB\C51C.LIB (?C?LSHL)
  C:\KEIL_V5\C51\LIB\C51C.LIB (?C?LSTPTR)
  C:\KEIL_V5\C51\LIB\C51C.LIB (?C?LSTOPTR)
  C:\KEIL_V5\C51\LIB\C51C.LIB (?C?LLDCODE0)
  C:\KEIL_V5\C51\LIB\C51C.LIB (?C?LSTXDATA)
  C:\KEIL_V5\C51\LIB\C51C.LIB (?C?LSTPDATA)
  C:\KEIL_V5\C51\LIB\C51C.LIB (?C?LSTKPDATA)
  C:\KEIL_V5\C51\LIB\C51C.LIB (?C?OFFX256)
  C:\KEIL_V5\C51\LIB\C51C.LIB (?C?OFFXADD)
  C:\KEIL_V5\C51\LIB\C51C.LIB (?C?PLDPDATA)
  C:\KEIL_V5\C51\LIB\C51C.LIB (?C?PLDIPDATA)
  C:\KEIL_V5\C51\LIB\C51C.LIB (?C?PILDPDATA)
  C:\KEIL_V5\C51\LIB\C51C.LIB (?C?PSTPDATA)
  C:\KEIL_V5\C51\LIB\C51C.LIB (?C?PLDOPTR)
  C:\KEIL_V5\C51\LIB\C51C.LIB (?C?CCASE)
BL51 BANKED LINKER/LOCATER V6.22.4.0                                                  08/06/2025  16:49:47  PAGE 2


  C:\KEIL_V5\C51\LIB\C51C.LIB (?C?ICASE)
  C:\KEIL_V5\C51\LIB\C51C.LIB (GETCHAR)
  C:\KEIL_V5\C51\LIB\C51C.LIB (UNGETC)
  C:\KEIL_V5\C51\LIB\C51C.LIB (ISDIGIT)
  C:\KEIL_V5\C51\LIB\C51C.LIB (ISSPACE)
  C:\KEIL_V5\C51\LIB\C51C.LIB (TOUPPER)
  C:\KEIL_V5\C51\LIB\C51C.LIB (?C?STRCMP)
  C:\KEIL_V5\C51\LIB\C51C.LIB (?C?STRCPY)
  C:\KEIL_V5\C51\LIB\C51C.LIB (ATOI)
  C:\KEIL_V5\C51\LIB\C51C.LIB (?C?MEMCMP)
  C:\KEIL_V5\C51\LIB\C51C.LIB (?C?MEMSET)
  C:\KEIL_V5\C51\LIB\C51C.LIB (?C?LSTIDATA)
  C:\KEIL_V5\C51\LIB\C51C.LIB (?C?PLDIDATA)
  C:\KEIL_V5\C51\LIB\C51C.LIB (?C?PLDXDATA)
  C:\KEIL_V5\C51\LIB\C51C.LIB (?C?PLDCODE)
  C:\KEIL_V5\C51\LIB\C51C.LIB (_GETKEY)


LINK MAP OF MODULE:  IPT (?C_STARTUP)


            TYPE    BASE      LENGTH    RELOCATION   SEGMENT NAME
            -----------------------------------------------------

            * * * * * * *   D A T A   M E M O R Y   * * * * * * *
            REG     0000H     0008H     ABSOLUTE     "REG BANK 0"
            DATA    0008H     0015H     UNIT         _DATA_GROUP_
                    001DH     0003H                  *** GAP ***
            DATA    0020H     0001H     BIT_ADDR     ?BA?8051LIB
            BIT     0021H.0   0001H.3   UNIT         _BIT_GROUP_
            BIT     0022H.3   0000H.4   UNIT         ?BI?8051LIB
            BIT     0022H.7   0000H.1   UNIT         ?BI?GETCHAR
            DATA    0023H     000CH     UNIT         ?DT?8051LIB
            DATA    002FH     0008H     UNIT         ?DT?MAIN
            IDATA   0037H     0001H     UNIT         ?STACK

            * * * * * * *  X D A T A   M E M O R Y  * * * * * * *
            XDATA   0000H     0015H     INPAGE       ?PD?MAIN
            XDATA   0015H     0019H     INPAGE       ?PD?8051LIB
            XDATA   002EH     0001H     INPAGE       ?PD?GETCHAR
            XDATA   002FH     0086H     INPAGE       _PDATA_GROUP_
                    00B5H     004BH                  *** GAP ***
            XDATA   0100H     0100H     ABSOLUTE     
            XDATA   0200H     0100H     ABSOLUTE     
            XDATA   0300H     0B7CH     UNIT         ?XD?TP1200
            XDATA   0E7CH     00ABH     UNIT         ?XD?8051LIB

            * * * * * * *   C O D E   M E M O R Y   * * * * * * *
            CODE    0000H     0003H     ABSOLUTE     
            CODE    0003H     001AH     UNIT         ?PR?OSCILLATOR_INIT?IPTCONFIG
            CODE    001DH     0004H     UNIT         ?PR?RELOADWATCHDOG?MAIN
                    0021H     0002H                  *** GAP ***
            CODE    0023H     0003H     ABSOLUTE     
            CODE    0026H     0047H     UNIT         ?PR?TIMER3_ISR?8051LIB
            CODE    006DH     0004H     UNIT         ?PR?UART_INIT?IPTCONFIG
                    0071H     0002H                  *** GAP ***
            CODE    0073H     0003H     ABSOLUTE     
BL51 BANKED LINKER/LOCATER V6.22.4.0                                                  08/06/2025  16:49:47  PAGE 3


            CODE    0076H     0024H     UNIT         ?PR?_FLASH_BYTEREAD?8051LIB
                    009AH     0001H                  *** GAP ***
            CODE    009BH     0003H     ABSOLUTE     
            CODE    009EH     0CB3H     UNIT         ?C?LIB_CODE
            CODE    0D51H     060CH     UNIT         ?PR?_CALCULATE_COMPENSATED_PRESSURE?TP1200
            CODE    135DH     059DH     UNIT         ?PR?MAIN?MAIN
            CODE    18FAH     0546H     UNIT         ?CO?8051LIB
            CODE    1E40H     04DFH     UNIT         ?CO?ERROR
            CODE    231FH     046FH     UNIT         ?CO?TP1200
            CODE    278EH     046EH     UNIT         ?PR?PRINTF?PRINTF
            CODE    2BFCH     040FH     UNIT         ?PR?_MENUTASK?8051LIB
            CODE    300BH     034EH     UNIT         ?PR?SCANF?SCANF
            CODE    3359H     01FFH     UNIT         ?PR?_CALCULATE_COMPENSATED_TEMPERATURE?TP1200
            CODE    3558H     01EBH     UNIT         ?PR?DISPLAY_MEMSCAP_EEPROM_INFO?TP1200
            CODE    3743H     0171H     UNIT         ?PR?_PRINT_FLOAT?MAIN
            CODE    38B4H     0108H     UNIT         ?PR?_GETCOMMAND?8051LIB
            CODE    39BCH     00F4H     UNIT         ?PR?LOAD_ADC_CONFIG?TP1200
            CODE    3AB0H     00E8H     UNIT         ?PR?_GET_RAW_SENSOR_READINGS?TP1200
            CODE    3B98H     00E6H     UNIT         ?PR??C?ATOF??C?ATOF
            CODE    3C7EH     00DDH     UNIT         ?PR?_APPLY_SYSTEM_CALIBRATION?TP1200
            CODE    3D5BH     00D4H     UNIT         ?PR?GETHOSTPACKET?8051LIB
            CODE    3E2FH     00D0H     UNIT         ?PR?_ATOI?ATOI
            CODE    3EFFH     00C9H     UNIT         ?PR?ERRTABLE?8051LIB
            CODE    3FC8H     00C7H     UNIT         ?PR?READEEPROM?TP1200
            CODE    408FH     00C3H     UNIT         ?PR?ERRDUMP?8051LIB
            CODE    4152H     00BEH     UNIT         ?CO?MAIN
            CODE    4210H     00B8H     UNIT         ?PR?_ERRLOOKUP?8051LIB
            CODE    42C8H     00B7H     UNIT         ?PR?LOAD_PRODUCT_INFO?TP1200
            CODE    437FH     00ADH     UNIT         ?PR?_CALCULATE_CRC32?TP1200
            CODE    442CH     00A7H     UNIT         ?PR?_READ_EEPROM_FLOATS?TP1200
            CODE    44D3H     00A6H     UNIT         ?PR?LOAD_LIN_DATA_T?TP1200
            CODE    4579H     00A3H     UNIT         ?C_C51STARTUP
            CODE    461CH     009CH     UNIT         ?PR?LOAD_LUT_T_ADC?TP1200
            CODE    46B8H     0083H     UNIT         LONGMULT_CODE_SEG
            CODE    473BH     0080H     UNIT         ?PR?_WRITEERRORQUE?8051LIB
            CODE    47BBH     007AH     UNIT         ?PR?_CHECKCOMMAND?8051LIB
            CODE    4835H     0078H     UNIT         ?PR?LOAD_PRESSURE_LUT?TP1200
            CODE    48ADH     0076H     UNIT         ?PR?_READ_EEPROM_BYTES?TP1200
            CODE    4923H     0060H     UNIT         ?PR?_PARSECOMMAND?8051LIB
            CODE    4983H     005CH     UNIT         INT4_CODE_SEG
            CODE    49DFH     0058H     UNIT         ?PR?_FLASH_WRITE?8051LIB
            CODE    4A37H     0050H     UNIT         ?PR?_STRUP?8051LIB
            CODE    4A87H     0050H     UNIT         ?PR?_FLASH_READ?8051LIB
            CODE    4AD7H     003EH     UNIT         ?PR?_CRC8?8051LIB
            CODE    4B15H     003AH     UNIT         ?PR?_PUTCHAR?8051LIB
            CODE    4B4FH     0034H     UNIT         ?PR?WRITENVRAM?MAIN
            CODE    4B83H     002FH     UNIT         ?PR?_FLASH_BYTEWRITE?8051LIB
            CODE    4BB2H     002FH     UNIT         ?PR?_FLASH_PAGEERASE?8051LIB
            CODE    4BE1H     002EH     UNIT         ?PR?_TRANSMIT_UART0?8051LIB
            CODE    4C0FH     0022H     UNIT         ?C_INITSEG
            CODE    4C31H     001AH     UNIT         ?PR?INITSERIAL?8051LIB
            CODE    4C4BH     0017H     UNIT         ?PR?_ABSDIFF?8051LIB
            CODE    4C62H     0016H     UNIT         ?PR?TIMER_INIT?IPTCONFIG
            CODE    4C78H     0015H     UNIT         ?PR?SPIOREAD?MAIN
            CODE    4C8DH     0015H     UNIT         ?PR?INITEQUE?8051LIB
            CODE    4CA2H     0015H     UNIT         ?PR?LOAD_LUT_P_ADC?TP1200
            CODE    4CB7H     0014H     UNIT         ?PR?_ISSPACE?ISSPACE
BL51 BANKED LINKER/LOCATER V6.22.4.0                                                  08/06/2025  16:49:47  PAGE 4


            CODE    4CCBH     0013H     UNIT         ?PR?GETCHAR?GETCHAR
            CODE    4CDEH     0012H     UNIT         ?PR?_SPIOWRITE?MAIN
            CODE    4CF0H     0012H     UNIT         ?PR?INIT_DEVICE?IPTCONFIG
            CODE    4D02H     0012H     UNIT         ?PR?INITIALIZE_SENSOR?TP1200
            CODE    4D14H     0011H     UNIT         ?PR?_TOUPPER?TOUPPER
            CODE    4D25H     0010H     UNIT         ?PR?PORT_IO_INIT?IPTCONFIG
            CODE    4D35H     000FH     UNIT         ?PR?_ISDIGIT?ISDIGIT
            CODE    4D44H     000BH     UNIT         ?PR?_RUNCRC8?8051LIB
            CODE    4D4FH     000BH     UNIT         ?PR?_COMPPRESSUREUNADJUSTED?TP1200
            CODE    4D5AH     000AH     UNIT         ?PR?SPI_INIT?IPTCONFIG
            CODE    4D64H     000AH     UNIT         ?PR?_GETKEY?_GETKEY
            CODE    4D6EH     0009H     UNIT         ?PR?_SETRSTATUS?8051LIB
            CODE    4D77H     0007H     UNIT         ?PR?INTERRUPTS_INIT?IPTCONFIG
            CODE    4D7EH     0007H     UNIT         ?PR?GETCHAR?UNGETCHAR
            CODE    4D85H     0004H     UNIT         ?PR?EXT7_ISR?8051LIB



OVERLAY MAP OF MODULE:   IPT (?C_STARTUP)


SEGMENT                                             BIT_GROUP          DATA_GROUP          PDATA_GROUP
  +--> CALLED SEGMENT                            START    LENGTH     START    LENGTH     START    LENGTH
--------------------------------------------------------------------------------------------------------
?C_C51STARTUP                                    -----    -----      -----    -----      -----    -----
  +--> ?PR?MAIN?MAIN
  +--> ?C_INITSEG

?PR?MAIN?MAIN                                    -----    -----      0008H    000AH      002FH    0009H
  +--> ?PR?INIT_DEVICE?IPTCONFIG
  +--> ?PR?_SETRSTATUS?8051LIB
  +--> ?PR?INITEQUE?8051LIB
  +--> ?PR?INITSERIAL?8051LIB
  +--> ?PR?_FLASH_READ?8051LIB
  +--> ?PR?_CRC8?8051LIB
  +--> ?PR?INITIALIZE_SENSOR?TP1200
  +--> ?PR?_GET_RAW_SENSOR_READINGS?TP1200
  +--> ?PR?_CALCULATE_COMPENSATED_TEMPERATUR...
  +--> ?PR?_CALCULATE_COMPENSATED_PRESSURE?T...
  +--> ?PR?_APPLY_SYSTEM_CALIBRATION?TP1200
  +--> ?PR?GETHOSTPACKET?8051LIB
  +--> ?CO?MAIN
  +--> ?PR?PRINTF?PRINTF
  +--> ?PR?_ATOI?ATOI
  +--> ?PR?READEEPROM?TP1200
  +--> ?PR?WRITENVRAM?MAIN
  +--> ?PR?_PRINT_FLOAT?MAIN

?PR?INIT_DEVICE?IPTCONFIG                        -----    -----      -----    -----      -----    -----
  +--> ?PR?TIMER_INIT?IPTCONFIG
  +--> ?PR?UART_INIT?IPTCONFIG
  +--> ?PR?SPI_INIT?IPTCONFIG
  +--> ?PR?PORT_IO_INIT?IPTCONFIG
  +--> ?PR?OSCILLATOR_INIT?IPTCONFIG
  +--> ?PR?INTERRUPTS_INIT?IPTCONFIG

?PR?_FLASH_READ?8051LIB                          -----    -----      -----    -----      0038H    0006H
BL51 BANKED LINKER/LOCATER V6.22.4.0                                                  08/06/2025  16:49:47  PAGE 5


  +--> ?PR?_WRITEERRORQUE?8051LIB
  +--> ?PR?_FLASH_BYTEREAD?8051LIB

?PR?_FLASH_BYTEREAD?8051LIB                      0021H.0  0000H.2    0012H    0002H      -----    -----

?PR?_CRC8?8051LIB                                -----    -----      -----    -----      0038H    0004H
  +--> ?PR?_RUNCRC8?8051LIB

?PR?_RUNCRC8?8051LIB                             -----    -----      -----    -----      -----    -----
  +--> ?CO?8051LIB

?PR?INITIALIZE_SENSOR?TP1200                     -----    -----      -----    -----      -----    -----
  +--> ?PR?LOAD_PRODUCT_INFO?TP1200
  +--> ?PR?LOAD_ADC_CONFIG?TP1200
  +--> ?PR?LOAD_LIN_DATA_T?TP1200
  +--> ?PR?LOAD_LUT_P_ADC?TP1200
  +--> ?PR?LOAD_LUT_T_ADC?TP1200
  +--> ?PR?LOAD_PRESSURE_LUT?TP1200

?PR?LOAD_PRODUCT_INFO?TP1200                     -----    -----      -----    -----      0038H    0004H
  +--> ?PR?_READ_EEPROM_BYTES?TP1200

?PR?_READ_EEPROM_BYTES?TP1200                    -----    -----      -----    -----      00ACH    0009H
  +--> ?PR?_SPIOWRITE?MAIN
  +--> ?PR?SPIOREAD?MAIN

?PR?LOAD_ADC_CONFIG?TP1200                       -----    -----      -----    -----      0038H    0001H
  +--> ?PR?_SPIOWRITE?MAIN
  +--> ?PR?SPIOREAD?MAIN

?PR?LOAD_LIN_DATA_T?TP1200                       -----    -----      -----    -----      0038H    0007H
  +--> ?PR?_SPIOWRITE?MAIN
  +--> ?PR?SPIOREAD?MAIN

?PR?LOAD_LUT_P_ADC?TP1200                        -----    -----      -----    -----      -----    -----
  +--> ?PR?_READ_EEPROM_FLOATS?TP1200

?PR?_READ_EEPROM_FLOATS?TP1200                   -----    -----      -----    -----      0041H    000DH
  +--> ?PR?_SPIOWRITE?MAIN
  +--> ?PR?SPIOREAD?MAIN

?PR?LOAD_LUT_T_ADC?TP1200                        -----    -----      -----    -----      0038H    000AH
  +--> ?PR?_READ_EEPROM_BYTES?TP1200

?PR?LOAD_PRESSURE_LUT?TP1200                     -----    -----      -----    -----      0038H    0009H
  +--> ?PR?_READ_EEPROM_FLOATS?TP1200

?PR?_GET_RAW_SENSOR_READINGS?TP1200              -----    -----      -----    -----      0038H    000BH
  +--> ?PR?_SPIOWRITE?MAIN
  +--> ?PR?RELOADWATCHDOG?MAIN
  +--> ?PR?SPIOREAD?MAIN

?PR?_CALCULATE_COMPENSATED_TEMPERATUR...         -----    -----      -----    -----      0038H    0010H

?PR?_CALCULATE_COMPENSATED_PRESSURE?T...         -----    -----      -----    -----      005CH    0046H

?PR?_APPLY_SYSTEM_CALIBRATION?TP1200             -----    -----      -----    -----      0038H    0010H
BL51 BANKED LINKER/LOCATER V6.22.4.0                                                  08/06/2025  16:49:47  PAGE 6



?PR?GETHOSTPACKET?8051LIB                        -----    -----      -----    -----      0038H    0001H
  +--> ?PR?_GETCOMMAND?8051LIB
  +--> ?PR?_ISDIGIT?ISDIGIT

?PR?_GETCOMMAND?8051LIB                          -----    -----      -----    -----      -----    -----
  +--> ?CO?8051LIB
  +--> ?PR?SCANF?SCANF
  +--> ?PR?_STRUP?8051LIB
  +--> ?PR?_PARSECOMMAND?8051LIB
  +--> ?PR?_MENUTASK?8051LIB

?PR?SCANF?SCANF                                  0021H.0  0000H.6    0012H    0009H      003CH    0015H
  +--> ?PR?GETCHAR?UNGETCHAR
  +--> ?PR?_ISSPACE?ISSPACE
  +--> ?PR?GETCHAR?GETCHAR
  +--> ?PR??C?ATOF??C?ATOF

?PR?GETCHAR?GETCHAR                              -----    -----      -----    -----      -----    -----
  +--> ?PR?_GETKEY?_GETKEY
  +--> ?PR?_PUTCHAR?8051LIB

?PR?_PUTCHAR?8051LIB                             -----    -----      -----    -----      0085H    0003H
  +--> ?PR?_ABSDIFF?8051LIB
  +--> ?PR?_TRANSMIT_UART0?8051LIB

?PR?_TRANSMIT_UART0?8051LIB                      -----    -----      -----    -----      0088H    0001H
  +--> ?PR?_WRITEERRORQUE?8051LIB

?PR??C?ATOF??C?ATOF                              0021H.6  0000H.5    001BH    0002H      -----    -----

?PR?_STRUP?8051LIB                               -----    -----      -----    -----      0039H    0005H
  +--> ?PR?_TOUPPER?TOUPPER

?PR?_PARSECOMMAND?8051LIB                        -----    -----      -----    -----      -----    -----
  +--> ?CO?8051LIB
  +--> ?PR?_CHECKCOMMAND?8051LIB
  +--> ?PR?_MENUTASK?8051LIB

?PR?_CHECKCOMMAND?8051LIB                        -----    -----      -----    -----      0039H    0008H

?PR?_MENUTASK?8051LIB                            -----    -----      -----    -----      0039H    0003H
  +--> ?CO?8051LIB
  +--> ?PR?PRINTF?PRINTF
  +--> ?CO?MAIN
  +--> ?PR?ERRDUMP?8051LIB
  +--> ?PR?ERRTABLE?8051LIB
  +--> ?PR?SCANF?SCANF
  +--> ?PR?DISPLAY_MEMSCAP_EEPROM_INFO?TP1200
  +--> ?PR?_PRINT_FLOAT?MAIN

?PR?PRINTF?PRINTF                                0021H.0  0001H.1    0012H    0005H      006EH    0017H
  +--> ?PR?_PUTCHAR?8051LIB

?PR?ERRDUMP?8051LIB                              -----    -----      -----    -----      003CH    0001H
  +--> ?CO?8051LIB
  +--> ?PR?PRINTF?PRINTF
BL51 BANKED LINKER/LOCATER V6.22.4.0                                                  08/06/2025  16:49:47  PAGE 7


  +--> ?CO?ERROR
  +--> ?PR?_ERRLOOKUP?8051LIB

?PR?_ERRLOOKUP?8051LIB                           -----    -----      -----    -----      003DH    0002H
  +--> ?CO?ERROR
  +--> ?CO?8051LIB
  +--> ?PR?PRINTF?PRINTF

?PR?ERRTABLE?8051LIB                             -----    -----      -----    -----      003CH    0002H
  +--> ?CO?8051LIB
  +--> ?PR?PRINTF?PRINTF
  +--> ?CO?ERROR

?PR?DISPLAY_MEMSCAP_EEPROM_INFO?TP1200           -----    -----      -----    -----      003CH    0020H
  +--> ?PR?_READ_EEPROM_BYTES?TP1200
  +--> ?CO?TP1200
  +--> ?PR?PRINTF?PRINTF
  +--> ?PR?_PRINT_FLOAT?MAIN
  +--> ?PR?_COMPPRESSUREUNADJUSTED?TP1200

?PR?_PRINT_FLOAT?MAIN                            -----    -----      -----    -----      005CH    0012H
  +--> ?CO?MAIN
  +--> ?PR?PRINTF?PRINTF

?PR?_COMPPRESSUREUNADJUSTED?TP1200               -----    -----      -----    -----      -----    -----
  +--> ?PR?_CALCULATE_COMPENSATED_PRESSURE?T...

?PR?_ATOI?ATOI                                   0021H.0  0000H.1    -----    -----      0038H    0005H
  +--> ?PR?_ISSPACE?ISSPACE
  +--> ?PR?_ISDIGIT?ISDIGIT

?PR?READEEPROM?TP1200                            -----    -----      -----    -----      0038H    0074H
  +--> ?PR?_READ_EEPROM_BYTES?TP1200
  +--> ?PR?_CALCULATE_CRC32?TP1200

?PR?_CALCULATE_CRC32?TP1200                      -----    -----      -----    -----      00ACH    0009H
  +--> ?CO?TP1200

?PR?WRITENVRAM?MAIN                              -----    -----      -----    -----      -----    -----
  +--> ?PR?_CRC8?8051LIB
  +--> ?PR?_FLASH_WRITE?8051LIB

?PR?_FLASH_WRITE?8051LIB                         -----    -----      -----    -----      0038H    0006H
  +--> ?PR?_WRITEERRORQUE?8051LIB
  +--> ?PR?_FLASH_PAGEERASE?8051LIB
  +--> ?PR?_FLASH_BYTEWRITE?8051LIB

?PR?_FLASH_PAGEERASE?8051LIB                     0021H.0  0000H.2    0012H    0002H      -----    -----

?PR?_FLASH_BYTEWRITE?8051LIB                     0021H.0  0000H.2    0012H    0002H      -----    -----



SYMBOL TABLE OF MODULE:  IPT (?C_STARTUP)

  VALUE           TYPE          NAME
  ----------------------------------
BL51 BANKED LINKER/LOCATER V6.22.4.0                                                  08/06/2025  16:49:47  PAGE 8



  -------         MODULE        ?C_STARTUP
  C:4579H         SEGMENT       ?C_C51STARTUP
  I:0037H         SEGMENT       ?STACK
  C:0000H         PUBLIC        ?C_STARTUP
  D:00E0H         SYMBOL        ACC
  D:00F0H         SYMBOL        B
  D:0083H         SYMBOL        DPH
  D:0082H         SYMBOL        DPL
  N:0000H         SYMBOL        IBPSTACK
  N:0100H         SYMBOL        IBPSTACKTOP
  N:0080H         SYMBOL        IDATALEN
  C:457CH         SYMBOL        IDATALOOP
  N:0000H         SYMBOL        PBPSTACK
  N:0100H         SYMBOL        PBPSTACKTOP
  N:00FFH         SYMBOL        PDATALEN
  C:4592H         SYMBOL        PDATALOOP
  N:0000H         SYMBOL        PDATASTART
  N:0000H         SYMBOL        PPAGE
  N:0000H         SYMBOL        PPAGEENABLE
  D:00A0H         SYMBOL        PPAGE_SFR
  D:0081H         SYMBOL        SP
  C:4579H         SYMBOL        STARTUP1
  N:0000H         SYMBOL        XBPSTACK
  N:0000H         SYMBOL        XBPSTACKTOP
  N:0FFFH         SYMBOL        XDATALEN
  C:4587H         SYMBOL        XDATALOOP
  N:0000H         SYMBOL        XDATASTART
  C:0000H         LINE#         126
  C:4579H         LINE#         133
  C:457BH         LINE#         134
  C:457CH         LINE#         135
  C:457DH         LINE#         136
  C:457FH         LINE#         140
  C:4582H         LINE#         141
  C:4584H         LINE#         143
  C:4586H         LINE#         147
  C:4587H         LINE#         148
  C:4588H         LINE#         149
  C:4589H         LINE#         150
  C:458BH         LINE#         151
  C:458DH         LINE#         159
  C:458FH         LINE#         160
  C:4591H         LINE#         161
  C:4592H         LINE#         162
  C:4593H         LINE#         163
  C:4594H         LINE#         164
  C:4596H         LINE#         185
  C:4599H         LINE#         196
  -------         ENDMOD        ?C_STARTUP

  -------         MODULE        MAIN
  C:0000H         SYMBOL        _ICE_DUMMY_
  D:002FH         PUBLIC        ck1
  D:0080H         PUBLIC        P0
  D:0030H         PUBLIC        ck2
  B:0090H.2       PUBLIC        CS_EE
BL51 BANKED LINKER/LOCATER V6.22.4.0                                                  08/06/2025  16:49:47  PAGE 9


  D:0090H         PUBLIC        P1
  B:00A0H.7       PUBLIC        CS_5V
  D:00FFH         PUBLIC        WDTCN
  D:00A0H         PUBLIC        P2
  D:00B0H         PUBLIC        P3
  B:00A8H.7       PUBLIC        EA
  X:0000H         PUBLIC        offset
  D:0031H         PUBLIC        scale
  C:001DH         PUBLIC        ReloadWatchdog
  B:0090H.0       PUBLIC        CS_PR
  C:135DH         PUBLIC        main
  B:00F8H.7       PUBLIC        SPIF
  X:0002H         PUBLIC        span
  C:4C78H         PUBLIC        SPIORead
  C:41F4H         PUBLIC        EXFILE
  C:41E6H         PUBLIC        EXNAME
  C:41EDH         PUBLIC        EXVERSION
  C:4CDEH         PUBLIC        _SPIOWrite
  D:0033H         PUBLIC        psi
  D:008DH         PUBLIC        TH1
  C:41FBH         PUBLIC        EXTIME
  C:4B4FH         PUBLIC        WriteNVRam
  B:00A0H.4       PUBLIC        LED
  C:41F3H         PUBLIC        EXPART
  D:00EFH         PUBLIC        RSTSRC
  C:3743H         PUBLIC        _Print_Float
  D:009AH         PUBLIC        SPI0CFG
  X:0004H         PUBLIC        NVR_Buf
  D:009BH         PUBLIC        SPI0DAT
  -------         PROC          MAIN
  -------         DO            
  X:002FH         SYMBOL        a
  D:0008H         SYMBOL        RetStr
  X:0030H         SYMBOL        raw_temp_adc
  X:0032H         SYMBOL        raw_press_adc
  X:0034H         SYMBOL        compensated_temp_c
  D:0004H         SYMBOL        compensated_press
  C:136DH         SYMBOL        task0
  C:1498H         SYMBOL        task1
  C:1371H         SYMBOL        task2
  C:1373H         SYMBOL        task3
  C:1375H         SYMBOL        task4
  C:1494H         SYMBOL        task5
  C:1379H         SYMBOL        task6
  C:137BH         SYMBOL        task7
  C:14FBH         SYMBOL        idle
  -------         ENDDO         
  C:135DH         LINE#         115
  C:135DH         LINE#         122
  C:1360H         LINE#         123
  C:1363H         LINE#         125
  C:1365H         LINE#         129
  C:1367H         LINE#         130
  C:1369H         LINE#         132
  C:136CH         LINE#         133
  C:136FH         LINE#         136
  C:1374H         LINE#         139
BL51 BANKED LINKER/LOCATER V6.22.4.0                                                  08/06/2025  16:49:47  PAGE 10


  C:1379H         LINE#         140
  C:1380H         LINE#         141
  C:1380H         LINE#         143
  C:1385H         LINE#         144
  C:138CH         LINE#         145
  C:138CH         LINE#         147
  C:1391H         LINE#         148
  C:1398H         LINE#         149
  C:1398H         LINE#         151
  C:139DH         LINE#         152
  C:13A4H         LINE#         153
  C:13A4H         LINE#         155
  C:13A9H         LINE#         156
  C:13B0H         LINE#         157
  C:13B0H         LINE#         159
  C:13B5H         LINE#         160
  C:13BCH         LINE#         161
  C:13BCH         LINE#         162
  C:13BCH         LINE#         164
  C:13BFH         LINE#         165
  C:13C2H         LINE#         167
  C:13C7H         LINE#         168
  C:13CAH         LINE#         169
  C:13CDH         LINE#         170
  C:13D5H         LINE#         171
  C:13DDH         LINE#         174
  C:13E1H         LINE#         175
  C:13E6H         LINE#         177
  C:13E8H         LINE#         180
  C:13F3H         LINE#         181
  C:1402H         LINE#         182
  C:1408H         LINE#         183
  C:140EH         LINE#         184
  C:1412H         LINE#         185
  C:1414H         LINE#         186
  C:1421H         LINE#         187
  C:1425H         LINE#         188
  C:142CH         LINE#         189
  C:142EH         LINE#         190
  C:143BH         LINE#         191
  C:1448H         LINE#         192
  C:1448H         LINE#         196
  C:144CH         LINE#         197
  C:1451H         LINE#         198
  C:1451H         LINE#         200
  C:1454H         LINE#         203
  C:1456H         LINE#         207
  C:1456H         LINE#         209
  C:1459H         LINE#         215
  C:1461H         LINE#         216
  C:1468H         LINE#         217
  C:1470H         LINE#         218
  C:1478H         LINE#         219
  C:147FH         LINE#         220
  C:1486H         LINE#         221
  C:148DH         LINE#         222
  C:1494H         LINE#         223
BL51 BANKED LINKER/LOCATER V6.22.4.0                                                  08/06/2025  16:49:47  PAGE 11


  C:1494H         LINE#         225
  C:1494H         LINE#         227
  C:1494H         LINE#         229
  C:1494H         LINE#         231
  C:1494H         LINE#         233
  C:1494H         LINE#         235
  C:1496H         LINE#         236
  C:1498H         LINE#         238
  C:1498H         LINE#         239
  C:1498H         LINE#         241
  C:1498H         LINE#         242
  C:1498H         LINE#         244
  C:1498H         LINE#         245
  C:1498H         LINE#         247
  C:1498H         LINE#         248
  C:14AEH         LINE#         249
  C:14BDH         LINE#         250
  C:14C5H         LINE#         251
  C:14D6H         LINE#         252
  C:14FBH         LINE#         253
  C:14FBH         LINE#         255
  C:14FBH         LINE#         256
  C:14FBH         LINE#         258
  C:14FBH         LINE#         259
  C:1505H         LINE#         263
  C:150CH         LINE#         264
  C:1518H         LINE#         266
  C:1538H         LINE#         269
  C:1588H         LINE#         272
  C:1588H         LINE#         273
  C:158CH         LINE#         274
  C:159BH         LINE#         275
  C:159BH         LINE#         276
  C:159EH         LINE#         277
  C:15B5H         LINE#         278
  C:15B5H         LINE#         279
  C:15B8H         LINE#         282
  C:15B8H         LINE#         283
  C:15BCH         LINE#         285
  C:15C9H         LINE#         286
  C:15E8H         LINE#         287
  C:15E8H         LINE#         288
  C:15E8H         LINE#         289
  C:15EBH         LINE#         290
  C:15EEH         LINE#         291
  C:15EEH         LINE#         292
  C:15F1H         LINE#         293
  C:15F4H         LINE#         294
  C:15F4H         LINE#         295
  C:15F7H         LINE#         296
  C:15FAH         LINE#         297
  C:15FAH         LINE#         298
  C:15FDH         LINE#         299
  C:1600H         LINE#         300
  C:1600H         LINE#         301
  C:1603H         LINE#         302
  C:1606H         LINE#         303
BL51 BANKED LINKER/LOCATER V6.22.4.0                                                  08/06/2025  16:49:47  PAGE 12


  C:1606H         LINE#         304
  C:1609H         LINE#         305
  C:160CH         LINE#         306
  C:160CH         LINE#         307
  C:160CH         LINE#         308
  C:1623H         LINE#         309
  C:1623H         LINE#         310
  C:1626H         LINE#         313
  C:1626H         LINE#         314
  C:164DH         LINE#         315
  C:1650H         LINE#         318
  C:1650H         LINE#         319
  C:1654H         LINE#         320
  C:1666H         LINE#         321
  C:1669H         LINE#         322
  C:166CH         LINE#         323
  C:166CH         LINE#         324
  C:1681H         LINE#         325
  C:1685H         LINE#         326
  C:1685H         LINE#         327
  C:1685H         LINE#         328
  C:1688H         LINE#         329
  C:16AEH         LINE#         330
  C:16AEH         LINE#         331
  C:16B1H         LINE#         334
  C:16B1H         LINE#         335
  C:16B5H         LINE#         336
  C:16C0H         LINE#         337
  C:16C5H         LINE#         338
  C:16C5H         LINE#         339
  C:16C8H         LINE#         340
  C:16DFH         LINE#         341
  C:16DFH         LINE#         342
  C:16E2H         LINE#         345
  C:16E2H         LINE#         346
  C:170CH         LINE#         349
  C:170FH         LINE#         352
  C:170FH         LINE#         353
  C:1738H         LINE#         354
  C:173BH         LINE#         357
  C:173BH         LINE#         358
  C:1749H         LINE#         359
  C:174EH         LINE#         360
  C:175AH         LINE#         361
  C:175CH         LINE#         362
  C:1777H         LINE#         363
  C:1777H         LINE#         364
  C:177DH         LINE#         365
  C:1780H         LINE#         367
  C:1780H         LINE#         368
  C:17A4H         LINE#         369
  C:17A7H         LINE#         372
  C:17A7H         LINE#         374
  C:17BCH         LINE#         375
  C:17D1H         LINE#         376
  C:17D7H         LINE#         377
  C:17DAH         LINE#         380
BL51 BANKED LINKER/LOCATER V6.22.4.0                                                  08/06/2025  16:49:47  PAGE 13


  C:17DAH         LINE#         382
  C:17EFH         LINE#         383
  C:1822H         LINE#         384
  C:1828H         LINE#         385
  C:182BH         LINE#         388
  C:182BH         LINE#         389
  C:1849H         LINE#         390
  C:184CH         LINE#         393
  C:184CH         LINE#         394
  C:184CH         LINE#         397
  C:184CH         LINE#         398
  C:184CH         LINE#         401
  C:184CH         LINE#         402
  C:1850H         LINE#         403
  C:1860H         LINE#         404
  C:1860H         LINE#         405
  C:1862H         LINE#         406
  C:1881H         LINE#         407
  C:1883H         LINE#         410
  C:1883H         LINE#         411
  C:1887H         LINE#         412
  C:1897H         LINE#         413
  C:189AH         LINE#         414
  C:189DH         LINE#         415
  C:18BCH         LINE#         416
  C:18BEH         LINE#         419
  C:18BEH         LINE#         420
  C:18DFH         LINE#         421
  C:18E2H         LINE#         424
  C:18E2H         LINE#         425
  C:18F7H         LINE#         428
  C:18F7H         LINE#         429
  C:18F7H         LINE#         430
  -------         ENDPROC       MAIN
  -------         PROC          _SPIOWRITE
  D:0007H         SYMBOL        b
  -------         DO            
  D:0006H         SYMBOL        a
  -------         ENDDO         
  C:4CDEH         LINE#         454
  C:4CDEH         LINE#         455
  C:4CE0H         LINE#         456
  C:4CE2H         LINE#         457
  C:4CE4H         LINE#         458
  C:4CEDH         LINE#         460
  C:4CEFH         LINE#         461
  -------         ENDPROC       _SPIOWRITE
  -------         PROC          SPIOREAD
  -------         DO            
  D:0007H         SYMBOL        a
  -------         ENDDO         
  C:4C78H         LINE#         469
  C:4C78H         LINE#         470
  C:4C7AH         LINE#         471
  C:4C7CH         LINE#         472
  C:4C7FH         LINE#         473
  C:4C88H         LINE#         475
BL51 BANKED LINKER/LOCATER V6.22.4.0                                                  08/06/2025  16:49:47  PAGE 14


  C:4C8AH         LINE#         476
  C:4C8CH         LINE#         477
  -------         ENDPROC       SPIOREAD
  -------         PROC          WRITENVRAM
  C:4B4FH         LINE#         485
  C:4B4FH         LINE#         486
  C:4B5CH         LINE#         487
  C:4B69H         LINE#         488
  C:4B78H         LINE#         489
  -------         ENDPROC       WRITENVRAM
  -------         PROC          _PRINT_FLOAT
  X:005CH         SYMBOL        f
  X:0060H         SYMBOL        precision
  -------         DO            
  X:0061H         SYMBOL        integer_part
  X:0065H         SYMBOL        fractional_part
  X:0069H         SYMBOL        scale
  X:006DH         SYMBOL        i
  -------         ENDDO         
  C:3743H         LINE#         519
  C:3748H         LINE#         520
  C:3748H         LINE#         523
  C:3751H         LINE#         526
  C:3760H         LINE#         527
  C:377BH         LINE#         528
  C:3782H         LINE#         530
  C:379CH         LINE#         531
  C:37A5H         LINE#         532
  C:37BAH         LINE#         533
  C:37BAH         LINE#         535
  C:37CFH         LINE#         536
  C:382FH         LINE#         538
  C:384AH         LINE#         540
  C:386BH         LINE#         541
  C:3886H         LINE#         542
  C:388FH         LINE#         543
  C:388FH         LINE#         544
  C:3899H         LINE#         545
  -------         ENDPROC       _PRINT_FLOAT
  -------         PROC          RELOADWATCHDOG
  C:001DH         LINE#         548
  C:001DH         LINE#         549
  C:001DH         LINE#         550
  C:0020H         LINE#         551
  -------         ENDPROC       RELOADWATCHDOG
  -------         ENDMOD        MAIN

  -------         MODULE        IPTCONFIG
  C:0000H         SYMBOL        _ICE_DUMMY_
  D:009DH         PUBLIC        SPI0CKR
  D:00E7H         PUBLIC        EIE2
  D:00E8H         PUBLIC        ADC0CN
  D:00A4H         PUBLIC        P0MDOUT
  D:00A5H         PUBLIC        P1MDOUT
  D:00A8H         PUBLIC        IE
  D:00A6H         PUBLIC        P2MDOUT
  D:0093H         PUBLIC        TMR3RLH
BL51 BANKED LINKER/LOCATER V6.22.4.0                                                  08/06/2025  16:49:47  PAGE 15


  D:0092H         PUBLIC        TMR3RLL
  C:4D25H         PUBLIC        Port_IO_Init
  D:00D8H         PUBLIC        PCA0CN
  D:00B8H         PUBLIC        IP
  C:0003H         PUBLIC        Oscillator_Init
  D:00E1H         PUBLIC        XBR0
  D:00E3H         PUBLIC        XBR2
  D:00C0H         PUBLIC        SMB0CN
  D:00F8H         PUBLIC        SPI0CN
  C:006DH         PUBLIC        UART_Init
  D:0089H         PUBLIC        TMOD
  D:0088H         PUBLIC        TCON
  D:0091H         PUBLIC        TMR3CN
  C:4D77H         PUBLIC        Interrupts_Init
  D:00B2H         PUBLIC        OSCICN
  C:4CF0H         PUBLIC        Init_Device
  D:008DH         PUBLIC        TH1
  D:00B1H         PUBLIC        OSCXCN
  C:4D5AH         PUBLIC        SPI_Init
  D:0098H         PUBLIC        SCON0
  D:00C8H         PUBLIC        T2CON
  D:009AH         PUBLIC        SPI0CFG
  D:008EH         PUBLIC        CKCON
  C:4C62H         PUBLIC        Timer_Init
  D:00D0H         PUBLIC        PSW
  -------         PROC          TIMER_INIT
  C:4C62H         LINE#         9
  C:4C62H         LINE#         10
  C:4C62H         LINE#         11
  C:4C65H         LINE#         12
  C:4C68H         LINE#         13
  C:4C6BH         LINE#         14
  C:4C6EH         LINE#         15
  C:4C71H         LINE#         16
  C:4C74H         LINE#         17
  C:4C77H         LINE#         18
  -------         ENDPROC       TIMER_INIT
  -------         PROC          UART_INIT
  C:006DH         LINE#         20
  C:006DH         LINE#         21
  C:006DH         LINE#         22
  C:0070H         LINE#         23
  -------         ENDPROC       UART_INIT
  -------         PROC          SPI_INIT
  C:4D5AH         LINE#         25
  C:4D5AH         LINE#         26
  C:4D5AH         LINE#         27
  C:4D5DH         LINE#         28
  C:4D60H         LINE#         29
  C:4D63H         LINE#         30
  -------         ENDPROC       SPI_INIT
  -------         PROC          PORT_IO_INIT
  C:4D25H         LINE#         32
  C:4D25H         LINE#         33
  C:4D25H         LINE#         70
  C:4D28H         LINE#         71
  C:4D2BH         LINE#         72
BL51 BANKED LINKER/LOCATER V6.22.4.0                                                  08/06/2025  16:49:47  PAGE 16


  C:4D2EH         LINE#         73
  C:4D31H         LINE#         74
  C:4D34H         LINE#         75
  -------         ENDPROC       PORT_IO_INIT
  -------         PROC          OSCILLATOR_INIT
  -------         DO            
  D:0006H         SYMBOL        i
  -------         ENDDO         
  C:0003H         LINE#         77
  C:0003H         LINE#         78
  C:0003H         LINE#         79
  C:0006H         LINE#         80
  C:0009H         LINE#         81
  C:0014H         LINE#         82
  C:0019H         LINE#         83
  C:001CH         LINE#         84
  -------         ENDPROC       OSCILLATOR_INIT
  -------         PROC          INTERRUPTS_INIT
  C:4D77H         LINE#         86
  C:4D77H         LINE#         87
  C:4D77H         LINE#         88
  C:4D7AH         LINE#         89
  C:4D7DH         LINE#         90
  -------         ENDPROC       INTERRUPTS_INIT
  -------         PROC          INIT_DEVICE
  C:4CF0H         LINE#         94
  C:4CF0H         LINE#         95
  C:4CF0H         LINE#         96
  C:4CF3H         LINE#         97
  C:4CF6H         LINE#         98
  C:4CF9H         LINE#         99
  C:4CFCH         LINE#         100
  C:4CFFH         LINE#         101
  -------         ENDPROC       INIT_DEVICE
  -------         ENDMOD        IPTCONFIG

  -------         MODULE        8051LIB
  C:0000H         SYMBOL        _ICE_DUMMY_
  D:0023H         PUBLIC        OutTp
  D:0080H         PUBLIC        P0
  D:0090H         PUBLIC        P1
  C:1D55H         PUBLIC        LIBVERSION
  D:00FFH         PUBLIC        WDTCN
  D:00A0H         PUBLIC        P2
  B:00A8H.7       PUBLIC        EA
  C:0026H         PUBLIC        Timer3_ISR
  D:008FH         PUBLIC        PSCTL
  C:1D64H         PUBLIC        LIBTIME
  C:4C8DH         PUBLIC        InitEQue
  C:4D6EH         PUBLIC        _SetRStatus
  C:1D79H         PUBLIC        Line
  X:0016H         PUBLIC        t4c
  B:0022H.3       PUBLIC        TX_Int_Restart_Flag1
  X:0017H         PUBLIC        Parm
  C:4C4BH         PUBLIC        _AbsDiff
  D:00ADH         PUBLIC        P3IF
  X:0027H         PUBLIC        t4m
BL51 BANKED LINKER/LOCATER V6.22.4.0                                                  08/06/2025  16:49:47  PAGE 17


  C:3EFFH         PUBLIC        ErrTable
  X:0028H         PUBLIC        t4o
  C:3D5BH         PUBLIC        GetHostPacket
  C:4A37H         PUBLIC        _Strup
  C:47BBH         PUBLIC        _CheckCommand
  C:4BE1H         PUBLIC        _Transmit_UART0
  D:0024H         PUBLIC        ParmIndx
  C:4210H         PUBLIC        _ErrLookup
  X:0E7CH         PUBLIC        RawCPUTemperature
  C:2BFCH         PUBLIC        _MenuTask
  D:0020H         PUBLIC        Tsf
  D:0025H         PUBLIC        HPCmd
  X:0E7EH         PUBLIC        MenuPoll
  B:0022H.4       PUBLIC        Echo1
  B:0022H.5       PUBLIC        Echo2
  D:0027H         PUBLIC        NetAdd
  X:0100H         PUBLIC        Rb
  X:0200H         PUBLIC        Tb
  C:4D85H         PUBLIC        Ext7_ISR
  D:0028H         PUBLIC        crc
  D:0091H         PUBLIC        TMR3CN
  X:0E7FH         PUBLIC        eqi
  C:4923H         PUBLIC        _ParseCommand
  C:408FH         PUBLIC        ErrDump
  C:1C48H         PUBLIC        CRCTable
  C:4BB2H         PUBLIC        _Flash_PageErase
  X:0E80H         PUBLIC        cb
  C:4D44H         PUBLIC        _RunCRC8
  C:4742H         PUBLIC        _WriteErrorQue
  D:0029H         PUBLIC        HPNetAdd
  B:0098H.1       PUBLIC        TI0
  C:4A87H         PUBLIC        _Flash_Read
  C:1DB4H         PUBLIC        mnu
  C:4AD7H         PUBLIC        _Crc8
  X:0EB2H         PUBLIC        cp
  X:0EE4H         PUBLIC        cs
  D:002AH         PUBLIC        RState
  D:002BH         PUBLIC        LError
  X:0029H         PUBLIC        RStatus
  B:0020H.0       PUBLIC        Tsf0
  B:0020H.1       PUBLIC        Tsf1
  C:49DFH         PUBLIC        _Flash_Write
  B:0022H.6       PUBLIC        TX_Int_Restart_Flag
  B:0020H.2       PUBLIC        Tsf2
  B:0020H.3       PUBLIC        Tsf3
  B:0020H.4       PUBLIC        Tsf4
  B:0020H.5       PUBLIC        Tsf5
  B:0020H.6       PUBLIC        Tsf6
  B:0020H.7       PUBLIC        Tsf7
  C:38B4H         PUBLIC        _GetCommand
  C:0076H         PUBLIC        _Flash_ByteRead
  X:0F16H         PUBLIC        TaskOverRun
  X:0F17H         PUBLIC        EQue
  C:1DA9H         PUBLIC        Head
  D:00B6H         PUBLIC        FLSCL
  C:4B83H         PUBLIC        _Flash_ByteWrite
  C:1D5AH         PUBLIC        LIBFILE
BL51 BANKED LINKER/LOCATER V6.22.4.0                                                  08/06/2025  16:49:47  PAGE 18


  D:002CH         PUBLIC        InRp
  C:1D48H         PUBLIC        LIBNAME
  C:4C31H         PUBLIC        InitSerial
  C:4B15H         PUBLIC        _putchar
  D:002DH         PUBLIC        InTp
  D:002EH         PUBLIC        OutRp
  -------         PROC          INITSERIAL
  C:4C31H         LINE#         155
  C:4C31H         LINE#         158
  C:4C33H         LINE#         159
  C:4C35H         LINE#         162
  C:4C38H         LINE#         163
  C:4C3AH         LINE#         164
  C:4C3CH         LINE#         165
  C:4C3EH         LINE#         167
  C:4C40H         LINE#         170
  C:4C42H         LINE#         171
  C:4C44H         LINE#         174
  C:4C46H         LINE#         175
  C:4C48H         LINE#         177
  C:4C4AH         LINE#         179
  -------         ENDPROC       INITSERIAL
  -------         PROC          GETHOSTPACKET
  -------         DO            
  X:0038H         SYMBOL        InChar
  -------         ENDDO         
  C:3D5BH         LINE#         188
  C:3D5BH         LINE#         191
  C:3D64H         LINE#         192
  C:3D76H         LINE#         194
  C:3D99H         LINE#         195
  C:3D99H         LINE#         196
  C:3DA0H         LINE#         197
  C:3DA3H         LINE#         198
  C:3DA5H         LINE#         199
  C:3DA8H         LINE#         200
  C:3DA8H         LINE#         201
  C:3DAAH         LINE#         203
  C:3DAAH         LINE#         204
  C:3DB3H         LINE#         205
  C:3DBEH         LINE#         206
  C:3DC1H         LINE#         207
  C:3DC3H         LINE#         212
  C:3DC3H         LINE#         213
  C:3DCCH         LINE#         214
  C:3DD5H         LINE#         215
  C:3DDEH         LINE#         216
  C:3DE1H         LINE#         217
  C:3DE4H         LINE#         218
  C:3DE4H         LINE#         219
  C:3DE4H         LINE#         220
  C:3DE6H         LINE#         221
  C:3DE9H         LINE#         222
  C:3DE9H         LINE#         223
  C:3DECH         LINE#         225
  C:3DECH         LINE#         226
  C:3DF1H         LINE#         227
BL51 BANKED LINKER/LOCATER V6.22.4.0                                                  08/06/2025  16:49:47  PAGE 19


  C:3DF4H         LINE#         228
  C:3DF7H         LINE#         230
  C:3DF7H         LINE#         231
  C:3DFCH         LINE#         232
  C:3DFFH         LINE#         233
  C:3E02H         LINE#         234
  C:3E05H         LINE#         236
  C:3E05H         LINE#         237
  C:3E0CH         LINE#         238
  C:3E13H         LINE#         239
  C:3E13H         LINE#         240
  C:3E15H         LINE#         241
  C:3E15H         LINE#         242
  C:3E1CH         LINE#         243
  C:3E1EH         LINE#         244
  C:3E21H         LINE#         245
  C:3E21H         LINE#         246
  C:3E24H         LINE#         248
  C:3E24H         LINE#         249
  C:3E27H         LINE#         250
  C:3E2AH         LINE#         252
  C:3E2AH         LINE#         253
  C:3E2AH         LINE#         254
  C:3E2EH         LINE#         255
  -------         ENDPROC       GETHOSTPACKET
  -------         PROC          _CRC8
  X:0038H         SYMBOL        DataPtr
  X:003BH         SYMBOL        len
  C:4AD7H         LINE#         269
  C:4AE4H         LINE#         270
  C:4AE7H         LINE#         272
  C:4AEFH         LINE#         273
  C:4B00H         LINE#         274
  C:4B0BH         LINE#         275
  C:4B12H         LINE#         276
  C:4B14H         LINE#         277
  -------         ENDPROC       _CRC8
  -------         PROC          _RUNCRC8
  D:0007H         SYMBOL        b
  C:4D44H         LINE#         314
  C:4D44H         LINE#         315
  C:4D4DH         LINE#         316
  C:4D4EH         LINE#         317
  -------         ENDPROC       _RUNCRC8
  -------         PROC          _TRANSMIT_UART0
  X:0088H         SYMBOL        c
  C:4BE1H         LINE#         331
  C:4BE5H         LINE#         334
  C:4BF5H         LINE#         335
  C:4BFAH         LINE#         336
  C:4C01H         LINE#         337
  C:4C03H         LINE#         338
  C:4C03H         LINE#         341
  C:4C06H         LINE#         342
  C:4C08H         LINE#         343
  C:4C0AH         LINE#         344
  C:4C0AH         LINE#         345
BL51 BANKED LINKER/LOCATER V6.22.4.0                                                  08/06/2025  16:49:47  PAGE 20


  C:4C0EH         LINE#         346
  -------         ENDPROC       _TRANSMIT_UART0
  -------         PROC          _PUTCHAR
  X:0085H         SYMBOL        c
  -------         DO            
  X:0086H         SYMBOL        to
  -------         ENDDO         
  C:4B15H         LINE#         360
  C:4B19H         LINE#         361
  C:4B1FH         LINE#         363
  C:4B3EH         LINE#         364
  C:4B41H         LINE#         365
  C:4B43H         LINE#         366
  C:4B4AH         LINE#         367
  C:4B4EH         LINE#         368
  -------         ENDPROC       _PUTCHAR
  -------         PROC          EXT7_ISR
  C:4D85H         LINE#         410
  C:4D85H         LINE#         411
  C:4D88H         LINE#         412
  -------         ENDPROC       EXT7_ISR
  -------         PROC          TIMER3_ISR
  -------         DO            
  D:0007H         SYMBOL        ShiftMask
  -------         ENDDO         
  C:0026H         LINE#         454
  C:0035H         LINE#         457
  C:0038H         LINE#         458
  C:003DH         LINE#         459
  C:003FH         LINE#         460
  C:0048H         LINE#         461
  C:004DH         LINE#         462
  C:0052H         LINE#         463
  C:0056H         LINE#         464
  C:0058H         LINE#         465
  C:005DH         LINE#         466
  C:0060H         LINE#         467
  -------         ENDPROC       TIMER3_ISR
  -------         PROC          _STRUP
  X:0039H         SYMBOL        s
  -------         DO            
  X:003CH         SYMBOL        i
  -------         ENDDO         
  C:4A37H         LINE#         502
  C:4A41H         LINE#         504
  C:4A46H         LINE#         505
  C:4A5FH         LINE#         506
  C:4A79H         LINE#         507
  C:4A84H         LINE#         508
  C:4A86H         LINE#         509
  -------         ENDPROC       _STRUP
  -------         PROC          _FLASH_WRITE
  X:0038H         SYMBOL        b
  X:003BH         SYMBOL        len
  -------         DO            
  X:003CH         SYMBOL        addr
  -------         ENDDO         
BL51 BANKED LINKER/LOCATER V6.22.4.0                                                  08/06/2025  16:49:47  PAGE 21


  C:49DFH         LINE#         544
  C:49ECH         LINE#         545
  C:49F1H         LINE#         547
  C:49F7H         LINE#         548
  C:49F9H         LINE#         549
  C:49FCH         LINE#         550
  C:49FCH         LINE#         552
  C:4A04H         LINE#         553
  C:4A0DH         LINE#         554
  C:4A34H         LINE#         555
  C:4A36H         LINE#         556
  -------         ENDPROC       _FLASH_WRITE
  -------         PROC          _FLASH_READ
  X:0038H         SYMBOL        b
  X:003BH         SYMBOL        len
  -------         DO            
  X:003CH         SYMBOL        addr
  -------         ENDDO         
  C:4A87H         LINE#         574
  C:4A94H         LINE#         575
  C:4A99H         LINE#         577
  C:4A9FH         LINE#         578
  C:4AA1H         LINE#         579
  C:4AA4H         LINE#         580
  C:4AA4H         LINE#         582
  C:4AADH         LINE#         583
  C:4AD4H         LINE#         584
  C:4AD6H         LINE#         585
  -------         ENDPROC       _FLASH_READ
  -------         PROC          _FLASH_BYTEWRITE
  D:0006H         SYMBOL        addr
  D:0005H         SYMBOL        c
  B:0021H.0       SYMBOL        SFLE
  -------         DO            
  B:0021H.1       SYMBOL        EA_SAVE
  D:0012H         SYMBOL        pwrite
  -------         ENDDO         
  C:4B83H         LINE#         603
  C:4B83H         LINE#         604
  C:4B83H         LINE#         605
  C:4B87H         LINE#         608
  C:4B89H         LINE#         610
  C:4B8DH         LINE#         612
  C:4B90H         LINE#         613
  C:4B93H         LINE#         615
  C:4B96H         LINE#         616
  C:4B99H         LINE#         617
  C:4B99H         LINE#         619
  C:4BA1H         LINE#         621
  C:4BA4H         LINE#         622
  C:4BA7H         LINE#         623
  C:4BA7H         LINE#         625
  C:4BAAH         LINE#         626
  C:4BADH         LINE#         628
  C:4BB1H         LINE#         629
  -------         ENDPROC       _FLASH_BYTEWRITE
  -------         PROC          _FLASH_BYTEREAD
BL51 BANKED LINKER/LOCATER V6.22.4.0                                                  08/06/2025  16:49:47  PAGE 22


  D:0006H         SYMBOL        addr
  B:0021H.0       SYMBOL        SFLE
  -------         DO            
  B:0021H.1       SYMBOL        EA_SAVE
  D:0012H         SYMBOL        pread
  D:0007H         SYMBOL        c
  -------         ENDDO         
  C:0076H         LINE#         641
  C:0076H         LINE#         642
  C:0076H         LINE#         643
  C:007AH         LINE#         647
  C:007CH         LINE#         649
  C:0080H         LINE#         651
  C:0083H         LINE#         652
  C:0086H         LINE#         653
  C:0086H         LINE#         655
  C:008FH         LINE#         657
  C:0092H         LINE#         658
  C:0095H         LINE#         659
  C:0095H         LINE#         661
  C:0099H         LINE#         663
  C:0099H         LINE#         664
  -------         ENDPROC       _FLASH_BYTEREAD
  -------         PROC          _FLASH_PAGEERASE
  D:0006H         SYMBOL        addr
  B:0021H.0       SYMBOL        SFLE
  -------         DO            
  B:0021H.1       SYMBOL        EA_SAVE
  D:0012H         SYMBOL        pwrite
  -------         ENDDO         
  C:4BB2H         LINE#         676
  C:4BB2H         LINE#         677
  C:4BB2H         LINE#         678
  C:4BB6H         LINE#         681
  C:4BB8H         LINE#         683
  C:4BBCH         LINE#         685
  C:4BBFH         LINE#         686
  C:4BC2H         LINE#         688
  C:4BC5H         LINE#         689
  C:4BC8H         LINE#         690
  C:4BC8H         LINE#         692
  C:4BD0H         LINE#         694
  C:4BD3H         LINE#         695
  C:4BD6H         LINE#         696
  C:4BD6H         LINE#         698
  C:4BD9H         LINE#         699
  C:4BDCH         LINE#         701
  C:4BE0H         LINE#         702
  -------         ENDPROC       _FLASH_PAGEERASE
  -------         PROC          _ABSDIFF
  D:0007H         SYMBOL        in
  D:0005H         SYMBOL        out
  C:4C4BH         LINE#         750
  C:4C4BH         LINE#         754
  C:4C4FH         LINE#         755
  C:4C54H         LINE#         756
  C:4C58H         LINE#         758
BL51 BANKED LINKER/LOCATER V6.22.4.0                                                  08/06/2025  16:49:47  PAGE 23


  C:4C5FH         LINE#         759
  C:4C5FH         LINE#         760
  C:4C61H         LINE#         762
  -------         ENDPROC       _ABSDIFF
  -------         PROC          INITEQUE
  C:4C8DH         LINE#         887
  C:4C8DH         LINE#         888
  C:4C9CH         LINE#         889
  C:4CA1H         LINE#         890
  -------         ENDPROC       INITEQUE
  -------         PROC          L?0159
  -------         ENDPROC       L?0159
  -------         PROC          _WRITEERRORQUE
  D:0007H         SYMBOL        Source
  D:0005H         SYMBOL        Error
  C:4742H         LINE#         903
  C:4742H         LINE#         906
  C:4762H         LINE#         909
  C:476BH         LINE#         910
  C:476DH         LINE#         911
  C:477EH         LINE#         912
  C:4792H         LINE#         913
  C:4792H         LINE#         914
  C:47A5H         LINE#         915
  C:47BAH         LINE#         916
  -------         ENDPROC       _WRITEERRORQUE
  -------         PROC          ERRDUMP
  -------         DO            
  X:003CH         SYMBOL        a
  -------         ENDDO         
  C:408FH         LINE#         928
  C:408FH         LINE#         931
  C:4099H         LINE#         932
  C:40A7H         LINE#         933
  C:40ACH         LINE#         934
  C:40B2H         LINE#         935
  C:40B6H         LINE#         937
  C:40C9H         LINE#         938
  C:40D0H         LINE#         939
  C:411DH         LINE#         940
  C:411FH         LINE#         941
  C:4145H         LINE#         942
  C:4145H         LINE#         943
  C:4148H         LINE#         944
  C:414BH         LINE#         945
  C:4151H         LINE#         946
  C:4151H         LINE#         947
  -------         ENDPROC       ERRDUMP
  -------         PROC          ERRTABLE
  -------         DO            
  X:003CH         SYMBOL        i
  X:003DH         SYMBOL        a
  -------         ENDDO         
  C:3EFFH         LINE#         960
  C:3EFFH         LINE#         963
  C:3F04H         LINE#         964
  C:3F0AH         LINE#         965
BL51 BANKED LINKER/LOCATER V6.22.4.0                                                  08/06/2025  16:49:47  PAGE 24


  C:3F0EH         LINE#         966
  C:3F24H         LINE#         967
  C:3F2DH         LINE#         968
  C:3F5BH         LINE#         969
  C:3F60H         LINE#         970
  C:3F63H         LINE#         971
  C:3F65H         LINE#         972
  C:3F6AH         LINE#         973
  C:3F80H         LINE#         974
  C:3F89H         LINE#         975
  C:3FB7H         LINE#         976
  C:3FBCH         LINE#         977
  C:3FBFH         LINE#         978
  C:3FC1H         LINE#         979
  C:3FC7H         LINE#         980
  -------         ENDPROC       ERRTABLE
  -------         PROC          _ERRLOOKUP
  X:003DH         SYMBOL        src
  X:003EH         SYMBOL        err
  C:4210H         LINE#         993
  C:4217H         LINE#         995
  C:421CH         LINE#         996
  C:4248H         LINE#         997
  C:424AH         LINE#         998
  C:4265H         LINE#         999
  C:4265H         LINE#         1000
  C:426EH         LINE#         1002
  C:4277H         LINE#         1003
  C:42A2H         LINE#         1004
  C:42A4H         LINE#         1005
  C:42BFH         LINE#         1006
  C:42BFH         LINE#         1007
  -------         ENDPROC       _ERRLOOKUP
  -------         PROC          _GETCOMMAND
  D:0007H         SYMBOL        c
  -------         DO            
  X:0015H         SYMBOL        i
  -------         ENDDO         
  C:38B4H         LINE#         1055
  C:38B4H         LINE#         1060
  C:38C8H         LINE#         1062
  C:38D6H         LINE#         1063
  C:38EBH         LINE#         1064
  C:38EBH         LINE#         1067
  C:3902H         LINE#         1068
  C:3906H         LINE#         1069
  C:3913H         LINE#         1070
  C:3916H         LINE#         1073
  C:391EH         LINE#         1074
  C:3926H         LINE#         1075
  C:393AH         LINE#         1076
  C:3947H         LINE#         1077
  C:3956H         LINE#         1078
  C:3984H         LINE#         1079
  C:398DH         LINE#         1080
  C:3996H         LINE#         1081
  C:3996H         LINE#         1082
BL51 BANKED LINKER/LOCATER V6.22.4.0                                                  08/06/2025  16:49:47  PAGE 25


  C:399BH         LINE#         1083
  C:399BH         LINE#         1084
  C:399BH         LINE#         1085
  C:39ABH         LINE#         1089
  C:39B2H         LINE#         1090
  C:39B5H         LINE#         1092
  C:39BBH         LINE#         1093
  -------         ENDPROC       _GETCOMMAND
  -------         PROC          _CHECKCOMMAND
  X:0039H         SYMBOL        ib
  X:003CH         SYMBOL        mnu
  -------         DO            
  X:003FH         SYMBOL        i
  -------         ENDDO         
  C:47BBH         LINE#         1097
  C:47C5H         LINE#         1100
  C:47CBH         LINE#         1101
  C:47ECH         LINE#         1102
  C:4820H         LINE#         1103
  C:4820H         LINE#         1104
  C:4820H         LINE#         1105
  C:482BH         LINE#         1106
  C:482DH         LINE#         1107
  C:4834H         LINE#         1108
  -------         ENDPROC       _CHECKCOMMAND
  -------         PROC          _PARSECOMMAND
  D:0001H         SYMBOL        ib
  -------         DO            
  D:0006H         SYMBOL        i
  -------         ENDDO         
  C:4923H         LINE#         1136
  C:4923H         LINE#         1139
  C:4928H         LINE#         1140
  C:4938H         LINE#         1142
  C:495BH         LINE#         1143
  C:4973H         LINE#         1144
  C:4978H         LINE#         1145
  C:497AH         LINE#         1146
  C:497FH         LINE#         1147
  C:497FH         LINE#         1151
  C:4982H         LINE#         1152
  C:4982H         LINE#         1153
  C:4982H         LINE#         1154
  -------         ENDPROC       _PARSECOMMAND
  -------         PROC          _MENUTASK
  D:0007H         SYMBOL        task
  -------         DO            
  X:0039H         SYMBOL        i
  X:003BH         SYMBOL        a
  -------         ENDDO         
  C:2BFCH         LINE#         1161
  C:2BFCH         LINE#         1172
  C:2C45H         LINE#         1173
  C:2C45H         LINE#         1174
  C:2C4BH         LINE#         1175
  C:2C51H         LINE#         1176
  C:2C55H         LINE#         1177
BL51 BANKED LINKER/LOCATER V6.22.4.0                                                  08/06/2025  16:49:47  PAGE 26


  C:2C81H         LINE#         1178
  C:2C99H         LINE#         1179
  C:2CF4H         LINE#         1180
  C:2CF7H         LINE#         1181
  C:2CF7H         LINE#         1182
  C:2D02H         LINE#         1183
  C:2D05H         LINE#         1187
  C:2D05H         LINE#         1188
  C:2D0BH         LINE#         1189
  C:2D0FH         LINE#         1190
  C:2D31H         LINE#         1191
  C:2D53H         LINE#         1192
  C:2D75H         LINE#         1193
  C:2D97H         LINE#         1194
  C:2D9AH         LINE#         1195
  C:2DBCH         LINE#         1196
  C:2DDEH         LINE#         1197
  C:2E00H         LINE#         1198
  C:2E22H         LINE#         1199
  C:2E38H         LINE#         1200
  C:2E48H         LINE#         1201
  C:2E48H         LINE#         1202
  C:2E4EH         LINE#         1203
  C:2E50H         LINE#         1204
  C:2E50H         LINE#         1205
  C:2E56H         LINE#         1206
  C:2E58H         LINE#         1207
  C:2E58H         LINE#         1208
  C:2E61H         LINE#         1209
  C:2E61H         LINE#         1210
  C:2E61H         LINE#         1211
  C:2E67H         LINE#         1212
  C:2E68H         LINE#         1215
  C:2E68H         LINE#         1216
  C:2E6BH         LINE#         1217
  C:2E6BH         LINE#         1220
  C:2E6BH         LINE#         1221
  C:2E6EH         LINE#         1222
  C:2E6EH         LINE#         1225
  C:2E6EH         LINE#         1228
  C:2E6EH         LINE#         1231
  C:2E6EH         LINE#         1232
  C:2E7DH         LINE#         1233
  C:2E83H         LINE#         1234
  C:2E86H         LINE#         1237
  C:2E86H         LINE#         1238
  C:2E88H         LINE#         1239
  C:2EA7H         LINE#         1240
  C:2EAAH         LINE#         1242
  C:2EAAH         LINE#         1243
  C:2EACH         LINE#         1244
  C:2ECBH         LINE#         1245
  C:2ECEH         LINE#         1248
  C:2ECEH         LINE#         1249
  C:2EDDH         LINE#         1250
  C:2EE0H         LINE#         1253
  C:2EE0H         LINE#         1254
BL51 BANKED LINKER/LOCATER V6.22.4.0                                                  08/06/2025  16:49:47  PAGE 27


  C:2F02H         LINE#         1255
  C:2F0EH         LINE#         1256
  C:2F11H         LINE#         1259
  C:2F11H         LINE#         1263
  C:2F27H         LINE#         1264
  C:2F2AH         LINE#         1265
  C:2F2AH         LINE#         1268
  C:2F2AH         LINE#         1269
  C:2F30H         LINE#         1270
  C:2F33H         LINE#         1272
  C:2F33H         LINE#         1279
  C:2F33H         LINE#         1280
  C:2F39H         LINE#         1281
  C:2F3CH         LINE#         1283
  C:2F3CH         LINE#         1284
  C:2F42H         LINE#         1285
  C:2F45H         LINE#         1288
  C:2F45H         LINE#         1289
  C:2F67H         LINE#         1290
  C:2F7DH         LINE#         1291
  C:2F9BH         LINE#         1292
  C:2FA1H         LINE#         1293
  C:2FA3H         LINE#         1296
  C:2FA3H         LINE#         1297
  C:2FC5H         LINE#         1298
  C:2FDBH         LINE#         1299
  C:2FF9H         LINE#         1300
  C:2FFFH         LINE#         1301
  C:3001H         LINE#         1304
  C:3001H         LINE#         1308
  C:3007H         LINE#         1310
  C:3007H         LINE#         1313
  C:300AH         LINE#         1318
  C:300AH         LINE#         1320
  C:300AH         LINE#         1321
  -------         ENDPROC       _MENUTASK
  -------         PROC          _SETRSTATUS
  D:0007H         SYMBOL        type
  D:0005H         SYMBOL        error
  C:4D6EH         LINE#         1334
  C:4D6EH         LINE#         1335
  C:4D76H         LINE#         1336
  -------         ENDPROC       _SETRSTATUS
  -------         ENDMOD        8051LIB

  -------         MODULE        8051LIB_I
  C:4983H         SEGMENT       INT4_CODE_SEG
  B:0080H.7       PUBLIC        DE485
  B:0080H.6       PUBLIC        RE485
  B:00C0H.2       SYMBOL        AA
  B:00D0H.6       SYMBOL        AC
  D:00E0H         SYMBOL        ACC
  B:00E8H.4       SYMBOL        AD0BUSY
  B:00E8H.7       SYMBOL        AD0EN
  B:00E8H.5       SYMBOL        AD0INT
  B:00E8H.0       SYMBOL        AD0LJST
  B:00E8H.2       SYMBOL        AD0STM0
BL51 BANKED LINKER/LOCATER V6.22.4.0                                                  08/06/2025  16:49:47  PAGE 28


  B:00E8H.3       SYMBOL        AD0STM1
  B:00E8H.6       SYMBOL        AD0TM
  B:00E8H.1       SYMBOL        AD0WINT
  D:00BCH         SYMBOL        ADC0CF
  D:00E8H         SYMBOL        ADC0CN
  D:00C5H         SYMBOL        ADC0GTH
  D:00C4H         SYMBOL        ADC0GTL
  D:00BFH         SYMBOL        ADC0H
  D:00BEH         SYMBOL        ADC0L
  D:00C7H         SYMBOL        ADC0LTH
  D:00C6H         SYMBOL        ADC0LTL
  D:009CH         SYMBOL        ADC1
  D:00ABH         SYMBOL        ADC1CF
  D:00AAH         SYMBOL        ADC1CN
  D:00BAH         SYMBOL        AMX0CF
  D:00BBH         SYMBOL        AMX0SL
  D:00ACH         SYMBOL        AMX1SL
  D:00F0H         SYMBOL        B
  B:00D8H.0       SYMBOL        CCF0
  B:00D8H.1       SYMBOL        CCF1
  B:00D8H.2       SYMBOL        CCF2
  B:00D8H.3       SYMBOL        CCF3
  B:00D8H.4       SYMBOL        CCF4
  B:00D8H.7       SYMBOL        CF
  D:008EH         SYMBOL        CKCON
  C:4983H         SYMBOL        COM_ISR
  C:49A8H         SYMBOL        COM_ISR25
  C:49D0H         SYMBOL        COM_ISR28
  C:49D6H         SYMBOL        COM_ISR30
  C:49C6H         SYMBOL        COM_ISRSLOW1
  C:49CBH         SYMBOL        COM_ISRSLOW2
  B:00C8H.0       SYMBOL        CPRL2
  D:009EH         SYMBOL        CPT0CN
  D:009FH         SYMBOL        CPT1CN
  B:00D8H.6       SYMBOL        CR
  B:00C8H.1       SYMBOL        CT2
  B:00D0H.7       SYMBOL        CY
  D:00D4H         SYMBOL        DAC0CN
  D:00D3H         SYMBOL        DAC0H
  D:00D2H         SYMBOL        DAC0L
  D:00D7H         SYMBOL        DAC1CN
  D:00D6H         SYMBOL        DAC1H
  D:00D5H         SYMBOL        DAC1L
  D:0083H         SYMBOL        DPH
  D:0082H         SYMBOL        DPL
  B:00A8H.7       SYMBOL        EA
  D:00E6H         SYMBOL        EIE1
  D:00E7H         SYMBOL        EIE2
  D:00F6H         SYMBOL        EIP1
  D:00F7H         SYMBOL        EIP2
  D:00A3H         SYMBOL        EMI0CF
  D:00AFH         SYMBOL        EMI0CN
  D:00A1H         SYMBOL        EMI0TC
  B:00C0H.6       SYMBOL        ENSMB
  B:00A8H.4       SYMBOL        ES
  B:00A8H.1       SYMBOL        ET0
  B:00A8H.3       SYMBOL        ET1
BL51 BANKED LINKER/LOCATER V6.22.4.0                                                  08/06/2025  16:49:47  PAGE 29


  B:00A8H.5       SYMBOL        ET2
  B:00A8H.0       SYMBOL        EX0
  B:00A8H.2       SYMBOL        EX1
  B:00C8H.3       SYMBOL        EXEN2
  B:00C8H.6       SYMBOL        EXF2
  B:00D0H.5       SYMBOL        F0
  B:00D0H.1       SYMBOL        F1
  D:00B7H         SYMBOL        FLACL
  D:00B6H         SYMBOL        FLSCL
  D:00A8H         SYMBOL        IE
  B:0088H.1       SYMBOL        IE0
  B:0088H.3       SYMBOL        IE1
  D:00B8H         SYMBOL        IP
  B:0088H.0       SYMBOL        IT0
  B:0088H.2       SYMBOL        IT1
  B:00F8H.5       SYMBOL        MODF
  B:00F8H.1       SYMBOL        MSTEN
  D:00B2H         SYMBOL        OSCICN
  D:00B1H         SYMBOL        OSCXCN
  B:00D0H.2       SYMBOL        OV
  B:00D0H.0       SYMBOL        P
  D:0080H         SYMBOL        P0
  D:00A4H         SYMBOL        P0MDOUT
  D:0090H         SYMBOL        P1
  D:00BDH         SYMBOL        P1MDIN
  D:00A5H         SYMBOL        P1MDOUT
  D:00A0H         SYMBOL        P2
  D:00A6H         SYMBOL        P2MDOUT
  D:00B0H         SYMBOL        P3
  D:00ADH         SYMBOL        P3IF
  D:00A7H         SYMBOL        P3MDOUT
  D:0084H         SYMBOL        P4
  D:0085H         SYMBOL        P5
  D:0086H         SYMBOL        P6
  D:0096H         SYMBOL        P7
  D:00B5H         SYMBOL        P74OUT
  D:00D8H         SYMBOL        PCA0CN
  D:00FAH         SYMBOL        PCA0CPH0
  D:00FBH         SYMBOL        PCA0CPH1
  D:00FCH         SYMBOL        PCA0CPH2
  D:00FDH         SYMBOL        PCA0CPH3
  D:00FEH         SYMBOL        PCA0CPH4
  D:00EAH         SYMBOL        PCA0CPL0
  D:00EBH         SYMBOL        PCA0CPL1
  D:00ECH         SYMBOL        PCA0CPL2
  D:00EDH         SYMBOL        PCA0CPL3
  D:00EEH         SYMBOL        PCA0CPL4
  D:00DAH         SYMBOL        PCA0CPM0
  D:00DBH         SYMBOL        PCA0CPM1
  D:00DCH         SYMBOL        PCA0CPM2
  D:00DDH         SYMBOL        PCA0CPM3
  D:00DEH         SYMBOL        PCA0CPM4
  D:00F9H         SYMBOL        PCA0H
  D:00E9H         SYMBOL        PCA0L
  D:00D9H         SYMBOL        PCA0MD
  D:0087H         SYMBOL        PCON
  B:00B8H.4       SYMBOL        PS
BL51 BANKED LINKER/LOCATER V6.22.4.0                                                  08/06/2025  16:49:47  PAGE 30


  D:008FH         SYMBOL        PSCTL
  D:00D0H         SYMBOL        PSW
  B:00B8H.1       SYMBOL        PT0
  B:00B8H.3       SYMBOL        PT1
  B:00B8H.5       SYMBOL        PT2
  B:00B8H.0       SYMBOL        PX0
  B:00B8H.2       SYMBOL        PX1
  B:0098H.2       SYMBOL        RB8
  D:00CBH         SYMBOL        RCAP2H
  D:00CAH         SYMBOL        RCAP2L
  D:00E5H         SYMBOL        RCAP4H
  D:00E4H         SYMBOL        RCAP4L
  B:00C8H.5       SYMBOL        RCLK
  D:00D1H         SYMBOL        REF0CN
  B:0098H.4       SYMBOL        REN
  B:00E0H.4       SYMBOL        REN1
  B:0098H.0       SYMBOL        RI
  B:00E0H.0       SYMBOL        RI1
  B:00D0H.3       SYMBOL        RS0
  B:00D0H.4       SYMBOL        RS1
  D:00EFH         SYMBOL        RSTSRC
  B:00F8H.4       SYMBOL        RXOVRN
  D:00A9H         SYMBOL        SADDR0
  D:00F3H         SYMBOL        SADDR1
  D:00B9H         SYMBOL        SADEN0
  D:00AEH         SYMBOL        SADEN1
  D:0099H         SYMBOL        SBUF0
  D:00F2H         SYMBOL        SBUF1
  D:0098H         SYMBOL        SCON0
  D:00F1H         SYMBOL        SCON1
  B:00C0H.3       SYMBOL        SI
  B:00F8H.2       SYMBOL        SLVSEL
  B:0098H.7       SYMBOL        SM0
  B:0098H.6       SYMBOL        SM1
  B:0098H.5       SYMBOL        SM2
  D:00C3H         SYMBOL        SMB0ADR
  D:00C0H         SYMBOL        SMB0CN
  D:00CFH         SYMBOL        SMB0CR
  D:00C2H         SYMBOL        SMB0DAT
  D:00C1H         SYMBOL        SMB0STA
  B:00C0H.1       SYMBOL        SMBFTE
  B:00C0H.0       SYMBOL        SMBTOE
  D:0081H         SYMBOL        SP
  D:009AH         SYMBOL        SPI0CFG
  D:009DH         SYMBOL        SPI0CKR
  D:00F8H         SYMBOL        SPI0CN
  D:009BH         SYMBOL        SPI0DAT
  B:00F8H.0       SYMBOL        SPIEN
  B:00F8H.7       SYMBOL        SPIF
  B:00C0H.5       SYMBOL        STA
  B:00C0H.4       SYMBOL        STO
  D:00C8H         SYMBOL        T2CON
  D:00C9H         SYMBOL        T4CON
  B:0098H.3       SYMBOL        TB8
  B:00C8H.4       SYMBOL        TCLK
  D:0088H         SYMBOL        TCON
  B:0088H.5       SYMBOL        TF0
BL51 BANKED LINKER/LOCATER V6.22.4.0                                                  08/06/2025  16:49:47  PAGE 31


  B:0088H.7       SYMBOL        TF1
  B:00C8H.7       SYMBOL        TF2
  D:008CH         SYMBOL        TH0
  D:008DH         SYMBOL        TH1
  D:00CDH         SYMBOL        TH2
  D:00F5H         SYMBOL        TH4
  B:0098H.1       SYMBOL        TI
  B:00E0H.1       SYMBOL        TI1
  D:008AH         SYMBOL        TL0
  D:008BH         SYMBOL        TL1
  D:00CCH         SYMBOL        TL2
  D:00F4H         SYMBOL        TL4
  D:0089H         SYMBOL        TMOD
  D:0091H         SYMBOL        TMR3CN
  D:0095H         SYMBOL        TMR3H
  D:0094H         SYMBOL        TMR3L
  D:0093H         SYMBOL        TMR3RLH
  D:0092H         SYMBOL        TMR3RLL
  B:0088H.4       SYMBOL        TR0
  B:0088H.6       SYMBOL        TR1
  B:00C8H.2       SYMBOL        TR2
  B:00F8H.3       SYMBOL        TXBSY
  B:00F8H.6       SYMBOL        WCOL
  D:00FFH         SYMBOL        WDTCN
  D:00E1H         SYMBOL        XBR0
  D:00E2H         SYMBOL        XBR1
  D:00E3H         SYMBOL        XBR2
  C:0023H         LINE#         58
  C:4983H         LINE#         72
  C:4985H         LINE#         73
  C:4987H         LINE#         74
  C:498AH         LINE#         75
  C:498CH         LINE#         76
  C:498EH         LINE#         78
  C:4991H         LINE#         79
  C:4993H         LINE#         82
  C:4996H         LINE#         83
  C:4999H         LINE#         84
  C:499BH         LINE#         85
  C:499DH         LINE#         86
  C:499EH         LINE#         89
  C:49A0H         LINE#         90
  C:49A3H         LINE#         91
  C:49A5H         LINE#         92
  C:49A8H         LINE#         96
  C:49ABH         LINE#         97
  C:49ADH         LINE#         98
  C:49AFH         LINE#         99
  C:49B1H         LINE#         100
  C:49B3H         LINE#         101
  C:49B5H         LINE#         102
  C:49B7H         LINE#         103
  C:49BAH         LINE#         104
  C:49BDH         LINE#         105
  C:49BFH         LINE#         106
  C:49C0H         LINE#         107
  C:49C2H         LINE#         108
BL51 BANKED LINKER/LOCATER V6.22.4.0                                                  08/06/2025  16:49:47  PAGE 32


  C:49C4H         LINE#         111
  C:49C6H         LINE#         113
  C:49C7H         LINE#         114
  C:49C9H         LINE#         115
  C:49CBH         LINE#         117
  C:49CCH         LINE#         118
  C:49CEH         LINE#         120
  C:49D0H         LINE#         123
  C:49D2H         LINE#         124
  C:49D4H         LINE#         125
  C:49D6H         LINE#         128
  C:49D8H         LINE#         129
  C:49DAH         LINE#         130
  C:49DCH         LINE#         131
  C:49DEH         LINE#         132
  -------         ENDMOD        8051LIB_I

  -------         MODULE        ERROR
  C:0000H         SYMBOL        _ICE_DUMMY_
  C:22A7H         PUBLIC        ec
  C:222BH         PUBLIC        sc
  -------         ENDMOD        ERROR

  -------         MODULE        LONGMULT
  C:46B8H         SEGMENT       LONGMULT_CODE_SEG
  C:46B8H         PUBLIC        MUL32BIT
  D:00E0H         SYMBOL        ACC
  D:00F0H         SYMBOL        B
  C:46F3H         SYMBOL        BYTEMUL
  C:46C7H         SYMBOL        CLRNEXT
  C:4725H         SYMBOL        ENDPROPCARRY
  C:4709H         SYMBOL        LOOP
  C:4718H         SYMBOL        PROPCARRY
  D:00D0H         SYMBOL        PSW
  C:471EH         SYMBOL        SKIP
  C:46B8H         LINE#         32
  C:46BAH         LINE#         33
  C:46BCH         LINE#         34
  C:46BEH         LINE#         35
  C:46C0H         LINE#         36
  C:46C2H         LINE#         39
  C:46C3H         LINE#         40
  C:46C5H         LINE#         41
  C:46C7H         LINE#         43
  C:46C8H         LINE#         44
  C:46C9H         LINE#         45
  C:46CBH         LINE#         48
  C:46CEH         LINE#         49
  C:46D0H         LINE#         50
  C:46D3H         LINE#         51
  C:46D6H         LINE#         52
  C:46D7H         LINE#         53
  C:46DAH         LINE#         54
  C:46DDH         LINE#         55
  C:46DEH         LINE#         56
  C:46E1H         LINE#         57
  C:46E4H         LINE#         58
BL51 BANKED LINKER/LOCATER V6.22.4.0                                                  08/06/2025  16:49:47  PAGE 33


  C:46E5H         LINE#         59
  C:46E8H         LINE#         62
  C:46EAH         LINE#         63
  C:46ECH         LINE#         64
  C:46EEH         LINE#         65
  C:46F0H         LINE#         66
  C:46F2H         LINE#         67
  C:46F3H         LINE#         76
  C:46F5H         LINE#         77
  C:46F7H         LINE#         78
  C:46F9H         LINE#         79
  C:46FBH         LINE#         80
  C:46FDH         LINE#         81
  C:46FFH         LINE#         82
  C:4701H         LINE#         83
  C:4703H         LINE#         85
  C:4705H         LINE#         86
  C:4707H         LINE#         87
  C:4709H         LINE#         90
  C:470BH         LINE#         91
  C:470CH         LINE#         92
  C:470DH         LINE#         93
  C:470EH         LINE#         94
  C:470FH         LINE#         95
  C:4710H         LINE#         96
  C:4712H         LINE#         97
  C:4713H         LINE#         98
  C:4714H         LINE#         99
  C:4716H         LINE#         100
  C:4718H         LINE#         103
  C:4719H         LINE#         104
  C:471CH         LINE#         105
  C:471EH         LINE#         107
  C:471FH         LINE#         108
  C:4720H         LINE#         109
  C:4721H         LINE#         110
  C:4723H         LINE#         111
  C:4725H         LINE#         113
  C:4727H         LINE#         115
  C:4728H         LINE#         116
  C:472AH         LINE#         120
  C:472CH         LINE#         121
  C:472EH         LINE#         122
  C:4730H         LINE#         123
  C:4732H         LINE#         124
  C:4734H         LINE#         125
  C:4736H         LINE#         126
  C:4738H         LINE#         127
  C:473AH         LINE#         128
  -------         ENDMOD        LONGMULT

  -------         MODULE        TP1200
  C:0000H         SYMBOL        _ICE_DUMMY_
  D:0080H         PUBLIC        P0
  B:0090H.2       PUBLIC        CS_EE
  D:0090H         PUBLIC        P1
  D:00A0H         PUBLIC        P2
BL51 BANKED LINKER/LOCATER V6.22.4.0                                                  08/06/2025  16:49:47  PAGE 34


  C:48BBH         PUBLIC        _Read_EEPROM_Bytes
  C:44D3H         PUBLIC        Load_Lin_Data_T
  C:4835H         PUBLIC        Load_Pressure_LUT
  B:0090H.0       PUBLIC        CS_PR
  C:3AB0H         PUBLIC        _Get_Raw_Sensor_Readings
  C:238EH         PUBLIC        crc_table
  X:0300H         PUBLIC        LUT_P
  C:3FC8H         PUBLIC        ReadEEProm
  C:0D51H         PUBLIC        _Calculate_Compensated_Pressure
  C:4CA2H         PUBLIC        Load_LUT_P_ADC
  C:437FH         PUBLIC        _Calculate_CRC32
  C:461CH         PUBLIC        Load_LUT_T_ADC
  X:0D50H         PUBLIC        g_raw_temp_adc
  C:42C8H         PUBLIC        Load_Product_Info
  B:0080H.3       PUBLIC        MISO
  X:0D52H         PUBLIC        g_ProductInfo
  C:3C7EH         PUBLIC        _Apply_System_Calibration
  X:0D5AH         PUBLIC        LUT_P_ADC
  X:0DD2H         PUBLIC        ADC_mode
  X:0DD4H         PUBLIC        ADC_config_P
  X:0DD6H         PUBLIC        LUT_T_ADC
  X:0E2EH         PUBLIC        Min_P
  X:0E30H         PUBLIC        Lin_data_T
  X:0E78H         PUBLIC        Max_P
  X:0E7AH         PUBLIC        ADC_config_T
  C:3558H         PUBLIC        Display_MEMSCAP_EEPROM_Info
  C:39BCH         PUBLIC        Load_ADC_Config
  C:3359H         PUBLIC        _Calculate_Compensated_Temperature
  C:4D4FH         PUBLIC        _CompPressureUnAdjusted
  C:442CH         PUBLIC        _Read_EEPROM_Floats
  C:4D02H         PUBLIC        Initialize_Sensor
  -------         PROC          INITIALIZE_SENSOR
  C:4D02H         LINE#         106
  C:4D02H         LINE#         107
  C:4D02H         LINE#         109
  C:4D05H         LINE#         110
  C:4D08H         LINE#         111
  C:4D0BH         LINE#         112
  C:4D0EH         LINE#         113
  C:4D11H         LINE#         114
  -------         ENDPROC       INITIALIZE_SENSOR
  -------         PROC          _APPLY_SYSTEM_CALIBRATION
  D:0004H         SYMBOL        compensated_press
  X:003CH         SYMBOL        offset
  X:003EH         SYMBOL        span
  -------         DO            
  X:0040H         SYMBOL        final_pressure
  X:0044H         SYMBOL        pressure_range
[...]
  C:10FEH         LINE#         242
  C:10FEH         LINE#         244
  C:116BH         LINE#         245
  C:11D8H         LINE#         246
  C:1245H         LINE#         247
  C:12B2H         LINE#         249
  C:135CH         LINE#         250
  -------         ENDPROC       _CALCULATE_COMPENSATED_PRESSURE
  -------         PROC          _GET_RAW_SENSOR_READINGS
  X:0038H         SYMBOL        raw_press_adc
  X:003BH         SYMBOL        raw_temp_adc
  -------         DO            
  X:003EH         SYMBOL        msb
  X:003FH         SYMBOL        mid
  X:0040H         SYMBOL        lsb
  X:0041H         SYMBOL        single_conversion_mode
  -------         ENDDO         
  C:3AB0H         LINE#         255
  C:3ABAH         LINE#         256
  C:3ABAH         LINE#         260
  C:3ACDH         LINE#         262
  C:3ACFH         LINE#         265
  C:3AD4H         LINE#         266
  C:3ADCH         LINE#         267
  C:3AE5H         LINE#         268
  C:3AEAH         LINE#         269
  C:3AF1H         LINE#         270
  C:3AF9H         LINE#         271
  C:3AFCH         LINE#         272
  C:3AFFH         LINE#         273
  C:3B04H         LINE#         274
  C:3B0BH         LINE#         275
  C:3B12H         LINE#         276
BL51 BANKED LINKER/LOCATER V6.22.4.0                                                  08/06/2025  16:49:47  PAGE 37


  C:3B19H         LINE#         277
  C:3B32H         LINE#         280
  C:3B37H         LINE#         281
  C:3B3FH         LINE#         282
  C:3B48H         LINE#         283
  C:3B4DH         LINE#         284
  C:3B54H         LINE#         285
  C:3B5CH         LINE#         286
  C:3B5FH         LINE#         287
  C:3B62H         LINE#         288
  C:3B67H         LINE#         289
  C:3B6EH         LINE#         290
  C:3B75H         LINE#         291
  C:3B7CH         LINE#         292
  C:3B95H         LINE#         294
  C:3B97H         LINE#         295
  -------         ENDPROC       _GET_RAW_SENSOR_READINGS
  -------         PROC          LOAD_ADC_CONFIG
  -------         DO            
  X:0038H         SYMBOL        lsb
  D:0007H         SYMBOL        msb
  -------         ENDDO         
  C:39BCH         LINE#         300
  C:39BCH         LINE#         301
  C:39BCH         LINE#         304
  C:39BEH         LINE#         305
  C:39C3H         LINE#         306
  C:39C8H         LINE#         307
  C:39CDH         LINE#         308
  C:39D4H         LINE#         309
  C:39D7H         LINE#         310
  C:39E7H         LINE#         311
  C:39EDH         LINE#         312
  C:39EFH         LINE#         314
  C:39F1H         LINE#         315
  C:39F6H         LINE#         316
  C:39FBH         LINE#         317
  C:3A00H         LINE#         318
  C:3A07H         LINE#         319
  C:3A0AH         LINE#         320
  C:3A1AH         LINE#         321
  C:3A20H         LINE#         322
  C:3A22H         LINE#         324
  C:3A24H         LINE#         325
  C:3A29H         LINE#         326
  C:3A2EH         LINE#         327
  C:3A33H         LINE#         328
  C:3A3AH         LINE#         329
  C:3A3DH         LINE#         330
  C:3A4DH         LINE#         331
  C:3A53H         LINE#         332
  C:3A55H         LINE#         334
  C:3A57H         LINE#         335
  C:3A5CH         LINE#         336
  C:3A61H         LINE#         337
  C:3A66H         LINE#         338
  C:3A70H         LINE#         339
BL51 BANKED LINKER/LOCATER V6.22.4.0                                                  08/06/2025  16:49:47  PAGE 38


  C:3A80H         LINE#         340
  C:3A82H         LINE#         342
  C:3A84H         LINE#         343
  C:3A89H         LINE#         344
  C:3A8EH         LINE#         345
  C:3A93H         LINE#         346
  C:3A9DH         LINE#         347
  C:3AADH         LINE#         348
  C:3AAFH         LINE#         349
  -------         ENDPROC       LOAD_ADC_CONFIG
  -------         PROC          LOAD_LIN_DATA_T
  -------         DO            
  X:0038H         SYMBOL        i
  X:003AH         SYMBOL        lsb
  D:0005H         SYMBOL        msb
  X:003BH         SYMBOL        temp_converter
  -------         ENDDO         
  C:44D3H         LINE#         353
  C:44D3H         LINE#         354
  C:44D3H         LINE#         359
  C:44D5H         LINE#         360
  C:44DAH         LINE#         361
  C:44DFH         LINE#         362
  C:44E4H         LINE#         363
  C:44EAH         LINE#         364
  C:44EAH         LINE#         365
  C:44F1H         LINE#         366
  C:44F8H         LINE#         367
  C:44FFH         LINE#         368
  C:4506H         LINE#         369
  C:452EH         LINE#         370
  C:4535H         LINE#         371
  C:453AH         LINE#         372
  C:455FH         LINE#         373
  C:4576H         LINE#         374
  C:4578H         LINE#         375
  -------         ENDPROC       LOAD_LIN_DATA_T
  -------         PROC          LOAD_LUT_T_ADC
  -------         DO            
  X:0038H         SYMBOL        i
  X:003AH         SYMBOL        eeprom_read_addr
  X:003CH         SYMBOL        temp_converter
  -------         DO            
  X:0040H         SYMBOL        full_table_index
  -------         ENDDO         
  -------         ENDDO         
  C:461CH         LINE#         382
  C:461CH         LINE#         383
  C:461CH         LINE#         388
  C:4634H         LINE#         389
  C:4634H         LINE#         391
  C:4645H         LINE#         394
  C:465BH         LINE#         397
  C:4671H         LINE#         400
  C:46A9H         LINE#         401
  C:46B7H         LINE#         402
  -------         ENDPROC       LOAD_LUT_T_ADC
BL51 BANKED LINKER/LOCATER V6.22.4.0                                                  08/06/2025  16:49:47  PAGE 39


  -------         PROC          LOAD_LUT_P_ADC
  C:4CA2H         LINE#         409
  C:4CA2H         LINE#         410
  C:4CA2H         LINE#         412
  -------         ENDPROC       LOAD_LUT_P_ADC
  -------         PROC          LOAD_PRESSURE_LUT
  -------         DO            
  X:0038H         SYMBOL        i
  X:003AH         SYMBOL        eeprom_row_addr
  X:003CH         SYMBOL        xdata_row_ptr
  -------         DO            
  X:003FH         SYMBOL        full_table_row_index
  -------         ENDDO         
  -------         ENDDO         
  C:4835H         LINE#         420
  C:4835H         LINE#         421
  C:4835H         LINE#         426
  C:483BH         LINE#         427
  C:483BH         LINE#         429
  C:4852H         LINE#         433
  C:4869H         LINE#         436
  C:4884H         LINE#         439
  C:4896H         LINE#         440
  C:48ACH         LINE#         441
  -------         ENDPROC       LOAD_PRESSURE_LUT
  -------         PROC          _READ_EEPROM_FLOATS
  X:0041H         SYMBOL        buffer
  X:0044H         SYMBOL        start_address
  X:0046H         SYMBOL        float_count
  -------         DO            
  X:0048H         SYMBOL        i
  X:004AH         SYMBOL        temp_converter
  -------         ENDDO         
  C:442CH         LINE#         450
  C:443CH         LINE#         451
  C:443CH         LINE#         455
  C:443EH         LINE#         456
  C:4443H         LINE#         457
  C:444AH         LINE#         458
  C:4452H         LINE#         460
  C:4469H         LINE#         461
  C:4469H         LINE#         463
  C:4470H         LINE#         464
  C:4477H         LINE#         465
  C:447EH         LINE#         466
  C:4485H         LINE#         469
  C:44C3H         LINE#         470
  C:44D0H         LINE#         472
  C:44D2H         LINE#         473
  -------         ENDPROC       _READ_EEPROM_FLOATS
  -------         PROC          L?0076
  -------         ENDPROC       L?0076
  -------         PROC          _READ_EEPROM_BYTES
  X:00ACH         SYMBOL        buffer
  X:00AFH         SYMBOL        start_address
  X:00B1H         SYMBOL        count
  -------         DO            
BL51 BANKED LINKER/LOCATER V6.22.4.0                                                  08/06/2025  16:49:47  PAGE 40


  X:00B3H         SYMBOL        i
  -------         ENDDO         
  C:48BBH         LINE#         478
  C:48CBH         LINE#         479
  C:48CBH         LINE#         481
  C:48CDH         LINE#         482
  C:48D2H         LINE#         483
  C:48D9H         LINE#         484
  C:48E1H         LINE#         485
  C:48F8H         LINE#         486
  C:48F8H         LINE#         487
  C:4913H         LINE#         488
  C:4920H         LINE#         489
  C:4922H         LINE#         490
  -------         ENDPROC       _READ_EEPROM_BYTES
  -------         PROC          DISPLAY_MEMSCAP_EEPROM_INFO
  -------         DO            
  X:003CH         SYMBOL        temp_buffer
  D:0004H         SYMBOL        serial_number
  X:0050H         SYMBOL        temp_f
  X:0054H         SYMBOL        p_min_adc
  X:0058H         SYMBOL        p_max_adc
  -------         ENDDO         
  C:3558H         LINE#         500
  C:3558H         LINE#         501
  C:3558H         LINE#         508
  C:355FH         LINE#         509
  C:356CH         LINE#         510
  C:357AH         LINE#         513
  C:358FH         LINE#         514
  C:35BBH         LINE#         516
  C:35D0H         LINE#         517
  C:35E5H         LINE#         519
  C:360BH         LINE#         520
  C:3626H         LINE#         521
  C:362FH         LINE#         523
  C:3655H         LINE#         524
  C:3670H         LINE#         525
  C:3679H         LINE#         528
  C:36A9H         LINE#         529
  C:36C0H         LINE#         530
  C:36D5H         LINE#         531
  C:36DEH         LINE#         533
  C:370EH         LINE#         534
  C:3725H         LINE#         535
  C:373AH         LINE#         536
  -------         ENDPROC       DISPLAY_MEMSCAP_EEPROM_INFO
  -------         PROC          _CALCULATE_CRC32
  X:00ACH         SYMBOL        d
  X:00AFH         SYMBOL        count
  -------         DO            
  X:00B1H         SYMBOL        crc
  -------         ENDDO         
  C:437FH         LINE#         550
  C:438FH         LINE#         551
  C:438FH         LINE#         552
  C:4397H         LINE#         553
BL51 BANKED LINKER/LOCATER V6.22.4.0                                                  08/06/2025  16:49:47  PAGE 41


  C:43A9H         LINE#         554
  C:43A9H         LINE#         555
  C:4412H         LINE#         556
  C:4414H         LINE#         557
  C:442BH         LINE#         558
  -------         ENDPROC       _CALCULATE_CRC32
  -------         PROC          READEEPROM
  -------         DO            
  X:0038H         SYMBOL        buffer
  X:00A4H         SYMBOL        stored_crc
  X:00A8H         SYMBOL        calculated_crc
  -------         ENDDO         
  C:3FC8H         LINE#         570
  C:3FC8H         LINE#         571
  C:3FC8H         LINE#         576
  C:3FDCH         LINE#         577
  C:4057H         LINE#         578
  C:4069H         LINE#         580
  C:408EH         LINE#         581
  -------         ENDPROC       READEEPROM
  -------         PROC          LOAD_PRODUCT_INFO
  -------         DO            
  X:0038H         SYMBOL        buffer
  -------         ENDDO         
  C:42C8H         LINE#         586
  C:42C8H         LINE#         587
  C:42C8H         LINE#         590
  C:42CFH         LINE#         591
  C:434BH         LINE#         593
  C:4360H         LINE#         594
  C:4367H         LINE#         595
  C:436DH         LINE#         596
  C:437EH         LINE#         597
  -------         ENDPROC       LOAD_PRODUCT_INFO
  -------         PROC          _COMPPRESSUREUNADJUSTED
  D:0004H         SYMBOL        p
  C:4D4FH         LINE#         610
  C:4D4FH         LINE#         611
  C:4D4FH         LINE#         614
  -------         ENDPROC       _COMPPRESSUREUNADJUSTED
  -------         ENDMOD        TP1200

  -------         MODULE        ?C?FPADD
  C:00A5H         PUBLIC        ?C?FPADD
  C:00A1H         PUBLIC        ?C?FPSUB
  -------         ENDMOD        ?C?FPADD

  -------         MODULE        ?C?FPMUL
  C:0196H         PUBLIC        ?C?FPMUL
  -------         ENDMOD        ?C?FPMUL

  -------         MODULE        ?C?FPDIV
  C:029FH         PUBLIC        ?C?FPDIV
  -------         ENDMOD        ?C?FPDIV

  -------         MODULE        ?C?FPCMP
  C:033EH         PUBLIC        ?C?FPCMP
BL51 BANKED LINKER/LOCATER V6.22.4.0                                                  08/06/2025  16:49:47  PAGE 42


  C:033CH         PUBLIC        ?C?FPCMP3
  -------         ENDMOD        ?C?FPCMP

  -------         MODULE        ?C?FPNEG
  C:03B5H         PUBLIC        ?C?FPNEG
  -------         ENDMOD        ?C?FPNEG

  -------         MODULE        ?C?FCAST
  C:03D0H         PUBLIC        ?C?FCASTC
  C:03CBH         PUBLIC        ?C?FCASTI
  C:03C6H         PUBLIC        ?C?FCASTL
  -------         ENDMOD        ?C?FCAST

  -------         MODULE        ?C?CASTF
  C:0404H         PUBLIC        ?C?CASTF
  -------         ENDMOD        ?C?CASTF

  -------         MODULE        PRINTF
  X:006EH         PUBLIC        ?_PRINTF?BYTE
  X:006EH         PUBLIC        ?_SPRINTF?BYTE
  C:27F0H         PUBLIC        _PRINTF
  C:27EAH         PUBLIC        _SPRINTF
  -------         ENDMOD        PRINTF

  -------         MODULE        SCANF
  X:003CH         PUBLIC        ?_SCANF?BYTE
  X:003CH         PUBLIC        ?_SSCANF?BYTE
  C:308DH         PUBLIC        _SCANF
  C:3089H         PUBLIC        _SSCANF
  -------         ENDMOD        SCANF

  -------         MODULE        ?C?FPROUND
  C:0485H         PUBLIC        ?C?FPROUND
  -------         ENDMOD        ?C?FPROUND

  -------         MODULE        ?C?FPCONVERT
  C:04B4H         PUBLIC        ?C?FPCONVERT
  -------         ENDMOD        ?C?FPCONVERT

  -------         MODULE        ?C?FTNPWR
  C:05E7H         PUBLIC        ?C?FTNPWR
  -------         ENDMOD        ?C?FTNPWR

  -------         MODULE        ?C?CLDPTR
  C:0627H         PUBLIC        ?C?CLDPTR
  -------         ENDMOD        ?C?CLDPTR

  -------         MODULE        ?C?CLDOPTR
  C:0640H         PUBLIC        ?C?CLDOPTR
  -------         ENDMOD        ?C?CLDOPTR

  -------         MODULE        ?C?CSTPTR
  C:066DH         PUBLIC        ?C?CSTPTR
  -------         ENDMOD        ?C?CSTPTR

  -------         MODULE        ?C?CSTOPTR
  C:067FH         PUBLIC        ?C?CSTOPTR
BL51 BANKED LINKER/LOCATER V6.22.4.0                                                  08/06/2025  16:49:47  PAGE 43


  -------         ENDMOD        ?C?CSTOPTR

  -------         MODULE        ?C?IMUL
  C:06A1H         PUBLIC        ?C?IMUL
  -------         ENDMOD        ?C?IMUL

  -------         MODULE        ?C?ISTPTR
  C:06B3H         PUBLIC        ?C?ISTPTR
  -------         ENDMOD        ?C?ISTPTR

  -------         MODULE        ?C?LMUL
  C:06D2H         PUBLIC        ?C?LMUL
  -------         ENDMOD        ?C?LMUL

  -------         MODULE        ?C?LNEG
  C:0721H         PUBLIC        ?C?LNEG
  -------         ENDMOD        ?C?LNEG

  -------         MODULE        ?C?SLCMP
  C:072FH         PUBLIC        ?C?SLCMP
  -------         ENDMOD        ?C?SLCMP

  -------         MODULE        ?C?ULCMP
  C:0745H         PUBLIC        ?C?ULCMP
  -------         ENDMOD        ?C?ULCMP

  -------         MODULE        ?C?ULSHR
  C:0756H         PUBLIC        ?C?ULSHR
  -------         ENDMOD        ?C?ULSHR

  -------         MODULE        ?C?LSHL
  C:0769H         PUBLIC        ?C?LSHL
  -------         ENDMOD        ?C?LSHL

  -------         MODULE        ?C?LSTPTR
  C:077CH         PUBLIC        ?C?LSTPTR
  -------         ENDMOD        ?C?LSTPTR

  -------         MODULE        ?C?LSTOPTR
  C:0796H         PUBLIC        ?C?LSTOPTR
  -------         ENDMOD        ?C?LSTOPTR

  -------         MODULE        ?C?LLDCODE0
  C:07BAH         PUBLIC        ?C?LLDCODE0
  -------         ENDMOD        ?C?LLDCODE0

  -------         MODULE        ?C?LSTXDATA
  C:07CAH         PUBLIC        ?C?LSTXDATA
  -------         ENDMOD        ?C?LSTXDATA

  -------         MODULE        ?C?LSTPDATA
  C:07D6H         PUBLIC        ?C?LSTPDATA
  -------         ENDMOD        ?C?LSTPDATA

  -------         MODULE        ?C?LSTKPDATA
  C:07E2H         PUBLIC        ?C?LSTKPDATA
  -------         ENDMOD        ?C?LSTKPDATA
BL51 BANKED LINKER/LOCATER V6.22.4.0                                                  08/06/2025  16:49:47  PAGE 44



  -------         MODULE        ?C?OFFX256
  C:07FBH         PUBLIC        ?C?OFFX256
  -------         ENDMOD        ?C?OFFX256

  -------         MODULE        ?C?OFFXADD
  C:080CH         PUBLIC        ?C?OFFXADD
  -------         ENDMOD        ?C?OFFXADD

  -------         MODULE        ?C?PLDPDATA
  C:0818H         PUBLIC        ?C?PLDPDATA
  -------         ENDMOD        ?C?PLDPDATA

  -------         MODULE        ?C?PLDIPDATA
  C:0821H         PUBLIC        ?C?PLDIPDATA
  -------         ENDMOD        ?C?PLDIPDATA

  -------         MODULE        ?C?PILDPDATA
  C:0831H         PUBLIC        ?C?PILDPDATA
  -------         ENDMOD        ?C?PILDPDATA

  -------         MODULE        ?C?PSTPDATA
  C:0841H         PUBLIC        ?C?PSTPDATA
  -------         ENDMOD        ?C?PSTPDATA

  -------         MODULE        ?C?PLDOPTR
  C:084AH         PUBLIC        ?C?PLDOPTR
  -------         ENDMOD        ?C?PLDOPTR

  -------         MODULE        ?C?CCASE
  C:087AH         PUBLIC        ?C?CCASE
  -------         ENDMOD        ?C?CCASE

  -------         MODULE        ?C?ICASE
  C:08A0H         PUBLIC        ?C?ICASE
  -------         ENDMOD        ?C?ICASE

  -------         MODULE        GETCHAR
  B:0022H.7       PUBLIC        ?C?CHARLOADED
  X:002EH         PUBLIC        ?_UNGETCHAR?BYTE
  C:4CCBH         PUBLIC        GETCHAR
  -------         ENDMOD        GETCHAR

  -------         MODULE        UNGETC
  C:4D7EH         PUBLIC        _UNGETCHAR
  -------         ENDMOD        UNGETC

  -------         MODULE        ISDIGIT
  C:4D35H         PUBLIC        _isdigit
  -------         ENDMOD        ISDIGIT

  -------         MODULE        ISSPACE
  C:4CB7H         PUBLIC        _isspace
  -------         ENDMOD        ISSPACE

  -------         MODULE        TOUPPER
  C:4D14H         PUBLIC        _toupper
BL51 BANKED LINKER/LOCATER V6.22.4.0                                                  08/06/2025  16:49:47  PAGE 45


  -------         ENDMOD        TOUPPER

  -------         MODULE        ?C?STRCMP
  C:0A4BH         PUBLIC        ?C?STRCMP
  -------         ENDMOD        ?C?STRCMP

  -------         MODULE        ?C?STRCPY
  C:0B34H         PUBLIC        ?C?STRCPY
  -------         ENDMOD        ?C?STRCPY

  -------         MODULE        ATOI
  C:3E2FH         PUBLIC        _atoi
  -------         ENDMOD        ATOI

  -------         MODULE        ?C?MEMCMP
  C:0CD7H         PUBLIC        ?C?MEMCMP
  -------         ENDMOD        ?C?MEMCMP

  -------         MODULE        ?C?MEMSET
  C:0CFBH         PUBLIC        ?C?MEMSET
  -------         ENDMOD        ?C?MEMSET

  -------         MODULE        ?C?LSTIDATA
  C:0D27H         PUBLIC        ?C?LSTIDATA
  -------         ENDMOD        ?C?LSTIDATA

  -------         MODULE        ?C?PLDIDATA
  C:0D33H         PUBLIC        ?C?PLDIDATA
  -------         ENDMOD        ?C?PLDIDATA

  -------         MODULE        ?C?PLDXDATA
  C:0D3CH         PUBLIC        ?C?PLDXDATA
  -------         ENDMOD        ?C?PLDXDATA

  -------         MODULE        ?C?PLDCODE
  C:0D45H         PUBLIC        ?C?PLDCODE
  -------         ENDMOD        ?C?PLDCODE

  -------         MODULE        _GETKEY
  C:4D64H         PUBLIC        _GETKEY
  -------         ENDMOD        _GETKEY

Program Size: data=53.0 xdata=3804 code=19844
LINK/LOCATE RUN COMPLETE.  0 WARNING(S),  0 ERROR(S)
