BL51 BANKED LINKER/LOCATER V6.22.4.0                                                    08/13/2025  17:06:40  PAGE 1


BL51 BANKED LINKER/LOCATER V6.22.4.0, INVOKED BY:
C:\KEIL_V5\C51\BIN\BL51.EXE STARTUP.obj, Main.obj, IPTConfig.obj, 8051Lib.obj, 8051Lib_I.obj, Error.obj, LongMult.obj, T
>> P1200.obj TO IPT RAMSIZE (256) CODE (0X0000-0XFFFF) XDATA (0X0000-0X0FFF)


MEMORY MODEL: COMPACT WITH FLOATING POINT ARITHMETIC


INPUT MODULES INCLUDED:
  STARTUP.obj (?C_STARTUP)
  Main.obj (MAIN)
  IPTConfig.obj (IPTCONFIG)
  8051Lib.obj (8051LIB)
  8051Lib_I.obj (8051LIB_I)
  Error.obj (ERROR)
  LongMult.obj (LONGMULT)
  TP1200.obj (TP1200)
  C:\KEIL_V5\C51\LIB\C51FPC.LIB (?C?FPADD)
  C:\KEIL_V5\C51\LIB\C51FPC.LIB (?C?FPMUL)
  C:\KEIL_V5\C51\LIB\C51FPC.LIB (?C?FPDIV)
  C:\KEIL_V5\C51\LIB\C51FPC.LIB (?C?FPCMP)
  C:\KEIL_V5\C51\LIB\C51FPC.LIB (?C?FCAST)
  C:\KEIL_V5\C51\LIB\C51FPC.LIB (?C?CASTF)
  C:\KEIL_V5\C51\LIB\C51FPC.LIB (PRINTF)
  C:\KEIL_V5\C51\LIB\C51FPC.LIB (SCANF)
  C:\KEIL_V5\C51\LIB\C51FPC.LIB (?C?FPGETOPN)
  C:\KEIL_V5\C51\LIB\C51FPC.LIB (?C?FPROUND)
  C:\KEIL_V5\C51\LIB\C51FPC.LIB (?C?FPCONVERT)
  C:\KEIL_V5\C51\LIB\C51FPC.LIB (?C?ATOF)
  C:\KEIL_V5\C51\LIB\C51FPC.LIB (?C?FPNEG)
  C:\KEIL_V5\C51\LIB\C51FPC.LIB (?C?FTNPWR)
  C:\KEIL_V5\C51\LIB\C51C.LIB (?C_INIT)
  C:\KEIL_V5\C51\LIB\C51C.LIB (?C?CLDPTR)
  C:\KEIL_V5\C51\LIB\C51C.LIB (?C?CLDOPTR)
  C:\KEIL_V5\C51\LIB\C51C.LIB (?C?CSTPTR)
  C:\KEIL_V5\C51\LIB\C51C.LIB (?C?CSTOPTR)
  C:\KEIL_V5\C51\LIB\C51C.LIB (?C?IMUL)
  C:\KEIL_V5\C51\LIB\C51C.LIB (?C?ISTPTR)
  C:\KEIL_V5\C51\LIB\C51C.LIB (?C?LNEG)
  C:\KEIL_V5\C51\LIB\C51C.LIB (?C?ULCMP)
  C:\KEIL_V5\C51\LIB\C51C.LIB (?C?ULSHR)
  C:\KEIL_V5\C51\LIB\C51C.LIB (?C?LSHL)
  C:\KEIL_V5\C51\LIB\C51C.LIB (?C?LSTPTR)
  C:\KEIL_V5\C51\LIB\C51C.LIB (?C?LLDCODE0)
  C:\KEIL_V5\C51\LIB\C51C.LIB (?C?LSTXDATA)
  C:\KEIL_V5\C51\LIB\C51C.LIB (?C?LSTPDATA)
  C:\KEIL_V5\C51\LIB\C51C.LIB (?C?LSTKPDATA)
  C:\KEIL_V5\C51\LIB\C51C.LIB (?C?OFFX256)
  C:\KEIL_V5\C51\LIB\C51C.LIB (?C?OFFXADD)
  C:\KEIL_V5\C51\LIB\C51C.LIB (?C?PLDPDATA)
  C:\KEIL_V5\C51\LIB\C51C.LIB (?C?PLDIPDATA)
  C:\KEIL_V5\C51\LIB\C51C.LIB (?C?PILDPDATA)
  C:\KEIL_V5\C51\LIB\C51C.LIB (?C?PSTPDATA)
  C:\KEIL_V5\C51\LIB\C51C.LIB (?C?PLDOPTR)
  C:\KEIL_V5\C51\LIB\C51C.LIB (?C?CCASE)
  C:\KEIL_V5\C51\LIB\C51C.LIB (?C?ICASE)
  C:\KEIL_V5\C51\LIB\C51C.LIB (GETCHAR)
  C:\KEIL_V5\C51\LIB\C51C.LIB (UNGETC)
BL51 BANKED LINKER/LOCATER V6.22.4.0                                                  08/13/2025  17:06:40  PAGE 2


  C:\KEIL_V5\C51\LIB\C51C.LIB (ISDIGIT)
  C:\KEIL_V5\C51\LIB\C51C.LIB (ISSPACE)
  C:\KEIL_V5\C51\LIB\C51C.LIB (TOUPPER)
  C:\KEIL_V5\C51\LIB\C51C.LIB (?C?STRCMP)
  C:\KEIL_V5\C51\LIB\C51C.LIB (?C?STRCPY)
  C:\KEIL_V5\C51\LIB\C51C.LIB (ATOI)
  C:\KEIL_V5\C51\LIB\C51C.LIB (?C?MEMCMP)
  C:\KEIL_V5\C51\LIB\C51C.LIB (?C?MEMSET)
  C:\KEIL_V5\C51\LIB\C51C.LIB (?C?LSTIDATA)
  C:\KEIL_V5\C51\LIB\C51C.LIB (?C?PLDIDATA)
  C:\KEIL_V5\C51\LIB\C51C.LIB (?C?PLDXDATA)
  C:\KEIL_V5\C51\LIB\C51C.LIB (?C?PLDCODE)
  C:\KEIL_V5\C51\LIB\C51C.LIB (_GETKEY)


LINK MAP OF MODULE:  IPT (?C_STARTUP)


            TYPE    BASE      LENGTH    RELOCATION   SEGMENT NAME
            -----------------------------------------------------

            * * * * * * *   D A T A   M E M O R Y   * * * * * * *
            REG     0000H     0008H     ABSOLUTE     "REG BANK 0"
            DATA    0008H     0015H     UNIT         _DATA_GROUP_
                    001DH     0003H                  *** GAP ***
            DATA    0020H     0001H     BIT_ADDR     ?BA?8051LIB
            BIT     0021H.0   0001H.3   UNIT         _BIT_GROUP_
            BIT     0022H.3   0000H.4   UNIT         ?BI?8051LIB
            BIT     0022H.7   0000H.1   UNIT         ?BI?GETCHAR
            DATA    0023H     000CH     UNIT         ?DT?8051LIB
            DATA    002FH     0008H     UNIT         ?DT?MAIN
            IDATA   0037H     0001H     UNIT         ?STACK

            * * * * * * *  X D A T A   M E M O R Y  * * * * * * *
            XDATA   0000H     0015H     INPAGE       ?PD?MAIN
            XDATA   0015H     0019H     INPAGE       ?PD?8051LIB
            XDATA   002EH     0001H     INPAGE       ?PD?GETCHAR
            XDATA   002FH     008AH     INPAGE       _PDATA_GROUP_
                    00B9H     0047H                  *** GAP ***
            XDATA   0100H     0100H     ABSOLUTE     
            XDATA   0200H     0100H     ABSOLUTE     
            XDATA   0300H     0C23H     UNIT         ?XD?TP1200
            XDATA   0F23H     00ABH     UNIT         ?XD?8051LIB

            * * * * * * *   C O D E   M E M O R Y   * * * * * * *
            CODE    0000H     0003H     ABSOLUTE     
            CODE    0003H     001AH     UNIT         ?PR?OSCILLATOR_INIT?IPTCONFIG
            CODE    001DH     0004H     UNIT         ?PR?RELOADWATCHDOG?MAIN
                    0021H     0002H                  *** GAP ***
            CODE    0023H     0003H     ABSOLUTE     
            CODE    0026H     0047H     UNIT         ?PR?TIMER3_ISR?8051LIB
            CODE    006DH     0004H     UNIT         ?PR?UART_INIT?IPTCONFIG
                    0071H     0002H                  *** GAP ***
            CODE    0073H     0003H     ABSOLUTE     
            CODE    0076H     0024H     UNIT         ?PR?_FLASH_BYTEREAD?8051LIB
                    009AH     0001H                  *** GAP ***
            CODE    009BH     0003H     ABSOLUTE     
BL51 BANKED LINKER/LOCATER V6.22.4.0                                                  08/13/2025  17:06:40  PAGE 3


            CODE    009EH     0C2AH     UNIT         ?C?LIB_CODE
            CODE    0CC8H     0628H     UNIT         ?PR?_CALCULATE_COMPENSATED_PRESSURE?TP1200
            CODE    12F0H     05B4H     UNIT         ?PR?MAIN?MAIN
            CODE    18A4H     054BH     UNIT         ?CO?8051LIB
            CODE    1DEFH     04DFH     UNIT         ?CO?ERROR
            CODE    22CEH     0483H     UNIT         ?CO?TP1200
            CODE    2751H     046EH     UNIT         ?PR?PRINTF?PRINTF
            CODE    2BBFH     03EBH     UNIT         ?PR?_MENUTASK?8051LIB
            CODE    2FAAH     034EH     UNIT         ?PR?SCANF?SCANF
            CODE    32F8H     034CH     UNIT         ?PR?LOAD_ADC_CONFIG?TP1200
            CODE    3644H     0268H     UNIT         ?PR?_CALCULATE_COMPENSATED_TEMPERATURE?TP1200
            CODE    38ACH     022CH     UNIT         ?PR?DISPLAY_MEMSCAP_EEPROM_INFO?TP1200
            CODE    3AD8H     0187H     UNIT         ?PR?INITIALIZE_ADC?TP1200
            CODE    3C5FH     016FH     UNIT         ?PR?LOAD_LIN_DATA_T?TP1200
            CODE    3DCEH     016CH     UNIT         ?PR?_GET_RAW_SENSOR_READINGS?TP1200
            CODE    3F3AH     0108H     UNIT         ?PR?_GETCOMMAND?8051LIB
            CODE    4042H     0101H     UNIT         ?PR?_APPLY_SYSTEM_CALIBRATION?TP1200
            CODE    4143H     00E6H     UNIT         ?PR??C?ATOF??C?ATOF
            CODE    4229H     00E1H     UNIT         ?PR?_READ_EEPROM_FLOATS?TP1200
            CODE    430AH     00D4H     UNIT         ?PR?GETHOSTPACKET?8051LIB
            CODE    43DEH     00D0H     UNIT         ?PR?_ATOI?ATOI
            CODE    44AEH     00CBH     UNIT         ?CO?MAIN
            CODE    4579H     00C9H     UNIT         ?PR?ERRTABLE?8051LIB
            CODE    4642H     00C7H     UNIT         ?PR?READEEPROM?TP1200
            CODE    4709H     00C3H     UNIT         ?PR?ERRDUMP?8051LIB
            CODE    47CCH     00B8H     UNIT         ?PR?_ERRLOOKUP?8051LIB
            CODE    4884H     00B7H     UNIT         ?PR?LOAD_PRODUCT_INFO?TP1200
            CODE    493BH     00ADH     UNIT         ?PR?_CALCULATE_CRC32?TP1200
            CODE    49E8H     00A3H     UNIT         ?C_C51STARTUP
            CODE    4A8BH     009CH     UNIT         ?PR?LOAD_LUT_T_ADC?TP1200
            CODE    4B27H     0083H     UNIT         LONGMULT_CODE_SEG
            CODE    4BAAH     0080H     UNIT         ?PR?_WRITEERRORQUE?8051LIB
            CODE    4C2AH     007AH     UNIT         ?PR?_CHECKCOMMAND?8051LIB
            CODE    4CA4H     0078H     UNIT         ?PR?LOAD_PRESSURE_LUT?TP1200
            CODE    4D1CH     0076H     UNIT         ?PR?_READ_EEPROM_BYTES?TP1200
            CODE    4D92H     0060H     UNIT         ?PR?_PARSECOMMAND?8051LIB
            CODE    4DF2H     005CH     UNIT         INT4_CODE_SEG
            CODE    4E4EH     0058H     UNIT         ?PR?_FLASH_WRITE?8051LIB
            CODE    4EA6H     0050H     UNIT         ?PR?_STRUP?8051LIB
            CODE    4EF6H     0050H     UNIT         ?PR?_FLASH_READ?8051LIB
            CODE    4F46H     003EH     UNIT         ?PR?_CRC8?8051LIB
            CODE    4F84H     003AH     UNIT         ?PR?_PUTCHAR?8051LIB
            CODE    4FBEH     0034H     UNIT         ?PR?WRITENVRAM?MAIN
            CODE    4FF2H     002FH     UNIT         ?PR?_FLASH_BYTEWRITE?8051LIB
            CODE    5021H     002FH     UNIT         ?PR?_FLASH_PAGEERASE?8051LIB
            CODE    5050H     002EH     UNIT         ?PR?_TRANSMIT_UART0?8051LIB
            CODE    507EH     0029H     UNIT         ?PR?_COMPPRESSUREUNADJUSTED?TP1200
            CODE    50A7H     0022H     UNIT         ?C_INITSEG
            CODE    50C9H     001AH     UNIT         ?PR?INITSERIAL?8051LIB
            CODE    50E3H     0017H     UNIT         ?PR?_ABSDIFF?8051LIB
            CODE    50FAH     0016H     UNIT         ?PR?TIMER_INIT?IPTCONFIG
            CODE    5110H     0015H     UNIT         ?PR?SPIOREAD?MAIN
            CODE    5125H     0015H     UNIT         ?PR?INITEQUE?8051LIB
            CODE    513AH     0015H     UNIT         ?PR?LOAD_LUT_P_ADC?TP1200
            CODE    514FH     0014H     UNIT         ?PR?_ISSPACE?ISSPACE
            CODE    5163H     0013H     UNIT         ?PR?GETCHAR?GETCHAR
            CODE    5176H     0012H     UNIT         ?PR?_SPIOWRITE?MAIN
BL51 BANKED LINKER/LOCATER V6.22.4.0                                                  08/13/2025  17:06:40  PAGE 4


            CODE    5188H     0012H     UNIT         ?PR?INIT_DEVICE?IPTCONFIG
            CODE    519AH     0012H     UNIT         ?PR?INITIALIZE_SENSOR?TP1200
            CODE    51ACH     0011H     UNIT         ?PR?_TOUPPER?TOUPPER
            CODE    51BDH     0010H     UNIT         ?PR?PORT_IO_INIT?IPTCONFIG
            CODE    51CDH     000FH     UNIT         ?PR?_ISDIGIT?ISDIGIT
            CODE    51DCH     000BH     UNIT         ?PR?_RUNCRC8?8051LIB
            CODE    51E7H     000BH     UNIT         ?PR?_USDELAY?TP1200
            CODE    51F2H     000AH     UNIT         ?PR?SPI_INIT?IPTCONFIG
            CODE    51FCH     000AH     UNIT         ?PR?_GETKEY?_GETKEY
            CODE    5206H     0009H     UNIT         ?PR?_SETRSTATUS?8051LIB
            CODE    520FH     0007H     UNIT         ?PR?INTERRUPTS_INIT?IPTCONFIG
            CODE    5216H     0007H     UNIT         ?PR?GETCHAR?UNGETCHAR
            CODE    521DH     0004H     UNIT         ?PR?EXT7_ISR?8051LIB



OVERLAY MAP OF MODULE:   IPT (?C_STARTUP)


SEGMENT                                             BIT_GROUP          DATA_GROUP          PDATA_GROUP
  +--> CALLED SEGMENT                            START    LENGTH     START    LENGTH     START    LENGTH
--------------------------------------------------------------------------------------------------------
?C_C51STARTUP                                    -----    -----      -----    -----      -----    -----
  +--> ?PR?MAIN?MAIN
  +--> ?C_INITSEG

?PR?MAIN?MAIN                                    -----    -----      0008H    000AH      002FH    000DH
  +--> ?PR?INIT_DEVICE?IPTCONFIG
  +--> ?PR?_SETRSTATUS?8051LIB
  +--> ?PR?INITEQUE?8051LIB
  +--> ?PR?INITSERIAL?8051LIB
  +--> ?PR?_FLASH_READ?8051LIB
  +--> ?PR?_CRC8?8051LIB
  +--> ?PR?INITIALIZE_SENSOR?TP1200
  +--> ?PR?INITIALIZE_ADC?TP1200
  +--> ?PR?_GET_RAW_SENSOR_READINGS?TP1200
  +--> ?PR?_CALCULATE_COMPENSATED_TEMPERATUR...
  +--> ?PR?_CALCULATE_COMPENSATED_PRESSURE?T...
  +--> ?PR?_APPLY_SYSTEM_CALIBRATION?TP1200
  +--> ?PR?GETHOSTPACKET?8051LIB
  +--> ?CO?MAIN
  +--> ?PR?PRINTF?PRINTF
  +--> ?PR?_ATOI?ATOI
  +--> ?PR?READEEPROM?TP1200
  +--> ?PR?WRITENVRAM?MAIN

?PR?INIT_DEVICE?IPTCONFIG                        -----    -----      -----    -----      -----    -----
  +--> ?PR?TIMER_INIT?IPTCONFIG
  +--> ?PR?UART_INIT?IPTCONFIG
  +--> ?PR?SPI_INIT?IPTCONFIG
  +--> ?PR?PORT_IO_INIT?IPTCONFIG
  +--> ?PR?OSCILLATOR_INIT?IPTCONFIG
  +--> ?PR?INTERRUPTS_INIT?IPTCONFIG

?PR?_FLASH_READ?8051LIB                          -----    -----      -----    -----      003CH    0006H
  +--> ?PR?_WRITEERRORQUE?8051LIB
  +--> ?PR?_FLASH_BYTEREAD?8051LIB
BL51 BANKED LINKER/LOCATER V6.22.4.0                                                  08/13/2025  17:06:40  PAGE 5



?PR?_FLASH_BYTEREAD?8051LIB                      0021H.0  0000H.2    0012H    0002H      -----    -----

?PR?_CRC8?8051LIB                                -----    -----      -----    -----      003CH    0004H
  +--> ?PR?_RUNCRC8?8051LIB

?PR?_RUNCRC8?8051LIB                             -----    -----      -----    -----      -----    -----
  +--> ?CO?8051LIB

?PR?INITIALIZE_SENSOR?TP1200                     -----    -----      -----    -----      -----    -----
  +--> ?PR?LOAD_PRODUCT_INFO?TP1200
  +--> ?PR?LOAD_ADC_CONFIG?TP1200
  +--> ?PR?LOAD_LIN_DATA_T?TP1200
  +--> ?PR?LOAD_LUT_P_ADC?TP1200
  +--> ?PR?LOAD_LUT_T_ADC?TP1200
  +--> ?PR?LOAD_PRESSURE_LUT?TP1200

?PR?LOAD_PRODUCT_INFO?TP1200                     -----    -----      -----    -----      003CH    0004H
  +--> ?PR?_READ_EEPROM_BYTES?TP1200

?PR?_READ_EEPROM_BYTES?TP1200                    -----    -----      -----    -----      00B0H    0009H
  +--> ?PR?_SPIOWRITE?MAIN
  +--> ?PR?SPIOREAD?MAIN

?PR?LOAD_ADC_CONFIG?TP1200                       -----    -----      -----    -----      003CH    0005H
  +--> ?PR?_SPIOWRITE?MAIN
  +--> ?PR?SPIOREAD?MAIN
  +--> ?PR?_READ_EEPROM_BYTES?TP1200

?PR?LOAD_LIN_DATA_T?TP1200                       -----    -----      -----    -----      003CH    000CH
  +--> ?PR?_SPIOWRITE?MAIN
  +--> ?PR?SPIOREAD?MAIN

?PR?LOAD_LUT_P_ADC?TP1200                        -----    -----      -----    -----      -----    -----
  +--> ?PR?_READ_EEPROM_FLOATS?TP1200

?PR?_READ_EEPROM_FLOATS?TP1200                   -----    -----      -----    -----      0045H    0010H
  +--> ?PR?_SPIOWRITE?MAIN
  +--> ?PR?SPIOREAD?MAIN

?PR?LOAD_LUT_T_ADC?TP1200                        -----    -----      -----    -----      003CH    000AH
  +--> ?PR?_READ_EEPROM_BYTES?TP1200

?PR?LOAD_PRESSURE_LUT?TP1200                     -----    -----      -----    -----      003CH    0009H
  +--> ?PR?_READ_EEPROM_FLOATS?TP1200

?PR?INITIALIZE_ADC?TP1200                        -----    -----      -----    -----      -----    -----
  +--> ?PR?_SPIOWRITE?MAIN
  +--> ?PR?_USDELAY?TP1200

?PR?_GET_RAW_SENSOR_READINGS?TP1200              -----    -----      -----    -----      003CH    000BH
  +--> ?PR?_SPIOWRITE?MAIN
  +--> ?PR?RELOADWATCHDOG?MAIN
  +--> ?PR?SPIOREAD?MAIN

?PR?_CALCULATE_COMPENSATED_TEMPERATUR...         -----    -----      -----    -----      003CH    0016H

BL51 BANKED LINKER/LOCATER V6.22.4.0                                                  08/13/2025  17:06:40  PAGE 6


?PR?_CALCULATE_COMPENSATED_PRESSURE?T...         -----    -----      -----    -----      0062H    004AH

?PR?_APPLY_SYSTEM_CALIBRATION?TP1200             -----    -----      -----    -----      003CH    0010H

?PR?GETHOSTPACKET?8051LIB                        -----    -----      -----    -----      003CH    0001H
  +--> ?PR?_GETCOMMAND?8051LIB
  +--> ?PR?_ISDIGIT?ISDIGIT

?PR?_GETCOMMAND?8051LIB                          -----    -----      -----    -----      -----    -----
  +--> ?CO?8051LIB
  +--> ?PR?SCANF?SCANF
  +--> ?PR?_STRUP?8051LIB
  +--> ?PR?_PARSECOMMAND?8051LIB
  +--> ?PR?_MENUTASK?8051LIB

?PR?SCANF?SCANF                                  0021H.0  0000H.6    0012H    0009H      0040H    0015H
  +--> ?PR?GETCHAR?UNGETCHAR
  +--> ?PR?_ISSPACE?ISSPACE
  +--> ?PR?GETCHAR?GETCHAR
  +--> ?PR??C?ATOF??C?ATOF

?PR?GETCHAR?GETCHAR                              -----    -----      -----    -----      -----    -----
  +--> ?PR?_GETKEY?_GETKEY
  +--> ?PR?_PUTCHAR?8051LIB

?PR?_PUTCHAR?8051LIB                             -----    -----      -----    -----      0079H    0003H
  +--> ?PR?_ABSDIFF?8051LIB
  +--> ?PR?_TRANSMIT_UART0?8051LIB

?PR?_TRANSMIT_UART0?8051LIB                      -----    -----      -----    -----      007CH    0001H
  +--> ?PR?_WRITEERRORQUE?8051LIB

?PR??C?ATOF??C?ATOF                              0021H.6  0000H.5    001BH    0002H      -----    -----

?PR?_STRUP?8051LIB                               -----    -----      -----    -----      003DH    0005H
  +--> ?PR?_TOUPPER?TOUPPER

?PR?_PARSECOMMAND?8051LIB                        -----    -----      -----    -----      -----    -----
  +--> ?CO?8051LIB
  +--> ?PR?_CHECKCOMMAND?8051LIB
  +--> ?PR?_MENUTASK?8051LIB

?PR?_CHECKCOMMAND?8051LIB                        -----    -----      -----    -----      003DH    0008H

?PR?_MENUTASK?8051LIB                            -----    -----      -----    -----      003DH    0003H
  +--> ?CO?8051LIB
  +--> ?PR?PRINTF?PRINTF
  +--> ?CO?MAIN
  +--> ?PR?ERRDUMP?8051LIB
  +--> ?PR?ERRTABLE?8051LIB
  +--> ?PR?SCANF?SCANF
  +--> ?PR?DISPLAY_MEMSCAP_EEPROM_INFO?TP1200

?PR?PRINTF?PRINTF                                0021H.0  0001H.1    0012H    0005H      0062H    0017H
  +--> ?PR?_PUTCHAR?8051LIB

?PR?ERRDUMP?8051LIB                              -----    -----      -----    -----      0040H    0001H
BL51 BANKED LINKER/LOCATER V6.22.4.0                                                  08/13/2025  17:06:40  PAGE 7


  +--> ?CO?8051LIB
  +--> ?PR?PRINTF?PRINTF
  +--> ?CO?ERROR
  +--> ?PR?_ERRLOOKUP?8051LIB

?PR?_ERRLOOKUP?8051LIB                           -----    -----      -----    -----      0041H    0002H
  +--> ?CO?ERROR
  +--> ?CO?8051LIB
  +--> ?PR?PRINTF?PRINTF

?PR?ERRTABLE?8051LIB                             -----    -----      -----    -----      0040H    0002H
  +--> ?CO?8051LIB
  +--> ?PR?PRINTF?PRINTF
  +--> ?CO?ERROR

?PR?DISPLAY_MEMSCAP_EEPROM_INFO?TP1200           -----    -----      -----    -----      0040H    0022H
  +--> ?PR?_READ_EEPROM_BYTES?TP1200
  +--> ?CO?TP1200
  +--> ?PR?PRINTF?PRINTF
  +--> ?PR?_COMPPRESSUREUNADJUSTED?TP1200

?PR?_COMPPRESSUREUNADJUSTED?TP1200               -----    -----      -----    -----      -----    -----
  +--> ?PR?_CALCULATE_COMPENSATED_PRESSURE?T...

?PR?_ATOI?ATOI                                   0021H.0  0000H.1    -----    -----      003CH    0005H
  +--> ?PR?_ISSPACE?ISSPACE
  +--> ?PR?_ISDIGIT?ISDIGIT

?PR?READEEPROM?TP1200                            -----    -----      -----    -----      003CH    0074H
  +--> ?PR?_READ_EEPROM_BYTES?TP1200
  +--> ?PR?_CALCULATE_CRC32?TP1200

?PR?_CALCULATE_CRC32?TP1200                      -----    -----      -----    -----      00B0H    0009H
  +--> ?CO?TP1200

?PR?WRITENVRAM?MAIN                              -----    -----      -----    -----      -----    -----
  +--> ?PR?_CRC8?8051LIB
  +--> ?PR?_FLASH_WRITE?8051LIB

?PR?_FLASH_WRITE?8051LIB                         -----    -----      -----    -----      003CH    0006H
  +--> ?PR?_WRITEERRORQUE?8051LIB
  +--> ?PR?_FLASH_PAGEERASE?8051LIB
  +--> ?PR?_FLASH_BYTEWRITE?8051LIB

?PR?_FLASH_PAGEERASE?8051LIB                     0021H.0  0000H.2    0012H    0002H      -----    -----

?PR?_FLASH_BYTEWRITE?8051LIB                     0021H.0  0000H.2    0012H    0002H      -----    -----



SYMBOL TABLE OF MODULE:  IPT (?C_STARTUP)

  VALUE           TYPE          NAME
  ----------------------------------

  -------         MODULE        ?C_STARTUP
  C:49E8H         SEGMENT       ?C_C51STARTUP
BL51 BANKED LINKER/LOCATER V6.22.4.0                                                  08/13/2025  17:06:40  PAGE 8


  I:0037H         SEGMENT       ?STACK
  C:0000H         PUBLIC        ?C_STARTUP
  D:00E0H         SYMBOL        ACC
  D:00F0H         SYMBOL        B
  D:0083H         SYMBOL        DPH
  D:0082H         SYMBOL        DPL
  N:0000H         SYMBOL        IBPSTACK
  N:0100H         SYMBOL        IBPSTACKTOP
  N:0080H         SYMBOL        IDATALEN
  C:49EBH         SYMBOL        IDATALOOP
  N:0000H         SYMBOL        PBPSTACK
  N:0100H         SYMBOL        PBPSTACKTOP
  N:00FFH         SYMBOL        PDATALEN
  C:4A01H         SYMBOL        PDATALOOP
  N:0000H         SYMBOL        PDATASTART
  N:0000H         SYMBOL        PPAGE
  N:0000H         SYMBOL        PPAGEENABLE
  D:00A0H         SYMBOL        PPAGE_SFR
  D:0081H         SYMBOL        SP
  C:49E8H         SYMBOL        STARTUP1
  N:0000H         SYMBOL        XBPSTACK
  N:0000H         SYMBOL        XBPSTACKTOP
  N:0FFFH         SYMBOL        XDATALEN
  C:49F6H         SYMBOL        XDATALOOP
  N:0000H         SYMBOL        XDATASTART
  C:0000H         LINE#         126
  C:49E8H         LINE#         133
  C:49EAH         LINE#         134
  C:49EBH         LINE#         135
  C:49ECH         LINE#         136
  C:49EEH         LINE#         140
  C:49F1H         LINE#         141
  C:49F3H         LINE#         143
  C:49F5H         LINE#         147
  C:49F6H         LINE#         148
  C:49F7H         LINE#         149
  C:49F8H         LINE#         150
  C:49FAH         LINE#         151
  C:49FCH         LINE#         159
  C:49FEH         LINE#         160
  C:4A00H         LINE#         161
  C:4A01H         LINE#         162
  C:4A02H         LINE#         163
  C:4A03H         LINE#         164
  C:4A05H         LINE#         185
  C:4A08H         LINE#         196
  -------         ENDMOD        ?C_STARTUP

  -------         MODULE        MAIN
  C:0000H         SYMBOL        _ICE_DUMMY_
  D:002FH         PUBLIC        ck1
  D:0080H         PUBLIC        P0
  D:0030H         PUBLIC        ck2
  B:0090H.2       PUBLIC        CS_EE
  D:0090H         PUBLIC        P1
  B:00A0H.7       PUBLIC        CS_5V
  D:00FFH         PUBLIC        WDTCN
BL51 BANKED LINKER/LOCATER V6.22.4.0                                                  08/13/2025  17:06:40  PAGE 9


  D:00A0H         PUBLIC        P2
  D:00B0H         PUBLIC        P3
  B:00A8H.7       PUBLIC        EA
  X:0000H         PUBLIC        offset
  D:0031H         PUBLIC        scale
  C:001DH         PUBLIC        ReloadWatchdog
  B:0090H.0       PUBLIC        CS_PR
  D:0033H         PUBLIC        mbar
  C:12F0H         PUBLIC        main
  B:00F8H.7       PUBLIC        SPIF
  X:0002H         PUBLIC        span
  C:5110H         PUBLIC        SPIORead
  C:455DH         PUBLIC        EXFILE
  C:454FH         PUBLIC        EXNAME
  C:4556H         PUBLIC        EXVERSION
  C:5176H         PUBLIC        _SPIOWrite
  D:008DH         PUBLIC        TH1
  C:4564H         PUBLIC        EXTIME
  C:4FBEH         PUBLIC        WriteNVRam
  B:00A0H.4       PUBLIC        LED
  C:455CH         PUBLIC        EXPART
  D:00EFH         PUBLIC        RSTSRC
  D:009AH         PUBLIC        SPI0CFG
  X:0004H         PUBLIC        NVR_Buf
  D:009BH         PUBLIC        SPI0DAT
  -------         PROC          MAIN
  -------         DO            
  X:002FH         SYMBOL        a
  D:0008H         SYMBOL        RetStr
  X:0030H         SYMBOL        raw_temp_adc
  X:0034H         SYMBOL        raw_press_adc
  X:0038H         SYMBOL        compensated_temp_c
  D:0004H         SYMBOL        compensated_press
  C:1300H         SYMBOL        task0
  C:1438H         SYMBOL        task1
  C:1304H         SYMBOL        task2
  C:1306H         SYMBOL        task3
  C:1308H         SYMBOL        task4
  C:1433H         SYMBOL        task5
  C:130CH         SYMBOL        task6
  C:130EH         SYMBOL        task7
  C:14BDH         SYMBOL        idle
  -------         ENDDO         
  C:12F0H         LINE#         116
  C:12F0H         LINE#         123
  C:12F3H         LINE#         124
  C:12F6H         LINE#         126
  C:12F8H         LINE#         130
  C:12FAH         LINE#         131
  C:12FCH         LINE#         133
  C:12FFH         LINE#         134
  C:1302H         LINE#         137
  C:1307H         LINE#         140
  C:130CH         LINE#         141
  C:1313H         LINE#         142
  C:1313H         LINE#         144
  C:1318H         LINE#         145
BL51 BANKED LINKER/LOCATER V6.22.4.0                                                  08/13/2025  17:06:40  PAGE 10


  C:131FH         LINE#         146
  C:131FH         LINE#         148
  C:1324H         LINE#         149
  C:132BH         LINE#         150
  C:132BH         LINE#         152
  C:1330H         LINE#         153
  C:1337H         LINE#         154
  C:1337H         LINE#         156
  C:133CH         LINE#         157
  C:1343H         LINE#         158
  C:1343H         LINE#         160
  C:1348H         LINE#         161
  C:134FH         LINE#         162
  C:134FH         LINE#         163
  C:134FH         LINE#         165
  C:1352H         LINE#         166
  C:1355H         LINE#         168
  C:135AH         LINE#         169
  C:135DH         LINE#         170
  C:1360H         LINE#         171
  C:1368H         LINE#         172
  C:1370H         LINE#         175
  C:1374H         LINE#         176
  C:1379H         LINE#         178
  C:137BH         LINE#         181
  C:1386H         LINE#         182
  C:1395H         LINE#         183
  C:139BH         LINE#         184
  C:13A1H         LINE#         185
  C:13A5H         LINE#         186
  C:13A8H         LINE#         187
  C:13B7H         LINE#         188
  C:13BBH         LINE#         189
  C:13C2H         LINE#         190
  C:13C4H         LINE#         191
  C:13D1H         LINE#         192
  C:13DEH         LINE#         193
  C:13DEH         LINE#         197
  C:13E2H         LINE#         198
  C:13E7H         LINE#         199
  C:13E7H         LINE#         201
  C:13EAH         LINE#         202
  C:13EDH         LINE#         205
  C:13EFH         LINE#         209
  C:13EFH         LINE#         211
  C:13F2H         LINE#         217
  C:13FAH         LINE#         218
  C:1401H         LINE#         219
  C:1409H         LINE#         220
  C:1411H         LINE#         221
  C:1419H         LINE#         222
  C:1420H         LINE#         223
  C:1428H         LINE#         224
  C:1433H         LINE#         225
  C:1433H         LINE#         227
  C:1433H         LINE#         229
  C:1433H         LINE#         231
BL51 BANKED LINKER/LOCATER V6.22.4.0                                                  08/13/2025  17:06:40  PAGE 11


  C:1433H         LINE#         233
  C:1433H         LINE#         235
  C:1433H         LINE#         237
  C:1435H         LINE#         238
  C:1438H         LINE#         240
  C:1438H         LINE#         241
  C:1438H         LINE#         243
  C:1438H         LINE#         244
  C:1438H         LINE#         246
  C:1438H         LINE#         247
  C:1438H         LINE#         249
  C:1438H         LINE#         250
  C:144EH         LINE#         251
  C:1461H         LINE#         252
  C:1476H         LINE#         253
  C:1498H         LINE#         254
  C:14BDH         LINE#         255
  C:14BDH         LINE#         257
  C:14BDH         LINE#         258
  C:14BDH         LINE#         260
  C:14BDH         LINE#         261
  C:14C7H         LINE#         265
  C:14CEH         LINE#         266
  C:14DAH         LINE#         268
  C:14FAH         LINE#         271
  C:154AH         LINE#         274
  C:154AH         LINE#         275
  C:154EH         LINE#         276
  C:155DH         LINE#         277
  C:155DH         LINE#         278
  C:1560H         LINE#         279
  C:1577H         LINE#         280
  C:1577H         LINE#         281
  C:157AH         LINE#         284
  C:157AH         LINE#         285
  C:157EH         LINE#         287
  C:158BH         LINE#         288
  C:15AAH         LINE#         289
  C:15AAH         LINE#         290
  C:15AAH         LINE#         291
  C:15ADH         LINE#         292
  C:15B0H         LINE#         293
  C:15B0H         LINE#         294
  C:15B3H         LINE#         295
  C:15B6H         LINE#         296
  C:15B6H         LINE#         297
  C:15B9H         LINE#         298
  C:15BCH         LINE#         299
  C:15BCH         LINE#         300
  C:15BFH         LINE#         301
  C:15C2H         LINE#         302
  C:15C2H         LINE#         303
  C:15C5H         LINE#         304
  C:15C8H         LINE#         305
  C:15C8H         LINE#         306
  C:15CBH         LINE#         307
  C:15CEH         LINE#         308
BL51 BANKED LINKER/LOCATER V6.22.4.0                                                  08/13/2025  17:06:40  PAGE 12


  C:15CEH         LINE#         309
  C:15CEH         LINE#         310
  C:15E5H         LINE#         311
  C:15E5H         LINE#         312
  C:15E8H         LINE#         315
  C:15E8H         LINE#         316
  C:160FH         LINE#         317
  C:1612H         LINE#         320
  C:1612H         LINE#         321
  C:1616H         LINE#         322
  C:1628H         LINE#         323
  C:162BH         LINE#         324
  C:162EH         LINE#         325
  C:162EH         LINE#         326
  C:1643H         LINE#         327
  C:1647H         LINE#         328
  C:1647H         LINE#         329
  C:1647H         LINE#         330
  C:164AH         LINE#         331
  C:1670H         LINE#         332
  C:1670H         LINE#         333
  C:1673H         LINE#         336
  C:1673H         LINE#         337
  C:1677H         LINE#         338
  C:1682H         LINE#         339
  C:1687H         LINE#         340
  C:1687H         LINE#         341
  C:168AH         LINE#         342
  C:16A1H         LINE#         343
  C:16A1H         LINE#         344
  C:16A4H         LINE#         347
  C:16A4H         LINE#         348
  C:16CEH         LINE#         351
  C:16D1H         LINE#         354
  C:16D1H         LINE#         355
  C:16FAH         LINE#         356
  C:16FDH         LINE#         359
  C:16FDH         LINE#         360
  C:1702H         LINE#         361
  C:1725H         LINE#         362
  C:1728H         LINE#         363
  C:173FH         LINE#         364
  C:173FH         LINE#         365
  C:1742H         LINE#         367
  C:1742H         LINE#         368
  C:1766H         LINE#         369
  C:1769H         LINE#         372
  C:1769H         LINE#         374
  C:178DH         LINE#         375
  C:1790H         LINE#         378
  C:1790H         LINE#         380
  C:17D2H         LINE#         381
  C:17D5H         LINE#         384
  C:17D5H         LINE#         385
  C:17F3H         LINE#         386
  C:17F6H         LINE#         389
  C:17F6H         LINE#         390
BL51 BANKED LINKER/LOCATER V6.22.4.0                                                  08/13/2025  17:06:40  PAGE 13


  C:17F6H         LINE#         393
  C:17F6H         LINE#         394
  C:17F6H         LINE#         397
  C:17F6H         LINE#         398
  C:17FAH         LINE#         399
  C:180AH         LINE#         400
  C:180AH         LINE#         401
  C:180CH         LINE#         402
  C:182BH         LINE#         403
  C:182DH         LINE#         406
  C:182DH         LINE#         407
  C:1831H         LINE#         408
  C:1841H         LINE#         409
  C:1844H         LINE#         410
  C:1847H         LINE#         411
  C:1866H         LINE#         412
  C:1868H         LINE#         415
  C:1868H         LINE#         416
  C:1889H         LINE#         417
  C:188CH         LINE#         420
  C:188CH         LINE#         421
  C:18A1H         LINE#         424
  C:18A1H         LINE#         425
  C:18A1H         LINE#         426
  -------         ENDPROC       MAIN
  -------         PROC          _SPIOWRITE
  D:0007H         SYMBOL        b
  -------         DO            
  D:0006H         SYMBOL        a
  -------         ENDDO         
  C:5176H         LINE#         450
  C:5176H         LINE#         451
  C:5178H         LINE#         452
  C:517AH         LINE#         453
  C:517CH         LINE#         454
  C:5185H         LINE#         456
  C:5187H         LINE#         457
  -------         ENDPROC       _SPIOWRITE
  -------         PROC          SPIOREAD
  -------         DO            
  D:0007H         SYMBOL        a
  -------         ENDDO         
  C:5110H         LINE#         465
  C:5110H         LINE#         466
  C:5112H         LINE#         467
  C:5114H         LINE#         468
  C:5117H         LINE#         469
  C:5120H         LINE#         471
  C:5122H         LINE#         472
  C:5124H         LINE#         473
  -------         ENDPROC       SPIOREAD
  -------         PROC          WRITENVRAM
  C:4FBEH         LINE#         481
  C:4FBEH         LINE#         482
  C:4FCBH         LINE#         483
  C:4FD8H         LINE#         484
  C:4FE7H         LINE#         485
BL51 BANKED LINKER/LOCATER V6.22.4.0                                                  08/13/2025  17:06:40  PAGE 14


  -------         ENDPROC       WRITENVRAM
  -------         PROC          RELOADWATCHDOG
  C:001DH         LINE#         515
  C:001DH         LINE#         516
  C:001DH         LINE#         517
  C:0020H         LINE#         518
  -------         ENDPROC       RELOADWATCHDOG
  -------         ENDMOD        MAIN

  -------         MODULE        IPTCONFIG
  C:0000H         SYMBOL        _ICE_DUMMY_
  D:009DH         PUBLIC        SPI0CKR
  D:00E7H         PUBLIC        EIE2
  D:00E8H         PUBLIC        ADC0CN
  D:00A4H         PUBLIC        P0MDOUT
  D:00A5H         PUBLIC        P1MDOUT
  D:00A8H         PUBLIC        IE
  D:00A6H         PUBLIC        P2MDOUT
  D:0093H         PUBLIC        TMR3RLH
  D:0092H         PUBLIC        TMR3RLL
  C:51BDH         PUBLIC        Port_IO_Init
  D:00D8H         PUBLIC        PCA0CN
  D:00B8H         PUBLIC        IP
  C:0003H         PUBLIC        Oscillator_Init
  D:00E1H         PUBLIC        XBR0
  D:00E3H         PUBLIC        XBR2
  D:00C0H         PUBLIC        SMB0CN
  D:00F8H         PUBLIC        SPI0CN
  C:006DH         PUBLIC        UART_Init
  D:0089H         PUBLIC        TMOD
  D:0088H         PUBLIC        TCON
  D:0091H         PUBLIC        TMR3CN
  C:520FH         PUBLIC        Interrupts_Init
  D:00B2H         PUBLIC        OSCICN
  C:5188H         PUBLIC        Init_Device
  D:008DH         PUBLIC        TH1
  D:00B1H         PUBLIC        OSCXCN
  C:51F2H         PUBLIC        SPI_Init
  D:0098H         PUBLIC        SCON0
  D:00C8H         PUBLIC        T2CON
  D:009AH         PUBLIC        SPI0CFG
  D:008EH         PUBLIC        CKCON
  C:50FAH         PUBLIC        Timer_Init
  D:00D0H         PUBLIC        PSW
  -------         PROC          TIMER_INIT
  C:50FAH         LINE#         9
  C:50FAH         LINE#         10
  C:50FAH         LINE#         11
  C:50FDH         LINE#         12
  C:5100H         LINE#         13
  C:5103H         LINE#         14
  C:5106H         LINE#         15
  C:5109H         LINE#         16
  C:510CH         LINE#         17
  C:510FH         LINE#         18
  -------         ENDPROC       TIMER_INIT
  -------         PROC          UART_INIT
BL51 BANKED LINKER/LOCATER V6.22.4.0                                                  08/13/2025  17:06:40  PAGE 15


  C:006DH         LINE#         20
  C:006DH         LINE#         21
  C:006DH         LINE#         22
  C:0070H         LINE#         23
  -------         ENDPROC       UART_INIT
  -------         PROC          SPI_INIT
  C:51F2H         LINE#         25
  C:51F2H         LINE#         26
  C:51F2H         LINE#         27
  C:51F5H         LINE#         28
  C:51F8H         LINE#         29
  C:51FBH         LINE#         30
  -------         ENDPROC       SPI_INIT
  -------         PROC          PORT_IO_INIT
  C:51BDH         LINE#         32
  C:51BDH         LINE#         33
  C:51BDH         LINE#         70
  C:51C0H         LINE#         71
  C:51C3H         LINE#         72
  C:51C6H         LINE#         73
  C:51C9H         LINE#         74
  C:51CCH         LINE#         75
  -------         ENDPROC       PORT_IO_INIT
  -------         PROC          OSCILLATOR_INIT
  -------         DO            
  D:0006H         SYMBOL        i
  -------         ENDDO         
  C:0003H         LINE#         77
  C:0003H         LINE#         78
  C:0003H         LINE#         79
  C:0006H         LINE#         80
  C:0009H         LINE#         81
  C:0014H         LINE#         82
  C:0019H         LINE#         83
  C:001CH         LINE#         84
  -------         ENDPROC       OSCILLATOR_INIT
  -------         PROC          INTERRUPTS_INIT
  C:520FH         LINE#         86
  C:520FH         LINE#         87
  C:520FH         LINE#         88
  C:5212H         LINE#         89
  C:5215H         LINE#         90
  -------         ENDPROC       INTERRUPTS_INIT
  -------         PROC          INIT_DEVICE
  C:5188H         LINE#         94
  C:5188H         LINE#         95
  C:5188H         LINE#         96
  C:518BH         LINE#         97
  C:518EH         LINE#         98
  C:5191H         LINE#         99
  C:5194H         LINE#         100
  C:5197H         LINE#         101
  -------         ENDPROC       INIT_DEVICE
  -------         ENDMOD        IPTCONFIG

  -------         MODULE        8051LIB
  C:0000H         SYMBOL        _ICE_DUMMY_
BL51 BANKED LINKER/LOCATER V6.22.4.0                                                  08/13/2025  17:06:40  PAGE 16


  D:0023H         PUBLIC        OutTp
  D:0080H         PUBLIC        P0
  D:0090H         PUBLIC        P1
  C:1D04H         PUBLIC        LIBVERSION
  D:00FFH         PUBLIC        WDTCN
  D:00A0H         PUBLIC        P2
  B:00A8H.7       PUBLIC        EA
  C:0026H         PUBLIC        Timer3_ISR
  D:008FH         PUBLIC        PSCTL
  C:1D13H         PUBLIC        LIBTIME
  C:5125H         PUBLIC        InitEQue
  C:5206H         PUBLIC        _SetRStatus
  C:1D28H         PUBLIC        Line
  X:0016H         PUBLIC        t4c
  B:0022H.3       PUBLIC        TX_Int_Restart_Flag1
  X:0017H         PUBLIC        Parm
  C:50E3H         PUBLIC        _AbsDiff
  D:00ADH         PUBLIC        P3IF
  X:0027H         PUBLIC        t4m
  C:4579H         PUBLIC        ErrTable
  X:0028H         PUBLIC        t4o
  C:430AH         PUBLIC        GetHostPacket
  C:4EA6H         PUBLIC        _Strup
  C:4C2AH         PUBLIC        _CheckCommand
  C:5050H         PUBLIC        _Transmit_UART0
  D:0024H         PUBLIC        ParmIndx
  C:47CCH         PUBLIC        _ErrLookup
  X:0F23H         PUBLIC        RawCPUTemperature
  C:2BBFH         PUBLIC        _MenuTask
  D:0020H         PUBLIC        Tsf
  D:0025H         PUBLIC        HPCmd
  X:0F25H         PUBLIC        MenuPoll
  B:0022H.4       PUBLIC        Echo1
  B:0022H.5       PUBLIC        Echo2
  D:0027H         PUBLIC        NetAdd
  X:0100H         PUBLIC        Rb
  X:0200H         PUBLIC        Tb
  C:521DH         PUBLIC        Ext7_ISR
  D:0028H         PUBLIC        crc
  D:0091H         PUBLIC        TMR3CN
  X:0F26H         PUBLIC        eqi
  C:4D92H         PUBLIC        _ParseCommand
  C:4709H         PUBLIC        ErrDump
  C:1BF7H         PUBLIC        CRCTable
  C:5021H         PUBLIC        _Flash_PageErase
  X:0F27H         PUBLIC        cb
  C:51DCH         PUBLIC        _RunCRC8
  C:4BB1H         PUBLIC        _WriteErrorQue
  D:0029H         PUBLIC        HPNetAdd
  B:0098H.1       PUBLIC        TI0
  C:4EF6H         PUBLIC        _Flash_Read
  C:1D63H         PUBLIC        mnu
  C:4F46H         PUBLIC        _Crc8
  X:0F59H         PUBLIC        cp
  X:0F8BH         PUBLIC        cs
  D:002AH         PUBLIC        RState
  D:002BH         PUBLIC        LError
BL51 BANKED LINKER/LOCATER V6.22.4.0                                                  08/13/2025  17:06:40  PAGE 17


  X:0029H         PUBLIC        RStatus
  B:0020H.0       PUBLIC        Tsf0
  B:0020H.1       PUBLIC        Tsf1
  C:4E4EH         PUBLIC        _Flash_Write
  B:0022H.6       PUBLIC        TX_Int_Restart_Flag
  B:0020H.2       PUBLIC        Tsf2
  B:0020H.3       PUBLIC        Tsf3
  B:0020H.4       PUBLIC        Tsf4
  B:0020H.5       PUBLIC        Tsf5
  B:0020H.6       PUBLIC        Tsf6
  B:0020H.7       PUBLIC        Tsf7
  C:3F3AH         PUBLIC        _GetCommand
  C:0076H         PUBLIC        _Flash_ByteRead
  X:0FBDH         PUBLIC        TaskOverRun
  X:0FBEH         PUBLIC        EQue
  C:1D58H         PUBLIC        Head
  D:00B6H         PUBLIC        FLSCL
  C:4FF2H         PUBLIC        _Flash_ByteWrite
  C:1D09H         PUBLIC        LIBFILE
  D:002CH         PUBLIC        InRp
  C:1CF7H         PUBLIC        LIBNAME
  C:50C9H         PUBLIC        InitSerial
  C:4F84H         PUBLIC        _putchar
  D:002DH         PUBLIC        InTp
  D:002EH         PUBLIC        OutRp
  -------         PROC          INITSERIAL
  C:50C9H         LINE#         155
  C:50C9H         LINE#         158
  C:50CBH         LINE#         159
  C:50CDH         LINE#         162
  C:50D0H         LINE#         163
  C:50D2H         LINE#         164
  C:50D4H         LINE#         165
  C:50D6H         LINE#         167
  C:50D8H         LINE#         170
  C:50DAH         LINE#         171
  C:50DCH         LINE#         174
  C:50DEH         LINE#         175
  C:50E0H         LINE#         177
  C:50E2H         LINE#         179
  -------         ENDPROC       INITSERIAL
  -------         PROC          GETHOSTPACKET
  -------         DO            
  X:003CH         SYMBOL        InChar
  -------         ENDDO         
  C:430AH         LINE#         188
  C:430AH         LINE#         191
  C:4313H         LINE#         192
  C:4325H         LINE#         194
  C:4348H         LINE#         195
  C:4348H         LINE#         196
  C:434FH         LINE#         197
  C:4352H         LINE#         198
  C:4354H         LINE#         199
  C:4357H         LINE#         200
  C:4357H         LINE#         201
  C:4359H         LINE#         203
BL51 BANKED LINKER/LOCATER V6.22.4.0                                                  08/13/2025  17:06:40  PAGE 18


  C:4359H         LINE#         204
  C:4362H         LINE#         205
  C:436DH         LINE#         206
  C:4370H         LINE#         207
  C:4372H         LINE#         212
  C:4372H         LINE#         213
  C:437BH         LINE#         214
  C:4384H         LINE#         215
  C:438DH         LINE#         216
  C:4390H         LINE#         217
  C:4393H         LINE#         218
  C:4393H         LINE#         219
  C:4393H         LINE#         220
  C:4395H         LINE#         221
  C:4398H         LINE#         222
  C:4398H         LINE#         223
  C:439BH         LINE#         225
  C:439BH         LINE#         226
  C:43A0H         LINE#         227
  C:43A3H         LINE#         228
  C:43A6H         LINE#         230
  C:43A6H         LINE#         231
  C:43ABH         LINE#         232
  C:43AEH         LINE#         233
  C:43B1H         LINE#         234
  C:43B4H         LINE#         236
  C:43B4H         LINE#         237
  C:43BBH         LINE#         238
  C:43C2H         LINE#         239
  C:43C2H         LINE#         240
  C:43C4H         LINE#         241
  C:43C4H         LINE#         242
  C:43CBH         LINE#         243
  C:43CDH         LINE#         244
  C:43D0H         LINE#         245
  C:43D0H         LINE#         246
  C:43D3H         LINE#         248
  C:43D3H         LINE#         249
  C:43D6H         LINE#         250
  C:43D9H         LINE#         252
  C:43D9H         LINE#         253
  C:43D9H         LINE#         254
  C:43DDH         LINE#         255
  -------         ENDPROC       GETHOSTPACKET
  -------         PROC          _CRC8
  X:003CH         SYMBOL        DataPtr
  X:003FH         SYMBOL        len
  C:4F46H         LINE#         269
  C:4F53H         LINE#         270
  C:4F56H         LINE#         272
  C:4F5EH         LINE#         273
  C:4F6FH         LINE#         274
  C:4F7AH         LINE#         275
  C:4F81H         LINE#         276
  C:4F83H         LINE#         277
  -------         ENDPROC       _CRC8
  -------         PROC          _RUNCRC8
BL51 BANKED LINKER/LOCATER V6.22.4.0                                                  08/13/2025  17:06:40  PAGE 19


  D:0007H         SYMBOL        b
  C:51DCH         LINE#         314
  C:51DCH         LINE#         315
  C:51E5H         LINE#         316
  C:51E6H         LINE#         317
  -------         ENDPROC       _RUNCRC8
  -------         PROC          _TRANSMIT_UART0
  X:007CH         SYMBOL        c
  C:5050H         LINE#         331
  C:5054H         LINE#         334
  C:5064H         LINE#         335
  C:5069H         LINE#         336
  C:5070H         LINE#         337
  C:5072H         LINE#         338
  C:5072H         LINE#         341
  C:5075H         LINE#         342
  C:5077H         LINE#         343
  C:5079H         LINE#         344
  C:5079H         LINE#         345
  C:507DH         LINE#         346
  -------         ENDPROC       _TRANSMIT_UART0
  -------         PROC          _PUTCHAR
  X:0079H         SYMBOL        c
  -------         DO            
  X:007AH         SYMBOL        to
  -------         ENDDO         
  C:4F84H         LINE#         360
  C:4F88H         LINE#         361
  C:4F8EH         LINE#         363
  C:4FADH         LINE#         364
  C:4FB0H         LINE#         365
  C:4FB2H         LINE#         366
  C:4FB9H         LINE#         367
  C:4FBDH         LINE#         368
  -------         ENDPROC       _PUTCHAR
  -------         PROC          EXT7_ISR
  C:521DH         LINE#         410
  C:521DH         LINE#         411
  C:5220H         LINE#         412
  -------         ENDPROC       EXT7_ISR
  -------         PROC          TIMER3_ISR
  -------         DO            
  D:0007H         SYMBOL        ShiftMask
  -------         ENDDO         
  C:0026H         LINE#         454
  C:0035H         LINE#         457
  C:0038H         LINE#         458
  C:003DH         LINE#         459
  C:003FH         LINE#         460
  C:0048H         LINE#         461
  C:004DH         LINE#         462
  C:0052H         LINE#         463
  C:0056H         LINE#         464
  C:0058H         LINE#         465
  C:005DH         LINE#         466
  C:0060H         LINE#         467
  -------         ENDPROC       TIMER3_ISR
BL51 BANKED LINKER/LOCATER V6.22.4.0                                                  08/13/2025  17:06:40  PAGE 20


  -------         PROC          _STRUP
  X:003DH         SYMBOL        s
  -------         DO            
  X:0040H         SYMBOL        i
  -------         ENDDO         
  C:4EA6H         LINE#         476
  C:4EB0H         LINE#         478
  C:4EB5H         LINE#         479
  C:4ECEH         LINE#         480
  C:4EE8H         LINE#         481
  C:4EF3H         LINE#         482
  C:4EF5H         LINE#         483
  -------         ENDPROC       _STRUP
  -------         PROC          _FLASH_WRITE
  X:003CH         SYMBOL        b
  X:003FH         SYMBOL        len
  -------         DO            
  X:0040H         SYMBOL        addr
  -------         ENDDO         
  C:4E4EH         LINE#         504
  C:4E5BH         LINE#         505
  C:4E60H         LINE#         507
  C:4E66H         LINE#         508
  C:4E68H         LINE#         509
  C:4E6BH         LINE#         510
  C:4E6BH         LINE#         512
  C:4E73H         LINE#         513
  C:4E7CH         LINE#         514
  C:4EA3H         LINE#         515
  C:4EA5H         LINE#         516
  -------         ENDPROC       _FLASH_WRITE
  -------         PROC          _FLASH_READ
  X:003CH         SYMBOL        b
  X:003FH         SYMBOL        len
  -------         DO            
  X:0040H         SYMBOL        addr
  -------         ENDDO         
  C:4EF6H         LINE#         534
  C:4F03H         LINE#         535
  C:4F08H         LINE#         537
  C:4F0EH         LINE#         538
  C:4F10H         LINE#         539
  C:4F13H         LINE#         540
  C:4F13H         LINE#         542
  C:4F1CH         LINE#         543
  C:4F43H         LINE#         544
  C:4F45H         LINE#         545
  -------         ENDPROC       _FLASH_READ
  -------         PROC          _FLASH_BYTEWRITE
  D:0006H         SYMBOL        addr
  D:0005H         SYMBOL        c
  B:0021H.0       SYMBOL        SFLE
  -------         DO            
  B:0021H.1       SYMBOL        EA_SAVE
  D:0012H         SYMBOL        pwrite
  -------         ENDDO         
  C:4FF2H         LINE#         563
BL51 BANKED LINKER/LOCATER V6.22.4.0                                                  08/13/2025  17:06:40  PAGE 21


  C:4FF2H         LINE#         564
  C:4FF2H         LINE#         565
  C:4FF6H         LINE#         568
  C:4FF8H         LINE#         570
  C:4FFCH         LINE#         572
  C:4FFFH         LINE#         573
  C:5002H         LINE#         575
  C:5005H         LINE#         576
  C:5008H         LINE#         577
  C:5008H         LINE#         579
  C:5010H         LINE#         581
  C:5013H         LINE#         582
  C:5016H         LINE#         583
  C:5016H         LINE#         585
  C:5019H         LINE#         586
  C:501CH         LINE#         588
  C:5020H         LINE#         589
  -------         ENDPROC       _FLASH_BYTEWRITE
  -------         PROC          _FLASH_BYTEREAD
  D:0006H         SYMBOL        addr
  B:0021H.0       SYMBOL        SFLE
  -------         DO            
  B:0021H.1       SYMBOL        EA_SAVE
  D:0012H         SYMBOL        pread
  D:0007H         SYMBOL        c
  -------         ENDDO         
  C:0076H         LINE#         601
  C:0076H         LINE#         602
  C:0076H         LINE#         603
  C:007AH         LINE#         607
  C:007CH         LINE#         609
  C:0080H         LINE#         611
  C:0083H         LINE#         612
  C:0086H         LINE#         613
  C:0086H         LINE#         615
  C:008FH         LINE#         617
  C:0092H         LINE#         618
  C:0095H         LINE#         619
  C:0095H         LINE#         621
  C:0099H         LINE#         623
  C:0099H         LINE#         624
  -------         ENDPROC       _FLASH_BYTEREAD
  -------         PROC          _FLASH_PAGEERASE
  D:0006H         SYMBOL        addr
  B:0021H.0       SYMBOL        SFLE
  -------         DO            
  B:0021H.1       SYMBOL        EA_SAVE
  D:0012H         SYMBOL        pwrite
  -------         ENDDO         
  C:5021H         LINE#         636
  C:5021H         LINE#         637
  C:5021H         LINE#         638
  C:5025H         LINE#         641
  C:5027H         LINE#         643
  C:502BH         LINE#         645
  C:502EH         LINE#         646
  C:5031H         LINE#         648
BL51 BANKED LINKER/LOCATER V6.22.4.0                                                  08/13/2025  17:06:40  PAGE 22


  C:5034H         LINE#         649
  C:5037H         LINE#         650
  C:5037H         LINE#         652
  C:503FH         LINE#         654
  C:5042H         LINE#         655
  C:5045H         LINE#         656
  C:5045H         LINE#         658
  C:5048H         LINE#         659
  C:504BH         LINE#         661
  C:504FH         LINE#         662
  -------         ENDPROC       _FLASH_PAGEERASE
  -------         PROC          _ABSDIFF
  D:0007H         SYMBOL        in
  D:0005H         SYMBOL        out
  C:50E3H         LINE#         710
  C:50E3H         LINE#         714
  C:50E7H         LINE#         715
  C:50ECH         LINE#         716
  C:50F0H         LINE#         718
  C:50F7H         LINE#         719
  C:50F7H         LINE#         720
  C:50F9H         LINE#         722
  -------         ENDPROC       _ABSDIFF
  -------         PROC          INITEQUE
  C:5125H         LINE#         847
  C:5125H         LINE#         848
  C:5134H         LINE#         849
  C:5139H         LINE#         850
  -------         ENDPROC       INITEQUE
  -------         PROC          L?0159
  -------         ENDPROC       L?0159
  -------         PROC          _WRITEERRORQUE
  D:0007H         SYMBOL        Source
  D:0005H         SYMBOL        Error
  C:4BB1H         LINE#         863
  C:4BB1H         LINE#         866
  C:4BD1H         LINE#         869
  C:4BDAH         LINE#         870
  C:4BDCH         LINE#         871
  C:4BEDH         LINE#         872
  C:4C01H         LINE#         873
  C:4C01H         LINE#         874
  C:4C14H         LINE#         875
  C:4C29H         LINE#         876
  -------         ENDPROC       _WRITEERRORQUE
  -------         PROC          ERRDUMP
  -------         DO            
  X:0040H         SYMBOL        a
  -------         ENDDO         
  C:4709H         LINE#         888
  C:4709H         LINE#         891
  C:4713H         LINE#         892
  C:4721H         LINE#         893
  C:4726H         LINE#         894
  C:472CH         LINE#         895
  C:4730H         LINE#         897
  C:4743H         LINE#         898
BL51 BANKED LINKER/LOCATER V6.22.4.0                                                  08/13/2025  17:06:40  PAGE 23


  C:474AH         LINE#         899
  C:4797H         LINE#         900
  C:4799H         LINE#         901
  C:47BFH         LINE#         902
  C:47BFH         LINE#         903
  C:47C2H         LINE#         904
  C:47C5H         LINE#         905
  C:47CBH         LINE#         906
  C:47CBH         LINE#         907
  -------         ENDPROC       ERRDUMP
  -------         PROC          ERRTABLE
  -------         DO            
  X:0040H         SYMBOL        i
  X:0041H         SYMBOL        a
  -------         ENDDO         
  C:4579H         LINE#         920
  C:4579H         LINE#         923
  C:457EH         LINE#         924
  C:4584H         LINE#         925
  C:4588H         LINE#         926
  C:459EH         LINE#         927
  C:45A7H         LINE#         928
  C:45D5H         LINE#         929
  C:45DAH         LINE#         930
  C:45DDH         LINE#         931
  C:45DFH         LINE#         932
  C:45E4H         LINE#         933
  C:45FAH         LINE#         934
  C:4603H         LINE#         935
  C:4631H         LINE#         936
  C:4636H         LINE#         937
  C:4639H         LINE#         938
  C:463BH         LINE#         939
  C:4641H         LINE#         940
  -------         ENDPROC       ERRTABLE
  -------         PROC          _ERRLOOKUP
  X:0041H         SYMBOL        src
  X:0042H         SYMBOL        err
  C:47CCH         LINE#         953
  C:47D3H         LINE#         955
  C:47D8H         LINE#         956
  C:4804H         LINE#         957
  C:4806H         LINE#         958
  C:4821H         LINE#         959
  C:4821H         LINE#         960
  C:482AH         LINE#         962
  C:4833H         LINE#         963
  C:485EH         LINE#         964
  C:4860H         LINE#         965
  C:487BH         LINE#         966
  C:487BH         LINE#         967
  -------         ENDPROC       _ERRLOOKUP
  -------         PROC          _GETCOMMAND
  D:0007H         SYMBOL        c
  -------         DO            
  X:0015H         SYMBOL        i
  -------         ENDDO         
BL51 BANKED LINKER/LOCATER V6.22.4.0                                                  08/13/2025  17:06:40  PAGE 24


  C:3F3AH         LINE#         1015
  C:3F3AH         LINE#         1020
  C:3F4EH         LINE#         1022
  C:3F5CH         LINE#         1023
  C:3F71H         LINE#         1024
  C:3F71H         LINE#         1027
  C:3F88H         LINE#         1028
  C:3F8CH         LINE#         1029
  C:3F99H         LINE#         1030
  C:3F9CH         LINE#         1033
  C:3FA4H         LINE#         1034
  C:3FACH         LINE#         1035
  C:3FC0H         LINE#         1036
  C:3FCDH         LINE#         1037
  C:3FDCH         LINE#         1038
  C:400AH         LINE#         1039
  C:4013H         LINE#         1040
  C:401CH         LINE#         1041
  C:401CH         LINE#         1042
  C:4021H         LINE#         1043
  C:4021H         LINE#         1044
  C:4021H         LINE#         1045
  C:4031H         LINE#         1049
  C:4038H         LINE#         1050
  C:403BH         LINE#         1052
  C:4041H         LINE#         1053
  -------         ENDPROC       _GETCOMMAND
  -------         PROC          _CHECKCOMMAND
  X:003DH         SYMBOL        ib
  X:0040H         SYMBOL        mnu
  -------         DO            
  X:0043H         SYMBOL        i
  -------         ENDDO         
  C:4C2AH         LINE#         1057
  C:4C34H         LINE#         1060
  C:4C3AH         LINE#         1061
  C:4C5BH         LINE#         1062
  C:4C8FH         LINE#         1063
  C:4C8FH         LINE#         1064
  C:4C8FH         LINE#         1065
  C:4C9AH         LINE#         1066
  C:4C9CH         LINE#         1067
  C:4CA3H         LINE#         1068
  -------         ENDPROC       _CHECKCOMMAND
  -------         PROC          _PARSECOMMAND
  D:0001H         SYMBOL        ib
  -------         DO            
  D:0006H         SYMBOL        i
  -------         ENDDO         
  C:4D92H         LINE#         1096
  C:4D92H         LINE#         1099
  C:4D97H         LINE#         1100
  C:4DA7H         LINE#         1102
  C:4DCAH         LINE#         1103
  C:4DE2H         LINE#         1104
  C:4DE7H         LINE#         1105
  C:4DE9H         LINE#         1106
BL51 BANKED LINKER/LOCATER V6.22.4.0                                                  08/13/2025  17:06:40  PAGE 25


  C:4DEEH         LINE#         1107
  C:4DEEH         LINE#         1111
  C:4DF1H         LINE#         1112
  C:4DF1H         LINE#         1113
  C:4DF1H         LINE#         1114
  -------         ENDPROC       _PARSECOMMAND
  -------         PROC          _MENUTASK
  D:0007H         SYMBOL        task
  -------         DO            
  X:003DH         SYMBOL        i
  X:003FH         SYMBOL        a
  -------         ENDDO         
  C:2BBFH         LINE#         1121
  C:2BBFH         LINE#         1132
  C:2C08H         LINE#         1133
  C:2C08H         LINE#         1134
  C:2C0EH         LINE#         1135
  C:2C14H         LINE#         1136
  C:2C18H         LINE#         1137
  C:2C44H         LINE#         1138
  C:2C5CH         LINE#         1139
  C:2CB7H         LINE#         1140
  C:2CBAH         LINE#         1141
  C:2CBAH         LINE#         1142
  C:2CC5H         LINE#         1143
  C:2CC8H         LINE#         1147
  C:2CC8H         LINE#         1148
  C:2CCEH         LINE#         1149
  C:2CD2H         LINE#         1150
  C:2CF4H         LINE#         1151
  C:2D16H         LINE#         1152
  C:2D38H         LINE#         1153
  C:2D5AH         LINE#         1154
  C:2D5DH         LINE#         1155
  C:2D7FH         LINE#         1156
  C:2DA1H         LINE#         1157
  C:2DC3H         LINE#         1158
  C:2DE5H         LINE#         1159
  C:2DFBH         LINE#         1160
  C:2E0BH         LINE#         1161
  C:2E0BH         LINE#         1162
  C:2E11H         LINE#         1163
  C:2E13H         LINE#         1164
  C:2E13H         LINE#         1165
  C:2E19H         LINE#         1166
  C:2E1BH         LINE#         1167
  C:2E1BH         LINE#         1168
  C:2E24H         LINE#         1169
  C:2E24H         LINE#         1170
  C:2E24H         LINE#         1171
  C:2E2AH         LINE#         1172
  C:2E2BH         LINE#         1175
  C:2E2BH         LINE#         1176
  C:2E2EH         LINE#         1177
  C:2E2EH         LINE#         1180
  C:2E2EH         LINE#         1181
  C:2E31H         LINE#         1182
BL51 BANKED LINKER/LOCATER V6.22.4.0                                                  08/13/2025  17:06:40  PAGE 26


  C:2E31H         LINE#         1185
  C:2E31H         LINE#         1188
  C:2E31H         LINE#         1191
  C:2E31H         LINE#         1192
  C:2E40H         LINE#         1193
  C:2E46H         LINE#         1194
  C:2E49H         LINE#         1197
  C:2E49H         LINE#         1198
  C:2E4BH         LINE#         1199
  C:2E6AH         LINE#         1200
  C:2E6DH         LINE#         1202
  C:2E6DH         LINE#         1203
  C:2E6FH         LINE#         1204
  C:2E8EH         LINE#         1205
  C:2E91H         LINE#         1208
  C:2E91H         LINE#         1209
  C:2EA0H         LINE#         1210
  C:2EA3H         LINE#         1213
  C:2EA3H         LINE#         1214
  C:2EC5H         LINE#         1215
  C:2ED1H         LINE#         1216
  C:2ED4H         LINE#         1219
  C:2ED4H         LINE#         1223
  C:2EEAH         LINE#         1224
  C:2EEDH         LINE#         1225
  C:2EEDH         LINE#         1228
  C:2EEDH         LINE#         1229
  C:2EF3H         LINE#         1230
  C:2EF6H         LINE#         1232
  C:2EF6H         LINE#         1237
  C:2EF6H         LINE#         1238
  C:2EFCH         LINE#         1239
  C:2EFFH         LINE#         1241
  C:2EFFH         LINE#         1242
  C:2F05H         LINE#         1243
  C:2F08H         LINE#         1246
  C:2F08H         LINE#         1247
  C:2F2AH         LINE#         1248
  C:2F52H         LINE#         1249
  C:2F54H         LINE#         1252
  C:2F54H         LINE#         1253
  C:2F76H         LINE#         1254
  C:2F9EH         LINE#         1255
  C:2FA0H         LINE#         1258
  C:2FA0H         LINE#         1262
  C:2FA6H         LINE#         1264
  C:2FA6H         LINE#         1267
  C:2FA9H         LINE#         1272
  C:2FA9H         LINE#         1274
  C:2FA9H         LINE#         1275
  -------         ENDPROC       _MENUTASK
  -------         PROC          _SETRSTATUS
  D:0007H         SYMBOL        type
  D:0005H         SYMBOL        error
  C:5206H         LINE#         1288
  C:5206H         LINE#         1289
  C:520EH         LINE#         1290
BL51 BANKED LINKER/LOCATER V6.22.4.0                                                  08/13/2025  17:06:40  PAGE 27


  -------         ENDPROC       _SETRSTATUS
  -------         ENDMOD        8051LIB

  -------         MODULE        8051LIB_I
  C:4DF2H         SEGMENT       INT4_CODE_SEG
  B:0080H.7       PUBLIC        DE485
  B:0080H.6       PUBLIC        RE485
  B:00C0H.2       SYMBOL        AA
  B:00D0H.6       SYMBOL        AC
  D:00E0H         SYMBOL        ACC
  B:00E8H.4       SYMBOL        AD0BUSY
  B:00E8H.7       SYMBOL        AD0EN
  B:00E8H.5       SYMBOL        AD0INT
  B:00E8H.0       SYMBOL        AD0LJST
  B:00E8H.2       SYMBOL        AD0STM0
  B:00E8H.3       SYMBOL        AD0STM1
  B:00E8H.6       SYMBOL        AD0TM
  B:00E8H.1       SYMBOL        AD0WINT
  D:00BCH         SYMBOL        ADC0CF
  D:00E8H         SYMBOL        ADC0CN
  D:00C5H         SYMBOL        ADC0GTH
  D:00C4H         SYMBOL        ADC0GTL
  D:00BFH         SYMBOL        ADC0H
  D:00BEH         SYMBOL        ADC0L
  D:00C7H         SYMBOL        ADC0LTH
  D:00C6H         SYMBOL        ADC0LTL
  D:009CH         SYMBOL        ADC1
  D:00ABH         SYMBOL        ADC1CF
  D:00AAH         SYMBOL        ADC1CN
  D:00BAH         SYMBOL        AMX0CF
  D:00BBH         SYMBOL        AMX0SL
  D:00ACH         SYMBOL        AMX1SL
  D:00F0H         SYMBOL        B
  B:00D8H.0       SYMBOL        CCF0
  B:00D8H.1       SYMBOL        CCF1
  B:00D8H.2       SYMBOL        CCF2
  B:00D8H.3       SYMBOL        CCF3
  B:00D8H.4       SYMBOL        CCF4
  B:00D8H.7       SYMBOL        CF
  D:008EH         SYMBOL        CKCON
  C:4DF2H         SYMBOL        COM_ISR
  C:4E17H         SYMBOL        COM_ISR25
  C:4E3FH         SYMBOL        COM_ISR28
  C:4E45H         SYMBOL        COM_ISR30
  C:4E35H         SYMBOL        COM_ISRSLOW1
  C:4E3AH         SYMBOL        COM_ISRSLOW2
  B:00C8H.0       SYMBOL        CPRL2
  D:009EH         SYMBOL        CPT0CN
  D:009FH         SYMBOL        CPT1CN
  B:00D8H.6       SYMBOL        CR
  B:00C8H.1       SYMBOL        CT2
  B:00D0H.7       SYMBOL        CY
  D:00D4H         SYMBOL        DAC0CN
  D:00D3H         SYMBOL        DAC0H
  D:00D2H         SYMBOL        DAC0L
  D:00D7H         SYMBOL        DAC1CN
  D:00D6H         SYMBOL        DAC1H
BL51 BANKED LINKER/LOCATER V6.22.4.0                                                  08/13/2025  17:06:40  PAGE 28


  D:00D5H         SYMBOL        DAC1L
  D:0083H         SYMBOL        DPH
  D:0082H         SYMBOL        DPL
  B:00A8H.7       SYMBOL        EA
  D:00E6H         SYMBOL        EIE1
  D:00E7H         SYMBOL        EIE2
  D:00F6H         SYMBOL        EIP1
  D:00F7H         SYMBOL        EIP2
  D:00A3H         SYMBOL        EMI0CF
  D:00AFH         SYMBOL        EMI0CN
  D:00A1H         SYMBOL        EMI0TC
  B:00C0H.6       SYMBOL        ENSMB
  B:00A8H.4       SYMBOL        ES
  B:00A8H.1       SYMBOL        ET0
  B:00A8H.3       SYMBOL        ET1
  B:00A8H.5       SYMBOL        ET2
  B:00A8H.0       SYMBOL        EX0
  B:00A8H.2       SYMBOL        EX1
  B:00C8H.3       SYMBOL        EXEN2
  B:00C8H.6       SYMBOL        EXF2
  B:00D0H.5       SYMBOL        F0
  B:00D0H.1       SYMBOL        F1
  D:00B7H         SYMBOL        FLACL
  D:00B6H         SYMBOL        FLSCL
  D:00A8H         SYMBOL        IE
  B:0088H.1       SYMBOL        IE0
  B:0088H.3       SYMBOL        IE1
  D:00B8H         SYMBOL        IP
  B:0088H.0       SYMBOL        IT0
  B:0088H.2       SYMBOL        IT1
  B:00F8H.5       SYMBOL        MODF
  B:00F8H.1       SYMBOL        MSTEN
  D:00B2H         SYMBOL        OSCICN
  D:00B1H         SYMBOL        OSCXCN
  B:00D0H.2       SYMBOL        OV
  B:00D0H.0       SYMBOL        P
  D:0080H         SYMBOL        P0
  D:00A4H         SYMBOL        P0MDOUT
  D:0090H         SYMBOL        P1
  D:00BDH         SYMBOL        P1MDIN
  D:00A5H         SYMBOL        P1MDOUT
  D:00A0H         SYMBOL        P2
  D:00A6H         SYMBOL        P2MDOUT
  D:00B0H         SYMBOL        P3
  D:00ADH         SYMBOL        P3IF
  D:00A7H         SYMBOL        P3MDOUT
  D:0084H         SYMBOL        P4
  D:0085H         SYMBOL        P5
  D:0086H         SYMBOL        P6
  D:0096H         SYMBOL        P7
  D:00B5H         SYMBOL        P74OUT
  D:00D8H         SYMBOL        PCA0CN
  D:00FAH         SYMBOL        PCA0CPH0
  D:00FBH         SYMBOL        PCA0CPH1
  D:00FCH         SYMBOL        PCA0CPH2
  D:00FDH         SYMBOL        PCA0CPH3
  D:00FEH         SYMBOL        PCA0CPH4
BL51 BANKED LINKER/LOCATER V6.22.4.0                                                  08/13/2025  17:06:40  PAGE 29


  D:00EAH         SYMBOL        PCA0CPL0
  D:00EBH         SYMBOL        PCA0CPL1
  D:00ECH         SYMBOL        PCA0CPL2
  D:00EDH         SYMBOL        PCA0CPL3
  D:00EEH         SYMBOL        PCA0CPL4
  D:00DAH         SYMBOL        PCA0CPM0
  D:00DBH         SYMBOL        PCA0CPM1
  D:00DCH         SYMBOL        PCA0CPM2
  D:00DDH         SYMBOL        PCA0CPM3
  D:00DEH         SYMBOL        PCA0CPM4
  D:00F9H         SYMBOL        PCA0H
  D:00E9H         SYMBOL        PCA0L
  D:00D9H         SYMBOL        PCA0MD
  D:0087H         SYMBOL        PCON
  B:00B8H.4       SYMBOL        PS
  D:008FH         SYMBOL        PSCTL
  D:00D0H         SYMBOL        PSW
  B:00B8H.1       SYMBOL        PT0
  B:00B8H.3       SYMBOL        PT1
  B:00B8H.5       SYMBOL        PT2
  B:00B8H.0       SYMBOL        PX0
  B:00B8H.2       SYMBOL        PX1
  B:0098H.2       SYMBOL        RB8
  D:00CBH         SYMBOL        RCAP2H
  D:00CAH         SYMBOL        RCAP2L
  D:00E5H         SYMBOL        RCAP4H
  D:00E4H         SYMBOL        RCAP4L
  B:00C8H.5       SYMBOL        RCLK
  D:00D1H         SYMBOL        REF0CN
  B:0098H.4       SYMBOL        REN
  B:00E0H.4       SYMBOL        REN1
  B:0098H.0       SYMBOL        RI
  B:00E0H.0       SYMBOL        RI1
  B:00D0H.3       SYMBOL        RS0
  B:00D0H.4       SYMBOL        RS1
  D:00EFH         SYMBOL        RSTSRC
  B:00F8H.4       SYMBOL        RXOVRN
  D:00A9H         SYMBOL        SADDR0
  D:00F3H         SYMBOL        SADDR1
  D:00B9H         SYMBOL        SADEN0
  D:00AEH         SYMBOL        SADEN1
  D:0099H         SYMBOL        SBUF0
  D:00F2H         SYMBOL        SBUF1
  D:0098H         SYMBOL        SCON0
  D:00F1H         SYMBOL        SCON1
  B:00C0H.3       SYMBOL        SI
  B:00F8H.2       SYMBOL        SLVSEL
  B:0098H.7       SYMBOL        SM0
  B:0098H.6       SYMBOL        SM1
  B:0098H.5       SYMBOL        SM2
  D:00C3H         SYMBOL        SMB0ADR
  D:00C0H         SYMBOL        SMB0CN
  D:00CFH         SYMBOL        SMB0CR
  D:00C2H         SYMBOL        SMB0DAT
  D:00C1H         SYMBOL        SMB0STA
  B:00C0H.1       SYMBOL        SMBFTE
  B:00C0H.0       SYMBOL        SMBTOE
BL51 BANKED LINKER/LOCATER V6.22.4.0                                                  08/13/2025  17:06:40  PAGE 30


  D:0081H         SYMBOL        SP
  D:009AH         SYMBOL        SPI0CFG
  D:009DH         SYMBOL        SPI0CKR
  D:00F8H         SYMBOL        SPI0CN
  D:009BH         SYMBOL        SPI0DAT
  B:00F8H.0       SYMBOL        SPIEN
  B:00F8H.7       SYMBOL        SPIF
  B:00C0H.5       SYMBOL        STA
  B:00C0H.4       SYMBOL        STO
  D:00C8H         SYMBOL        T2CON
  D:00C9H         SYMBOL        T4CON
  B:0098H.3       SYMBOL        TB8
  B:00C8H.4       SYMBOL        TCLK
  D:0088H         SYMBOL        TCON
  B:0088H.5       SYMBOL        TF0
  B:0088H.7       SYMBOL        TF1
  B:00C8H.7       SYMBOL        TF2
  D:008CH         SYMBOL        TH0
  D:008DH         SYMBOL        TH1
  D:00CDH         SYMBOL        TH2
  D:00F5H         SYMBOL        TH4
  B:0098H.1       SYMBOL        TI
  B:00E0H.1       SYMBOL        TI1
  D:008AH         SYMBOL        TL0
  D:008BH         SYMBOL        TL1
  D:00CCH         SYMBOL        TL2
  D:00F4H         SYMBOL        TL4
  D:0089H         SYMBOL        TMOD
  D:0091H         SYMBOL        TMR3CN
  D:0095H         SYMBOL        TMR3H
  D:0094H         SYMBOL        TMR3L
  D:0093H         SYMBOL        TMR3RLH
  D:0092H         SYMBOL        TMR3RLL
  B:0088H.4       SYMBOL        TR0
  B:0088H.6       SYMBOL        TR1
  B:00C8H.2       SYMBOL        TR2
  B:00F8H.3       SYMBOL        TXBSY
  B:00F8H.6       SYMBOL        WCOL
  D:00FFH         SYMBOL        WDTCN
  D:00E1H         SYMBOL        XBR0
  D:00E2H         SYMBOL        XBR1
  D:00E3H         SYMBOL        XBR2
  C:0023H         LINE#         58
  C:4DF2H         LINE#         72
  C:4DF4H         LINE#         73
  C:4DF6H         LINE#         74
  C:4DF9H         LINE#         75
  C:4DFBH         LINE#         76
  C:4DFDH         LINE#         78
  C:4E00H         LINE#         79
  C:4E02H         LINE#         82
  C:4E05H         LINE#         83
  C:4E08H         LINE#         84
  C:4E0AH         LINE#         85
  C:4E0CH         LINE#         86
  C:4E0DH         LINE#         89
  C:4E0FH         LINE#         90
BL51 BANKED LINKER/LOCATER V6.22.4.0                                                  08/13/2025  17:06:40  PAGE 31


  C:4E12H         LINE#         91
  C:4E14H         LINE#         92
  C:4E17H         LINE#         96
  C:4E1AH         LINE#         97
  C:4E1CH         LINE#         98
  C:4E1EH         LINE#         99
  C:4E20H         LINE#         100
  C:4E22H         LINE#         101
  C:4E24H         LINE#         102
  C:4E26H         LINE#         103
  C:4E29H         LINE#         104
  C:4E2CH         LINE#         105
  C:4E2EH         LINE#         106
  C:4E2FH         LINE#         107
  C:4E31H         LINE#         108
  C:4E33H         LINE#         111
  C:4E35H         LINE#         113
  C:4E36H         LINE#         114
  C:4E38H         LINE#         115
  C:4E3AH         LINE#         117
  C:4E3BH         LINE#         118
  C:4E3DH         LINE#         120
  C:4E3FH         LINE#         123
  C:4E41H         LINE#         124
  C:4E43H         LINE#         125
  C:4E45H         LINE#         128
  C:4E47H         LINE#         129
  C:4E49H         LINE#         130
  C:4E4BH         LINE#         131
  C:4E4DH         LINE#         132
  -------         ENDMOD        8051LIB_I

  -------         MODULE        ERROR
  C:0000H         SYMBOL        _ICE_DUMMY_
  C:2256H         PUBLIC        ec
  C:21DAH         PUBLIC        sc
  -------         ENDMOD        ERROR

  -------         MODULE        LONGMULT
  C:4B27H         SEGMENT       LONGMULT_CODE_SEG
  C:4B27H         PUBLIC        MUL32BIT
  D:00E0H         SYMBOL        ACC
  D:00F0H         SYMBOL        B
  C:4B62H         SYMBOL        BYTEMUL
  C:4B36H         SYMBOL        CLRNEXT
  C:4B94H         SYMBOL        ENDPROPCARRY
  C:4B78H         SYMBOL        LOOP
  C:4B87H         SYMBOL        PROPCARRY
  D:00D0H         SYMBOL        PSW
  C:4B8DH         SYMBOL        SKIP
  C:4B27H         LINE#         32
  C:4B29H         LINE#         33
  C:4B2BH         LINE#         34
  C:4B2DH         LINE#         35
  C:4B2FH         LINE#         36
  C:4B31H         LINE#         39
  C:4B32H         LINE#         40
BL51 BANKED LINKER/LOCATER V6.22.4.0                                                  08/13/2025  17:06:40  PAGE 32


  C:4B34H         LINE#         41
  C:4B36H         LINE#         43
  C:4B37H         LINE#         44
  C:4B38H         LINE#         45
  C:4B3AH         LINE#         48
  C:4B3DH         LINE#         49
  C:4B3FH         LINE#         50
  C:4B42H         LINE#         51
  C:4B45H         LINE#         52
  C:4B46H         LINE#         53
  C:4B49H         LINE#         54
  C:4B4CH         LINE#         55
  C:4B4DH         LINE#         56
  C:4B50H         LINE#         57
  C:4B53H         LINE#         58
  C:4B54H         LINE#         59
  C:4B57H         LINE#         62
  C:4B59H         LINE#         63
  C:4B5BH         LINE#         64
  C:4B5DH         LINE#         65
  C:4B5FH         LINE#         66
  C:4B61H         LINE#         67
  C:4B62H         LINE#         76
  C:4B64H         LINE#         77
  C:4B66H         LINE#         78
  C:4B68H         LINE#         79
  C:4B6AH         LINE#         80
  C:4B6CH         LINE#         81
  C:4B6EH         LINE#         82
  C:4B70H         LINE#         83
  C:4B72H         LINE#         85
  C:4B74H         LINE#         86
  C:4B76H         LINE#         87
  C:4B78H         LINE#         90
  C:4B7AH         LINE#         91
  C:4B7BH         LINE#         92
  C:4B7CH         LINE#         93
  C:4B7DH         LINE#         94
  C:4B7EH         LINE#         95
  C:4B7FH         LINE#         96
  C:4B81H         LINE#         97
  C:4B82H         LINE#         98
  C:4B83H         LINE#         99
  C:4B85H         LINE#         100
  C:4B87H         LINE#         103
  C:4B88H         LINE#         104
  C:4B8BH         LINE#         105
  C:4B8DH         LINE#         107
  C:4B8EH         LINE#         108
  C:4B8FH         LINE#         109
  C:4B90H         LINE#         110
  C:4B92H         LINE#         111
  C:4B94H         LINE#         113
  C:4B96H         LINE#         115
  C:4B97H         LINE#         116
  C:4B99H         LINE#         120
  C:4B9BH         LINE#         121
BL51 BANKED LINKER/LOCATER V6.22.4.0                                                  08/13/2025  17:06:40  PAGE 33


  C:4B9DH         LINE#         122
  C:4B9FH         LINE#         123
  C:4BA1H         LINE#         124
  C:4BA3H         LINE#         125
  C:4BA5H         LINE#         126
  C:4BA7H         LINE#         127
  C:4BA9H         LINE#         128
  -------         ENDMOD        LONGMULT

  -------         MODULE        TP1200
  C:0000H         SYMBOL        _ICE_DUMMY_
  X:0300H         PUBLIC        ADC_gain_T
  D:0080H         PUBLIC        P0
  B:0090H.2       PUBLIC        CS_EE
  D:0090H         PUBLIC        P1
  D:00A0H         PUBLIC        P2
  C:4D2AH         PUBLIC        _Read_EEPROM_Bytes
  C:3C5FH         PUBLIC        Load_Lin_Data_T
  C:4CA4H         PUBLIC        Load_Pressure_LUT
  B:0090H.0       PUBLIC        CS_PR
  C:51E7H         PUBLIC        _USDelay
  C:3DCEH         PUBLIC        _Get_Raw_Sensor_Readings
  C:2351H         PUBLIC        crc_table
  X:0304H         PUBLIC        LUT_P
  C:4642H         PUBLIC        ReadEEProm
  C:0CC8H         PUBLIC        _Calculate_Compensated_Pressure
  C:513AH         PUBLIC        Load_LUT_P_ADC
  C:493BH         PUBLIC        _Calculate_CRC32
  X:0DCCH         PUBLIC        ADC_gpocon
  C:4A8BH         PUBLIC        Load_LUT_T_ADC
  X:0DCDH         PUBLIC        g_raw_temp_adc
  C:4884H         PUBLIC        Load_Product_Info
  B:0080H.3       PUBLIC        MISO
  X:0DD1H         PUBLIC        g_ProductInfo
  X:0DD9H         PUBLIC        Temp_Lin_C
  C:3AD8H         PUBLIC        Initialize_ADC
  C:4042H         PUBLIC        _Apply_System_Calibration
  X:0E09H         PUBLIC        Temp_Lin_ADC
  X:0E39H         PUBLIC        LUT_P_ADC
  X:0EB1H         PUBLIC        ADC_mode
  X:0EB3H         PUBLIC        ADC_config_P
  X:0EB5H         PUBLIC        LUT_T_ADC
  X:0F11H         PUBLIC        Min_P
  X:0F13H         PUBLIC        Max_P
  X:0F15H         PUBLIC        ADC_config_T
  C:38ACH         PUBLIC        Display_MEMSCAP_EEPROM_Info
  X:0F17H         PUBLIC        ADC_offset_P
  C:32F8H         PUBLIC        Load_ADC_Config
  C:3644H         PUBLIC        _Calculate_Compensated_Temperature
  X:0F1BH         PUBLIC        ADC_offset_T
  C:507EH         PUBLIC        _CompPressureUnAdjusted
  C:4229H         PUBLIC        _Read_EEPROM_Floats
  C:519AH         PUBLIC        Initialize_Sensor
  X:0F1FH         PUBLIC        ADC_gain_P
  -------         PROC          INITIALIZE_SENSOR
  C:519AH         LINE#         113
  C:519AH         LINE#         114
BL51 BANKED LINKER/LOCATER V6.22.4.0                                                  08/13/2025  17:06:40  PAGE 34


  C:519AH         LINE#         116
  C:519DH         LINE#         117
  C:51A0H         LINE#         118
  C:51A3H         LINE#         119
  C:51A6H         LINE#         120
  C:51A9H         LINE#         121
  -------         ENDPROC       INITIALIZE_SENSOR
  -------         PROC          _APPLY_SYSTEM_CALIBRATION
  X:003CH         SYMBOL        compensated_press
  X:0040H         SYMBOL        offset
  X:0042H         SYMBOL        span
  -------         DO            
  X:0044H         SYMBOL        final_pressure
  X:0048H         SYMBOL        pressure_range
  -------         ENDDO         
  C:4042H         LINE#         136
  C:4047H         LINE#         137
  C:4047H         LINE#         138
  C:4050H         LINE#         139
  C:4059H         LINE#         141
  C:406BH         LINE#         142
  C:4088H         LINE#         147
  C:40C4H         LINE#         152
  C:4135H         LINE#         154
  C:4142H         LINE#         155
  -------         ENDPROC       _APPLY_SYSTEM_CALIBRATION
  -------         PROC          _CALCULATE_COMPENSATED_TEMPERATURE
  X:003CH         SYMBOL        raw_temp_adc
  -------         DO            
  X:0040H         SYMBOL        i
  X:0042H         SYMBOL        y1
  X:0046H         SYMBOL        y2
  X:004AH         SYMBOL        x1
  X:004EH         SYMBOL        x2
  -------         ENDDO         
  C:3644H         LINE#         157
  C:3649H         LINE#         158
  C:3649H         LINE#         163
  C:364FH         LINE#         164
  C:364FH         LINE#         166
  C:36EDH         LINE#         167
  C:36EDH         LINE#         168
  C:3718H         LINE#         169
  C:3732H         LINE#         170
  C:375DH         LINE#         171
[...]
  C:3304H         LINE#         308
  C:3309H         LINE#         309
BL51 BANKED LINKER/LOCATER V6.22.4.0                                                  08/13/2025  17:06:40  PAGE 37


  C:3310H         LINE#         310
  C:3313H         LINE#         311
  C:3323H         LINE#         312
  C:3329H         LINE#         313
  C:332BH         LINE#         316
  C:333FH         LINE#         318
  C:3341H         LINE#         319
  C:3346H         LINE#         320
  C:334BH         LINE#         321
  C:3350H         LINE#         322
  C:3357H         LINE#         323
  C:335AH         LINE#         324
  C:336AH         LINE#         325
  C:3370H         LINE#         326
  C:3372H         LINE#         329
  C:3387H         LINE#         330
  C:3403H         LINE#         333
  C:3418H         LINE#         334
  C:3494H         LINE#         336
  C:3496H         LINE#         337
  C:349BH         LINE#         338
  C:34A0H         LINE#         339
  C:34A5H         LINE#         340
  C:34ACH         LINE#         341
  C:34AFH         LINE#         342
  C:34BFH         LINE#         343
  C:34C5H         LINE#         344
  C:34C7H         LINE#         347
  C:34DCH         LINE#         348
  C:3558H         LINE#         351
  C:356DH         LINE#         352
  C:35E9H         LINE#         354
  C:35EBH         LINE#         355
  C:35F0H         LINE#         356
  C:35F5H         LINE#         357
  C:35FAH         LINE#         358
  C:3604H         LINE#         359
  C:3614H         LINE#         360
  C:3616H         LINE#         362
  C:3618H         LINE#         363
  C:361DH         LINE#         364
  C:3622H         LINE#         365
  C:3627H         LINE#         366
  C:3631H         LINE#         367
  C:3641H         LINE#         368
  C:3643H         LINE#         369
  -------         ENDPROC       LOAD_ADC_CONFIG
  -------         PROC          LOAD_LIN_DATA_T
  -------         DO            
  X:003CH         SYMBOL        i
  X:003EH         SYMBOL        dest_ptr_c
  X:0041H         SYMBOL        dest_ptr_adc
  X:0044H         SYMBOL        byte_buffer
  -------         ENDDO         
  C:3C5FH         LINE#         371
  C:3C5FH         LINE#         372
  C:3C5FH         LINE#         381
BL51 BANKED LINKER/LOCATER V6.22.4.0                                                  08/13/2025  17:06:40  PAGE 38


  C:3C61H         LINE#         382
  C:3C66H         LINE#         383
  C:3C6BH         LINE#         384
  C:3C70H         LINE#         386
  C:3C76H         LINE#         387
  C:3C76H         LINE#         389
  C:3C7DH         LINE#         390
  C:3C84H         LINE#         391
  C:3C8BH         LINE#         392
  C:3C93H         LINE#         395
  C:3CB4H         LINE#         396
  C:3CC9H         LINE#         397
  C:3CE2H         LINE#         398
  C:3CFBH         LINE#         399
  C:3D14H         LINE#         402
  C:3D1BH         LINE#         403
  C:3D22H         LINE#         404
  C:3D29H         LINE#         405
  C:3D31H         LINE#         408
  C:3D52H         LINE#         409
  C:3D67H         LINE#         410
  C:3D80H         LINE#         411
  C:3D99H         LINE#         412
  C:3DB2H         LINE#         413
  C:3DCBH         LINE#         414
  C:3DCDH         LINE#         415
  -------         ENDPROC       LOAD_LIN_DATA_T
  -------         PROC          LOAD_LUT_T_ADC
  -------         DO            
  X:003CH         SYMBOL        i
  X:003EH         SYMBOL        eeprom_read_addr
  X:0040H         SYMBOL        temp_converter
  -------         DO            
  X:0044H         SYMBOL        full_table_index
  -------         ENDDO         
  -------         ENDDO         
  C:4A8BH         LINE#         422
  C:4A8BH         LINE#         423
  C:4A8BH         LINE#         428
  C:4AA3H         LINE#         429
  C:4AA3H         LINE#         431
  C:4AB4H         LINE#         434
  C:4ACAH         LINE#         437
  C:4AE0H         LINE#         440
  C:4B18H         LINE#         441
  C:4B26H         LINE#         442
  -------         ENDPROC       LOAD_LUT_T_ADC
  -------         PROC          LOAD_LUT_P_ADC
  C:513AH         LINE#         449
  C:513AH         LINE#         450
  C:513AH         LINE#         452
  -------         ENDPROC       LOAD_LUT_P_ADC
  -------         PROC          LOAD_PRESSURE_LUT
  -------         DO            
  X:003CH         SYMBOL        i
  X:003EH         SYMBOL        eeprom_row_addr
  X:0040H         SYMBOL        xdata_row_ptr
BL51 BANKED LINKER/LOCATER V6.22.4.0                                                  08/13/2025  17:06:40  PAGE 39


  -------         DO            
  X:0043H         SYMBOL        full_table_row_index
  -------         ENDDO         
  -------         ENDDO         
  C:4CA4H         LINE#         460
  C:4CA4H         LINE#         461
  C:4CA4H         LINE#         466
  C:4CAAH         LINE#         467
  C:4CAAH         LINE#         469
  C:4CC1H         LINE#         473
  C:4CD8H         LINE#         476
  C:4CF3H         LINE#         479
  C:4D05H         LINE#         480
  C:4D1BH         LINE#         481
  -------         ENDPROC       LOAD_PRESSURE_LUT
  -------         PROC          _READ_EEPROM_FLOATS
  X:0045H         SYMBOL        buffer
  X:0048H         SYMBOL        start_address
  X:004AH         SYMBOL        float_count
  -------         DO            
  X:004CH         SYMBOL        i
  X:004EH         SYMBOL        temp_converter
  X:0052H         SYMBOL        dest_ptr
  -------         ENDDO         
  C:4229H         LINE#         490
  C:4239H         LINE#         491
  C:4239H         LINE#         496
  C:423BH         LINE#         497
  C:4240H         LINE#         498
  C:4247H         LINE#         499
  C:424FH         LINE#         502
  C:4262H         LINE#         504
  C:427CH         LINE#         505
  C:427CH         LINE#         509
  C:4283H         LINE#         510
  C:428AH         LINE#         511
  C:4291H         LINE#         512
  C:4298H         LINE#         517
  C:42AFH         LINE#         518
  C:42C8H         LINE#         519
  C:42E1H         LINE#         520
  C:42F9H         LINE#         521
  C:4307H         LINE#         523
  C:4309H         LINE#         524
  -------         ENDPROC       _READ_EEPROM_FLOATS
  -------         PROC          L?0087
  -------         ENDPROC       L?0087
  -------         PROC          _READ_EEPROM_BYTES
  X:00B0H         SYMBOL        buffer
  X:00B3H         SYMBOL        start_address
  X:00B5H         SYMBOL        count
  -------         DO            
  X:00B7H         SYMBOL        i
  -------         ENDDO         
  C:4D2AH         LINE#         529
  C:4D3AH         LINE#         530
  C:4D3AH         LINE#         532
BL51 BANKED LINKER/LOCATER V6.22.4.0                                                  08/13/2025  17:06:40  PAGE 40


  C:4D3CH         LINE#         533
  C:4D41H         LINE#         534
  C:4D48H         LINE#         535
  C:4D50H         LINE#         536
  C:4D67H         LINE#         537
  C:4D67H         LINE#         538
  C:4D82H         LINE#         539
  C:4D8FH         LINE#         540
  C:4D91H         LINE#         541
  -------         ENDPROC       _READ_EEPROM_BYTES
  -------         PROC          DISPLAY_MEMSCAP_EEPROM_INFO
  -------         DO            
  X:0040H         SYMBOL        temp_buffer
  D:0004H         SYMBOL        serial_number
  X:0054H         SYMBOL        temp_f
  X:0058H         SYMBOL        p_min_adc
  X:005CH         SYMBOL        p_max_adc
  X:0060H         SYMBOL        cal_day
  X:0061H         SYMBOL        cal_month
  D:0006H         SYMBOL        cal_year
  -------         ENDDO         
  C:38ACH         LINE#         551
  C:38ACH         LINE#         552
  C:38ACH         LINE#         561
  C:38B3H         LINE#         563
  C:3929H         LINE#         564
  C:3937H         LINE#         567
  C:394CH         LINE#         568
  C:3952H         LINE#         569
  C:3958H         LINE#         570
  C:3961H         LINE#         572
  C:397CH         LINE#         574
  C:3991H         LINE#         575
  C:39A6H         LINE#         577
  C:39DCH         LINE#         578
  C:3A12H         LINE#         582
  C:3A42H         LINE#         584
  C:3A75H         LINE#         587
  C:3AA5H         LINE#         589
  -------         ENDPROC       DISPLAY_MEMSCAP_EEPROM_INFO
  -------         PROC          _CALCULATE_CRC32
  X:00B0H         SYMBOL        d
  X:00B3H         SYMBOL        count
  -------         DO            
  X:00B5H         SYMBOL        crc
  -------         ENDDO         
  C:493BH         LINE#         604
  C:494BH         LINE#         605
  C:494BH         LINE#         606
  C:4953H         LINE#         607
  C:4965H         LINE#         608
  C:4965H         LINE#         609
  C:49CEH         LINE#         610
  C:49D0H         LINE#         611
  C:49E7H         LINE#         612
  -------         ENDPROC       _CALCULATE_CRC32
  -------         PROC          READEEPROM
BL51 BANKED LINKER/LOCATER V6.22.4.0                                                  08/13/2025  17:06:40  PAGE 41


  -------         DO            
  X:003CH         SYMBOL        buffer
  X:00A8H         SYMBOL        stored_crc
  X:00ACH         SYMBOL        calculated_crc
  -------         ENDDO         
  C:4642H         LINE#         624
  C:4642H         LINE#         625
  C:4642H         LINE#         630
  C:4656H         LINE#         631
  C:46D1H         LINE#         632
  C:46E3H         LINE#         634
  C:4708H         LINE#         635
  -------         ENDPROC       READEEPROM
  -------         PROC          LOAD_PRODUCT_INFO
  -------         DO            
  X:003CH         SYMBOL        buffer
  -------         ENDDO         
  C:4884H         LINE#         640
  C:4884H         LINE#         641
  C:4884H         LINE#         644
  C:488BH         LINE#         645
  C:4907H         LINE#         647
  C:491CH         LINE#         648
  C:4923H         LINE#         649
  C:4929H         LINE#         650
  C:493AH         LINE#         651
  -------         ENDPROC       LOAD_PRODUCT_INFO
  -------         PROC          _COMPPRESSUREUNADJUSTED
  D:0004H         SYMBOL        p
  C:507EH         LINE#         664
  C:507EH         LINE#         665
  C:507EH         LINE#         668
  -------         ENDPROC       _COMPPRESSUREUNADJUSTED
  -------         PROC          INITIALIZE_ADC
  C:3AD8H         LINE#         678
  C:3AD8H         LINE#         679
  C:3AD8H         LINE#         680
  C:3ADAH         LINE#         683
  C:3ADFH         LINE#         684
  C:3AE4H         LINE#         685
  C:3AE9H         LINE#         686
  C:3AEEH         LINE#         688
  C:3AF0H         LINE#         689
  C:3AF7H         LINE#         690
  C:3AF9H         LINE#         693
  C:3AFEH         LINE#         694
  C:3B06H         LINE#         695
  C:3B0FH         LINE#         698
  C:3B14H         LINE#         699
  C:3B1CH         LINE#         702
  C:3B21H         LINE#         703
  C:3B29H         LINE#         704
  C:3B32H         LINE#         706
  C:3B37H         LINE#         707
  C:3B4EH         LINE#         708
  C:3B65H         LINE#         709
  C:3B77H         LINE#         711
BL51 BANKED LINKER/LOCATER V6.22.4.0                                                  08/13/2025  17:06:40  PAGE 42


  C:3B7CH         LINE#         712
  C:3B93H         LINE#         713
  C:3BAAH         LINE#         714
  C:3BBCH         LINE#         717
  C:3BC1H         LINE#         718
  C:3BC9H         LINE#         719
  C:3BD2H         LINE#         721
  C:3BD7H         LINE#         722
  C:3BEEH         LINE#         723
  C:3C05H         LINE#         724
  C:3C17H         LINE#         726
  C:3C1CH         LINE#         727
  C:3C33H         LINE#         728
  C:3C4AH         LINE#         729
  C:3C5CH         LINE#         731
  C:3C5EH         LINE#         732
  -------         ENDPROC       INITIALIZE_ADC
  -------         PROC          _USDELAY
  D:0006H         SYMBOL        t
  C:51E7H         LINE#         741
  C:51E7H         LINE#         742
  C:51F1H         LINE#         744
  -------         ENDPROC       _USDELAY
  -------         ENDMOD        TP1200

  -------         MODULE        ?C?FPADD
  C:00A5H         PUBLIC        ?C?FPADD
  C:00A1H         PUBLIC        ?C?FPSUB
  -------         ENDMOD        ?C?FPADD

  -------         MODULE        ?C?FPMUL
  C:0196H         PUBLIC        ?C?FPMUL
  -------         ENDMOD        ?C?FPMUL

  -------         MODULE        ?C?FPDIV
  C:029FH         PUBLIC        ?C?FPDIV
  -------         ENDMOD        ?C?FPDIV

  -------         MODULE        ?C?FPCMP
  C:033EH         PUBLIC        ?C?FPCMP
  C:033CH         PUBLIC        ?C?FPCMP3
  -------         ENDMOD        ?C?FPCMP

  -------         MODULE        ?C?FCAST
  C:03BFH         PUBLIC        ?C?FCASTC
  C:03BAH         PUBLIC        ?C?FCASTI
  C:03B5H         PUBLIC        ?C?FCASTL
  -------         ENDMOD        ?C?FCAST

  -------         MODULE        ?C?CASTF
  C:03F3H         PUBLIC        ?C?CASTF
  -------         ENDMOD        ?C?CASTF

  -------         MODULE        PRINTF
  X:0062H         PUBLIC        ?_PRINTF?BYTE
  X:0062H         PUBLIC        ?_SPRINTF?BYTE
  C:27B3H         PUBLIC        _PRINTF
BL51 BANKED LINKER/LOCATER V6.22.4.0                                                  08/13/2025  17:06:40  PAGE 43


  C:27ADH         PUBLIC        _SPRINTF
  -------         ENDMOD        PRINTF

  -------         MODULE        SCANF
  X:0040H         PUBLIC        ?_SCANF?BYTE
  X:0040H         PUBLIC        ?_SSCANF?BYTE
  C:302CH         PUBLIC        _SCANF
  C:3028H         PUBLIC        _SSCANF
  -------         ENDMOD        SCANF

  -------         MODULE        ?C?FPROUND
  C:0474H         PUBLIC        ?C?FPROUND
  -------         ENDMOD        ?C?FPROUND

  -------         MODULE        ?C?FPCONVERT
  C:04A3H         PUBLIC        ?C?FPCONVERT
  -------         ENDMOD        ?C?FPCONVERT

  -------         MODULE        ?C?FPNEG
  C:05A6H         PUBLIC        ?C?FPNEG
  -------         ENDMOD        ?C?FPNEG

  -------         MODULE        ?C?FTNPWR
  C:05E7H         PUBLIC        ?C?FTNPWR
  -------         ENDMOD        ?C?FTNPWR

  -------         MODULE        ?C?CLDPTR
  C:0627H         PUBLIC        ?C?CLDPTR
  -------         ENDMOD        ?C?CLDPTR

  -------         MODULE        ?C?CLDOPTR
  C:0640H         PUBLIC        ?C?CLDOPTR
  -------         ENDMOD        ?C?CLDOPTR

  -------         MODULE        ?C?CSTPTR
  C:066DH         PUBLIC        ?C?CSTPTR
  -------         ENDMOD        ?C?CSTPTR

  -------         MODULE        ?C?CSTOPTR
  C:067FH         PUBLIC        ?C?CSTOPTR
  -------         ENDMOD        ?C?CSTOPTR

  -------         MODULE        ?C?IMUL
  C:06A1H         PUBLIC        ?C?IMUL
  -------         ENDMOD        ?C?IMUL

  -------         MODULE        ?C?ISTPTR
  C:06B3H         PUBLIC        ?C?ISTPTR
  -------         ENDMOD        ?C?ISTPTR

  -------         MODULE        ?C?LNEG
  C:06D2H         PUBLIC        ?C?LNEG
  -------         ENDMOD        ?C?LNEG

  -------         MODULE        ?C?ULCMP
  C:06E0H         PUBLIC        ?C?ULCMP
  -------         ENDMOD        ?C?ULCMP
BL51 BANKED LINKER/LOCATER V6.22.4.0                                                  08/13/2025  17:06:40  PAGE 44



  -------         MODULE        ?C?ULSHR
  C:06F1H         PUBLIC        ?C?ULSHR
  -------         ENDMOD        ?C?ULSHR

  -------         MODULE        ?C?LSHL
  C:0704H         PUBLIC        ?C?LSHL
  -------         ENDMOD        ?C?LSHL

  -------         MODULE        ?C?LSTPTR
  C:0717H         PUBLIC        ?C?LSTPTR
  -------         ENDMOD        ?C?LSTPTR

  -------         MODULE        ?C?LLDCODE0
  C:0731H         PUBLIC        ?C?LLDCODE0
  -------         ENDMOD        ?C?LLDCODE0

  -------         MODULE        ?C?LSTXDATA
  C:0741H         PUBLIC        ?C?LSTXDATA
  -------         ENDMOD        ?C?LSTXDATA

  -------         MODULE        ?C?LSTPDATA
  C:074DH         PUBLIC        ?C?LSTPDATA
  -------         ENDMOD        ?C?LSTPDATA

  -------         MODULE        ?C?LSTKPDATA
  C:0759H         PUBLIC        ?C?LSTKPDATA
  -------         ENDMOD        ?C?LSTKPDATA

  -------         MODULE        ?C?OFFX256
  C:0772H         PUBLIC        ?C?OFFX256
  -------         ENDMOD        ?C?OFFX256

  -------         MODULE        ?C?OFFXADD
  C:0783H         PUBLIC        ?C?OFFXADD
  -------         ENDMOD        ?C?OFFXADD

  -------         MODULE        ?C?PLDPDATA
  C:078FH         PUBLIC        ?C?PLDPDATA
  -------         ENDMOD        ?C?PLDPDATA

  -------         MODULE        ?C?PLDIPDATA
  C:0798H         PUBLIC        ?C?PLDIPDATA
  -------         ENDMOD        ?C?PLDIPDATA

  -------         MODULE        ?C?PILDPDATA
  C:07A8H         PUBLIC        ?C?PILDPDATA
  -------         ENDMOD        ?C?PILDPDATA

  -------         MODULE        ?C?PSTPDATA
  C:07B8H         PUBLIC        ?C?PSTPDATA
  -------         ENDMOD        ?C?PSTPDATA

  -------         MODULE        ?C?PLDOPTR
  C:07C1H         PUBLIC        ?C?PLDOPTR
  -------         ENDMOD        ?C?PLDOPTR

BL51 BANKED LINKER/LOCATER V6.22.4.0                                                  08/13/2025  17:06:40  PAGE 45


  -------         MODULE        ?C?CCASE
  C:07F1H         PUBLIC        ?C?CCASE
  -------         ENDMOD        ?C?CCASE

  -------         MODULE        ?C?ICASE
  C:0817H         PUBLIC        ?C?ICASE
  -------         ENDMOD        ?C?ICASE

  -------         MODULE        GETCHAR
  B:0022H.7       PUBLIC        ?C?CHARLOADED
  X:002EH         PUBLIC        ?_UNGETCHAR?BYTE
  C:5163H         PUBLIC        GETCHAR
  -------         ENDMOD        GETCHAR

  -------         MODULE        UNGETC
  C:5216H         PUBLIC        _UNGETCHAR
  -------         ENDMOD        UNGETC

  -------         MODULE        ISDIGIT
  C:51CDH         PUBLIC        _isdigit
  -------         ENDMOD        ISDIGIT

  -------         MODULE        ISSPACE
  C:514FH         PUBLIC        _isspace
  -------         ENDMOD        ISSPACE

  -------         MODULE        TOUPPER
  C:51ACH         PUBLIC        _toupper
  -------         ENDMOD        TOUPPER

  -------         MODULE        ?C?STRCMP
  C:09C2H         PUBLIC        ?C?STRCMP
  -------         ENDMOD        ?C?STRCMP

  -------         MODULE        ?C?STRCPY
  C:0AABH         PUBLIC        ?C?STRCPY
  -------         ENDMOD        ?C?STRCPY

  -------         MODULE        ATOI
  C:43DEH         PUBLIC        _atoi
  -------         ENDMOD        ATOI

  -------         MODULE        ?C?MEMCMP
  C:0C4EH         PUBLIC        ?C?MEMCMP
  -------         ENDMOD        ?C?MEMCMP

  -------         MODULE        ?C?MEMSET
  C:0C72H         PUBLIC        ?C?MEMSET
  -------         ENDMOD        ?C?MEMSET

  -------         MODULE        ?C?LSTIDATA
  C:0C9EH         PUBLIC        ?C?LSTIDATA
  -------         ENDMOD        ?C?LSTIDATA

  -------         MODULE        ?C?PLDIDATA
  C:0CAAH         PUBLIC        ?C?PLDIDATA
  -------         ENDMOD        ?C?PLDIDATA
BL51 BANKED LINKER/LOCATER V6.22.4.0                                                  08/13/2025  17:06:40  PAGE 46



  -------         MODULE        ?C?PLDXDATA
  C:0CB3H         PUBLIC        ?C?PLDXDATA
  -------         ENDMOD        ?C?PLDXDATA

  -------         MODULE        ?C?PLDCODE
  C:0CBCH         PUBLIC        ?C?PLDCODE
  -------         ENDMOD        ?C?PLDCODE

  -------         MODULE        _GETKEY
  C:51FCH         PUBLIC        _GETKEY
  -------         ENDMOD        _GETKEY

Program Size: data=53.0 xdata=3975 code=21020
LINK/LOCATE RUN COMPLETE.  0 WARNING(S),  0 ERROR(S)
